Archive member included because of file (symbol)

f:/windowsstuff/12.0/nios2eds/bin/gnu/h-i686-mingw32/bin/../lib/gcc/nios2-elf/4.1.2/../../../../nios2-elf/lib\libm.a(lib_a-s_sin.o)
                              obj/default/audio.o (sin)
f:/windowsstuff/12.0/nios2eds/bin/gnu/h-i686-mingw32/bin/../lib/gcc/nios2-elf/4.1.2/../../../../nios2-elf/lib\libm.a(lib_a-e_rem_pio2.o)
                              f:/windowsstuff/12.0/nios2eds/bin/gnu/h-i686-mingw32/bin/../lib/gcc/nios2-elf/4.1.2/../../../../nios2-elf/lib\libm.a(lib_a-s_sin.o) (__ieee754_rem_pio2)
f:/windowsstuff/12.0/nios2eds/bin/gnu/h-i686-mingw32/bin/../lib/gcc/nios2-elf/4.1.2/../../../../nios2-elf/lib\libm.a(lib_a-k_cos.o)
                              f:/windowsstuff/12.0/nios2eds/bin/gnu/h-i686-mingw32/bin/../lib/gcc/nios2-elf/4.1.2/../../../../nios2-elf/lib\libm.a(lib_a-s_sin.o) (__kernel_cos)
f:/windowsstuff/12.0/nios2eds/bin/gnu/h-i686-mingw32/bin/../lib/gcc/nios2-elf/4.1.2/../../../../nios2-elf/lib\libm.a(lib_a-k_rem_pio2.o)
                              f:/windowsstuff/12.0/nios2eds/bin/gnu/h-i686-mingw32/bin/../lib/gcc/nios2-elf/4.1.2/../../../../nios2-elf/lib\libm.a(lib_a-e_rem_pio2.o) (__kernel_rem_pio2)
f:/windowsstuff/12.0/nios2eds/bin/gnu/h-i686-mingw32/bin/../lib/gcc/nios2-elf/4.1.2/../../../../nios2-elf/lib\libm.a(lib_a-k_sin.o)
                              f:/windowsstuff/12.0/nios2eds/bin/gnu/h-i686-mingw32/bin/../lib/gcc/nios2-elf/4.1.2/../../../../nios2-elf/lib\libm.a(lib_a-s_sin.o) (__kernel_sin)
f:/windowsstuff/12.0/nios2eds/bin/gnu/h-i686-mingw32/bin/../lib/gcc/nios2-elf/4.1.2/../../../../nios2-elf/lib\libm.a(lib_a-s_fabs.o)
                              f:/windowsstuff/12.0/nios2eds/bin/gnu/h-i686-mingw32/bin/../lib/gcc/nios2-elf/4.1.2/../../../../nios2-elf/lib\libm.a(lib_a-e_rem_pio2.o) (fabs)
f:/windowsstuff/12.0/nios2eds/bin/gnu/h-i686-mingw32/bin/../lib/gcc/nios2-elf/4.1.2/../../../../nios2-elf/lib\libm.a(lib_a-s_floor.o)
                              f:/windowsstuff/12.0/nios2eds/bin/gnu/h-i686-mingw32/bin/../lib/gcc/nios2-elf/4.1.2/../../../../nios2-elf/lib\libm.a(lib_a-k_rem_pio2.o) (floor)
f:/windowsstuff/12.0/nios2eds/bin/gnu/h-i686-mingw32/bin/../lib/gcc/nios2-elf/4.1.2/../../../../nios2-elf/lib\libm.a(lib_a-s_scalbn.o)
                              f:/windowsstuff/12.0/nios2eds/bin/gnu/h-i686-mingw32/bin/../lib/gcc/nios2-elf/4.1.2/../../../../nios2-elf/lib\libm.a(lib_a-k_rem_pio2.o) (scalbn)
f:/windowsstuff/12.0/nios2eds/bin/gnu/h-i686-mingw32/bin/../lib/gcc/nios2-elf/4.1.2/../../../../nios2-elf/lib\libm.a(lib_a-s_copysign.o)
                              f:/windowsstuff/12.0/nios2eds/bin/gnu/h-i686-mingw32/bin/../lib/gcc/nios2-elf/4.1.2/../../../../nios2-elf/lib\libm.a(lib_a-s_scalbn.o) (copysign)
f:/windowsstuff/12.0/nios2eds/bin/gnu/h-i686-mingw32/bin/../lib/gcc/nios2-elf/4.1.2\libgcc.a(_fixunsdfsi.o)
                              obj/default/audio.o (__fixunsdfsi)
f:/windowsstuff/12.0/nios2eds/bin/gnu/h-i686-mingw32/bin/../lib/gcc/nios2-elf/4.1.2\libgcc.a(_div_sf.o)
                              obj/default/timer.o (__divsf3)
f:/windowsstuff/12.0/nios2eds/bin/gnu/h-i686-mingw32/bin/../lib/gcc/nios2-elf/4.1.2\libgcc.a(_si_to_sf.o)
                              obj/default/audio.o (__floatsisf)
f:/windowsstuff/12.0/nios2eds/bin/gnu/h-i686-mingw32/bin/../lib/gcc/nios2-elf/4.1.2\libgcc.a(_sf_to_df.o)
                              obj/default/audio.o (__extendsfdf2)
f:/windowsstuff/12.0/nios2eds/bin/gnu/h-i686-mingw32/bin/../lib/gcc/nios2-elf/4.1.2\libgcc.a(_thenan_sf.o)
                              f:/windowsstuff/12.0/nios2eds/bin/gnu/h-i686-mingw32/bin/../lib/gcc/nios2-elf/4.1.2\libgcc.a(_div_sf.o) (__thenan_sf)
f:/windowsstuff/12.0/nios2eds/bin/gnu/h-i686-mingw32/bin/../lib/gcc/nios2-elf/4.1.2\libgcc.a(_addsub_df.o)
                              f:/windowsstuff/12.0/nios2eds/bin/gnu/h-i686-mingw32/bin/../lib/gcc/nios2-elf/4.1.2/../../../../nios2-elf/lib\libm.a(lib_a-s_sin.o) (__subdf3)
f:/windowsstuff/12.0/nios2eds/bin/gnu/h-i686-mingw32/bin/../lib/gcc/nios2-elf/4.1.2\libgcc.a(_mul_df.o)
                              obj/default/audio.o (__muldf3)
f:/windowsstuff/12.0/nios2eds/bin/gnu/h-i686-mingw32/bin/../lib/gcc/nios2-elf/4.1.2\libgcc.a(_div_df.o)
                              obj/default/audio.o (__divdf3)
f:/windowsstuff/12.0/nios2eds/bin/gnu/h-i686-mingw32/bin/../lib/gcc/nios2-elf/4.1.2\libgcc.a(_eq_df.o)
                              f:/windowsstuff/12.0/nios2eds/bin/gnu/h-i686-mingw32/bin/../lib/gcc/nios2-elf/4.1.2/../../../../nios2-elf/lib\libm.a(lib_a-e_rem_pio2.o) (__eqdf2)
f:/windowsstuff/12.0/nios2eds/bin/gnu/h-i686-mingw32/bin/../lib/gcc/nios2-elf/4.1.2\libgcc.a(_gt_df.o)
                              f:/windowsstuff/12.0/nios2eds/bin/gnu/h-i686-mingw32/bin/../lib/gcc/nios2-elf/4.1.2/../../../../nios2-elf/lib\libm.a(lib_a-s_floor.o) (__gtdf2)
f:/windowsstuff/12.0/nios2eds/bin/gnu/h-i686-mingw32/bin/../lib/gcc/nios2-elf/4.1.2\libgcc.a(_ge_df.o)
[...]
Memory Configuration

Name             Origin             Length             Attributes
reset            0x00800000         0x00000020
sdram_0          0x00800020         0x007fffe0
*default*        0x00000000         0xffffffff

Linker script and memory map

LOAD ../LaserSharknado_bsp/obj/HAL/src/crt0.o
LOAD obj/default/audio.o
LOAD obj/default/audio_up_hack.o
LOAD obj/default/hello_world.o
LOAD obj/default/player.o
LOAD obj/default/sd_card.o
LOAD obj/default/timer.o
LOAD obj/default/vga.o
LOAD f:/windowsstuff/12.0/nios2eds/bin/gnu/h-i686-mingw32/bin/../lib/gcc/nios2-elf/4.1.2/../../../../nios2-elf/lib\libstdc++.a
LOAD f:/windowsstuff/12.0/nios2eds/bin/gnu/h-i686-mingw32/bin/../lib/gcc/nios2-elf/4.1.2/../../../../nios2-elf/lib\libm.a
LOAD f:/windowsstuff/12.0/nios2eds/bin/gnu/h-i686-mingw32/bin/../lib/gcc/nios2-elf/4.1.2\libgcc.a
START GROUP
LOAD f:/windowsstuff/12.0/nios2eds/bin/gnu/h-i686-mingw32/bin/../lib/gcc/nios2-elf/4.1.2/../../../../nios2-elf/lib\libc.a
LOAD f:/windowsstuff/12.0/nios2eds/bin/gnu/h-i686-mingw32/bin/../lib/gcc/nios2-elf/4.1.2\libgcc.a
LOAD ../LaserSharknado_bsp\libhal_bsp.a
END GROUP
LOAD f:/windowsstuff/12.0/nios2eds/bin/gnu/h-i686-mingw32/bin/../lib/gcc/nios2-elf/4.1.2\libgcc.a
                0x00800000                __alt_mem_sdram_0 = 0x800000

.entry          0x00800000       0x20
 *(.entry)
 .entry         0x00800000       0x20 ../LaserSharknado_bsp/obj/HAL/src/crt0.o
                0x00800000                __reset

.exceptions     0x00800020      0x198
                0x00800020                PROVIDE (__ram_exceptions_start, ABSOLUTE (.))
                0x00800020                . = ALIGN (0x20)
 *(.irq)
 *(.exceptions.entry.label)
 .exceptions.entry.label
                0x00800020        0x0 ../LaserSharknado_bsp\libhal_bsp.a(alt_irq_entry.o)
                0x00800020                alt_irq_entry
 .exceptions.entry.label
                0x00800020        0x0 ../LaserSharknado_bsp\libhal_bsp.a(alt_exception_entry.o)
                0x00800020                alt_exception
 *(.exceptions.entry.user)
 *(.exceptions.entry)
 .exceptions.entry
                0x00800020       0x54 ../LaserSharknado_bsp\libhal_bsp.a(alt_exception_entry.o)
 *(.exceptions.irqtest.user)
 *(.exceptions.irqtest)
 .exceptions.irqtest
                0x00800074       0x10 ../LaserSharknado_bsp\libhal_bsp.a(alt_irq_entry.o)
 *(.exceptions.irqhandler.user)
 *(.exceptions.irqhandler)
 .exceptions.irqhandler
                0x00800084        0x4 ../LaserSharknado_bsp\libhal_bsp.a(alt_irq_entry.o)
 *(.exceptions.irqreturn.user)
 *(.exceptions.irqreturn)
 .exceptions.irqreturn
                0x00800088        0x4 ../LaserSharknado_bsp\libhal_bsp.a(alt_irq_entry.o)
 *(.exceptions.notirq.label)
 .exceptions.notirq.label
                0x0080008c        0x0 ../LaserSharknado_bsp\libhal_bsp.a(alt_irq_entry.o)
 *(.exceptions.notirq.user)
 *(.exceptions.notirq)
 .exceptions.notirq
                0x0080008c        0x8 ../LaserSharknado_bsp\libhal_bsp.a(alt_exception_entry.o)
 *(.exceptions.soft.user)
 *(.exceptions.soft)
 *(.exceptions.unknown.user)
 *(.exceptions.unknown)
 .exceptions.unknown
                0x00800094        0x4 ../LaserSharknado_bsp\libhal_bsp.a(alt_exception_entry.o)
 *(.exceptions.exit.label)
 .exceptions.exit.label
                0x00800098        0x0 ../LaserSharknado_bsp\libhal_bsp.a(alt_irq_entry.o)
 .exceptions.exit.label
                0x00800098        0x0 ../LaserSharknado_bsp\libhal_bsp.a(alt_exception_entry.o)
 *(.exceptions.exit.user)
 *(.exceptions.exit)
 .exceptions.exit
                0x00800098       0x54 ../LaserSharknado_bsp\libhal_bsp.a(alt_exception_entry.o)
 *(.exceptions)
 .exceptions    0x008000ec       0xcc ../LaserSharknado_bsp\libhal_bsp.a(alt_irq_handler.o)
                0x008000ec                alt_irq_handler
                0x008001b8                PROVIDE (__ram_exceptions_end, ABSOLUTE (.))
                0x00800020                PROVIDE (__flash_exceptions_start, LOADADDR (.exceptions))

.text           0x008001b8    0x177e8
                0x008001b8                PROVIDE (stext, ABSOLUTE (.))
 *(.interp)
 *(.hash)
 *(.dynsym)
 *(.dynstr)
 *(.gnu.version)
 *(.gnu.version_d)
 *(.gnu.version_r)
 *(.rel.init)
 *(.rela.init)
 *(.rel.text .rel.text.* .rel.gnu.linkonce.t.*)
 *(.rela.text .rela.text.* .rela.gnu.linkonce.t.*)
 *(.rel.fini)
 *(.rela.fini)
 *(.rel.rodata .rel.rodata.* .rel.gnu.linkonce.r.*)
 *(.rela.rodata .rela.rodata.* .rela.gnu.linkonce.r.*)
 *(.rel.data .rel.data.* .rel.gnu.linkonce.d.*)
 *(.rela.data .rela.data.* .rela.gnu.linkonce.d.*)
 *(.rel.tdata .rel.tdata.* .rel.gnu.linkonce.td.*)
 *(.rela.tdata .rela.tdata.* .rela.gnu.linkonce.td.*)
 *(.rel.tbss .rel.tbss.* .rel.gnu.linkonce.tb.*)
 *(.rela.tbss .rela.tbss.* .rela.gnu.linkonce.tb.*)
 *(.rel.ctors)
 *(.rela.ctors)
 *(.rel.dtors)
 *(.rela.dtors)
 *(.rel.got)
 *(.rela.got)
 *(.rel.sdata .rel.sdata.* .rel.gnu.linkonce.s.*)
 *(.rela.sdata .rela.sdata.* .rela.gnu.linkonce.s.*)
 *(.rel.sbss .rel.sbss.* .rel.gnu.linkonce.sb.*)
 *(.rela.sbss .rela.sbss.* .rela.gnu.linkonce.sb.*)
 *(.rel.sdata2 .rel.sdata2.* .rel.gnu.linkonce.s2.*)
 *(.rela.sdata2 .rela.sdata2.* .rela.gnu.linkonce.s2.*)
 *(.rel.sbss2 .rel.sbss2.* .rel.gnu.linkonce.sb2.*)
 *(.rela.sbss2 .rela.sbss2.* .rela.gnu.linkonce.sb2.*)
 *(.rel.bss .rel.bss.* .rel.gnu.linkonce.b.*)
 *(.rela.bss .rela.bss.* .rela.gnu.linkonce.b.*)
 *(.rel.plt)
 *(.rela.plt)
 *(.rel.dyn)
 *(.init)
 *(.plt)
 *(.text .stub .text.* .gnu.linkonce.t.*)
 .text          0x008001b8       0x4c ../LaserSharknado_bsp/obj/HAL/src/crt0.o
                0x008001b8                _start
 .text          0x00800204      0x948 obj/default/audio.o
                0x00800204                setupAudio
                0x00800470                setupAudioInterrupt
                0x008004d0                playAudioMono
                0x00800524                playAudio
                0x008005b4                audioTest
                0x00800754                testTone
                0x00800828                playLaser1
                0x00800934                readWavFile
                0x00800a40                playLaser
 .text          0x00800b4c        0x0 obj/default/audio_up_hack.o
 .text          0x00800b4c      0x120 obj/default/hello_world.o
                0x00800b4c                main
 .text          0x00800c6c        0x0 obj/default/player.o
 .text          0x00800c6c      0x374 obj/default/sd_card.o
                0x00800c6c                openSdCard
                0x00800ccc                openFile
                0x00800d0c                closeFile
                0x00800d3c                readByte
                0x00800d70                readWord
                0x00800e04                readDWord
                0x00800ed8                getWavFileLength
                0x00800f90                readPastWavHeader
 .text          0x00800fe0      0x360 obj/default/timer.o
                0x00800fe0                timer_test
                0x00801270                setHardwareTimerPeriod
                0x008012b8                isHardwareTimerRunning
                0x008012ec                hasHardwareTimerExpired
                0x00801314                startHardwareTimer
 .text          0x00801340      0x224 obj/default/vga.o
                0x00801340                setUp
                0x0080139c                clearScreen
                0x008013ec                drawLine
                0x008014b4                printLine
                0x00801508                drawBox
 .text          0x00801564      0x16c f:/windowsstuff/12.0/nios2eds/bin/gnu/h-i686-mingw32/bin/../lib/gcc/nios2-elf/4.1.2/../../../../nios2-elf/lib\libm.a(lib_a-s_sin.o)
                0x00801564                sin
 .text          0x008016d0      0x828 f:/windowsstuff/12.0/nios2eds/bin/gnu/h-i686-mingw32/bin/../lib/gcc/nios2-elf/4.1.2/../../../../nios2-elf/lib\libm.a(lib_a-e_rem_pio2.o)
                0x008016d0                __ieee754_rem_pio2
 .text          0x00801ef8      0x52c f:/windowsstuff/12.0/nios2eds/bin/gnu/h-i686-mingw32/bin/../lib/gcc/nios2-elf/4.1.2/../../../../nios2-elf/lib\libm.a(lib_a-k_cos.o)
                0x00801ef8                __kernel_cos
 .text          0x00802424      0xe7c f:/windowsstuff/12.0/nios2eds/bin/gnu/h-i686-mingw32/bin/../lib/gcc/nios2-elf/4.1.2/../../../../nios2-elf/lib\libm.a(lib_a-k_rem_pio2.o)
                0x00802424                __kernel_rem_pio2
 .text          0x008032a0      0x318 f:/windowsstuff/12.0/nios2eds/bin/gnu/h-i686-mingw32/bin/../lib/gcc/nios2-elf/4.1.2/../../../../nios2-elf/lib\libm.a(lib_a-k_sin.o)
                0x008032a0                __kernel_sin
 .text          0x008035b8       0x18 f:/windowsstuff/12.0/nios2eds/bin/gnu/h-i686-mingw32/bin/../lib/gcc/nios2-elf/4.1.2/../../../../nios2-elf/lib\libm.a(lib_a-s_fabs.o)
                0x008035b8                fabs
 .text          0x008035d0      0x224 f:/windowsstuff/12.0/nios2eds/bin/gnu/h-i686-mingw32/bin/../lib/gcc/nios2-elf/4.1.2/../../../../nios2-elf/lib\libm.a(lib_a-s_floor.o)
                0x008035d0                floor
 .text          0x008037f4      0x1e0 f:/windowsstuff/12.0/nios2eds/bin/gnu/h-i686-mingw32/bin/../lib/gcc/nios2-elf/4.1.2/../../../../nios2-elf/lib\libm.a(lib_a-s_scalbn.o)
                0x008037f4                scalbn
 .text          0x008039d4       0x24 f:/windowsstuff/12.0/nios2eds/bin/gnu/h-i686-mingw32/bin/../lib/gcc/nios2-elf/4.1.2/../../../../nios2-elf/lib\libm.a(lib_a-s_copysign.o)
                0x008039d4                copysign
 .text          0x008039f8       0xa4 f:/windowsstuff/12.0/nios2eds/bin/gnu/h-i686-mingw32/bin/../lib/gcc/nios2-elf/4.1.2\libgcc.a(_fixunsdfsi.o)
                0x008039f8                __fixunsdfsi
 .text          0x00803a9c      0x174 f:/windowsstuff/12.0/nios2eds/bin/gnu/h-i686-mingw32/bin/../lib/gcc/nios2-elf/4.1.2\libgcc.a(_div_sf.o)
                0x00803a9c                __divsf3
 .text          0x00803c10       0x98 f:/windowsstuff/12.0/nios2eds/bin/gnu/h-i686-mingw32/bin/../lib/gcc/nios2-elf/4.1.2\libgcc.a(_si_to_sf.o)
                0x00803c10                __floatsisf
 .text          0x00803ca8       0x54 f:/windowsstuff/12.0/nios2eds/bin/gnu/h-i686-mingw32/bin/../lib/gcc/nios2-elf/4.1.2\libgcc.a(_sf_to_df.o)
                0x00803ca8                __extendsfdf2
 .text          0x00803cfc        0x0 f:/windowsstuff/12.0/nios2eds/bin/gnu/h-i686-mingw32/bin/../lib/gcc/nios2-elf/4.1.2\libgcc.a(_thenan_sf.o)
 .text          0x00803cfc      0x504 f:/windowsstuff/12.0/nios2eds/bin/gnu/h-i686-mingw32/bin/../lib/gcc/nios2-elf/4.1.2\libgcc.a(_addsub_df.o)
                0x0080410c                __subdf3
                0x0080418c                __adddf3
 .text          0x00804200      0x3c4 f:/windowsstuff/12.0/nios2eds/bin/gnu/h-i686-mingw32/bin/../lib/gcc/nios2-elf/4.1.2\libgcc.a(_mul_df.o)
                0x00804200                __muldf3
 .text          0x008045c4      0x258 f:/windowsstuff/12.0/nios2eds/bin/gnu/h-i686-mingw32/bin/../lib/gcc/nios2-elf/4.1.2\libgcc.a(_div_df.o)
                0x008045c4                __divdf3
 .text          0x0080481c       0x88 f:/windowsstuff/12.0/nios2eds/bin/gnu/h-i686-mingw32/bin/../lib/gcc/nios2-elf/4.1.2\libgcc.a(_eq_df.o)
                0x0080481c                __eqdf2
 .text          0x008048a4       0x88 f:/windowsstuff/12.0/nios2eds/bin/gnu/h-i686-mingw32/bin/../lib/gcc/nios2-elf/4.1.2\libgcc.a(_gt_df.o)
                0x008048a4                __gtdf2
 .text          0x0080492c       0x88 f:/windowsstuff/12.0/nios2eds/bin/gnu/h-i686-mingw32/bin/../lib/gcc/nios2-elf/4.1.2\libgcc.a(_ge_df.o)
                0x0080492c                __gedf2
 .text          0x008049b4       0xf8 f:/windowsstuff/12.0/nios2eds/bin/gnu/h-i686-mingw32/bin/../lib/gcc/nios2-elf/4.1.2\libgcc.a(_si_to_df.o)
                0x008049b4                __floatsidf
 .text          0x00804aac       0xd8 f:/windowsstuff/12.0/nios2eds/bin/gnu/h-i686-mingw32/bin/../lib/gcc/nios2-elf/4.1.2\libgcc.a(_df_to_si.o)
                0x00804aac                __fixdfsi
 .text          0x00804b84       0x38 f:/windowsstuff/12.0/nios2eds/bin/gnu/h-i686-mingw32/bin/../lib/gcc/nios2-elf/4.1.2\libgcc.a(_make_df.o)
                0x00804b84                __make_dp
 .text          0x00804bbc        0x0 f:/windowsstuff/12.0/nios2eds/bin/gnu/h-i686-mingw32/bin/../lib/gcc/nios2-elf/4.1.2\libgcc.a(_thenan_df.o)
 .text          0x00804bbc      0x14c f:/windowsstuff/12.0/nios2eds/bin/gnu/h-i686-mingw32/bin/../lib/gcc/nios2-elf/4.1.2\libgcc.a(lib2-divmod.o)
                0x00804c38                __divsi3
                0x00804c98                __modsi3
                0x00804cf8                __udivsi3
                0x00804d00                __umodsi3
 .text          0x00804d08       0x98 f:/windowsstuff/12.0/nios2eds/bin/gnu/h-i686-mingw32/bin/../lib/gcc/nios2-elf/4.1.2\libgcc.a(_muldi3.o)
                0x00804d08                __muldi3
 .text          0x00804da0       0x80 f:/windowsstuff/12.0/nios2eds/bin/gnu/h-i686-mingw32/bin/../lib/gcc/nios2-elf/4.1.2\libgcc.a(_clzsi2.o)
                0x00804da0                __clzsi2
 .text          0x00804e20      0x160 f:/windowsstuff/12.0/nios2eds/bin/gnu/h-i686-mingw32/bin/../lib/gcc/nios2-elf/4.1.2\libgcc.a(_pack_sf.o)
                0x00804e20                __pack_f
 .text          0x00804f80       0xc8 f:/windowsstuff/12.0/nios2eds/bin/gnu/h-i686-mingw32/bin/../lib/gcc/nios2-elf/4.1.2\libgcc.a(_unpack_sf.o)
                0x00804f80                __unpack_f
 .text          0x00805048      0x314 f:/windowsstuff/12.0/nios2eds/bin/gnu/h-i686-mingw32/bin/../lib/gcc/nios2-elf/4.1.2\libgcc.a(_pack_df.o)
                0x00805048                __pack_d
 .text          0x0080535c      0x138 f:/windowsstuff/12.0/nios2eds/bin/gnu/h-i686-mingw32/bin/../lib/gcc/nios2-elf/4.1.2\libgcc.a(_unpack_df.o)
                0x0080535c                __unpack_d
 .text          0x00805494       0xc8 f:/windowsstuff/12.0/nios2eds/bin/gnu/h-i686-mingw32/bin/../lib/gcc/nios2-elf/4.1.2\libgcc.a(_fpcmp_parts_df.o)
                0x00805494                __fpcmp_parts_d
 .text          0x0080555c        0x0 f:/windowsstuff/12.0/nios2eds/bin/gnu/h-i686-mingw32/bin/../lib/gcc/nios2-elf/4.1.2\libgcc.a(_clz.o)
 .text          0x0080555c       0x28 f:/windowsstuff/12.0/nios2eds/bin/gnu/h-i686-mingw32/bin/../lib/gcc/nios2-elf/4.1.2/../../../../nios2-elf/lib\libc.a(lib_a-malloc.o)
                0x0080555c                free
                0x00805570                malloc
 .text          0x00805584      0x740 f:/windowsstuff/12.0/nios2eds/bin/gnu/h-i686-mingw32/bin/../lib/gcc/nios2-elf/4.1.2/../../../../nios2-elf/lib\libc.a(lib_a-mallocr.o)
                0x00805584                _malloc_r
 .text          0x00805cc4       0x78 f:/windowsstuff/12.0/nios2eds/bin/gnu/h-i686-mingw32/bin/../lib/gcc/nios2-elf/4.1.2/../../../../nios2-elf/lib\libc.a(lib_a-printf.o)
                0x00805cc4                printf
                0x00805d08                _printf_r
 .text          0x00805d3c       0xb4 f:/windowsstuff/12.0/nios2eds/bin/gnu/h-i686-mingw32/bin/../lib/gcc/nios2-elf/4.1.2/../../../../nios2-elf/lib\libc.a(lib_a-puts.o)
                0x00805d3c                _puts_r
                0x00805ddc                puts
 .text          0x00805df0       0x70 f:/windowsstuff/12.0/nios2eds/bin/gnu/h-i686-mingw32/bin/../lib/gcc/nios2-elf/4.1.2/../../../../nios2-elf/lib\libc.a(lib_a-sbrkr.o)
                0x00805df0                _sbrk_r
 .text          0x00805e60       0x74 f:/windowsstuff/12.0/nios2eds/bin/gnu/h-i686-mingw32/bin/../lib/gcc/nios2-elf/4.1.2/../../../../nios2-elf/lib\libc.a(lib_a-strlen.o)
                0x00805e60                strlen
 .text          0x00805ed4     0x1f28 f:/windowsstuff/12.0/nios2eds/bin/gnu/h-i686-mingw32/bin/../lib/gcc/nios2-elf/4.1.2/../../../../nios2-elf/lib\libc.a(lib_a-vfprintf.o)
                0x00805f2c                ___vfprintf_internal_r
                0x00807dd8                __vfprintf_internal
 .text          0x00807dfc      0x13c f:/windowsstuff/12.0/nios2eds/bin/gnu/h-i686-mingw32/bin/../lib/gcc/nios2-elf/4.1.2/../../../../nios2-elf/lib\libc.a(lib_a-wsetup.o)
                0x00807dfc                __swsetup_r
 .text          0x00807f38     0x17cc f:/windowsstuff/12.0/nios2eds/bin/gnu/h-i686-mingw32/bin/../lib/gcc/nios2-elf/4.1.2/../../../../nios2-elf/lib\libc.a(lib_a-dtoa.o)
                0x00808150                _dtoa_r
 .text          0x00809704      0x230 f:/windowsstuff/12.0/nios2eds/bin/gnu/h-i686-mingw32/bin/../lib/gcc/nios2-elf/4.1.2/../../../../nios2-elf/lib\libc.a(lib_a-fflush.o)
                0x00809704                _fflush_r
                0x00809900                fflush
 .text          0x00809934      0x2c0 f:/windowsstuff/12.0/nios2eds/bin/gnu/h-i686-mingw32/bin/../lib/gcc/nios2-elf/4.1.2/../../../../nios2-elf/lib\libc.a(lib_a-findfp.o)
                0x0080998c                __sfp_lock_acquire
                0x00809990                __sfp_lock_release
                0x00809994                __sinit_lock_acquire
                0x00809998                __sinit_lock_release
                0x0080999c                __sinit
                0x00809a50                __fp_unlock_all
                0x00809a68                __fp_lock_all
                0x00809a80                _cleanup_r
                0x00809a8c                _cleanup
                0x00809a9c                __sfmoreglue
                0x00809b04                __sfp
 .text          0x00809bf4      0x440 f:/windowsstuff/12.0/nios2eds/bin/gnu/h-i686-mingw32/bin/../lib/gcc/nios2-elf/4.1.2/../../../../nios2-elf/lib\libc.a(lib_a-freer.o)
                0x00809bf4                _malloc_trim_r
                0x00809d20                _free_r
 .text          0x0080a034      0x49c f:/windowsstuff/12.0/nios2eds/bin/gnu/h-i686-mingw32/bin/../lib/gcc/nios2-elf/4.1.2/../../../../nios2-elf/lib\libc.a(lib_a-fvwrite.o)
                0x0080a034                __sfvwrite_r
 .text          0x0080a4d0      0x180 f:/windowsstuff/12.0/nios2eds/bin/gnu/h-i686-mingw32/bin/../lib/gcc/nios2-elf/4.1.2/../../../../nios2-elf/lib\libc.a(lib_a-fwalk.o)
                0x0080a4d0                _fwalk_reent
                0x0080a598                _fwalk
 .text          0x0080a650        0x0 f:/windowsstuff/12.0/nios2eds/bin/gnu/h-i686-mingw32/bin/../lib/gcc/nios2-elf/4.1.2/../../../../nios2-elf/lib\libc.a(lib_a-impure.o)
 .text          0x0080a650        0x0 f:/windowsstuff/12.0/nios2eds/bin/gnu/h-i686-mingw32/bin/../lib/gcc/nios2-elf/4.1.2/../../../../nios2-elf/lib\libc.a(lib_a-int_errno.o)
 .text          0x0080a650       0xc4 f:/windowsstuff/12.0/nios2eds/bin/gnu/h-i686-mingw32/bin/../lib/gcc/nios2-elf/4.1.2/../../../../nios2-elf/lib\libc.a(lib_a-locale.o)
                0x0080a650                __locale_charset
                0x0080a658                _localeconv_r
                0x0080a664                localeconv
                0x0080a674                _setlocale_r
                0x0080a6f8                setlocale
 .text          0x0080a714      0x194 f:/windowsstuff/12.0/nios2eds/bin/gnu/h-i686-mingw32/bin/../lib/gcc/nios2-elf/4.1.2/../../../../nios2-elf/lib\libc.a(lib_a-makebuf.o)
                0x0080a714                __smakebuf_r
 .text          0x0080a8a8       0xe4 f:/windowsstuff/12.0/nios2eds/bin/gnu/h-i686-mingw32/bin/../lib/gcc/nios2-elf/4.1.2/../../../../nios2-elf/lib\libc.a(lib_a-memchr.o)
                0x0080a8a8                memchr
 .text          0x0080a98c       0xa0 f:/windowsstuff/12.0/nios2eds/bin/gnu/h-i686-mingw32/bin/../lib/gcc/nios2-elf/4.1.2/../../../../nios2-elf/lib\libc.a(lib_a-memcpy.o)
                0x0080a98c                memcpy
 .text          0x0080aa2c       0xe0 f:/windowsstuff/12.0/nios2eds/bin/gnu/h-i686-mingw32/bin/../lib/gcc/nios2-elf/4.1.2/../../../../nios2-elf/lib\libc.a(lib_a-memmove.o)
                0x0080aa2c                memmove
 .text          0x0080ab0c       0x98 f:/windowsstuff/12.0/nios2eds/bin/gnu/h-i686-mingw32/bin/../lib/gcc/nios2-elf/4.1.2/../../../../nios2-elf/lib\libc.a(lib_a-memset.o)
                0x0080ab0c                memset
 .text          0x0080aba4      0xff4 f:/windowsstuff/12.0/nios2eds/bin/gnu/h-i686-mingw32/bin/../lib/gcc/nios2-elf/4.1.2/../../../../nios2-elf/lib\libc.a(lib_a-mprec.o)
                0x0080aba4                _Bfree
                0x0080abcc                __hi0bits
                0x0080ac3c                __lo0bits
                0x0080ad00                __mcmp
                0x0080ad60                __ulp
                0x0080ade0                __b2d
                0x0080af00                __ratio
                0x0080afb0                _mprec_log10
                0x0080b044                __copybits
                0x0080b09c                __any_on
                0x0080b124                _Balloc
                0x0080b1e0                __d2b
                0x0080b35c                __mdiff
                0x0080b4e8                __lshift
                0x0080b634                __multiply
                0x0080b81c                __i2b
                0x0080b858                __multadd
                0x0080b958                __pow5mult
                0x0080ba78                __s2b
 .text          0x0080bb98      0x5f4 f:/windowsstuff/12.0/nios2eds/bin/gnu/h-i686-mingw32/bin/../lib/gcc/nios2-elf/4.1.2/../../../../nios2-elf/lib\libc.a(lib_a-reallocr.o)
                0x0080bb98                _realloc_r
 .text          0x0080c18c       0x40 f:/windowsstuff/12.0/nios2eds/bin/gnu/h-i686-mingw32/bin/../lib/gcc/nios2-elf/4.1.2/../../../../nios2-elf/lib\libc.a(lib_a-s_isinfd.o)
                0x0080c18c                __isinfd
 .text          0x0080c1cc       0x30 f:/windowsstuff/12.0/nios2eds/bin/gnu/h-i686-mingw32/bin/../lib/gcc/nios2-elf/4.1.2/../../../../nios2-elf/lib\libc.a(lib_a-s_isnand.o)
                0x0080c1cc                __isnand
 .text          0x0080c1fc      0x14c f:/windowsstuff/12.0/nios2eds/bin/gnu/h-i686-mingw32/bin/../lib/gcc/nios2-elf/4.1.2/../../../../nios2-elf/lib\libc.a(lib_a-stdio.o)
                0x0080c1fc                __sclose
                0x0080c204                __sseek
                0x0080c26c                __swrite
                0x0080c2e8                __sread
 .text          0x0080c348       0xbc f:/windowsstuff/12.0/nios2eds/bin/gnu/h-i686-mingw32/bin/../lib/gcc/nios2-elf/4.1.2/../../../../nios2-elf/lib\libc.a(lib_a-strcmp.o)
                0x0080c348                strcmp
 .text          0x0080c404       0x78 f:/windowsstuff/12.0/nios2eds/bin/gnu/h-i686-mingw32/bin/../lib/gcc/nios2-elf/4.1.2/../../../../nios2-elf/lib\libc.a(lib_a-writer.o)
                0x0080c404                _write_r
 .text          0x0080c47c       0xb4 f:/windowsstuff/12.0/nios2eds/bin/gnu/h-i686-mingw32/bin/../lib/gcc/nios2-elf/4.1.2/../../../../nios2-elf/lib\libc.a(lib_a-callocr.o)
                0x0080c47c                _calloc_r
 .text          0x0080c530       0x70 f:/windowsstuff/12.0/nios2eds/bin/gnu/h-i686-mingw32/bin/../lib/gcc/nios2-elf/4.1.2/../../../../nios2-elf/lib\libc.a(lib_a-closer.o)
                0x0080c530                _close_r
 .text          0x0080c5a0      0x124 f:/windowsstuff/12.0/nios2eds/bin/gnu/h-i686-mingw32/bin/../lib/gcc/nios2-elf/4.1.2/../../../../nios2-elf/lib\libc.a(lib_a-fclose.o)
                0x0080c5a0                _fclose_r
                0x0080c6b0                fclose
 .text          0x0080c6c4       0x74 f:/windowsstuff/12.0/nios2eds/bin/gnu/h-i686-mingw32/bin/../lib/gcc/nios2-elf/4.1.2/../../../../nios2-elf/lib\libc.a(lib_a-fstatr.o)
                0x0080c6c4                _fstat_r
 .text          0x0080c738       0x70 f:/windowsstuff/12.0/nios2eds/bin/gnu/h-i686-mingw32/bin/../lib/gcc/nios2-elf/4.1.2/../../../../nios2-elf/lib\libc.a(lib_a-isattyr.o)
                0x0080c738                _isatty_r
 .text          0x0080c7a8       0x78 f:/windowsstuff/12.0/nios2eds/bin/gnu/h-i686-mingw32/bin/../lib/gcc/nios2-elf/4.1.2/../../../../nios2-elf/lib\libc.a(lib_a-lseekr.o)
                0x0080c7a8                _lseek_r
 .text          0x0080c820       0x78 f:/windowsstuff/12.0/nios2eds/bin/gnu/h-i686-mingw32/bin/../lib/gcc/nios2-elf/4.1.2/../../../../nios2-elf/lib\libc.a(lib_a-readr.o)
                0x0080c820                _read_r
 .text          0x0080c898      0x5dc f:/windowsstuff/12.0/nios2eds/bin/gnu/h-i686-mingw32/bin/../lib/gcc/nios2-elf/4.1.2\libgcc.a(_udivdi3.o)
                0x0080c898                __udivdi3
 .text          0x0080ce74      0x5b0 f:/windowsstuff/12.0/nios2eds/bin/gnu/h-i686-mingw32/bin/../lib/gcc/nios2-elf/4.1.2\libgcc.a(_umoddi3.o)
                0x0080ce74                __umoddi3
 .text          0x0080d424       0x88 f:/windowsstuff/12.0/nios2eds/bin/gnu/h-i686-mingw32/bin/../lib/gcc/nios2-elf/4.1.2\libgcc.a(_ne_df.o)
                0x0080d424                __nedf2
 .text          0x0080d4ac       0x88 f:/windowsstuff/12.0/nios2eds/bin/gnu/h-i686-mingw32/bin/../lib/gcc/nios2-elf/4.1.2\libgcc.a(_lt_df.o)
                0x0080d4ac                __ltdf2
 .text          0x0080d534      0x194 f:/windowsstuff/12.0/nios2eds/bin/gnu/h-i686-mingw32/bin/../lib/gcc/nios2-elf/4.1.2\libgcc.a(_usi_to_df.o)
                0x0080d534                __floatunsidf
 .text          0x0080d6c8      0x15c ../LaserSharknado_bsp\libhal_bsp.a(alt_close.o)
                0x0080d6c8                close
 .text          0x0080d824       0x2c ../LaserSharknado_bsp\libhal_bsp.a(alt_dev.o)
 .text          0x0080d850        0x0 ../LaserSharknado_bsp\libhal_bsp.a(alt_errno.o)
 .text          0x0080d850      0x134 ../LaserSharknado_bsp\libhal_bsp.a(alt_fstat.o)
                0x0080d850                fstat
 .text          0x0080d984      0x120 ../LaserSharknado_bsp\libhal_bsp.a(alt_isatty.o)
                0x0080d984                isatty
 .text          0x0080daa4       0xec ../LaserSharknado_bsp\libhal_bsp.a(alt_load.o)
                0x0080daa4                alt_load
 .text          0x0080db90      0x150 ../LaserSharknado_bsp\libhal_bsp.a(alt_lseek.o)
                0x0080db90                lseek
 .text          0x0080dce0       0x6c ../LaserSharknado_bsp\libhal_bsp.a(alt_main.o)
                0x0080dce0                alt_main
 .text          0x0080dd4c       0x40 ../LaserSharknado_bsp\libhal_bsp.a(alt_malloc_lock.o)
                0x0080dd4c                __malloc_lock
                0x0080dd6c                __malloc_unlock
 .text          0x0080dd8c      0x180 ../LaserSharknado_bsp\libhal_bsp.a(alt_read.o)
                0x0080dd8c                read
 .text          0x0080df0c       0x60 ../LaserSharknado_bsp\libhal_bsp.a(alt_release_fd.o)
                0x0080df0c                alt_release_fd
 .text          0x0080df6c       0xbc ../LaserSharknado_bsp\libhal_bsp.a(alt_sbrk.o)
                0x0080df6c                sbrk
 .text          0x0080e028      0x1a4 ../LaserSharknado_bsp\libhal_bsp.a(alt_tick.o)
                0x0080e028                alt_alarm_stop
                0x0080e0c0                alt_tick
 .text          0x0080e1cc       0x30 ../LaserSharknado_bsp\libhal_bsp.a(alt_usleep.o)
                0x0080e1cc                usleep
 .text          0x0080e1fc      0x180 ../LaserSharknado_bsp\libhal_bsp.a(alt_write.o)
                0x0080e1fc                write
 .text          0x0080e37c      0x3e0 ../LaserSharknado_bsp\libhal_bsp.a(alt_sys_init.o)
                0x0080e37c                alt_irq_init
                0x0080e3b0                alt_sys_init
 .text          0x0080e75c      0x148 ../LaserSharknado_bsp\libhal_bsp.a(altera_avalon_jtag_uart_fd.o)
                0x0080e75c                altera_avalon_jtag_uart_read_fd
                0x0080e7b4                altera_avalon_jtag_uart_write_fd
                0x0080e80c                altera_avalon_jtag_uart_close_fd
                0x0080e854                altera_avalon_jtag_uart_ioctl_fd
 .text          0x0080e8a4      0x408 ../LaserSharknado_bsp\libhal_bsp.a(altera_avalon_jtag_uart_init.o)
                0x0080e8a4                altera_avalon_jtag_uart_init
                0x0080ec38                altera_avalon_jtag_uart_close
 .text          0x0080ecac       0xf4 ../LaserSharknado_bsp\libhal_bsp.a(altera_avalon_jtag_uart_ioctl.o)
                0x0080ecac                altera_avalon_jtag_uart_ioctl
 .text          0x0080eda0      0x224 ../LaserSharknado_bsp\libhal_bsp.a(altera_avalon_jtag_uart_read.o)
                0x0080eda0                altera_avalon_jtag_uart_read
 .text          0x0080efc4      0x240 ../LaserSharknado_bsp\libhal_bsp.a(altera_avalon_jtag_uart_write.o)
                0x0080efc4                altera_avalon_jtag_uart_write
 .text          0x0080f204       0xfc ../LaserSharknado_bsp\libhal_bsp.a(altera_avalon_timer_sc.o)
                0x0080f278                alt_avalon_timer_sc_init
 .text          0x0080f300      0x168 ../LaserSharknado_bsp\libhal_bsp.a(altera_avalon_timer_ts.o)
                0x0080f300                alt_timestamp_start
                0x0080f3a4                alt_timestamp
                0x0080f440                alt_timestamp_freq
 .text          0x0080f468        0x0 ../LaserSharknado_bsp\libhal_bsp.a(altera_avalon_timer_vars.o)
 .text          0x0080f468      0x80c ../LaserSharknado_bsp\libhal_bsp.a(altera_up_avalon_audio.o)
                0x0080f468                alt_up_audio_open_dev
                0x0080f4a8                alt_up_audio_enable_read_interrupt
                0x0080f4f4                alt_up_audio_disable_read_interrupt
                0x0080f544                alt_up_audio_enable_write_interrupt
                0x0080f590                alt_up_audio_disable_write_interrupt
                0x0080f5e0                alt_up_audio_read_interrupt_pending
                0x0080f61c                alt_up_audio_write_interrupt_pending
                0x0080f658                alt_up_audio_reset_audio_core
                0x0080f6e0                alt_up_audio_read_fifo_avail
                0x0080f750                alt_up_audio_record_r
                0x0080f7c0                alt_up_audio_record_l
                0x0080f830                alt_up_audio_write_fifo_space
                0x0080f8a4                alt_up_audio_play_r
                0x0080f914                alt_up_audio_play_l
                0x0080f984                alt_up_audio_read_fifo
                0x0080fa88                alt_up_audio_write_fifo
                0x0080fbb4                alt_up_audio_read_fifo_head
                0x0080fc14                alt_up_audio_write_fifo_head
 .text          0x0080fc74      0x788 ../LaserSharknado_bsp\libhal_bsp.a(altera_up_avalon_audio_and_video_config.o)
                0x0080fc74                alt_up_av_config_open_dev
                0x0080fcd8                alt_up_av_config_write_data
                0x0080fd3c                alt_up_av_config_read_data
                0x0080fdc8                alt_up_av_config_reset
                0x0080fe00                alt_up_av_config_enable_interrupt
                0x0080fe38                alt_up_av_config_disable_interrupt
                0x0080fe68                alt_up_av_config_read_acknowledge
                0x0080fed0                alt_up_av_config_read_ready
                0x0080ff08                alt_up_av_config_write_audio_cfg_register
                0x0080ffb4                alt_up_av_config_read_video_cfg_register
                0x008100ac                alt_up_av_config_write_video_cfg_register
                0x008101a4                alt_up_av_config_read_DC2_cfg_register
                0x00810208                alt_up_av_config_write_DC2_cfg_register
                0x0081026c                alt_up_av_config_read_D5M_cfg_register
                0x008102d0                alt_up_av_config_write_D5M_cfg_register
                0x00810334                alt_up_av_config_read_LTM_cfg_register
                0x00810398                alt_up_av_config_write_LTM_cfg_register
 .text          0x008103fc      0x530 ../LaserSharknado_bsp\libhal_bsp.a(altera_up_avalon_character_lcd.o)
                0x008103fc                get_DDRAM_addr
                0x00810478                alt_up_character_lcd_send_cmd
                0x008104ac                alt_up_character_lcd_init
                0x008104e0                alt_up_character_lcd_open_dev
                0x00810520                alt_up_character_lcd_write
                0x00810598                alt_up_character_lcd_string
                0x00810610                alt_up_character_lcd_write_fd
                0x0081065c                alt_up_character_lcd_set_cursor_pos
                0x008106d4                alt_up_character_lcd_shift_cursor
                0x00810784                alt_up_character_lcd_shift_display
                0x00810834                alt_up_character_lcd_erase_pos
                0x008108c4                alt_up_character_lcd_cursor_off
                0x008108f8                alt_up_character_lcd_cursor_blink_on
 .text          0x0081092c      0x304 ../LaserSharknado_bsp\libhal_bsp.a(altera_up_avalon_video_character_buffer_with_dma.o)
                0x0081092c                alt_up_char_buffer_init
                0x008109b0                alt_up_char_buffer_open_dev
                0x008109f0                alt_up_char_buffer_draw
                0x00810ac0                alt_up_char_buffer_string
                0x00810bd4                alt_up_char_buffer_clear
 .text          0x00810c30     0x156c ../LaserSharknado_bsp\libhal_bsp.a(altera_up_avalon_video_pixel_buffer_dma.o)
                0x00810c30                alt_up_pixel_buffer_dma_open_dev
                0x00810c70                alt_up_pixel_buffer_dma_draw
                0x00810e10                alt_up_pixel_buffer_dma_change_back_buffer_address
                0x00810e68                alt_up_pixel_buffer_dma_swap_buffers
                0x00810ec0                alt_up_pixel_buffer_dma_check_swap_buffers_status
                0x00810ef4                alt_up_pixel_buffer_dma_clear_screen
                0x00811058                alt_up_pixel_buffer_dma_draw_box
                0x0081154c                alt_up_pixel_buffer_dma_draw_hline
                0x0081189c                alt_up_pixel_buffer_dma_draw_vline
                0x00811c6c                alt_up_pixel_buffer_dma_draw_rectangle
                0x00811d30                helper_plot_pixel
                0x00811e00                alt_up_pixel_buffer_dma_draw_line
 .text          0x0081219c     0x45c0 ../LaserSharknado_bsp\libhal_bsp.a(altera_up_sd_card_avalon_interface.o)
                0x0081219c                Write_Sector_Data
                0x00812264                Save_Modified_Sector
                0x008122b4                Read_Sector_Data
                0x008123b0                get_cluster_flag
                0x00812468                mark_cluster
                0x0081254c                Check_for_Master_Boot_Record
                0x008126fc                Read_File_Record_At_Offset
                0x00812980                Write_File_Record_At_Offset
                0x00812c38                Check_for_DOS_FAT
                0x00813280                Look_for_FAT16
                0x00813384                filename_to_upper_case
                0x00813454                check_file_name_for_FAT16_compliance
                0x008136e4                get_dir_divider_location
                0x008137a4                match_file_record_to_name_ext
                0x00813a90                get_home_directory_cluster_for_file
                0x00813fa4                find_file_in_directory
                0x00814408                find_first_empty_cluster
                0x008145ac                find_first_empty_record_in_a_subdirectory
                0x008147f8                find_first_empty_record_in_root_directory
                0x00814924                convert_filename_to_name_extension
                0x00814adc                create_file
                0x00814db0                copy_file_record_name_to_string
                0x00814f04                alt_up_sd_card_open_dev
                0x00814fc8                alt_up_sd_card_is_Present
                0x00815090                alt_up_sd_card_is_FAT16
                0x00815104                alt_up_sd_card_find_first
                0x008151d8                alt_up_sd_card_find_next
                0x00815588                alt_up_sd_card_fopen
                0x00815930                alt_up_sd_card_set_attributes
                0x008159c0                alt_up_sd_card_get_attributes
                0x00815a4c                alt_up_sd_card_read
                0x00815de0                alt_up_sd_card_write
                0x00816404                alt_up_sd_card_fclose
                0x008165d0                Read_Sector_Data_CRC
                0x008166cc                Read_Sector_Data_Attempt_CRC
 .text          0x0081675c      0x154 ../LaserSharknado_bsp\libhal_bsp.a(alt_alarm_start.o)
                0x0081675c                alt_alarm_start
 .text          0x008168b0      0x14c ../LaserSharknado_bsp\libhal_bsp.a(alt_busy_sleep.o)
                0x008168b0                alt_busy_sleep
 .text          0x008169fc       0x44 ../LaserSharknado_bsp\libhal_bsp.a(alt_dcache_flush_all.o)
                0x008169fc                alt_dcache_flush_all
 .text          0x00816a40      0x114 ../LaserSharknado_bsp\libhal_bsp.a(alt_dev_llist_insert.o)
                0x00816a40                alt_dev_llist_insert
 .text          0x00816b54       0x64 ../LaserSharknado_bsp\libhal_bsp.a(alt_do_ctors.o)
                0x00816b54                _do_ctors
 .text          0x00816bb8       0x64 ../LaserSharknado_bsp\libhal_bsp.a(alt_do_dtors.o)
                0x00816bb8                _do_dtors
 .text          0x00816c1c       0x94 ../LaserSharknado_bsp\libhal_bsp.a(alt_find_dev.o)
                0x00816c1c                alt_find_dev
 .text          0x00816cb0       0x30 ../LaserSharknado_bsp\libhal_bsp.a(alt_icache_flush_all.o)
                0x00816cb0                alt_icache_flush_all
 .text          0x00816ce0      0x13c ../LaserSharknado_bsp\libhal_bsp.a(alt_io_redirect.o)
                0x00816da4                alt_io_redirect
 .text          0x00816e1c      0x1c0 ../LaserSharknado_bsp\libhal_bsp.a(alt_irq_register.o)
                0x00816e1c                alt_irq_register
 .text          0x00816fdc        0x0 ../LaserSharknado_bsp\libhal_bsp.a(alt_irq_vars.o)
 .text          0x00816fdc      0x2c4 ../LaserSharknado_bsp\libhal_bsp.a(alt_open.o)
                0x008170b8                open
 .text          0x008172a0       0x20 ../LaserSharknado_bsp\libhal_bsp.a(altera_nios2_qsys_irq.o)
                0x008172a0                altera_nios2_qsys_irq_init
 .text          0x008172c0      0x120 ../LaserSharknado_bsp\libhal_bsp.a(alt_find_file.o)
                0x008172c0                alt_find_file
 .text          0x008173e0       0xb8 ../LaserSharknado_bsp\libhal_bsp.a(alt_get_fd.o)
                0x008173e0                alt_get_fd
 .text          0x00817498       0x90 ../LaserSharknado_bsp\libhal_bsp.a(alt_icache_flush.o)
                0x00817498                alt_icache_flush
 .text          0x00817528        0x0 ../LaserSharknado_bsp\libhal_bsp.a(alt_irq_entry.o)
 .text          0x00817528        0x0 ../LaserSharknado_bsp\libhal_bsp.a(alt_irq_handler.o)
 .text          0x00817528        0x0 ../LaserSharknado_bsp\libhal_bsp.a(alt_exception_entry.o)
 .text          0x00817528       0x14 f:/windowsstuff/12.0/nios2eds/bin/gnu/h-i686-mingw32/bin/../lib/gcc/nios2-elf/4.1.2/../../../../nios2-elf/lib\libc.a(lib_a-atexit.o)
                0x00817528                atexit
 .text          0x0081753c       0x38 f:/windowsstuff/12.0/nios2eds/bin/gnu/h-i686-mingw32/bin/../lib/gcc/nios2-elf/4.1.2/../../../../nios2-elf/lib\libc.a(lib_a-exit.o)
                0x0081753c                exit
 .text          0x00817574       0x74 f:/windowsstuff/12.0/nios2eds/bin/gnu/h-i686-mingw32/bin/../lib/gcc/nios2-elf/4.1.2/../../../../nios2-elf/lib\libc.a(lib_a-memcmp.o)
                0x00817574                memcmp
 .text          0x008175e8      0x134 f:/windowsstuff/12.0/nios2eds/bin/gnu/h-i686-mingw32/bin/../lib/gcc/nios2-elf/4.1.2/../../../../nios2-elf/lib\libc.a(lib_a-__atexit.o)
                0x008175e8                __register_exitproc
 .text          0x0081771c      0x1b4 f:/windowsstuff/12.0/nios2eds/bin/gnu/h-i686-mingw32/bin/../lib/gcc/nios2-elf/4.1.2/../../../../nios2-elf/lib\libc.a(lib_a-__call_atexit.o)
                0x00817720                __call_exitprocs
 .text          0x008178d0       0x60 ../LaserSharknado_bsp\libhal_bsp.a(alt_exit.o)
                0x00817910                _exit
 *(.gnu.warning.*)
 *(.fini)
                0x00817930                PROVIDE (__etext, ABSOLUTE (.))
                0x00817930                PROVIDE (_etext, ABSOLUTE (.))
                0x00817930                PROVIDE (etext, ABSOLUTE (.))
 *(.eh_frame_hdr)
                0x00817930                . = ALIGN (0x4)
                0x00817930                PROVIDE (__preinit_array_start, ABSOLUTE (.))
 *(.preinit_array)
                0x00817930                PROVIDE (__preinit_array_end, ABSOLUTE (.))
                0x00817930                PROVIDE (__init_array_start, ABSOLUTE (.))
 *(.init_array)
                0x00817930                PROVIDE (__init_array_end, ABSOLUTE (.))
                0x00817930                PROVIDE (__fini_array_start, ABSOLUTE (.))
 *(.fini_array)
                0x00817930                PROVIDE (__fini_array_end, ABSOLUTE (.))
 *(.eh_frame)
 .eh_frame      0x00817930       0x40 f:/windowsstuff/12.0/nios2eds/bin/gnu/h-i686-mingw32/bin/../lib/gcc/nios2-elf/4.1.2\libgcc.a(_udivdi3.o)
 .eh_frame      0x00817970       0x2c f:/windowsstuff/12.0/nios2eds/bin/gnu/h-i686-mingw32/bin/../lib/gcc/nios2-elf/4.1.2\libgcc.a(_umoddi3.o)
                                 0x40 (size before relaxing)
 *(.gcc_except_table)
 *(.dynamic)
                0x0081799c                PROVIDE (__CTOR_LIST__, ABSOLUTE (.))
 *(.ctors)
 *(SORT(.ctors.*))
 .ctors.65535   0x0081799c        0x4 f:/windowsstuff/12.0/nios2eds/bin/gnu/h-i686-mingw32/bin/../lib/gcc/nios2-elf/4.1.2/../../../../nios2-elf/lib\libc.a(lib_a-__call_atexit.o)
                0x008179a0                PROVIDE (__CTOR_END__, ABSOLUTE (.))
                0x008179a0                PROVIDE (__DTOR_LIST__, ABSOLUTE (.))
 *(.dtors)
 *(SORT(.dtors.*))
                0x008179a0                PROVIDE (__DTOR_END__, ABSOLUTE (.))
 *(.jcr)
                0x008179a0                . = ALIGN (0x4)

.rodata         0x008179a0      0xb7c
                0x008179a0                PROVIDE (__ram_rodata_start, ABSOLUTE (.))
                0x008179a0                . = ALIGN (0x4)
 *(.rodata .rodata.* .gnu.linkonce.r.*)
 .rodata        0x008179a0      0x210 obj/default/audio.o
 .rodata        0x00817bb0       0x8c obj/default/hello_world.o
 .rodata        0x00817c3c       0x94 obj/default/sd_card.o
 .rodata        0x00817cd0      0x1ec obj/default/timer.o
 .rodata        0x00817ebc       0x60 obj/default/vga.o
 .rodata        0x00817f1c      0x188 f:/windowsstuff/12.0/nios2eds/bin/gnu/h-i686-mingw32/bin/../lib/gcc/nios2-elf/4.1.2/../../../../nios2-elf/lib\libm.a(lib_a-e_rem_pio2.o)
 .rodata        0x008180a4       0x50 f:/windowsstuff/12.0/nios2eds/bin/gnu/h-i686-mingw32/bin/../lib/gcc/nios2-elf/4.1.2/../../../../nios2-elf/lib\libm.a(lib_a-k_rem_pio2.o)
 .rodata        0x008180f4       0x10 f:/windowsstuff/12.0/nios2eds/bin/gnu/h-i686-mingw32/bin/../lib/gcc/nios2-elf/4.1.2\libgcc.a(_thenan_sf.o)
                0x008180f4                __thenan_sf
 .rodata        0x00818104       0x14 f:/windowsstuff/12.0/nios2eds/bin/gnu/h-i686-mingw32/bin/../lib/gcc/nios2-elf/4.1.2\libgcc.a(_thenan_df.o)
                0x00818104                __thenan_df
 .rodata        0x00818118      0x100 f:/windowsstuff/12.0/nios2eds/bin/gnu/h-i686-mingw32/bin/../lib/gcc/nios2-elf/4.1.2\libgcc.a(_clz.o)
                0x00818118                __clz_tab
 .rodata.str1.4
                0x00818218        0x2 f:/windowsstuff/12.0/nios2eds/bin/gnu/h-i686-mingw32/bin/../lib/gcc/nios2-elf/4.1.2/../../../../nios2-elf/lib\libc.a(lib_a-puts.o)
                                  0x4 (size before relaxing)
 *fill*         0x0081821a        0x2 00
 .rodata.str1.4
                0x0081821c       0x5e f:/windowsstuff/12.0/nios2eds/bin/gnu/h-i686-mingw32/bin/../lib/gcc/nios2-elf/4.1.2/../../../../nios2-elf/lib\libc.a(lib_a-vfprintf.o)
                                 0x60 (size before relaxing)
 .rodata        0x0081827a       0x20 f:/windowsstuff/12.0/nios2eds/bin/gnu/h-i686-mingw32/bin/../lib/gcc/nios2-elf/4.1.2/../../../../nios2-elf/lib\libc.a(lib_a-vfprintf.o)
 *fill*         0x0081829a        0x2 00
 .rodata.str1.4
                0x0081829c       0x10 f:/windowsstuff/12.0/nios2eds/bin/gnu/h-i686-mingw32/bin/../lib/gcc/nios2-elf/4.1.2/../../../../nios2-elf/lib\libc.a(lib_a-dtoa.o)
                                 0x14 (size before relaxing)
 .rodata.str1.4
                0x008182ac        0x2 f:/windowsstuff/12.0/nios2eds/bin/gnu/h-i686-mingw32/bin/../lib/gcc/nios2-elf/4.1.2/../../../../nios2-elf/lib\libc.a(lib_a-impure.o)
                                  0x4 (size before relaxing)
 *fill*         0x008182ae        0x2 00
 .rodata.str1.4
                0x008182b0       0x10 f:/windowsstuff/12.0/nios2eds/bin/gnu/h-i686-mingw32/bin/../lib/gcc/nios2-elf/4.1.2/../../../../nios2-elf/lib\libc.a(lib_a-locale.o)
                                 0x18 (size before relaxing)
 .rodata        0x008182c0       0x30 f:/windowsstuff/12.0/nios2eds/bin/gnu/h-i686-mingw32/bin/../lib/gcc/nios2-elf/4.1.2/../../../../nios2-elf/lib\libc.a(lib_a-locale.o)
 .rodata        0x008182f0      0x124 f:/windowsstuff/12.0/nios2eds/bin/gnu/h-i686-mingw32/bin/../lib/gcc/nios2-elf/4.1.2/../../../../nios2-elf/lib\libc.a(lib_a-mprec.o)
                0x008182f0                __mprec_tens
                0x008183b8                __mprec_bigtens
                0x008183e0                __mprec_tinytens
 .rodata        0x00818414        0xc ../LaserSharknado_bsp\libhal_bsp.a(alt_dev.o)
 .rodata        0x00818420       0x14 ../LaserSharknado_bsp\libhal_bsp.a(alt_main.o)
 .rodata        0x00818434       0xcc ../LaserSharknado_bsp\libhal_bsp.a(alt_sys_init.o)
 .rodata        0x00818500       0x1c ../LaserSharknado_bsp\libhal_bsp.a(altera_up_avalon_video_character_buffer_with_dma.o)
 *(.rodata1)
                0x0081851c                . = ALIGN (0x4)
                0x0081851c                PROVIDE (__ram_rodata_end, ABSOLUTE (.))
                0x008179a0                PROVIDE (__flash_rodata_start, LOADADDR (.rodata))

.rwdata         0x0081851c     0x1bbc load address 0x0081a0d8
                0x0081851c                PROVIDE (__ram_rwdata_start, ABSOLUTE (.))
                0x0081851c                . = ALIGN (0x4)
 *(.got.plt)
 *(.got)
 *(.data1)
 *(.data .data.* .gnu.linkonce.d.*)
 .data          0x0081851c        0x0 ../LaserSharknado_bsp/obj/HAL/src/crt0.o
 .data          0x0081851c        0x0 obj/default/audio.o
 .data          0x0081851c        0x0 obj/default/audio_up_hack.o
 .data          0x0081851c        0x0 obj/default/hello_world.o
 .data          0x0081851c        0x0 obj/default/player.o
 .data          0x0081851c        0x0 obj/default/sd_card.o
 .data          0x0081851c        0x0 obj/default/timer.o
 .data          0x0081851c        0x0 obj/default/vga.o
 .data          0x0081851c        0x0 f:/windowsstuff/12.0/nios2eds/bin/gnu/h-i686-mingw32/bin/../lib/gcc/nios2-elf/4.1.2/../../../../nios2-elf/lib\libm.a(lib_a-s_sin.o)
 .data          0x0081851c        0x0 f:/windowsstuff/12.0/nios2eds/bin/gnu/h-i686-mingw32/bin/../lib/gcc/nios2-elf/4.1.2/../../../../nios2-elf/lib\libm.a(lib_a-e_rem_pio2.o)
 .data          0x0081851c        0x0 f:/windowsstuff/12.0/nios2eds/bin/gnu/h-i686-mingw32/bin/../lib/gcc/nios2-elf/4.1.2/../../../../nios2-elf/lib\libm.a(lib_a-k_cos.o)
 .data          0x0081851c        0x0 f:/windowsstuff/12.0/nios2eds/bin/gnu/h-i686-mingw32/bin/../lib/gcc/nios2-elf/4.1.2/../../../../nios2-elf/lib\libm.a(lib_a-k_rem_pio2.o)
 .data          0x0081851c        0x0 f:/windowsstuff/12.0/nios2eds/bin/gnu/h-i686-mingw32/bin/../lib/gcc/nios2-elf/4.1.2/../../../../nios2-elf/lib\libm.a(lib_a-k_sin.o)
 .data          0x0081851c        0x0 f:/windowsstuff/12.0/nios2eds/bin/gnu/h-i686-mingw32/bin/../lib/gcc/nios2-elf/4.1.2/../../../../nios2-elf/lib\libm.a(lib_a-s_fabs.o)
 .data          0x0081851c        0x0 f:/windowsstuff/12.0/nios2eds/bin/gnu/h-i686-mingw32/bin/../lib/gcc/nios2-elf/4.1.2/../../../../nios2-elf/lib\libm.a(lib_a-s_floor.o)
 .data          0x0081851c        0x0 f:/windowsstuff/12.0/nios2eds/bin/gnu/h-i686-mingw32/bin/../lib/gcc/nios2-elf/4.1.2/../../../../nios2-elf/lib\libm.a(lib_a-s_scalbn.o)
 .data          0x0081851c        0x0 f:/windowsstuff/12.0/nios2eds/bin/gnu/h-i686-mingw32/bin/../lib/gcc/nios2-elf/4.1.2/../../../../nios2-elf/lib\libm.a(lib_a-s_copysign.o)
 .data          0x0081851c        0x0 f:/windowsstuff/12.0/nios2eds/bin/gnu/h-i686-mingw32/bin/../lib/gcc/nios2-elf/4.1.2\libgcc.a(_fixunsdfsi.o)
 .data          0x0081851c        0x0 f:/windowsstuff/12.0/nios2eds/bin/gnu/h-i686-mingw32/bin/../lib/gcc/nios2-elf/4.1.2\libgcc.a(_div_sf.o)
 .data          0x0081851c        0x0 f:/windowsstuff/12.0/nios2eds/bin/gnu/h-i686-mingw32/bin/../lib/gcc/nios2-elf/4.1.2\libgcc.a(_si_to_sf.o)
 .data          0x0081851c        0x0 f:/windowsstuff/12.0/nios2eds/bin/gnu/h-i686-mingw32/bin/../lib/gcc/nios2-elf/4.1.2\libgcc.a(_sf_to_df.o)
 .data          0x0081851c        0x0 f:/windowsstuff/12.0/nios2eds/bin/gnu/h-i686-mingw32/bin/../lib/gcc/nios2-elf/4.1.2\libgcc.a(_thenan_sf.o)
 .data          0x0081851c        0x0 f:/windowsstuff/12.0/nios2eds/bin/gnu/h-i686-mingw32/bin/../lib/gcc/nios2-elf/4.1.2\libgcc.a(_addsub_df.o)
 .data          0x0081851c        0x0 f:/windowsstuff/12.0/nios2eds/bin/gnu/h-i686-mingw32/bin/../lib/gcc/nios2-elf/4.1.2\libgcc.a(_mul_df.o)
 .data          0x0081851c        0x0 f:/windowsstuff/12.0/nios2eds/bin/gnu/h-i686-mingw32/bin/../lib/gcc/nios2-elf/4.1.2\libgcc.a(_div_df.o)
 .data          0x0081851c        0x0 f:/windowsstuff/12.0/nios2eds/bin/gnu/h-i686-mingw32/bin/../lib/gcc/nios2-elf/4.1.2\libgcc.a(_eq_df.o)
 .data          0x0081851c        0x0 f:/windowsstuff/12.0/nios2eds/bin/gnu/h-i686-mingw32/bin/../lib/gcc/nios2-elf/4.1.2\libgcc.a(_gt_df.o)
 .data          0x0081851c        0x0 f:/windowsstuff/12.0/nios2eds/bin/gnu/h-i686-mingw32/bin/../lib/gcc/nios2-elf/4.1.2\libgcc.a(_ge_df.o)
 .data          0x0081851c        0x0 f:/windowsstuff/12.0/nios2eds/bin/gnu/h-i686-mingw32/bin/../lib/gcc/nios2-elf/4.1.2\libgcc.a(_si_to_df.o)
 .data          0x0081851c        0x0 f:/windowsstuff/12.0/nios2eds/bin/gnu/h-i686-mingw32/bin/../lib/gcc/nios2-elf/4.1.2\libgcc.a(_df_to_si.o)
 .data          0x0081851c        0x0 f:/windowsstuff/12.0/nios2eds/bin/gnu/h-i686-mingw32/bin/../lib/gcc/nios2-elf/4.1.2\libgcc.a(_make_df.o)
 .data          0x0081851c        0x0 f:/windowsstuff/12.0/nios2eds/bin/gnu/h-i686-mingw32/bin/../lib/gcc/nios2-elf/4.1.2\libgcc.a(_thenan_df.o)
 .data          0x0081851c        0x0 f:/windowsstuff/12.0/nios2eds/bin/gnu/h-i686-mingw32/bin/../lib/gcc/nios2-elf/4.1.2\libgcc.a(lib2-divmod.o)
 .data          0x0081851c        0x0 f:/windowsstuff/12.0/nios2eds/bin/gnu/h-i686-mingw32/bin/../lib/gcc/nios2-elf/4.1.2\libgcc.a(_muldi3.o)
 .data          0x0081851c        0x0 f:/windowsstuff/12.0/nios2eds/bin/gnu/h-i686-mingw32/bin/../lib/gcc/nios2-elf/4.1.2\libgcc.a(_clzsi2.o)
 .data          0x0081851c        0x0 f:/windowsstuff/12.0/nios2eds/bin/gnu/h-i686-mingw32/bin/../lib/gcc/nios2-elf/4.1.2\libgcc.a(_pack_sf.o)
 .data          0x0081851c        0x0 f:/windowsstuff/12.0/nios2eds/bin/gnu/h-i686-mingw32/bin/../lib/gcc/nios2-elf/4.1.2\libgcc.a(_unpack_sf.o)
 .data          0x0081851c        0x0 f:/windowsstuff/12.0/nios2eds/bin/gnu/h-i686-mingw32/bin/../lib/gcc/nios2-elf/4.1.2\libgcc.a(_pack_df.o)
 .data          0x0081851c        0x0 f:/windowsstuff/12.0/nios2eds/bin/gnu/h-i686-mingw32/bin/../lib/gcc/nios2-elf/4.1.2\libgcc.a(_unpack_df.o)
 .data          0x0081851c        0x0 f:/windowsstuff/12.0/nios2eds/bin/gnu/h-i686-mingw32/bin/../lib/gcc/nios2-elf/4.1.2\libgcc.a(_fpcmp_parts_df.o)
 .data          0x0081851c        0x0 f:/windowsstuff/12.0/nios2eds/bin/gnu/h-i686-mingw32/bin/../lib/gcc/nios2-elf/4.1.2\libgcc.a(_clz.o)
 .data          0x0081851c        0x0 f:/windowsstuff/12.0/nios2eds/bin/gnu/h-i686-mingw32/bin/../lib/gcc/nios2-elf/4.1.2/../../../../nios2-elf/lib\libc.a(lib_a-malloc.o)
 .data          0x0081851c      0x408 f:/windowsstuff/12.0/nios2eds/bin/gnu/h-i686-mingw32/bin/../lib/gcc/nios2-elf/4.1.2/../../../../nios2-elf/lib\libc.a(lib_a-mallocr.o)
                0x0081851c                __malloc_av_
 .data          0x00818924        0x0 f:/windowsstuff/12.0/nios2eds/bin/gnu/h-i686-mingw32/bin/../lib/gcc/nios2-elf/4.1.2/../../../../nios2-elf/lib\libc.a(lib_a-printf.o)
 .data          0x00818924        0x0 f:/windowsstuff/12.0/nios2eds/bin/gnu/h-i686-mingw32/bin/../lib/gcc/nios2-elf/4.1.2/../../../../nios2-elf/lib\libc.a(lib_a-puts.o)
 .data          0x00818924        0x0 f:/windowsstuff/12.0/nios2eds/bin/gnu/h-i686-mingw32/bin/../lib/gcc/nios2-elf/4.1.2/../../../../nios2-elf/lib\libc.a(lib_a-sbrkr.o)
 .data          0x00818924        0x0 f:/windowsstuff/12.0/nios2eds/bin/gnu/h-i686-mingw32/bin/../lib/gcc/nios2-elf/4.1.2/../../../../nios2-elf/lib\libc.a(lib_a-strlen.o)
 .data          0x00818924        0x0 f:/windowsstuff/12.0/nios2eds/bin/gnu/h-i686-mingw32/bin/../lib/gcc/nios2-elf/4.1.2/../../../../nios2-elf/lib\libc.a(lib_a-vfprintf.o)
 .data          0x00818924        0x0 f:/windowsstuff/12.0/nios2eds/bin/gnu/h-i686-mingw32/bin/../lib/gcc/nios2-elf/4.1.2/../../../../nios2-elf/lib\libc.a(lib_a-wsetup.o)
 .data          0x00818924        0x0 f:/windowsstuff/12.0/nios2eds/bin/gnu/h-i686-mingw32/bin/../lib/gcc/nios2-elf/4.1.2/../../../../nios2-elf/lib\libc.a(lib_a-dtoa.o)
 .data          0x00818924        0x0 f:/windowsstuff/12.0/nios2eds/bin/gnu/h-i686-mingw32/bin/../lib/gcc/nios2-elf/4.1.2/../../../../nios2-elf/lib\libc.a(lib_a-fflush.o)
 .data          0x00818924        0x0 f:/windowsstuff/12.0/nios2eds/bin/gnu/h-i686-mingw32/bin/../lib/gcc/nios2-elf/4.1.2/../../../../nios2-elf/lib\libc.a(lib_a-findfp.o)
 .data          0x00818924        0x0 f:/windowsstuff/12.0/nios2eds/bin/gnu/h-i686-mingw32/bin/../lib/gcc/nios2-elf/4.1.2/../../../../nios2-elf/lib\libc.a(lib_a-freer.o)
 .data          0x00818924        0x0 f:/windowsstuff/12.0/nios2eds/bin/gnu/h-i686-mingw32/bin/../lib/gcc/nios2-elf/4.1.2/../../../../nios2-elf/lib\libc.a(lib_a-fvwrite.o)
 .data          0x00818924        0x0 f:/windowsstuff/12.0/nios2eds/bin/gnu/h-i686-mingw32/bin/../lib/gcc/nios2-elf/4.1.2/../../../../nios2-elf/lib\libc.a(lib_a-fwalk.o)
 .data          0x00818924      0x400 f:/windowsstuff/12.0/nios2eds/bin/gnu/h-i686-mingw32/bin/../lib/gcc/nios2-elf/4.1.2/../../../../nios2-elf/lib\libc.a(lib_a-impure.o)
 .data          0x00818d24        0x0 f:/windowsstuff/12.0/nios2eds/bin/gnu/h-i686-mingw32/bin/../lib/gcc/nios2-elf/4.1.2/../../../../nios2-elf/lib\libc.a(lib_a-int_errno.o)
 .data          0x00818d24        0xc f:/windowsstuff/12.0/nios2eds/bin/gnu/h-i686-mingw32/bin/../lib/gcc/nios2-elf/4.1.2/../../../../nios2-elf/lib\libc.a(lib_a-locale.o)
                0x00818d24                __lc_ctype
 .data          0x00818d30        0x0 f:/windowsstuff/12.0/nios2eds/bin/gnu/h-i686-mingw32/bin/../lib/gcc/nios2-elf/4.1.2/../../../../nios2-elf/lib\libc.a(lib_a-makebuf.o)
 .data          0x00818d30        0x0 f:/windowsstuff/12.0/nios2eds/bin/gnu/h-i686-mingw32/bin/../lib/gcc/nios2-elf/4.1.2/../../../../nios2-elf/lib\libc.a(lib_a-memchr.o)
 .data          0x00818d30        0x0 f:/windowsstuff/12.0/nios2eds/bin/gnu/h-i686-mingw32/bin/../lib/gcc/nios2-elf/4.1.2/../../../../nios2-elf/lib\libc.a(lib_a-memcpy.o)
 .data          0x00818d30        0x0 f:/windowsstuff/12.0/nios2eds/bin/gnu/h-i686-mingw32/bin/../lib/gcc/nios2-elf/4.1.2/../../../../nios2-elf/lib\libc.a(lib_a-memmove.o)
 .data          0x00818d30        0x0 f:/windowsstuff/12.0/nios2eds/bin/gnu/h-i686-mingw32/bin/../lib/gcc/nios2-elf/4.1.2/../../../../nios2-elf/lib\libc.a(lib_a-memset.o)
 .data          0x00818d30        0x0 f:/windowsstuff/12.0/nios2eds/bin/gnu/h-i686-mingw32/bin/../lib/gcc/nios2-elf/4.1.2/../../../../nios2-elf/lib\libc.a(lib_a-mprec.o)
 .data          0x00818d30        0x0 f:/windowsstuff/12.0/nios2eds/bin/gnu/h-i686-mingw32/bin/../lib/gcc/nios2-elf/4.1.2/../../../../nios2-elf/lib\libc.a(lib_a-reallocr.o)
 .data          0x00818d30        0x0 f:/windowsstuff/12.0/nios2eds/bin/gnu/h-i686-mingw32/bin/../lib/gcc/nios2-elf/4.1.2/../../../../nios2-elf/lib\libc.a(lib_a-s_isinfd.o)
 .data          0x00818d30        0x0 f:/windowsstuff/12.0/nios2eds/bin/gnu/h-i686-mingw32/bin/../lib/gcc/nios2-elf/4.1.2/../../../../nios2-elf/lib\libc.a(lib_a-s_isnand.o)
 .data          0x00818d30        0x0 f:/windowsstuff/12.0/nios2eds/bin/gnu/h-i686-mingw32/bin/../lib/gcc/nios2-elf/4.1.2/../../../../nios2-elf/lib\libc.a(lib_a-stdio.o)
 .data          0x00818d30        0x0 f:/windowsstuff/12.0/nios2eds/bin/gnu/h-i686-mingw32/bin/../lib/gcc/nios2-elf/4.1.2/../../../../nios2-elf/lib\libc.a(lib_a-strcmp.o)
 .data          0x00818d30        0x0 f:/windowsstuff/12.0/nios2eds/bin/gnu/h-i686-mingw32/bin/../lib/gcc/nios2-elf/4.1.2/../../../../nios2-elf/lib\libc.a(lib_a-writer.o)
 .data          0x00818d30        0x0 f:/windowsstuff/12.0/nios2eds/bin/gnu/h-i686-mingw32/bin/../lib/gcc/nios2-elf/4.1.2/../../../../nios2-elf/lib\libc.a(lib_a-callocr.o)
 .data          0x00818d30        0x0 f:/windowsstuff/12.0/nios2eds/bin/gnu/h-i686-mingw32/bin/../lib/gcc/nios2-elf/4.1.2/../../../../nios2-elf/lib\libc.a(lib_a-closer.o)
 .data          0x00818d30        0x0 f:/windowsstuff/12.0/nios2eds/bin/gnu/h-i686-mingw32/bin/../lib/gcc/nios2-elf/4.1.2/../../../../nios2-elf/lib\libc.a(lib_a-fclose.o)
 .data          0x00818d30        0x0 f:/windowsstuff/12.0/nios2eds/bin/gnu/h-i686-mingw32/bin/../lib/gcc/nios2-elf/4.1.2/../../../../nios2-elf/lib\libc.a(lib_a-fstatr.o)
 .data          0x00818d30        0x0 f:/windowsstuff/12.0/nios2eds/bin/gnu/h-i686-mingw32/bin/../lib/gcc/nios2-elf/4.1.2/../../../../nios2-elf/lib\libc.a(lib_a-isattyr.o)
 .data          0x00818d30        0x0 f:/windowsstuff/12.0/nios2eds/bin/gnu/h-i686-mingw32/bin/../lib/gcc/nios2-elf/4.1.2/../../../../nios2-elf/lib\libc.a(lib_a-lseekr.o)
 .data          0x00818d30        0x0 f:/windowsstuff/12.0/nios2eds/bin/gnu/h-i686-mingw32/bin/../lib/gcc/nios2-elf/4.1.2/../../../../nios2-elf/lib\libc.a(lib_a-readr.o)
 .data          0x00818d30        0x0 f:/windowsstuff/12.0/nios2eds/bin/gnu/h-i686-mingw32/bin/../lib/gcc/nios2-elf/4.1.2\libgcc.a(_udivdi3.o)
 .data          0x00818d30        0x0 f:/windowsstuff/12.0/nios2eds/bin/gnu/h-i686-mingw32/bin/../lib/gcc/nios2-elf/4.1.2\libgcc.a(_umoddi3.o)
 .data          0x00818d30        0x0 f:/windowsstuff/12.0/nios2eds/bin/gnu/h-i686-mingw32/bin/../lib/gcc/nios2-elf/4.1.2\libgcc.a(_ne_df.o)
 .data          0x00818d30        0x0 f:/windowsstuff/12.0/nios2eds/bin/gnu/h-i686-mingw32/bin/../lib/gcc/nios2-elf/4.1.2\libgcc.a(_lt_df.o)
 .data          0x00818d30        0x0 f:/windowsstuff/12.0/nios2eds/bin/gnu/h-i686-mingw32/bin/../lib/gcc/nios2-elf/4.1.2\libgcc.a(_usi_to_df.o)
 .data          0x00818d30        0x0 ../LaserSharknado_bsp\libhal_bsp.a(alt_close.o)
 .data          0x00818d30      0x1a8 ../LaserSharknado_bsp\libhal_bsp.a(alt_dev.o)
                0x00818d30                alt_dev_null
                0x00818d58                alt_fd_list
 .data          0x00818ed8        0x0 ../LaserSharknado_bsp\libhal_bsp.a(alt_errno.o)
 .data          0x00818ed8        0x0 ../LaserSharknado_bsp\libhal_bsp.a(alt_fstat.o)
 .data          0x00818ed8        0x0 ../LaserSharknado_bsp\libhal_bsp.a(alt_isatty.o)
 .data          0x00818ed8        0x0 ../LaserSharknado_bsp\libhal_bsp.a(alt_load.o)
 .data          0x00818ed8        0x0 ../LaserSharknado_bsp\libhal_bsp.a(alt_lseek.o)
 .data          0x00818ed8        0x0 ../LaserSharknado_bsp\libhal_bsp.a(alt_main.o)
 .data          0x00818ed8        0x0 ../LaserSharknado_bsp\libhal_bsp.a(alt_malloc_lock.o)
 .data          0x00818ed8        0x0 ../LaserSharknado_bsp\libhal_bsp.a(alt_read.o)
 .data          0x00818ed8        0x0 ../LaserSharknado_bsp\libhal_bsp.a(alt_release_fd.o)
 .data          0x00818ed8        0x0 ../LaserSharknado_bsp\libhal_bsp.a(alt_sbrk.o)
 .data          0x00818ed8        0x0 ../LaserSharknado_bsp\libhal_bsp.a(alt_tick.o)
 .data          0x00818ed8        0x0 ../LaserSharknado_bsp\libhal_bsp.a(alt_usleep.o)
 .data          0x00818ed8        0x0 ../LaserSharknado_bsp\libhal_bsp.a(alt_write.o)
 .data          0x00818ed8     0x11b4 ../LaserSharknado_bsp\libhal_bsp.a(alt_sys_init.o)
 .data          0x0081a08c        0x0 ../LaserSharknado_bsp\libhal_bsp.a(altera_avalon_jtag_uart_fd.o)
 .data          0x0081a08c        0x0 ../LaserSharknado_bsp\libhal_bsp.a(altera_avalon_jtag_uart_init.o)
 .data          0x0081a08c        0x0 ../LaserSharknado_bsp\libhal_bsp.a(altera_avalon_jtag_uart_ioctl.o)
 .data          0x0081a08c        0x0 ../LaserSharknado_bsp\libhal_bsp.a(altera_avalon_jtag_uart_read.o)
 .data          0x0081a08c        0x0 ../LaserSharknado_bsp\libhal_bsp.a(altera_avalon_jtag_uart_write.o)
 .data          0x0081a08c        0x0 ../LaserSharknado_bsp\libhal_bsp.a(altera_avalon_timer_sc.o)
 .data          0x0081a08c        0x0 ../LaserSharknado_bsp\libhal_bsp.a(altera_avalon_timer_ts.o)
 .data          0x0081a08c        0x0 ../LaserSharknado_bsp\libhal_bsp.a(altera_avalon_timer_vars.o)
 .data          0x0081a08c        0x0 ../LaserSharknado_bsp\libhal_bsp.a(altera_up_avalon_audio.o)
 .data          0x0081a08c        0x0 ../LaserSharknado_bsp\libhal_bsp.a(altera_up_avalon_audio_and_video_config.o)
 .data          0x0081a08c        0x0 ../LaserSharknado_bsp\libhal_bsp.a(altera_up_avalon_character_lcd.o)
 .data          0x0081a08c        0x0 ../LaserSharknado_bsp\libhal_bsp.a(altera_up_avalon_video_character_buffer_with_dma.o)
 .data          0x0081a08c        0x0 ../LaserSharknado_bsp\libhal_bsp.a(altera_up_avalon_video_pixel_buffer_dma.o)
 .data          0x0081a08c        0x0 ../LaserSharknado_bsp\libhal_bsp.a(altera_up_sd_card_avalon_interface.o)
 .data          0x0081a08c        0x0 ../LaserSharknado_bsp\libhal_bsp.a(alt_alarm_start.o)
 .data          0x0081a08c        0x0 ../LaserSharknado_bsp\libhal_bsp.a(alt_busy_sleep.o)
 .data          0x0081a08c        0x0 ../LaserSharknado_bsp\libhal_bsp.a(alt_dcache_flush_all.o)
 .data          0x0081a08c        0x0 ../LaserSharknado_bsp\libhal_bsp.a(alt_dev_llist_insert.o)
 .data          0x0081a08c        0x0 ../LaserSharknado_bsp\libhal_bsp.a(alt_do_ctors.o)
 .data          0x0081a08c        0x0 ../LaserSharknado_bsp\libhal_bsp.a(alt_do_dtors.o)
 .data          0x0081a08c        0x0 ../LaserSharknado_bsp\libhal_bsp.a(alt_find_dev.o)
 .data          0x0081a08c        0x0 ../LaserSharknado_bsp\libhal_bsp.a(alt_icache_flush_all.o)
 .data          0x0081a08c        0x0 ../LaserSharknado_bsp\libhal_bsp.a(alt_io_redirect.o)
 .data          0x0081a08c        0x0 ../LaserSharknado_bsp\libhal_bsp.a(alt_irq_register.o)
 .data          0x0081a08c        0x0 ../LaserSharknado_bsp\libhal_bsp.a(alt_irq_vars.o)
 .data          0x0081a08c        0x0 ../LaserSharknado_bsp\libhal_bsp.a(alt_open.o)
 .data          0x0081a08c        0x0 ../LaserSharknado_bsp\libhal_bsp.a(altera_nios2_qsys_irq.o)
 .data          0x0081a08c        0x0 ../LaserSharknado_bsp\libhal_bsp.a(alt_find_file.o)
 .data          0x0081a08c        0x0 ../LaserSharknado_bsp\libhal_bsp.a(alt_get_fd.o)
 .data          0x0081a08c        0x0 ../LaserSharknado_bsp\libhal_bsp.a(alt_icache_flush.o)
 .data          0x0081a08c        0x0 ../LaserSharknado_bsp\libhal_bsp.a(alt_irq_entry.o)
 .data          0x0081a08c        0x0 ../LaserSharknado_bsp\libhal_bsp.a(alt_irq_handler.o)
 .data          0x0081a08c        0x0 ../LaserSharknado_bsp\libhal_bsp.a(alt_exception_entry.o)
 .data          0x0081a08c        0x0 f:/windowsstuff/12.0/nios2eds/bin/gnu/h-i686-mingw32/bin/../lib/gcc/nios2-elf/4.1.2/../../../../nios2-elf/lib\libc.a(lib_a-atexit.o)
 .data          0x0081a08c        0x0 f:/windowsstuff/12.0/nios2eds/bin/gnu/h-i686-mingw32/bin/../lib/gcc/nios2-elf/4.1.2/../../../../nios2-elf/lib\libc.a(lib_a-exit.o)
 .data          0x0081a08c        0x0 f:/windowsstuff/12.0/nios2eds/bin/gnu/h-i686-mingw32/bin/../lib/gcc/nios2-elf/4.1.2/../../../../nios2-elf/lib\libc.a(lib_a-memcmp.o)
 .data          0x0081a08c        0x0 f:/windowsstuff/12.0/nios2eds/bin/gnu/h-i686-mingw32/bin/../lib/gcc/nios2-elf/4.1.2/../../../../nios2-elf/lib\libc.a(lib_a-__atexit.o)
 .data          0x0081a08c        0x0 f:/windowsstuff/12.0/nios2eds/bin/gnu/h-i686-mingw32/bin/../lib/gcc/nios2-elf/4.1.2/../../../../nios2-elf/lib\libc.a(lib_a-__call_atexit.o)
 .data          0x0081a08c        0x0 ../LaserSharknado_bsp\libhal_bsp.a(alt_exit.o)
                0x0082208c                _gp = ABSOLUTE ((. + 0x8000))
                0x0082208c                PROVIDE (gp, _gp)
 *(.rwdata .rwdata.*)
 *(.sdata .sdata.* .gnu.linkonce.s.*)
 .sdata         0x0081a08c        0xc obj/default/audio.o
                0x0081a08c                CONFIG_NAME
                0x0081a090                AUDIO_NAME
                0x0081a094                toneLength
 .sdata         0x0081a098        0x8 f:/windowsstuff/12.0/nios2eds/bin/gnu/h-i686-mingw32/bin/../lib/gcc/nios2-elf/4.1.2/../../../../nios2-elf/lib\libc.a(lib_a-mallocr.o)
                0x0081a098                __malloc_trim_threshold
                0x0081a09c                __malloc_sbrk_base
 .sdata         0x0081a0a0        0x8 f:/windowsstuff/12.0/nios2eds/bin/gnu/h-i686-mingw32/bin/../lib/gcc/nios2-elf/4.1.2/../../../../nios2-elf/lib\libc.a(lib_a-impure.o)
                0x0081a0a0                _impure_ptr
                0x0081a0a4                _global_impure_ptr
 .sdata         0x0081a0a8        0x8 f:/windowsstuff/12.0/nios2eds/bin/gnu/h-i686-mingw32/bin/../lib/gcc/nios2-elf/4.1.2/../../../../nios2-elf/lib\libc.a(lib_a-locale.o)
                0x0081a0a8                __mb_cur_max
 .sdata         0x0081a0b0       0x14 ../LaserSharknado_bsp\libhal_bsp.a(alt_dev.o)
                0x0081a0b0                alt_fs_list
                0x0081a0b8                alt_dev_list
                0x0081a0c0                alt_max_fd
 .sdata         0x0081a0c4        0x4 ../LaserSharknado_bsp\libhal_bsp.a(alt_errno.o)
                0x0081a0c4                alt_errno
 .sdata         0x0081a0c8        0x4 ../LaserSharknado_bsp\libhal_bsp.a(alt_sbrk.o)
 .sdata         0x0081a0cc        0x8 ../LaserSharknado_bsp\libhal_bsp.a(alt_tick.o)
                0x0081a0cc                alt_alarm_list
 .sdata         0x0081a0d4        0x4 ../LaserSharknado_bsp\libhal_bsp.a(alt_irq_vars.o)
                0x0081a0d4                alt_priority_mask
 *(.sdata2 .sdata2.* .gnu.linkonce.s2.*)
                0x0081a0d8                . = ALIGN (0x4)
                0x0081a0d8                _edata = ABSOLUTE (.)
                0x0081a0d8                PROVIDE (edata, ABSOLUTE (.))
                0x0081a0d8                PROVIDE (__ram_rwdata_end, ABSOLUTE (.))
                0x0081a0d8                PROVIDE (__flash_rwdata_start, LOADADDR (.rwdata))

.bss            0x0081bc94      0xa9c
                0x0081bc94                __bss_start = ABSOLUTE (.)
                0x0081bc94                PROVIDE (__sbss_start, ABSOLUTE (.))
                0x0081bc94                PROVIDE (___sbss_start, ABSOLUTE (.))
 *(.dynsbss)
 *(.sbss .sbss.* .gnu.linkonce.sb.*)
 .sbss          0x0081bc94        0xc obj/default/audio.o
                0x0081bc94                audio
                0x0081bc98                config
                0x0081bc9c                DEBUG
 .sbss          0x0081bca0       0x18 obj/default/audio.o
                0x0081bca0                laserFileWordLength
                0x0081bca4                laserBufferLength
                0x0081bca8                sdDev
                0x0081bcac                somethingForIrq
                0x0081bcb0                laserCursor
                0x0081bcb4                laserBuffer
 .sbss          0x0081bcb8        0xc f:/windowsstuff/12.0/nios2eds/bin/gnu/h-i686-mingw32/bin/../lib/gcc/nios2-elf/4.1.2/../../../../nios2-elf/lib\libc.a(lib_a-mallocr.o)
                0x0081bcb8                __malloc_top_pad
                0x0081bcbc                __malloc_max_sbrked_mem
                0x0081bcc0                __malloc_max_total_mem
 .sbss          0x0081bcc4        0x4 f:/windowsstuff/12.0/nios2eds/bin/gnu/h-i686-mingw32/bin/../lib/gcc/nios2-elf/4.1.2/../../../../nios2-elf/lib\libc.a(lib_a-int_errno.o)
                0x0081bcc4                errno
 .sbss          0x0081bcc8        0xc f:/windowsstuff/12.0/nios2eds/bin/gnu/h-i686-mingw32/bin/../lib/gcc/nios2-elf/4.1.2/../../../../nios2-elf/lib\libc.a(lib_a-locale.o)
                0x0081bcc8                __nlocale_changed
                0x0081bccc                __mlocale_changed
                0x0081bcd0                _PathLocale
 .sbss          0x0081bcd4        0xc ../LaserSharknado_bsp\libhal_bsp.a(alt_main.o)
                0x0081bcd4                alt_argc
                0x0081bcd8                alt_argv
                0x0081bcdc                alt_envp
 .sbss          0x0081bce0        0x8 ../LaserSharknado_bsp\libhal_bsp.a(alt_tick.o)
                0x0081bce0                _alt_tick_rate
                0x0081bce4                _alt_nticks
 .sbss          0x0081bce8        0x8 ../LaserSharknado_bsp\libhal_bsp.a(altera_avalon_timer_vars.o)
                0x0081bce8                altera_avalon_timer_ts_base
                0x0081bcec                altera_avalon_timer_ts_freq
 .sbss          0x0081bcf0       0x34 ../LaserSharknado_bsp\libhal_bsp.a(altera_up_sd_card_avalon_interface.o)
                0x0081bcf0                initialized
                0x0081bcf4                is_sd_card_formated_as_FAT16
                0x0081bcf8                aux_status_register
                0x0081bcfc                status_register
                0x0081bd00                CSD_register_w0
                0x0081bd04                command_register
                0x0081bd08                command_argument_register
                0x0081bd0c                buffer_memory
                0x0081bd10                fat_partition_offset_in_512_byte_sectors
                0x0081bd14                fat_partition_size_in_512_byte_sectors
                0x0081bd18                device_pointer
                0x0081bd1c                current_sector_modified
                0x0081bd20                current_sector_index
 .sbss          0x0081bd24        0x4 ../LaserSharknado_bsp\libhal_bsp.a(alt_irq_vars.o)
                0x0081bd24                alt_irq_active
 *(.sbss2 .sbss2.* .gnu.linkonce.sb2.*)
 *(.scommon)
                0x0081bd28                PROVIDE (__sbss_end, ABSOLUTE (.))
                0x0081bd28                PROVIDE (___sbss_end, ABSOLUTE (.))
 *(.dynbss)
 *(.bss .bss.* .gnu.linkonce.b.*)
 .bss           0x0081bd28        0x0 ../LaserSharknado_bsp/obj/HAL/src/crt0.o
 .bss           0x0081bd28        0x0 obj/default/audio.o
 .bss           0x0081bd28        0x0 obj/default/audio_up_hack.o
 .bss           0x0081bd28        0x0 obj/default/hello_world.o
 .bss           0x0081bd28        0x0 obj/default/player.o
 .bss           0x0081bd28        0x0 obj/default/sd_card.o
 .bss           0x0081bd28        0x0 obj/default/timer.o
 .bss           0x0081bd28        0x0 obj/default/vga.o
 .bss           0x0081bd28        0x0 f:/windowsstuff/12.0/nios2eds/bin/gnu/h-i686-mingw32/bin/../lib/gcc/nios2-elf/4.1.2/../../../../nios2-elf/lib\libm.a(lib_a-s_sin.o)
 .bss           0x0081bd28        0x0 f:/windowsstuff/12.0/nios2eds/bin/gnu/h-i686-mingw32/bin/../lib/gcc/nios2-elf/4.1.2/../../../../nios2-elf/lib\libm.a(lib_a-e_rem_pio2.o)
 .bss           0x0081bd28        0x0 f:/windowsstuff/12.0/nios2eds/bin/gnu/h-i686-mingw32/bin/../lib/gcc/nios2-elf/4.1.2/../../../../nios2-elf/lib\libm.a(lib_a-k_cos.o)
 .bss           0x0081bd28        0x0 f:/windowsstuff/12.0/nios2eds/bin/gnu/h-i686-mingw32/bin/../lib/gcc/nios2-elf/4.1.2/../../../../nios2-elf/lib\libm.a(lib_a-k_rem_pio2.o)
 .bss           0x0081bd28        0x0 f:/windowsstuff/12.0/nios2eds/bin/gnu/h-i686-mingw32/bin/../lib/gcc/nios2-elf/4.1.2/../../../../nios2-elf/lib\libm.a(lib_a-k_sin.o)
 .bss           0x0081bd28        0x0 f:/windowsstuff/12.0/nios2eds/bin/gnu/h-i686-mingw32/bin/../lib/gcc/nios2-elf/4.1.2/../../../../nios2-elf/lib\libm.a(lib_a-s_fabs.o)
 .bss           0x0081bd28        0x0 f:/windowsstuff/12.0/nios2eds/bin/gnu/h-i686-mingw32/bin/../lib/gcc/nios2-elf/4.1.2/../../../../nios2-elf/lib\libm.a(lib_a-s_floor.o)
 .bss           0x0081bd28        0x0 f:/windowsstuff/12.0/nios2eds/bin/gnu/h-i686-mingw32/bin/../lib/gcc/nios2-elf/4.1.2/../../../../nios2-elf/lib\libm.a(lib_a-s_scalbn.o)
 .bss           0x0081bd28        0x0 f:/windowsstuff/12.0/nios2eds/bin/gnu/h-i686-mingw32/bin/../lib/gcc/nios2-elf/4.1.2/../../../../nios2-elf/lib\libm.a(lib_a-s_copysign.o)
 .bss           0x0081bd28        0x0 f:/windowsstuff/12.0/nios2eds/bin/gnu/h-i686-mingw32/bin/../lib/gcc/nios2-elf/4.1.2\libgcc.a(_fixunsdfsi.o)
 .bss           0x0081bd28        0x0 f:/windowsstuff/12.0/nios2eds/bin/gnu/h-i686-mingw32/bin/../lib/gcc/nios2-elf/4.1.2\libgcc.a(_div_sf.o)
 .bss           0x0081bd28        0x0 f:/windowsstuff/12.0/nios2eds/bin/gnu/h-i686-mingw32/bin/../lib/gcc/nios2-elf/4.1.2\libgcc.a(_si_to_sf.o)
 .bss           0x0081bd28        0x0 f:/windowsstuff/12.0/nios2eds/bin/gnu/h-i686-mingw32/bin/../lib/gcc/nios2-elf/4.1.2\libgcc.a(_sf_to_df.o)
 .bss           0x0081bd28        0x0 f:/windowsstuff/12.0/nios2eds/bin/gnu/h-i686-mingw32/bin/../lib/gcc/nios2-elf/4.1.2\libgcc.a(_thenan_sf.o)
 .bss           0x0081bd28        0x0 f:/windowsstuff/12.0/nios2eds/bin/gnu/h-i686-mingw32/bin/../lib/gcc/nios2-elf/4.1.2\libgcc.a(_addsub_df.o)
 .bss           0x0081bd28        0x0 f:/windowsstuff/12.0/nios2eds/bin/gnu/h-i686-mingw32/bin/../lib/gcc/nios2-elf/4.1.2\libgcc.a(_mul_df.o)
 .bss           0x0081bd28        0x0 f:/windowsstuff/12.0/nios2eds/bin/gnu/h-i686-mingw32/bin/../lib/gcc/nios2-elf/4.1.2\libgcc.a(_div_df.o)
 .bss           0x0081bd28        0x0 f:/windowsstuff/12.0/nios2eds/bin/gnu/h-i686-mingw32/bin/../lib/gcc/nios2-elf/4.1.2\libgcc.a(_eq_df.o)
 .bss           0x0081bd28        0x0 f:/windowsstuff/12.0/nios2eds/bin/gnu/h-i686-mingw32/bin/../lib/gcc/nios2-elf/4.1.2\libgcc.a(_gt_df.o)
 .bss           0x0081bd28        0x0 f:/windowsstuff/12.0/nios2eds/bin/gnu/h-i686-mingw32/bin/../lib/gcc/nios2-elf/4.1.2\libgcc.a(_ge_df.o)
 .bss           0x0081bd28        0x0 f:/windowsstuff/12.0/nios2eds/bin/gnu/h-i686-mingw32/bin/../lib/gcc/nios2-elf/4.1.2\libgcc.a(_si_to_df.o)
 .bss           0x0081bd28        0x0 f:/windowsstuff/12.0/nios2eds/bin/gnu/h-i686-mingw32/bin/../lib/gcc/nios2-elf/4.1.2\libgcc.a(_df_to_si.o)
 .bss           0x0081bd28        0x0 f:/windowsstuff/12.0/nios2eds/bin/gnu/h-i686-mingw32/bin/../lib/gcc/nios2-elf/4.1.2\libgcc.a(_make_df.o)
 .bss           0x0081bd28        0x0 f:/windowsstuff/12.0/nios2eds/bin/gnu/h-i686-mingw32/bin/../lib/gcc/nios2-elf/4.1.2\libgcc.a(_thenan_df.o)
 .bss           0x0081bd28        0x0 f:/windowsstuff/12.0/nios2eds/bin/gnu/h-i686-mingw32/bin/../lib/gcc/nios2-elf/4.1.2\libgcc.a(lib2-divmod.o)
 .bss           0x0081bd28        0x0 f:/windowsstuff/12.0/nios2eds/bin/gnu/h-i686-mingw32/bin/../lib/gcc/nios2-elf/4.1.2\libgcc.a(_muldi3.o)
 .bss           0x0081bd28        0x0 f:/windowsstuff/12.0/nios2eds/bin/gnu/h-i686-mingw32/bin/../lib/gcc/nios2-elf/4.1.2\libgcc.a(_clzsi2.o)
 .bss           0x0081bd28        0x0 f:/windowsstuff/12.0/nios2eds/bin/gnu/h-i686-mingw32/bin/../lib/gcc/nios2-elf/4.1.2\libgcc.a(_pack_sf.o)
 .bss           0x0081bd28        0x0 f:/windowsstuff/12.0/nios2eds/bin/gnu/h-i686-mingw32/bin/../lib/gcc/nios2-elf/4.1.2\libgcc.a(_unpack_sf.o)
 .bss           0x0081bd28        0x0 f:/windowsstuff/12.0/nios2eds/bin/gnu/h-i686-mingw32/bin/../lib/gcc/nios2-elf/4.1.2\libgcc.a(_pack_df.o)
 .bss           0x0081bd28        0x0 f:/windowsstuff/12.0/nios2eds/bin/gnu/h-i686-mingw32/bin/../lib/gcc/nios2-elf/4.1.2\libgcc.a(_unpack_df.o)
 .bss           0x0081bd28        0x0 f:/windowsstuff/12.0/nios2eds/bin/gnu/h-i686-mingw32/bin/../lib/gcc/nios2-elf/4.1.2\libgcc.a(_fpcmp_parts_df.o)
 .bss           0x0081bd28        0x0 f:/windowsstuff/12.0/nios2eds/bin/gnu/h-i686-mingw32/bin/../lib/gcc/nios2-elf/4.1.2\libgcc.a(_clz.o)
 .bss           0x0081bd28        0x0 f:/windowsstuff/12.0/nios2eds/bin/gnu/h-i686-mingw32/bin/../lib/gcc/nios2-elf/4.1.2/../../../../nios2-elf/lib\libc.a(lib_a-malloc.o)
 .bss           0x0081bd28       0x28 f:/windowsstuff/12.0/nios2eds/bin/gnu/h-i686-mingw32/bin/../lib/gcc/nios2-elf/4.1.2/../../../../nios2-elf/lib\libc.a(lib_a-mallocr.o)
                0x0081bd28                __malloc_current_mallinfo
 .bss           0x0081bd50        0x0 f:/windowsstuff/12.0/nios2eds/bin/gnu/h-i686-mingw32/bin/../lib/gcc/nios2-elf/4.1.2/../../../../nios2-elf/lib\libc.a(lib_a-printf.o)
 .bss           0x0081bd50        0x0 f:/windowsstuff/12.0/nios2eds/bin/gnu/h-i686-mingw32/bin/../lib/gcc/nios2-elf/4.1.2/../../../../nios2-elf/lib\libc.a(lib_a-puts.o)
 .bss           0x0081bd50        0x0 f:/windowsstuff/12.0/nios2eds/bin/gnu/h-i686-mingw32/bin/../lib/gcc/nios2-elf/4.1.2/../../../../nios2-elf/lib\libc.a(lib_a-sbrkr.o)
 .bss           0x0081bd50        0x0 f:/windowsstuff/12.0/nios2eds/bin/gnu/h-i686-mingw32/bin/../lib/gcc/nios2-elf/4.1.2/../../../../nios2-elf/lib\libc.a(lib_a-strlen.o)
 .bss           0x0081bd50        0x0 f:/windowsstuff/12.0/nios2eds/bin/gnu/h-i686-mingw32/bin/../lib/gcc/nios2-elf/4.1.2/../../../../nios2-elf/lib\libc.a(lib_a-vfprintf.o)
 .bss           0x0081bd50        0x0 f:/windowsstuff/12.0/nios2eds/bin/gnu/h-i686-mingw32/bin/../lib/gcc/nios2-elf/4.1.2/../../../../nios2-elf/lib\libc.a(lib_a-wsetup.o)
 .bss           0x0081bd50        0x0 f:/windowsstuff/12.0/nios2eds/bin/gnu/h-i686-mingw32/bin/../lib/gcc/nios2-elf/4.1.2/../../../../nios2-elf/lib\libc.a(lib_a-dtoa.o)
 .bss           0x0081bd50        0x0 f:/windowsstuff/12.0/nios2eds/bin/gnu/h-i686-mingw32/bin/../lib/gcc/nios2-elf/4.1.2/../../../../nios2-elf/lib\libc.a(lib_a-fflush.o)
 .bss           0x0081bd50        0x0 f:/windowsstuff/12.0/nios2eds/bin/gnu/h-i686-mingw32/bin/../lib/gcc/nios2-elf/4.1.2/../../../../nios2-elf/lib\libc.a(lib_a-findfp.o)
 .bss           0x0081bd50        0x0 f:/windowsstuff/12.0/nios2eds/bin/gnu/h-i686-mingw32/bin/../lib/gcc/nios2-elf/4.1.2/../../../../nios2-elf/lib\libc.a(lib_a-freer.o)
 .bss           0x0081bd50        0x0 f:/windowsstuff/12.0/nios2eds/bin/gnu/h-i686-mingw32/bin/../lib/gcc/nios2-elf/4.1.2/../../../../nios2-elf/lib\libc.a(lib_a-fvwrite.o)
 .bss           0x0081bd50        0x0 f:/windowsstuff/12.0/nios2eds/bin/gnu/h-i686-mingw32/bin/../lib/gcc/nios2-elf/4.1.2/../../../../nios2-elf/lib\libc.a(lib_a-fwalk.o)
 .bss           0x0081bd50        0x0 f:/windowsstuff/12.0/nios2eds/bin/gnu/h-i686-mingw32/bin/../lib/gcc/nios2-elf/4.1.2/../../../../nios2-elf/lib\libc.a(lib_a-impure.o)
 .bss           0x0081bd50        0x0 f:/windowsstuff/12.0/nios2eds/bin/gnu/h-i686-mingw32/bin/../lib/gcc/nios2-elf/4.1.2/../../../../nios2-elf/lib\libc.a(lib_a-int_errno.o)
 .bss           0x0081bd50        0x0 f:/windowsstuff/12.0/nios2eds/bin/gnu/h-i686-mingw32/bin/../lib/gcc/nios2-elf/4.1.2/../../../../nios2-elf/lib\libc.a(lib_a-locale.o)
 .bss           0x0081bd50        0x0 f:/windowsstuff/12.0/nios2eds/bin/gnu/h-i686-mingw32/bin/../lib/gcc/nios2-elf/4.1.2/../../../../nios2-elf/lib\libc.a(lib_a-makebuf.o)
 .bss           0x0081bd50        0x0 f:/windowsstuff/12.0/nios2eds/bin/gnu/h-i686-mingw32/bin/../lib/gcc/nios2-elf/4.1.2/../../../../nios2-elf/lib\libc.a(lib_a-memchr.o)
 .bss           0x0081bd50        0x0 f:/windowsstuff/12.0/nios2eds/bin/gnu/h-i686-mingw32/bin/../lib/gcc/nios2-elf/4.1.2/../../../../nios2-elf/lib\libc.a(lib_a-memcpy.o)
 .bss           0x0081bd50        0x0 f:/windowsstuff/12.0/nios2eds/bin/gnu/h-i686-mingw32/bin/../lib/gcc/nios2-elf/4.1.2/../../../../nios2-elf/lib\libc.a(lib_a-memmove.o)
 .bss           0x0081bd50        0x0 f:/windowsstuff/12.0/nios2eds/bin/gnu/h-i686-mingw32/bin/../lib/gcc/nios2-elf/4.1.2/../../../../nios2-elf/lib\libc.a(lib_a-memset.o)
 .bss           0x0081bd50        0x0 f:/windowsstuff/12.0/nios2eds/bin/gnu/h-i686-mingw32/bin/../lib/gcc/nios2-elf/4.1.2/../../../../nios2-elf/lib\libc.a(lib_a-mprec.o)
 .bss           0x0081bd50        0x0 f:/windowsstuff/12.0/nios2eds/bin/gnu/h-i686-mingw32/bin/../lib/gcc/nios2-elf/4.1.2/../../../../nios2-elf/lib\libc.a(lib_a-reallocr.o)
 .bss           0x0081bd50        0x0 f:/windowsstuff/12.0/nios2eds/bin/gnu/h-i686-mingw32/bin/../lib/gcc/nios2-elf/4.1.2/../../../../nios2-elf/lib\libc.a(lib_a-s_isinfd.o)
 .bss           0x0081bd50        0x0 f:/windowsstuff/12.0/nios2eds/bin/gnu/h-i686-mingw32/bin/../lib/gcc/nios2-elf/4.1.2/../../../../nios2-elf/lib\libc.a(lib_a-s_isnand.o)
 .bss           0x0081bd50        0x0 f:/windowsstuff/12.0/nios2eds/bin/gnu/h-i686-mingw32/bin/../lib/gcc/nios2-elf/4.1.2/../../../../nios2-elf/lib\libc.a(lib_a-stdio.o)
 .bss           0x0081bd50        0x0 f:/windowsstuff/12.0/nios2eds/bin/gnu/h-i686-mingw32/bin/../lib/gcc/nios2-elf/4.1.2/../../../../nios2-elf/lib\libc.a(lib_a-strcmp.o)
 .bss           0x0081bd50        0x0 f:/windowsstuff/12.0/nios2eds/bin/gnu/h-i686-mingw32/bin/../lib/gcc/nios2-elf/4.1.2/../../../../nios2-elf/lib\libc.a(lib_a-writer.o)
 .bss           0x0081bd50        0x0 f:/windowsstuff/12.0/nios2eds/bin/gnu/h-i686-mingw32/bin/../lib/gcc/nios2-elf/4.1.2/../../../../nios2-elf/lib\libc.a(lib_a-callocr.o)
 .bss           0x0081bd50        0x0 f:/windowsstuff/12.0/nios2eds/bin/gnu/h-i686-mingw32/bin/../lib/gcc/nios2-elf/4.1.2/../../../../nios2-elf/lib\libc.a(lib_a-closer.o)
 .bss           0x0081bd50        0x0 f:/windowsstuff/12.0/nios2eds/bin/gnu/h-i686-mingw32/bin/../lib/gcc/nios2-elf/4.1.2/../../../../nios2-elf/lib\libc.a(lib_a-fclose.o)
 .bss           0x0081bd50        0x0 f:/windowsstuff/12.0/nios2eds/bin/gnu/h-i686-mingw32/bin/../lib/gcc/nios2-elf/4.1.2/../../../../nios2-elf/lib\libc.a(lib_a-fstatr.o)
 .bss           0x0081bd50        0x0 f:/windowsstuff/12.0/nios2eds/bin/gnu/h-i686-mingw32/bin/../lib/gcc/nios2-elf/4.1.2/../../../../nios2-elf/lib\libc.a(lib_a-isattyr.o)
 .bss           0x0081bd50        0x0 f:/windowsstuff/12.0/nios2eds/bin/gnu/h-i686-mingw32/bin/../lib/gcc/nios2-elf/4.1.2/../../../../nios2-elf/lib\libc.a(lib_a-lseekr.o)
 .bss           0x0081bd50        0x0 f:/windowsstuff/12.0/nios2eds/bin/gnu/h-i686-mingw32/bin/../lib/gcc/nios2-elf/4.1.2/../../../../nios2-elf/lib\libc.a(lib_a-readr.o)
 .bss           0x0081bd50        0x0 f:/windowsstuff/12.0/nios2eds/bin/gnu/h-i686-mingw32/bin/../lib/gcc/nios2-elf/4.1.2\libgcc.a(_udivdi3.o)
 .bss           0x0081bd50        0x0 f:/windowsstuff/12.0/nios2eds/bin/gnu/h-i686-mingw32/bin/../lib/gcc/nios2-elf/4.1.2\libgcc.a(_umoddi3.o)
 .bss           0x0081bd50        0x0 f:/windowsstuff/12.0/nios2eds/bin/gnu/h-i686-mingw32/bin/../lib/gcc/nios2-elf/4.1.2\libgcc.a(_ne_df.o)
 .bss           0x0081bd50        0x0 f:/windowsstuff/12.0/nios2eds/bin/gnu/h-i686-mingw32/bin/../lib/gcc/nios2-elf/4.1.2\libgcc.a(_lt_df.o)
 .bss           0x0081bd50        0x0 f:/windowsstuff/12.0/nios2eds/bin/gnu/h-i686-mingw32/bin/../lib/gcc/nios2-elf/4.1.2\libgcc.a(_usi_to_df.o)
 .bss           0x0081bd50        0x0 ../LaserSharknado_bsp\libhal_bsp.a(alt_close.o)
 .bss           0x0081bd50        0x0 ../LaserSharknado_bsp\libhal_bsp.a(alt_dev.o)
 .bss           0x0081bd50        0x0 ../LaserSharknado_bsp\libhal_bsp.a(alt_errno.o)
 .bss           0x0081bd50        0x0 ../LaserSharknado_bsp\libhal_bsp.a(alt_fstat.o)
 .bss           0x0081bd50        0x0 ../LaserSharknado_bsp\libhal_bsp.a(alt_isatty.o)
 .bss           0x0081bd50        0x0 ../LaserSharknado_bsp\libhal_bsp.a(alt_load.o)
 .bss           0x0081bd50        0x0 ../LaserSharknado_bsp\libhal_bsp.a(alt_lseek.o)
 .bss           0x0081bd50        0x0 ../LaserSharknado_bsp\libhal_bsp.a(alt_main.o)
 .bss           0x0081bd50        0x0 ../LaserSharknado_bsp\libhal_bsp.a(alt_malloc_lock.o)
 .bss           0x0081bd50        0x0 ../LaserSharknado_bsp\libhal_bsp.a(alt_read.o)
 .bss           0x0081bd50        0x0 ../LaserSharknado_bsp\libhal_bsp.a(alt_release_fd.o)
 .bss           0x0081bd50        0x0 ../LaserSharknado_bsp\libhal_bsp.a(alt_sbrk.o)
 .bss           0x0081bd50        0x0 ../LaserSharknado_bsp\libhal_bsp.a(alt_tick.o)
 .bss           0x0081bd50        0x0 ../LaserSharknado_bsp\libhal_bsp.a(alt_usleep.o)
 .bss           0x0081bd50        0x0 ../LaserSharknado_bsp\libhal_bsp.a(alt_write.o)
 .bss           0x0081bd50        0x0 ../LaserSharknado_bsp\libhal_bsp.a(alt_sys_init.o)
 .bss           0x0081bd50        0x0 ../LaserSharknado_bsp\libhal_bsp.a(altera_avalon_jtag_uart_fd.o)
 .bss           0x0081bd50        0x0 ../LaserSharknado_bsp\libhal_bsp.a(altera_avalon_jtag_uart_init.o)
 .bss           0x0081bd50        0x0 ../LaserSharknado_bsp\libhal_bsp.a(altera_avalon_jtag_uart_ioctl.o)
 .bss           0x0081bd50        0x0 ../LaserSharknado_bsp\libhal_bsp.a(altera_avalon_jtag_uart_read.o)
 .bss           0x0081bd50        0x0 ../LaserSharknado_bsp\libhal_bsp.a(altera_avalon_jtag_uart_write.o)
 .bss           0x0081bd50        0x0 ../LaserSharknado_bsp\libhal_bsp.a(altera_avalon_timer_sc.o)
 .bss           0x0081bd50        0x0 ../LaserSharknado_bsp\libhal_bsp.a(altera_avalon_timer_ts.o)
 .bss           0x0081bd50        0x0 ../LaserSharknado_bsp\libhal_bsp.a(altera_avalon_timer_vars.o)
 .bss           0x0081bd50        0x0 ../LaserSharknado_bsp\libhal_bsp.a(altera_up_avalon_audio.o)
 .bss           0x0081bd50        0x0 ../LaserSharknado_bsp\libhal_bsp.a(altera_up_avalon_audio_and_video_config.o)
 .bss           0x0081bd50        0x0 ../LaserSharknado_bsp\libhal_bsp.a(altera_up_avalon_character_lcd.o)
 .bss           0x0081bd50        0x0 ../LaserSharknado_bsp\libhal_bsp.a(altera_up_avalon_video_character_buffer_with_dma.o)
 .bss           0x0081bd50        0x0 ../LaserSharknado_bsp\libhal_bsp.a(altera_up_avalon_video_pixel_buffer_dma.o)
 .bss           0x0081bd50        0x0 ../LaserSharknado_bsp\libhal_bsp.a(altera_up_sd_card_avalon_interface.o)
 .bss           0x0081bd50        0x0 ../LaserSharknado_bsp\libhal_bsp.a(alt_alarm_start.o)
 .bss           0x0081bd50        0x0 ../LaserSharknado_bsp\libhal_bsp.a(alt_busy_sleep.o)
 .bss           0x0081bd50        0x0 ../LaserSharknado_bsp\libhal_bsp.a(alt_dcache_flush_all.o)
 .bss           0x0081bd50        0x0 ../LaserSharknado_bsp\libhal_bsp.a(alt_dev_llist_insert.o)
 .bss           0x0081bd50        0x0 ../LaserSharknado_bsp\libhal_bsp.a(alt_do_ctors.o)
 .bss           0x0081bd50        0x0 ../LaserSharknado_bsp\libhal_bsp.a(alt_do_dtors.o)
 .bss           0x0081bd50        0x0 ../LaserSharknado_bsp\libhal_bsp.a(alt_find_dev.o)
 .bss           0x0081bd50        0x0 ../LaserSharknado_bsp\libhal_bsp.a(alt_icache_flush_all.o)
 .bss           0x0081bd50        0x0 ../LaserSharknado_bsp\libhal_bsp.a(alt_io_redirect.o)
 .bss           0x0081bd50        0x0 ../LaserSharknado_bsp\libhal_bsp.a(alt_irq_register.o)
 .bss           0x0081bd50        0x0 ../LaserSharknado_bsp\libhal_bsp.a(alt_irq_vars.o)
 .bss           0x0081bd50        0x0 ../LaserSharknado_bsp\libhal_bsp.a(alt_open.o)
 .bss           0x0081bd50        0x0 ../LaserSharknado_bsp\libhal_bsp.a(altera_nios2_qsys_irq.o)
 .bss           0x0081bd50        0x0 ../LaserSharknado_bsp\libhal_bsp.a(alt_find_file.o)
 .bss           0x0081bd50        0x0 ../LaserSharknado_bsp\libhal_bsp.a(alt_get_fd.o)
 .bss           0x0081bd50        0x0 ../LaserSharknado_bsp\libhal_bsp.a(alt_icache_flush.o)
 .bss           0x0081bd50        0x0 ../LaserSharknado_bsp\libhal_bsp.a(alt_irq_entry.o)
 .bss           0x0081bd50        0x0 ../LaserSharknado_bsp\libhal_bsp.a(alt_irq_handler.o)
 .bss           0x0081bd50        0x0 ../LaserSharknado_bsp\libhal_bsp.a(alt_exception_entry.o)
 .bss           0x0081bd50        0x0 f:/windowsstuff/12.0/nios2eds/bin/gnu/h-i686-mingw32/bin/../lib/gcc/nios2-elf/4.1.2/../../../../nios2-elf/lib\libc.a(lib_a-atexit.o)
 .bss           0x0081bd50        0x0 f:/windowsstuff/12.0/nios2eds/bin/gnu/h-i686-mingw32/bin/../lib/gcc/nios2-elf/4.1.2/../../../../nios2-elf/lib\libc.a(lib_a-exit.o)
 .bss           0x0081bd50        0x0 f:/windowsstuff/12.0/nios2eds/bin/gnu/h-i686-mingw32/bin/../lib/gcc/nios2-elf/4.1.2/../../../../nios2-elf/lib\libc.a(lib_a-memcmp.o)
 .bss           0x0081bd50        0x0 f:/windowsstuff/12.0/nios2eds/bin/gnu/h-i686-mingw32/bin/../lib/gcc/nios2-elf/4.1.2/../../../../nios2-elf/lib\libc.a(lib_a-__atexit.o)
 .bss           0x0081bd50        0x0 f:/windowsstuff/12.0/nios2eds/bin/gnu/h-i686-mingw32/bin/../lib/gcc/nios2-elf/4.1.2/../../../../nios2-elf/lib\libc.a(lib_a-__call_atexit.o)
 .bss           0x0081bd50        0x0 ../LaserSharknado_bsp\libhal_bsp.a(alt_exit.o)
 *(COMMON)
 COMMON         0x0081bd50      0x1e8 obj/default/audio.o
                0x0081bd50                tone
 COMMON         0x0081bf38      0x568 ../LaserSharknado_bsp\libhal_bsp.a(altera_up_sd_card_avalon_interface.o)
                0x0081bf38                search_data
                0x0081bf4c                boot_sector_data
                0x0081bfa0                active_files
 COMMON         0x0081c4a0      0x100 ../LaserSharknado_bsp\libhal_bsp.a(alt_irq_handler.o)
                0x0081c4a0                alt_irq
 COMMON         0x0081c5a0      0x190 f:/windowsstuff/12.0/nios2eds/bin/gnu/h-i686-mingw32/bin/../lib/gcc/nios2-elf/4.1.2/../../../../nios2-elf/lib\libc.a(lib_a-atexit.o)
                0x0081c5a0                _atexit0
                0x0081c730                . = ALIGN (0x4)
                0x0081c730                __bss_end = ABSOLUTE (.)

.sdram_0        0x0081c730        0x0
                0x0081c730                PROVIDE (_alt_partition_sdram_0_start, ABSOLUTE (.))
 *(.sdram_0. sdram_0.*)
                0x0081c730                . = ALIGN (0x4)
                0x0081c730                PROVIDE (_alt_partition_sdram_0_end, ABSOLUTE (.))
                0x0081c730                _end = ABSOLUTE (.)
                0x0081c730                end = ABSOLUTE (.)
                0x0081c730                __alt_stack_base = ABSOLUTE (.)
                0x0081c730                PROVIDE (_alt_partition_sdram_0_load_addr, LOADADDR (.sdram_0))

.stab
 *(.stab)

.stabstr
 *(.stabstr)

.stab.excl
 *(.stab.excl)

.stab.exclstr
 *(.stab.exclstr)

.stab.index
 *(.stab.index)

.stab.indexstr
 *(.stab.indexstr)

.comment        0x00000000       0x26
 *(.comment)
 .comment       0x00000000       0x26 obj/default/audio.o
                                 0x27 (size before relaxing)
 .comment       0x00000000       0x27 obj/default/audio_up_hack.o
 .comment       0x00000000       0x27 obj/default/hello_world.o
 .comment       0x00000000       0x27 obj/default/player.o
 .comment       0x00000000       0x27 obj/default/sd_card.o
 .comment       0x00000000       0x27 obj/default/timer.o
 .comment       0x00000000       0x27 obj/default/vga.o
 .comment       0x00000000       0x27 f:/windowsstuff/12.0/nios2eds/bin/gnu/h-i686-mingw32/bin/../lib/gcc/nios2-elf/4.1.2/../../../../nios2-elf/lib\libm.a(lib_a-s_sin.o)
 .comment       0x00000000       0x27 f:/windowsstuff/12.0/nios2eds/bin/gnu/h-i686-mingw32/bin/../lib/gcc/nios2-elf/4.1.2/../../../../nios2-elf/lib\libm.a(lib_a-e_rem_pio2.o)
 .comment       0x00000000       0x27 f:/windowsstuff/12.0/nios2eds/bin/gnu/h-i686-mingw32/bin/../lib/gcc/nios2-elf/4.1.2/../../../../nios2-elf/lib\libm.a(lib_a-k_cos.o)
 .comment       0x00000000       0x27 f:/windowsstuff/12.0/nios2eds/bin/gnu/h-i686-mingw32/bin/../lib/gcc/nios2-elf/4.1.2/../../../../nios2-elf/lib\libm.a(lib_a-k_rem_pio2.o)
 .comment       0x00000000       0x27 f:/windowsstuff/12.0/nios2eds/bin/gnu/h-i686-mingw32/bin/../lib/gcc/nios2-elf/4.1.2/../../../../nios2-elf/lib\libm.a(lib_a-k_sin.o)
 .comment       0x00000000       0x27 f:/windowsstuff/12.0/nios2eds/bin/gnu/h-i686-mingw32/bin/../lib/gcc/nios2-elf/4.1.2/../../../../nios2-elf/lib\libm.a(lib_a-s_fabs.o)
 .comment       0x00000000       0x27 f:/windowsstuff/12.0/nios2eds/bin/gnu/h-i686-mingw32/bin/../lib/gcc/nios2-elf/4.1.2/../../../../nios2-elf/lib\libm.a(lib_a-s_floor.o)
 .comment       0x00000000       0x27 f:/windowsstuff/12.0/nios2eds/bin/gnu/h-i686-mingw32/bin/../lib/gcc/nios2-elf/4.1.2/../../../../nios2-elf/lib\libm.a(lib_a-s_scalbn.o)
 .comment       0x00000000       0x27 f:/windowsstuff/12.0/nios2eds/bin/gnu/h-i686-mingw32/bin/../lib/gcc/nios2-elf/4.1.2/../../../../nios2-elf/lib\libm.a(lib_a-s_copysign.o)
 .comment       0x00000000       0x27 f:/windowsstuff/12.0/nios2eds/bin/gnu/h-i686-mingw32/bin/../lib/gcc/nios2-elf/4.1.2\libgcc.a(_fixunsdfsi.o)
 .comment       0x00000000       0x27 f:/windowsstuff/12.0/nios2eds/bin/gnu/h-i686-mingw32/bin/../lib/gcc/nios2-elf/4.1.2\libgcc.a(_div_sf.o)
 .comment       0x00000000       0x27 f:/windowsstuff/12.0/nios2eds/bin/gnu/h-i686-mingw32/bin/../lib/gcc/nios2-elf/4.1.2\libgcc.a(_si_to_sf.o)
 .comment       0x00000000       0x27 f:/windowsstuff/12.0/nios2eds/bin/gnu/h-i686-mingw32/bin/../lib/gcc/nios2-elf/4.1.2\libgcc.a(_sf_to_df.o)
 .comment       0x00000000       0x27 f:/windowsstuff/12.0/nios2eds/bin/gnu/h-i686-mingw32/bin/../lib/gcc/nios2-elf/4.1.2\libgcc.a(_thenan_sf.o)
 .comment       0x00000000       0x27 f:/windowsstuff/12.0/nios2eds/bin/gnu/h-i686-mingw32/bin/../lib/gcc/nios2-elf/4.1.2\libgcc.a(_addsub_df.o)
 .comment       0x00000000       0x27 f:/windowsstuff/12.0/nios2eds/bin/gnu/h-i686-mingw32/bin/../lib/gcc/nios2-elf/4.1.2\libgcc.a(_mul_df.o)
 .comment       0x00000000       0x27 f:/windowsstuff/12.0/nios2eds/bin/gnu/h-i686-mingw32/bin/../lib/gcc/nios2-elf/4.1.2\libgcc.a(_div_df.o)
 .comment       0x00000000       0x27 f:/windowsstuff/12.0/nios2eds/bin/gnu/h-i686-mingw32/bin/../lib/gcc/nios2-elf/4.1.2\libgcc.a(_eq_df.o)