Archive member included because of file (symbol)

c:/altera/12.0sp2/nios2eds/bin/gnu/h-i686-mingw32/bin/../lib/gcc/nios2-elf/4.1.2/../../../../nios2-elf/lib\libm.a(lib_a-w_pow.o)
                              obj/default/score.o (pow)
c:/altera/12.0sp2/nios2eds/bin/gnu/h-i686-mingw32/bin/../lib/gcc/nios2-elf/4.1.2/../../../../nios2-elf/lib\libm.a(lib_a-e_pow.o)
                              c:/altera/12.0sp2/nios2eds/bin/gnu/h-i686-mingw32/bin/../lib/gcc/nios2-elf/4.1.2/../../../../nios2-elf/lib\libm.a(lib_a-w_pow.o) (__ieee754_pow)
c:/altera/12.0sp2/nios2eds/bin/gnu/h-i686-mingw32/bin/../lib/gcc/nios2-elf/4.1.2/../../../../nios2-elf/lib\libm.a(lib_a-e_sqrt.o)
                              c:/altera/12.0sp2/nios2eds/bin/gnu/h-i686-mingw32/bin/../lib/gcc/nios2-elf/4.1.2/../../../../nios2-elf/lib\libm.a(lib_a-e_pow.o) (__ieee754_sqrt)
c:/altera/12.0sp2/nios2eds/bin/gnu/h-i686-mingw32/bin/../lib/gcc/nios2-elf/4.1.2/../../../../nios2-elf/lib\libm.a(lib_a-s_fabs.o)
                              c:/altera/12.0sp2/nios2eds/bin/gnu/h-i686-mingw32/bin/../lib/gcc/nios2-elf/4.1.2/../../../../nios2-elf/lib\libm.a(lib_a-e_pow.o) (fabs)
c:/altera/12.0sp2/nios2eds/bin/gnu/h-i686-mingw32/bin/../lib/gcc/nios2-elf/4.1.2/../../../../nios2-elf/lib\libm.a(lib_a-s_finite.o)
                              c:/altera/12.0sp2/nios2eds/bin/gnu/h-i686-mingw32/bin/../lib/gcc/nios2-elf/4.1.2/../../../../nios2-elf/lib\libm.a(lib_a-w_pow.o) (finite)
c:/altera/12.0sp2/nios2eds/bin/gnu/h-i686-mingw32/bin/../lib/gcc/nios2-elf/4.1.2/../../../../nios2-elf/lib\libm.a(lib_a-s_isnand.o)
                              c:/altera/12.0sp2/nios2eds/bin/gnu/h-i686-mingw32/bin/../lib/gcc/nios2-elf/4.1.2/../../../../nios2-elf/lib\libm.a(lib_a-w_pow.o) (__isnand)
c:/altera/12.0sp2/nios2eds/bin/gnu/h-i686-mingw32/bin/../lib/gcc/nios2-elf/4.1.2/../../../../nios2-elf/lib\libm.a(lib_a-s_lib_ver.o)
                              c:/altera/12.0sp2/nios2eds/bin/gnu/h-i686-mingw32/bin/../lib/gcc/nios2-elf/4.1.2/../../../../nios2-elf/lib\libm.a(lib_a-w_pow.o) (__fdlib_version)
c:/altera/12.0sp2/nios2eds/bin/gnu/h-i686-mingw32/bin/../lib/gcc/nios2-elf/4.1.2/../../../../nios2-elf/lib\libm.a(lib_a-s_matherr.o)
                              c:/altera/12.0sp2/nios2eds/bin/gnu/h-i686-mingw32/bin/../lib/gcc/nios2-elf/4.1.2/../../../../nios2-elf/lib\libm.a(lib_a-w_pow.o) (matherr)
c:/altera/12.0sp2/nios2eds/bin/gnu/h-i686-mingw32/bin/../lib/gcc/nios2-elf/4.1.2/../../../../nios2-elf/lib\libm.a(lib_a-s_nan.o)
                              c:/altera/12.0sp2/nios2eds/bin/gnu/h-i686-mingw32/bin/../lib/gcc/nios2-elf/4.1.2/../../../../nios2-elf/lib\libm.a(lib_a-e_pow.o) (nan)
c:/altera/12.0sp2/nios2eds/bin/gnu/h-i686-mingw32/bin/../lib/gcc/nios2-elf/4.1.2/../../../../nios2-elf/lib\libm.a(lib_a-s_rint.o)
                              c:/altera/12.0sp2/nios2eds/bin/gnu/h-i686-mingw32/bin/../lib/gcc/nios2-elf/4.1.2/../../../../nios2-elf/lib\libm.a(lib_a-w_pow.o) (rint)
c:/altera/12.0sp2/nios2eds/bin/gnu/h-i686-mingw32/bin/../lib/gcc/nios2-elf/4.1.2/../../../../nios2-elf/lib\libm.a(lib_a-s_scalbn.o)
                              c:/altera/12.0sp2/nios2eds/bin/gnu/h-i686-mingw32/bin/../lib/gcc/nios2-elf/4.1.2/../../../../nios2-elf/lib\libm.a(lib_a-e_pow.o) (scalbn)
c:/altera/12.0sp2/nios2eds/bin/gnu/h-i686-mingw32/bin/../lib/gcc/nios2-elf/4.1.2/../../../../nios2-elf/lib\libm.a(lib_a-s_copysign.o)
                              c:/altera/12.0sp2/nios2eds/bin/gnu/h-i686-mingw32/bin/../lib/gcc/nios2-elf/4.1.2/../../../../nios2-elf/lib\libm.a(lib_a-s_scalbn.o) (copysign)
c:/altera/12.0sp2/nios2eds/bin/gnu/h-i686-mingw32/bin/../lib/gcc/nios2-elf/4.1.2\libgcc.a(_div_sf.o)
                              obj/default/timer.o (__divsf3)
c:/altera/12.0sp2/nios2eds/bin/gnu/h-i686-mingw32/bin/../lib/gcc/nios2-elf/4.1.2\libgcc.a(_si_to_sf.o)
                              obj/default/timer.o (__floatsisf)
c:/altera/12.0sp2/nios2eds/bin/gnu/h-i686-mingw32/bin/../lib/gcc/nios2-elf/4.1.2\libgcc.a(_sf_to_df.o)
                              obj/default/timer.o (__extendsfdf2)
c:/altera/12.0sp2/nios2eds/bin/gnu/h-i686-mingw32/bin/../lib/gcc/nios2-elf/4.1.2\libgcc.a(_thenan_sf.o)
                              c:/altera/12.0sp2/nios2eds/bin/gnu/h-i686-mingw32/bin/../lib/gcc/nios2-elf/4.1.2\libgcc.a(_div_sf.o) (__thenan_sf)
c:/altera/12.0sp2/nios2eds/bin/gnu/h-i686-mingw32/bin/../lib/gcc/nios2-elf/4.1.2\libgcc.a(_addsub_df.o)
                              c:/altera/12.0sp2/nios2eds/bin/gnu/h-i686-mingw32/bin/../lib/gcc/nios2-elf/4.1.2/../../../../nios2-elf/lib\libm.a(lib_a-e_pow.o) (__subdf3)
c:/altera/12.0sp2/nios2eds/bin/gnu/h-i686-mingw32/bin/../lib/gcc/nios2-elf/4.1.2\libgcc.a(_mul_df.o)
                              obj/default/score.o (__muldf3)
c:/altera/12.0sp2/nios2eds/bin/gnu/h-i686-mingw32/bin/../lib/gcc/nios2-elf/4.1.2\libgcc.a(_div_df.o)
                              obj/default/score.o (__divdf3)
c:/altera/12.0sp2/nios2eds/bin/gnu/h-i686-mingw32/bin/../lib/gcc/nios2-elf/4.1.2\libgcc.a(_eq_df.o)
[...]
Memory Configuration

Name             Origin             Length             Attributes
reset            0x00800000         0x00000020
sdram_0          0x00800020         0x007fffe0
*default*        0x00000000         0xffffffff

Linker script and memory map

LOAD C:/Users/SarahLynn/Documents/School/School3/EECE381/LSN/LSN_bsp//obj/HAL/src/crt0.o
LOAD obj/default/audio.o
LOAD obj/default/bmp.o
LOAD obj/default/bullet.o
LOAD obj/default/collision.o
LOAD obj/default/displacement.o
LOAD obj/default/input.o
LOAD obj/default/lcd.o
LOAD obj/default/main.o
LOAD obj/default/player.o
LOAD obj/default/score.o
LOAD obj/default/sd_card.o
LOAD obj/default/shark.o
LOAD obj/default/splash.o
LOAD obj/default/timer.o
LOAD obj/default/vga.o
LOAD c:/altera/12.0sp2/nios2eds/bin/gnu/h-i686-mingw32/bin/../lib/gcc/nios2-elf/4.1.2/../../../../nios2-elf/lib\libstdc++.a
LOAD c:/altera/12.0sp2/nios2eds/bin/gnu/h-i686-mingw32/bin/../lib/gcc/nios2-elf/4.1.2/../../../../nios2-elf/lib\libm.a
LOAD c:/altera/12.0sp2/nios2eds/bin/gnu/h-i686-mingw32/bin/../lib/gcc/nios2-elf/4.1.2\libgcc.a
START GROUP
LOAD c:/altera/12.0sp2/nios2eds/bin/gnu/h-i686-mingw32/bin/../lib/gcc/nios2-elf/4.1.2/../../../../nios2-elf/lib\libc.a
LOAD c:/altera/12.0sp2/nios2eds/bin/gnu/h-i686-mingw32/bin/../lib/gcc/nios2-elf/4.1.2\libgcc.a
LOAD C:/Users/SarahLynn/Documents/School/School3/EECE381/LSN/LSN_bsp/\libhal_bsp.a
END GROUP
LOAD c:/altera/12.0sp2/nios2eds/bin/gnu/h-i686-mingw32/bin/../lib/gcc/nios2-elf/4.1.2\libgcc.a
                0x00800000                __alt_mem_sdram_0 = 0x800000

.entry          0x00800000       0x20
 *(.entry)
 .entry         0x00800000       0x20 C:/Users/SarahLynn/Documents/School/School3/EECE381/LSN/LSN_bsp//obj/HAL/src/crt0.o
                0x00800000                __reset

.exceptions     0x00800020      0x198
                0x00800020                PROVIDE (__ram_exceptions_start, ABSOLUTE (.))
                0x00800020                . = ALIGN (0x20)
 *(.irq)
 *(.exceptions.entry.label)
 .exceptions.entry.label
                0x00800020        0x0 C:/Users/SarahLynn/Documents/School/School3/EECE381/LSN/LSN_bsp/\libhal_bsp.a(alt_irq_entry.o)
                0x00800020                alt_irq_entry
 .exceptions.entry.label
                0x00800020        0x0 C:/Users/SarahLynn/Documents/School/School3/EECE381/LSN/LSN_bsp/\libhal_bsp.a(alt_exception_entry.o)
                0x00800020                alt_exception
 *(.exceptions.entry.user)
 *(.exceptions.entry)
 .exceptions.entry
                0x00800020       0x54 C:/Users/SarahLynn/Documents/School/School3/EECE381/LSN/LSN_bsp/\libhal_bsp.a(alt_exception_entry.o)
 *(.exceptions.irqtest.user)
 *(.exceptions.irqtest)
 .exceptions.irqtest
                0x00800074       0x10 C:/Users/SarahLynn/Documents/School/School3/EECE381/LSN/LSN_bsp/\libhal_bsp.a(alt_irq_entry.o)
 *(.exceptions.irqhandler.user)
 *(.exceptions.irqhandler)
 .exceptions.irqhandler
                0x00800084        0x4 C:/Users/SarahLynn/Documents/School/School3/EECE381/LSN/LSN_bsp/\libhal_bsp.a(alt_irq_entry.o)
 *(.exceptions.irqreturn.user)
 *(.exceptions.irqreturn)
 .exceptions.irqreturn
                0x00800088        0x4 C:/Users/SarahLynn/Documents/School/School3/EECE381/LSN/LSN_bsp/\libhal_bsp.a(alt_irq_entry.o)
 *(.exceptions.notirq.label)
 .exceptions.notirq.label
                0x0080008c        0x0 C:/Users/SarahLynn/Documents/School/School3/EECE381/LSN/LSN_bsp/\libhal_bsp.a(alt_irq_entry.o)
 *(.exceptions.notirq.user)
 *(.exceptions.notirq)
 .exceptions.notirq
                0x0080008c        0x8 C:/Users/SarahLynn/Documents/School/School3/EECE381/LSN/LSN_bsp/\libhal_bsp.a(alt_exception_entry.o)
 *(.exceptions.soft.user)
 *(.exceptions.soft)
 *(.exceptions.unknown.user)
 *(.exceptions.unknown)
 .exceptions.unknown
                0x00800094        0x4 C:/Users/SarahLynn/Documents/School/School3/EECE381/LSN/LSN_bsp/\libhal_bsp.a(alt_exception_entry.o)
 *(.exceptions.exit.label)
 .exceptions.exit.label
                0x00800098        0x0 C:/Users/SarahLynn/Documents/School/School3/EECE381/LSN/LSN_bsp/\libhal_bsp.a(alt_irq_entry.o)
 .exceptions.exit.label
                0x00800098        0x0 C:/Users/SarahLynn/Documents/School/School3/EECE381/LSN/LSN_bsp/\libhal_bsp.a(alt_exception_entry.o)
 *(.exceptions.exit.user)
 *(.exceptions.exit)
 .exceptions.exit
                0x00800098       0x54 C:/Users/SarahLynn/Documents/School/School3/EECE381/LSN/LSN_bsp/\libhal_bsp.a(alt_exception_entry.o)
 *(.exceptions)
 .exceptions    0x008000ec       0xcc C:/Users/SarahLynn/Documents/School/School3/EECE381/LSN/LSN_bsp/\libhal_bsp.a(alt_irq_handler.o)
                0x008000ec                alt_irq_handler
                0x008001b8                PROVIDE (__ram_exceptions_end, ABSOLUTE (.))
                0x00800020                PROVIDE (__flash_exceptions_start, LOADADDR (.exceptions))

.text           0x008001b8    0x1b638
                0x008001b8                PROVIDE (stext, ABSOLUTE (.))
 *(.interp)
 *(.hash)
 *(.dynsym)
 *(.dynstr)
 *(.gnu.version)
 *(.gnu.version_d)
 *(.gnu.version_r)
 *(.rel.init)
 *(.rela.init)
 *(.rel.text .rel.text.* .rel.gnu.linkonce.t.*)
 *(.rela.text .rela.text.* .rela.gnu.linkonce.t.*)
 *(.rel.fini)
 *(.rela.fini)
 *(.rel.rodata .rel.rodata.* .rel.gnu.linkonce.r.*)
 *(.rela.rodata .rela.rodata.* .rela.gnu.linkonce.r.*)
 *(.rel.data .rel.data.* .rel.gnu.linkonce.d.*)
 *(.rela.data .rela.data.* .rela.gnu.linkonce.d.*)
 *(.rel.tdata .rel.tdata.* .rel.gnu.linkonce.td.*)
 *(.rela.tdata .rela.tdata.* .rela.gnu.linkonce.td.*)
 *(.rel.tbss .rel.tbss.* .rel.gnu.linkonce.tb.*)
 *(.rela.tbss .rela.tbss.* .rela.gnu.linkonce.tb.*)
 *(.rel.ctors)
 *(.rela.ctors)
 *(.rel.dtors)
 *(.rela.dtors)
 *(.rel.got)
 *(.rela.got)
 *(.rel.sdata .rel.sdata.* .rel.gnu.linkonce.s.*)
 *(.rela.sdata .rela.sdata.* .rela.gnu.linkonce.s.*)
 *(.rel.sbss .rel.sbss.* .rel.gnu.linkonce.sb.*)
 *(.rela.sbss .rela.sbss.* .rela.gnu.linkonce.sb.*)
 *(.rel.sdata2 .rel.sdata2.* .rel.gnu.linkonce.s2.*)
 *(.rela.sdata2 .rela.sdata2.* .rela.gnu.linkonce.s2.*)
 *(.rel.sbss2 .rel.sbss2.* .rel.gnu.linkonce.sb2.*)
 *(.rela.sbss2 .rela.sbss2.* .rela.gnu.linkonce.sb2.*)
 *(.rel.bss .rel.bss.* .rel.gnu.linkonce.b.*)
 *(.rela.bss .rela.bss.* .rela.gnu.linkonce.b.*)
 *(.rel.plt)
 *(.rela.plt)
 *(.rel.dyn)
 *(.init)
 *(.plt)
 *(.text .stub .text.* .gnu.linkonce.t.*)
 .text          0x008001b8       0x4c C:/Users/SarahLynn/Documents/School/School3/EECE381/LSN/LSN_bsp//obj/HAL/src/crt0.o
                0x008001b8                _start
 .text          0x00800204      0xeb4 obj/default/audio.o
                0x00800204                setupAudio
                0x008003a0                setupAudioInterrupt
                0x008003f8                loadLaser
                0x008004c4                loadPlayerDeath
                0x00800590                loadSharkDeath
                0x0080065c                loadTheme
                0x0080072c                playAudioMono
                0x008007bc                playAudio
                0x00800858                audioTest
                0x008009f8                readWavFile
                0x00800b2c                playLaser
                0x00800b88                playPlayerDeath
                0x00800bcc                playSharkDeath
                0x00800c10                playTheme
                0x00800d98                updateAudioWithVolume
                0x00800ed0                changeBufferVolume
 .text          0x008010b8      0x70c obj/default/bmp.o
                0x008010b8                parseBmp
                0x008014fc                parseBmps
                0x00801574                freeBmps
                0x008015c0                freeSplash
                0x008015f8                drawBmp
                0x00801764                eraseBmp
 .text          0x008017c4      0x7d0 obj/default/bullet.o
                0x008017c4                initBullets
                0x0080185c                createBullet
                0x00801aa0                moveAllBullets
                0x00801b68                drawAllBullets
                0x00801bec                eraseAllBullets
                0x00801c70                drawBullet
                0x00801d18                eraseBullet
                0x00801d9c                moveBulletRight
                0x00801e98                moveBulletLeft
 .text          0x00801f94      0x394 obj/default/collision.o
                0x00801f94                findSharkIfHit
                0x00802034                isBulletCollidingWithShark
                0x00802110                isBulletCollidingWithPlayer
                0x008021ec                doSharkBulletCollision
                0x0080228c                doPlayerBulletCollision
 .text          0x00802328      0x6f0 obj/default/displacement.o
                0x00802328                setupDisplacement
                0x008023b4                setupHorizontalDisplacementFunction
                0x008024b8                setupCircularDisplacementFunction
                0x008025a8                setupArcDisplacementFunction
                0x00802664                setupNoDisplcaementFunction
                0x008026f4                makeRight
                0x00802734                makeLeft
                0x00802774                makeUp
                0x008027b4                makeDown
                0x008027f4                makeDownRight
                0x00802834                makeDownLeft
                0x00802874                makeUpRight
                0x008028b4                makeUpLeft
                0x008028f4                setToRandomDisplacement
 .text          0x00802a18      0x480 obj/default/input.o
                0x00802a18                handleKeyInput
                0x00802bcc                handleSwitchInput
                0x00802ca0                handleAtariInput
                0x00802e3c                startGame
 .text          0x00802e98       0x5c obj/default/lcd.o
                0x00802e98                init_lcd
 .text          0x00802ef4      0x1f4 obj/default/main.o
                0x00802ef4                init
                0x00802fb0                main
 .text          0x008030e8      0x2e8 obj/default/player.o
                0x008030e8                initPlayer
                0x00803144                drawPlayer
                0x00803188                erasePlayer
                0x008031cc                moveUpPlayer
                0x00803258                moveDownPlayer
                0x008032e4                keepPlayerStationary
                0x00803340                hitPlayer
                0x008033a8                killPlayer
 .text          0x008033d0     0x1128 obj/default/score.o
                0x008033d0                initScoreBoard
                0x00803434                defaultHighScoreBoard
                0x008034dc                readHighScoreBoardFromSD
                0x00803830                updateHighScoreBoard
                0x00803cbc                obtainUserInitials
                0x00803f8c                updateCurrentPlayerScore
                0x00803fc4                getCurrentPlayerScore
                0x00803fe8                setCurrentPlayerLives
                0x00804014                getCurrentPlayerLives
                0x00804038                drawScore
                0x00804270                clearScore
                0x0080429c                drawInGameInfo
 .text          0x008044f8      0x374 obj/default/sd_card.o
                0x008044f8                openSdCard
                0x00804558                openFile
                0x00804598                closeFile
                0x008045c8                readByte
                0x008045fc                readWord
                0x00804690                readDWord
                0x00804764                getWavFileLength
                0x0080481c                readPastWavHeader
 .text          0x0080486c      0x6c8 obj/default/shark.o
                0x0080486c                initSharks
                0x008048d0                getFreeShark
                0x00804964                drawShark
                0x008049c0                eraseShark
                0x00804a1c                moveShark
                0x00804b2c                moveAllSharks
                0x00804b7c                drawAllSharks
                0x00804bcc                eraseAllSharks
                0x00804c1c                createShark
                0x00804d18                killShark
                0x00804e18                cleanupDeadSharks
 .text          0x00804f34       0x78 obj/default/splash.o
                0x00804f34                drawSplashScreen
                0x00804f80                clearSplashScreen
 .text          0x00804fac      0x360 obj/default/timer.o
                0x00804fac                timer_test
                0x0080523c                setHardwareTimerPeriod
                0x00805284                isHardwareTimerRunning
                0x008052b8                hasHardwareTimerExpired
                0x008052e0                startHardwareTimer
 .text          0x0080530c      0x318 obj/default/vga.o
                0x0080530c                initVga
                0x008053b4                clearScreen
                0x008053e4                drawPixel
                0x00805428                drawLine
                0x008054f0                printLine
                0x0080552c                drawBox
                0x0080558c                convert24BitRgbTo16
 .text          0x00805624      0x488 c:/altera/12.0sp2/nios2eds/bin/gnu/h-i686-mingw32/bin/../lib/gcc/nios2-elf/4.1.2/../../../../nios2-elf/lib\libm.a(lib_a-w_pow.o)
                0x00805624                pow
 .text          0x00805aac     0x1300 c:/altera/12.0sp2/nios2eds/bin/gnu/h-i686-mingw32/bin/../lib/gcc/nios2-elf/4.1.2/../../../../nios2-elf/lib\libm.a(lib_a-e_pow.o)
                0x00805aac                __ieee754_pow
 .text          0x00806dac      0x2c8 c:/altera/12.0sp2/nios2eds/bin/gnu/h-i686-mingw32/bin/../lib/gcc/nios2-elf/4.1.2/../../../../nios2-elf/lib\libm.a(lib_a-e_sqrt.o)
                0x00806dac                __ieee754_sqrt
 .text          0x00807074       0x18 c:/altera/12.0sp2/nios2eds/bin/gnu/h-i686-mingw32/bin/../lib/gcc/nios2-elf/4.1.2/../../../../nios2-elf/lib\libm.a(lib_a-s_fabs.o)
                0x00807074                fabs
 .text          0x0080708c       0x1c c:/altera/12.0sp2/nios2eds/bin/gnu/h-i686-mingw32/bin/../lib/gcc/nios2-elf/4.1.2/../../../../nios2-elf/lib\libm.a(lib_a-s_finite.o)
                0x0080708c                finite
 .text          0x008070a8       0x30 c:/altera/12.0sp2/nios2eds/bin/gnu/h-i686-mingw32/bin/../lib/gcc/nios2-elf/4.1.2/../../../../nios2-elf/lib\libm.a(lib_a-s_isnand.o)
                0x008070a8                __isnand
 .text          0x008070d8        0x0 c:/altera/12.0sp2/nios2eds/bin/gnu/h-i686-mingw32/bin/../lib/gcc/nios2-elf/4.1.2/../../../../nios2-elf/lib\libm.a(lib_a-s_lib_ver.o)
 .text          0x008070d8        0x8 c:/altera/12.0sp2/nios2eds/bin/gnu/h-i686-mingw32/bin/../lib/gcc/nios2-elf/4.1.2/../../../../nios2-elf/lib\libm.a(lib_a-s_matherr.o)
                0x008070d8                matherr
 .text          0x008070e0       0x10 c:/altera/12.0sp2/nios2eds/bin/gnu/h-i686-mingw32/bin/../lib/gcc/nios2-elf/4.1.2/../../../../nios2-elf/lib\libm.a(lib_a-s_nan.o)
                0x008070e0                nan
 .text          0x008070f0      0x210 c:/altera/12.0sp2/nios2eds/bin/gnu/h-i686-mingw32/bin/../lib/gcc/nios2-elf/4.1.2/../../../../nios2-elf/lib\libm.a(lib_a-s_rint.o)
                0x008070f0                rint
 .text          0x00807300      0x1e0 c:/altera/12.0sp2/nios2eds/bin/gnu/h-i686-mingw32/bin/../lib/gcc/nios2-elf/4.1.2/../../../../nios2-elf/lib\libm.a(lib_a-s_scalbn.o)
                0x00807300                scalbn
 .text          0x008074e0       0x24 c:/altera/12.0sp2/nios2eds/bin/gnu/h-i686-mingw32/bin/../lib/gcc/nios2-elf/4.1.2/../../../../nios2-elf/lib\libm.a(lib_a-s_copysign.o)
                0x008074e0                copysign
 .text          0x00807504      0x174 c:/altera/12.0sp2/nios2eds/bin/gnu/h-i686-mingw32/bin/../lib/gcc/nios2-elf/4.1.2\libgcc.a(_div_sf.o)
                0x00807504                __divsf3
 .text          0x00807678       0x98 c:/altera/12.0sp2/nios2eds/bin/gnu/h-i686-mingw32/bin/../lib/gcc/nios2-elf/4.1.2\libgcc.a(_si_to_sf.o)
                0x00807678                __floatsisf
 .text          0x00807710       0x54 c:/altera/12.0sp2/nios2eds/bin/gnu/h-i686-mingw32/bin/../lib/gcc/nios2-elf/4.1.2\libgcc.a(_sf_to_df.o)
                0x00807710                __extendsfdf2
 .text          0x00807764        0x0 c:/altera/12.0sp2/nios2eds/bin/gnu/h-i686-mingw32/bin/../lib/gcc/nios2-elf/4.1.2\libgcc.a(_thenan_sf.o)
 .text          0x00807764      0x504 c:/altera/12.0sp2/nios2eds/bin/gnu/h-i686-mingw32/bin/../lib/gcc/nios2-elf/4.1.2\libgcc.a(_addsub_df.o)
                0x00807b74                __subdf3
                0x00807bf4                __adddf3
 .text          0x00807c68      0x3c4 c:/altera/12.0sp2/nios2eds/bin/gnu/h-i686-mingw32/bin/../lib/gcc/nios2-elf/4.1.2\libgcc.a(_mul_df.o)
                0x00807c68                __muldf3
 .text          0x0080802c      0x258 c:/altera/12.0sp2/nios2eds/bin/gnu/h-i686-mingw32/bin/../lib/gcc/nios2-elf/4.1.2\libgcc.a(_div_df.o)
                0x0080802c                __divdf3
 .text          0x00808284       0x88 c:/altera/12.0sp2/nios2eds/bin/gnu/h-i686-mingw32/bin/../lib/gcc/nios2-elf/4.1.2\libgcc.a(_eq_df.o)
                0x00808284                __eqdf2
 .text          0x0080830c       0x88 c:/altera/12.0sp2/nios2eds/bin/gnu/h-i686-mingw32/bin/../lib/gcc/nios2-elf/4.1.2\libgcc.a(_ne_df.o)
                0x0080830c                __nedf2
 .text          0x00808394       0x88 c:/altera/12.0sp2/nios2eds/bin/gnu/h-i686-mingw32/bin/../lib/gcc/nios2-elf/4.1.2\libgcc.a(_gt_df.o)
                0x00808394                __gtdf2
 .text          0x0080841c       0x88 c:/altera/12.0sp2/nios2eds/bin/gnu/h-i686-mingw32/bin/../lib/gcc/nios2-elf/4.1.2\libgcc.a(_lt_df.o)
                0x0080841c                __ltdf2
 .text          0x008084a4       0x88 c:/altera/12.0sp2/nios2eds/bin/gnu/h-i686-mingw32/bin/../lib/gcc/nios2-elf/4.1.2\libgcc.a(_le_df.o)
                0x008084a4                __ledf2
 .text          0x0080852c       0xf8 c:/altera/12.0sp2/nios2eds/bin/gnu/h-i686-mingw32/bin/../lib/gcc/nios2-elf/4.1.2\libgcc.a(_si_to_df.o)
                0x0080852c                __floatsidf
 .text          0x00808624       0xd8 c:/altera/12.0sp2/nios2eds/bin/gnu/h-i686-mingw32/bin/../lib/gcc/nios2-elf/4.1.2\libgcc.a(_df_to_si.o)
                0x00808624                __fixdfsi
 .text          0x008086fc       0x38 c:/altera/12.0sp2/nios2eds/bin/gnu/h-i686-mingw32/bin/../lib/gcc/nios2-elf/4.1.2\libgcc.a(_make_df.o)
                0x008086fc                __make_dp
 .text          0x00808734        0x0 c:/altera/12.0sp2/nios2eds/bin/gnu/h-i686-mingw32/bin/../lib/gcc/nios2-elf/4.1.2\libgcc.a(_thenan_df.o)
 .text          0x00808734      0x14c c:/altera/12.0sp2/nios2eds/bin/gnu/h-i686-mingw32/bin/../lib/gcc/nios2-elf/4.1.2\libgcc.a(lib2-divmod.o)
                0x008087b0                __divsi3
                0x00808810                __modsi3
                0x00808870                __udivsi3
                0x00808878                __umodsi3
 .text          0x00808880       0x98 c:/altera/12.0sp2/nios2eds/bin/gnu/h-i686-mingw32/bin/../lib/gcc/nios2-elf/4.1.2\libgcc.a(_muldi3.o)
                0x00808880                __muldi3
 .text          0x00808918       0x80 c:/altera/12.0sp2/nios2eds/bin/gnu/h-i686-mingw32/bin/../lib/gcc/nios2-elf/4.1.2\libgcc.a(_clzsi2.o)
                0x00808918                __clzsi2
 .text          0x00808998      0x160 c:/altera/12.0sp2/nios2eds/bin/gnu/h-i686-mingw32/bin/../lib/gcc/nios2-elf/4.1.2\libgcc.a(_pack_sf.o)
                0x00808998                __pack_f
 .text          0x00808af8       0xc8 c:/altera/12.0sp2/nios2eds/bin/gnu/h-i686-mingw32/bin/../lib/gcc/nios2-elf/4.1.2\libgcc.a(_unpack_sf.o)
                0x00808af8                __unpack_f
 .text          0x00808bc0      0x314 c:/altera/12.0sp2/nios2eds/bin/gnu/h-i686-mingw32/bin/../lib/gcc/nios2-elf/4.1.2\libgcc.a(_pack_df.o)
                0x00808bc0                __pack_d
 .text          0x00808ed4      0x138 c:/altera/12.0sp2/nios2eds/bin/gnu/h-i686-mingw32/bin/../lib/gcc/nios2-elf/4.1.2\libgcc.a(_unpack_df.o)
                0x00808ed4                __unpack_d
 .text          0x0080900c       0xc8 c:/altera/12.0sp2/nios2eds/bin/gnu/h-i686-mingw32/bin/../lib/gcc/nios2-elf/4.1.2\libgcc.a(_fpcmp_parts_df.o)
                0x0080900c                __fpcmp_parts_d
 .text          0x008090d4        0x0 c:/altera/12.0sp2/nios2eds/bin/gnu/h-i686-mingw32/bin/../lib/gcc/nios2-elf/4.1.2\libgcc.a(_clz.o)
 .text          0x008090d4       0x10 c:/altera/12.0sp2/nios2eds/bin/gnu/h-i686-mingw32/bin/../lib/gcc/nios2-elf/4.1.2/../../../../nios2-elf/lib\libc.a(lib_a-errno.o)
                0x008090d4                __errno
 .text          0x008090e4        0x0 c:/altera/12.0sp2/nios2eds/bin/gnu/h-i686-mingw32/bin/../lib/gcc/nios2-elf/4.1.2/../../../../nios2-elf/lib\libc.a(lib_a-impure.o)
 .text          0x008090e4       0x28 c:/altera/12.0sp2/nios2eds/bin/gnu/h-i686-mingw32/bin/../lib/gcc/nios2-elf/4.1.2/../../../../nios2-elf/lib\libc.a(lib_a-malloc.o)
                0x008090e4                free
                0x008090f8                malloc
 .text          0x0080910c      0x740 c:/altera/12.0sp2/nios2eds/bin/gnu/h-i686-mingw32/bin/../lib/gcc/nios2-elf/4.1.2/../../../../nios2-elf/lib\libc.a(lib_a-mallocr.o)
                0x0080910c                _malloc_r
 .text          0x0080984c       0x78 c:/altera/12.0sp2/nios2eds/bin/gnu/h-i686-mingw32/bin/../lib/gcc/nios2-elf/4.1.2/../../../../nios2-elf/lib\libc.a(lib_a-printf.o)
                0x0080984c                printf
                0x00809890                _printf_r
 .text          0x008098c4       0xb4 c:/altera/12.0sp2/nios2eds/bin/gnu/h-i686-mingw32/bin/../lib/gcc/nios2-elf/4.1.2/../../../../nios2-elf/lib\libc.a(lib_a-puts.o)
                0x008098c4                _puts_r
                0x00809964                puts
 .text          0x00809978       0x94 c:/altera/12.0sp2/nios2eds/bin/gnu/h-i686-mingw32/bin/../lib/gcc/nios2-elf/4.1.2/../../../../nios2-elf/lib\libc.a(lib_a-rand.o)
                0x00809978                srand
                0x00809994                rand
 .text          0x00809a0c       0x70 c:/altera/12.0sp2/nios2eds/bin/gnu/h-i686-mingw32/bin/../lib/gcc/nios2-elf/4.1.2/../../../../nios2-elf/lib\libc.a(lib_a-sbrkr.o)
                0x00809a0c                _sbrk_r
 .text          0x00809a7c       0x74 c:/altera/12.0sp2/nios2eds/bin/gnu/h-i686-mingw32/bin/../lib/gcc/nios2-elf/4.1.2/../../../../nios2-elf/lib\libc.a(lib_a-strlen.o)
                0x00809a7c                strlen
 .text          0x00809af0       0x5c c:/altera/12.0sp2/nios2eds/bin/gnu/h-i686-mingw32/bin/../lib/gcc/nios2-elf/4.1.2/../../../../nios2-elf/lib\libc.a(lib_a-time.o)
                0x00809af0                time
 .text          0x00809b4c     0x1f28 c:/altera/12.0sp2/nios2eds/bin/gnu/h-i686-mingw32/bin/../lib/gcc/nios2-elf/4.1.2/../../../../nios2-elf/lib\libc.a(lib_a-vfprintf.o)
                0x00809ba4                ___vfprintf_internal_r
                0x0080ba50                __vfprintf_internal
 .text          0x0080ba74      0x13c c:/altera/12.0sp2/nios2eds/bin/gnu/h-i686-mingw32/bin/../lib/gcc/nios2-elf/4.1.2/../../../../nios2-elf/lib\libc.a(lib_a-wsetup.o)
                0x0080ba74                __swsetup_r
 .text          0x0080bbb0     0x17cc c:/altera/12.0sp2/nios2eds/bin/gnu/h-i686-mingw32/bin/../lib/gcc/nios2-elf/4.1.2/../../../../nios2-elf/lib\libc.a(lib_a-dtoa.o)
                0x0080bdc8                _dtoa_r
 .text          0x0080d37c      0x230 c:/altera/12.0sp2/nios2eds/bin/gnu/h-i686-mingw32/bin/../lib/gcc/nios2-elf/4.1.2/../../../../nios2-elf/lib\libc.a(lib_a-fflush.o)
                0x0080d37c                _fflush_r
                0x0080d578                fflush
 .text          0x0080d5ac      0x2c0 c:/altera/12.0sp2/nios2eds/bin/gnu/h-i686-mingw32/bin/../lib/gcc/nios2-elf/4.1.2/../../../../nios2-elf/lib\libc.a(lib_a-findfp.o)
                0x0080d604                __sfp_lock_acquire
                0x0080d608                __sfp_lock_release
                0x0080d60c                __sinit_lock_acquire
                0x0080d610                __sinit_lock_release
                0x0080d614                __sinit
                0x0080d6c8                __fp_unlock_all
                0x0080d6e0                __fp_lock_all
                0x0080d6f8                _cleanup_r
                0x0080d704                _cleanup
                0x0080d714                __sfmoreglue
                0x0080d77c                __sfp
 .text          0x0080d86c      0x440 c:/altera/12.0sp2/nios2eds/bin/gnu/h-i686-mingw32/bin/../lib/gcc/nios2-elf/4.1.2/../../../../nios2-elf/lib\libc.a(lib_a-freer.o)
                0x0080d86c                _malloc_trim_r
                0x0080d998                _free_r
 .text          0x0080dcac      0x49c c:/altera/12.0sp2/nios2eds/bin/gnu/h-i686-mingw32/bin/../lib/gcc/nios2-elf/4.1.2/../../../../nios2-elf/lib\libc.a(lib_a-fvwrite.o)
                0x0080dcac                __sfvwrite_r
 .text          0x0080e148      0x180 c:/altera/12.0sp2/nios2eds/bin/gnu/h-i686-mingw32/bin/../lib/gcc/nios2-elf/4.1.2/../../../../nios2-elf/lib\libc.a(lib_a-fwalk.o)
                0x0080e148                _fwalk_reent
                0x0080e210                _fwalk
 .text          0x0080e2c8       0x74 c:/altera/12.0sp2/nios2eds/bin/gnu/h-i686-mingw32/bin/../lib/gcc/nios2-elf/4.1.2/../../../../nios2-elf/lib\libc.a(lib_a-gettimeofdayr.o)
                0x0080e2c8                _gettimeofday_r
 .text          0x0080e33c        0x0 c:/altera/12.0sp2/nios2eds/bin/gnu/h-i686-mingw32/bin/../lib/gcc/nios2-elf/4.1.2/../../../../nios2-elf/lib\libc.a(lib_a-int_errno.o)
 .text          0x0080e33c       0xc4 c:/altera/12.0sp2/nios2eds/bin/gnu/h-i686-mingw32/bin/../lib/gcc/nios2-elf/4.1.2/../../../../nios2-elf/lib\libc.a(lib_a-locale.o)
                0x0080e33c                __locale_charset
                0x0080e344                _localeconv_r
                0x0080e350                localeconv
                0x0080e360                _setlocale_r
                0x0080e3e4                setlocale
 .text          0x0080e400      0x194 c:/altera/12.0sp2/nios2eds/bin/gnu/h-i686-mingw32/bin/../lib/gcc/nios2-elf/4.1.2/../../../../nios2-elf/lib\libc.a(lib_a-makebuf.o)
                0x0080e400                __smakebuf_r
 .text          0x0080e594       0xe4 c:/altera/12.0sp2/nios2eds/bin/gnu/h-i686-mingw32/bin/../lib/gcc/nios2-elf/4.1.2/../../../../nios2-elf/lib\libc.a(lib_a-memchr.o)
                0x0080e594                memchr
 .text          0x0080e678       0xa0 c:/altera/12.0sp2/nios2eds/bin/gnu/h-i686-mingw32/bin/../lib/gcc/nios2-elf/4.1.2/../../../../nios2-elf/lib\libc.a(lib_a-memcpy.o)
                0x0080e678                memcpy
 .text          0x0080e718       0xe0 c:/altera/12.0sp2/nios2eds/bin/gnu/h-i686-mingw32/bin/../lib/gcc/nios2-elf/4.1.2/../../../../nios2-elf/lib\libc.a(lib_a-memmove.o)
                0x0080e718                memmove
 .text          0x0080e7f8       0x98 c:/altera/12.0sp2/nios2eds/bin/gnu/h-i686-mingw32/bin/../lib/gcc/nios2-elf/4.1.2/../../../../nios2-elf/lib\libc.a(lib_a-memset.o)
                0x0080e7f8                memset
 .text          0x0080e890      0xff4 c:/altera/12.0sp2/nios2eds/bin/gnu/h-i686-mingw32/bin/../lib/gcc/nios2-elf/4.1.2/../../../../nios2-elf/lib\libc.a(lib_a-mprec.o)
                0x0080e890                _Bfree
                0x0080e8b8                __hi0bits
                0x0080e928                __lo0bits
                0x0080e9ec                __mcmp
                0x0080ea4c                __ulp
                0x0080eacc                __b2d
                0x0080ebec                __ratio
                0x0080ec9c                _mprec_log10
                0x0080ed30                __copybits
                0x0080ed88                __any_on
                0x0080ee10                _Balloc
                0x0080eecc                __d2b
                0x0080f048                __mdiff
                0x0080f1d4                __lshift
                0x0080f320                __multiply
                0x0080f508                __i2b
                0x0080f544                __multadd
                0x0080f644                __pow5mult
                0x0080f764                __s2b
 .text          0x0080f884      0x5f4 c:/altera/12.0sp2/nios2eds/bin/gnu/h-i686-mingw32/bin/../lib/gcc/nios2-elf/4.1.2/../../../../nios2-elf/lib\libc.a(lib_a-reallocr.o)
                0x0080f884                _realloc_r
 .text          0x0080fe78       0x40 c:/altera/12.0sp2/nios2eds/bin/gnu/h-i686-mingw32/bin/../lib/gcc/nios2-elf/4.1.2/../../../../nios2-elf/lib\libc.a(lib_a-s_isinfd.o)
                0x0080fe78                __isinfd
 .text          0x0080feb8      0x14c c:/altera/12.0sp2/nios2eds/bin/gnu/h-i686-mingw32/bin/../lib/gcc/nios2-elf/4.1.2/../../../../nios2-elf/lib\libc.a(lib_a-stdio.o)
                0x0080feb8                __sclose
                0x0080fec0                __sseek
                0x0080ff28                __swrite
                0x0080ffa4                __sread
 .text          0x00810004       0xbc c:/altera/12.0sp2/nios2eds/bin/gnu/h-i686-mingw32/bin/../lib/gcc/nios2-elf/4.1.2/../../../../nios2-elf/lib\libc.a(lib_a-strcmp.o)
                0x00810004                strcmp
 .text          0x008100c0       0x78 c:/altera/12.0sp2/nios2eds/bin/gnu/h-i686-mingw32/bin/../lib/gcc/nios2-elf/4.1.2/../../../../nios2-elf/lib\libc.a(lib_a-writer.o)
                0x008100c0                _write_r
 .text          0x00810138       0xb4 c:/altera/12.0sp2/nios2eds/bin/gnu/h-i686-mingw32/bin/../lib/gcc/nios2-elf/4.1.2/../../../../nios2-elf/lib\libc.a(lib_a-callocr.o)
                0x00810138                _calloc_r
 .text          0x008101ec       0x70 c:/altera/12.0sp2/nios2eds/bin/gnu/h-i686-mingw32/bin/../lib/gcc/nios2-elf/4.1.2/../../../../nios2-elf/lib\libc.a(lib_a-closer.o)
                0x008101ec                _close_r
 .text          0x0081025c      0x124 c:/altera/12.0sp2/nios2eds/bin/gnu/h-i686-mingw32/bin/../lib/gcc/nios2-elf/4.1.2/../../../../nios2-elf/lib\libc.a(lib_a-fclose.o)
                0x0081025c                _fclose_r
                0x0081036c                fclose
 .text          0x00810380       0x74 c:/altera/12.0sp2/nios2eds/bin/gnu/h-i686-mingw32/bin/../lib/gcc/nios2-elf/4.1.2/../../../../nios2-elf/lib\libc.a(lib_a-fstatr.o)
                0x00810380                _fstat_r
 .text          0x008103f4       0x70 c:/altera/12.0sp2/nios2eds/bin/gnu/h-i686-mingw32/bin/../lib/gcc/nios2-elf/4.1.2/../../../../nios2-elf/lib\libc.a(lib_a-isattyr.o)
                0x008103f4                _isatty_r
 .text          0x00810464       0x78 c:/altera/12.0sp2/nios2eds/bin/gnu/h-i686-mingw32/bin/../lib/gcc/nios2-elf/4.1.2/../../../../nios2-elf/lib\libc.a(lib_a-lseekr.o)
                0x00810464                _lseek_r
 .text          0x008104dc       0x78 c:/altera/12.0sp2/nios2eds/bin/gnu/h-i686-mingw32/bin/../lib/gcc/nios2-elf/4.1.2/../../../../nios2-elf/lib\libc.a(lib_a-readr.o)
                0x008104dc                _read_r
 .text          0x00810554      0x5dc c:/altera/12.0sp2/nios2eds/bin/gnu/h-i686-mingw32/bin/../lib/gcc/nios2-elf/4.1.2\libgcc.a(_udivdi3.o)
                0x00810554                __udivdi3
 .text          0x00810b30      0x5b0 c:/altera/12.0sp2/nios2eds/bin/gnu/h-i686-mingw32/bin/../lib/gcc/nios2-elf/4.1.2\libgcc.a(_umoddi3.o)
                0x00810b30                __umoddi3
 .text          0x008110e0       0x88 c:/altera/12.0sp2/nios2eds/bin/gnu/h-i686-mingw32/bin/../lib/gcc/nios2-elf/4.1.2\libgcc.a(_ge_df.o)
                0x008110e0                __gedf2
 .text          0x00811168      0x194 c:/altera/12.0sp2/nios2eds/bin/gnu/h-i686-mingw32/bin/../lib/gcc/nios2-elf/4.1.2\libgcc.a(_usi_to_df.o)
                0x00811168                __floatunsidf
 .text          0x008112fc      0x15c C:/Users/SarahLynn/Documents/School/School3/EECE381/LSN/LSN_bsp/\libhal_bsp.a(alt_close.o)
                0x008112fc                close
 .text          0x00811458       0x2c C:/Users/SarahLynn/Documents/School/School3/EECE381/LSN/LSN_bsp/\libhal_bsp.a(alt_dev.o)
 .text          0x00811484        0x0 C:/Users/SarahLynn/Documents/School/School3/EECE381/LSN/LSN_bsp/\libhal_bsp.a(alt_errno.o)
 .text          0x00811484      0x134 C:/Users/SarahLynn/Documents/School/School3/EECE381/LSN/LSN_bsp/\libhal_bsp.a(alt_fstat.o)
                0x00811484                fstat
 .text          0x008115b8      0x21c C:/Users/SarahLynn/Documents/School/School3/EECE381/LSN/LSN_bsp/\libhal_bsp.a(alt_gettod.o)
                0x008115b8                gettimeofday
 .text          0x008117d4      0x1c0 C:/Users/SarahLynn/Documents/School/School3/EECE381/LSN/LSN_bsp/\libhal_bsp.a(alt_irq_register.o)
                0x008117d4                alt_irq_register
 .text          0x00811994        0x0 C:/Users/SarahLynn/Documents/School/School3/EECE381/LSN/LSN_bsp/\libhal_bsp.a(alt_irq_vars.o)
 .text          0x00811994      0x120 C:/Users/SarahLynn/Documents/School/School3/EECE381/LSN/LSN_bsp/\libhal_bsp.a(alt_isatty.o)
                0x00811994                isatty
 .text          0x00811ab4       0xec C:/Users/SarahLynn/Documents/School/School3/EECE381/LSN/LSN_bsp/\libhal_bsp.a(alt_load.o)
                0x00811ab4                alt_load
 .text          0x00811ba0      0x150 C:/Users/SarahLynn/Documents/School/School3/EECE381/LSN/LSN_bsp/\libhal_bsp.a(alt_lseek.o)
                0x00811ba0                lseek
 .text          0x00811cf0       0x6c C:/Users/SarahLynn/Documents/School/School3/EECE381/LSN/LSN_bsp/\libhal_bsp.a(alt_main.o)
                0x00811cf0                alt_main
 .text          0x00811d5c       0x40 C:/Users/SarahLynn/Documents/School/School3/EECE381/LSN/LSN_bsp/\libhal_bsp.a(alt_malloc_lock.o)
                0x00811d5c                __malloc_lock
                0x00811d7c                __malloc_unlock
 .text          0x00811d9c      0x180 C:/Users/SarahLynn/Documents/School/School3/EECE381/LSN/LSN_bsp/\libhal_bsp.a(alt_read.o)
                0x00811d9c                read
 .text          0x00811f1c       0x60 C:/Users/SarahLynn/Documents/School/School3/EECE381/LSN/LSN_bsp/\libhal_bsp.a(alt_release_fd.o)
                0x00811f1c                alt_release_fd
 .text          0x00811f7c       0xbc C:/Users/SarahLynn/Documents/School/School3/EECE381/LSN/LSN_bsp/\libhal_bsp.a(alt_sbrk.o)
                0x00811f7c                sbrk
 .text          0x00812038      0x1a4 C:/Users/SarahLynn/Documents/School/School3/EECE381/LSN/LSN_bsp/\libhal_bsp.a(alt_tick.o)
                0x00812038                alt_alarm_stop
                0x008120d0                alt_tick
 .text          0x008121dc       0x30 C:/Users/SarahLynn/Documents/School/School3/EECE381/LSN/LSN_bsp/\libhal_bsp.a(alt_usleep.o)
                0x008121dc                usleep
 .text          0x0081220c      0x180 C:/Users/SarahLynn/Documents/School/School3/EECE381/LSN/LSN_bsp/\libhal_bsp.a(alt_write.o)
                0x0081220c                write
 .text          0x0081238c      0x3e0 C:/Users/SarahLynn/Documents/School/School3/EECE381/LSN/LSN_bsp/\libhal_bsp.a(alt_sys_init.o)
                0x0081238c                alt_irq_init
                0x008123c0                alt_sys_init
 .text          0x0081276c      0x148 C:/Users/SarahLynn/Documents/School/School3/EECE381/LSN/LSN_bsp/\libhal_bsp.a(altera_avalon_jtag_uart_fd.o)
                0x0081276c                altera_avalon_jtag_uart_read_fd
                0x008127c4                altera_avalon_jtag_uart_write_fd
                0x0081281c                altera_avalon_jtag_uart_close_fd
                0x00812864                altera_avalon_jtag_uart_ioctl_fd
 .text          0x008128b4      0x408 C:/Users/SarahLynn/Documents/School/School3/EECE381/LSN/LSN_bsp/\libhal_bsp.a(altera_avalon_jtag_uart_init.o)
                0x008128b4                altera_avalon_jtag_uart_init
                0x00812c48                altera_avalon_jtag_uart_close
 .text          0x00812cbc       0xf4 C:/Users/SarahLynn/Documents/School/School3/EECE381/LSN/LSN_bsp/\libhal_bsp.a(altera_avalon_jtag_uart_ioctl.o)
                0x00812cbc                altera_avalon_jtag_uart_ioctl
 .text          0x00812db0      0x224 C:/Users/SarahLynn/Documents/School/School3/EECE381/LSN/LSN_bsp/\libhal_bsp.a(altera_avalon_jtag_uart_read.o)
                0x00812db0                altera_avalon_jtag_uart_read
 .text          0x00812fd4      0x240 C:/Users/SarahLynn/Documents/School/School3/EECE381/LSN/LSN_bsp/\libhal_bsp.a(altera_avalon_jtag_uart_write.o)
                0x00812fd4                altera_avalon_jtag_uart_write
 .text          0x00813214       0xfc C:/Users/SarahLynn/Documents/School/School3/EECE381/LSN/LSN_bsp/\libhal_bsp.a(altera_avalon_timer_sc.o)
                0x00813288                alt_avalon_timer_sc_init
 .text          0x00813310      0x168 C:/Users/SarahLynn/Documents/School/School3/EECE381/LSN/LSN_bsp/\libhal_bsp.a(altera_avalon_timer_ts.o)
                0x00813310                alt_timestamp_start
                0x008133b4                alt_timestamp
                0x00813450                alt_timestamp_freq
 .text          0x00813478        0x0 C:/Users/SarahLynn/Documents/School/School3/EECE381/LSN/LSN_bsp/\libhal_bsp.a(altera_avalon_timer_vars.o)
 .text          0x00813478      0x80c C:/Users/SarahLynn/Documents/School/School3/EECE381/LSN/LSN_bsp/\libhal_bsp.a(altera_up_avalon_audio.o)
                0x00813478                alt_up_audio_open_dev
                0x008134b8                alt_up_audio_enable_read_interrupt
                0x00813504                alt_up_audio_disable_read_interrupt
                0x00813554                alt_up_audio_enable_write_interrupt
                0x008135a0                alt_up_audio_disable_write_interrupt
                0x008135f0                alt_up_audio_read_interrupt_pending
                0x0081362c                alt_up_audio_write_interrupt_pending
                0x00813668                alt_up_audio_reset_audio_core
                0x008136f0                alt_up_audio_read_fifo_avail
                0x00813760                alt_up_audio_record_r
                0x008137d0                alt_up_audio_record_l
                0x00813840                alt_up_audio_write_fifo_space
                0x008138b4                alt_up_audio_play_r
                0x00813924                alt_up_audio_play_l
                0x00813994                alt_up_audio_read_fifo
                0x00813a98                alt_up_audio_write_fifo
                0x00813bc4                alt_up_audio_read_fifo_head
                0x00813c24                alt_up_audio_write_fifo_head
 .text          0x00813c84      0x788 C:/Users/SarahLynn/Documents/School/School3/EECE381/LSN/LSN_bsp/\libhal_bsp.a(altera_up_avalon_audio_and_video_config.o)
                0x00813c84                alt_up_av_config_open_dev
                0x00813ce8                alt_up_av_config_write_data
                0x00813d4c                alt_up_av_config_read_data
                0x00813dd8                alt_up_av_config_reset
                0x00813e10                alt_up_av_config_enable_interrupt
                0x00813e48                alt_up_av_config_disable_interrupt
                0x00813e78                alt_up_av_config_read_acknowledge
                0x00813ee0                alt_up_av_config_read_ready
                0x00813f18                alt_up_av_config_write_audio_cfg_register
                0x00813fc4                alt_up_av_config_read_video_cfg_register
                0x008140bc                alt_up_av_config_write_video_cfg_register
                0x008141b4                alt_up_av_config_read_DC2_cfg_register
                0x00814218                alt_up_av_config_write_DC2_cfg_register
                0x0081427c                alt_up_av_config_read_D5M_cfg_register
                0x008142e0                alt_up_av_config_write_D5M_cfg_register
                0x00814344                alt_up_av_config_read_LTM_cfg_register
                0x008143a8                alt_up_av_config_write_LTM_cfg_register
 .text          0x0081440c      0x530 C:/Users/SarahLynn/Documents/School/School3/EECE381/LSN/LSN_bsp/\libhal_bsp.a(altera_up_avalon_character_lcd.o)
                0x0081440c                get_DDRAM_addr
                0x00814488                alt_up_character_lcd_send_cmd
                0x008144bc                alt_up_character_lcd_init
                0x008144f0                alt_up_character_lcd_open_dev
                0x00814530                alt_up_character_lcd_write
                0x008145a8                alt_up_character_lcd_string
                0x00814620                alt_up_character_lcd_write_fd
                0x0081466c                alt_up_character_lcd_set_cursor_pos
                0x008146e4                alt_up_character_lcd_shift_cursor
                0x00814794                alt_up_character_lcd_shift_display
                0x00814844                alt_up_character_lcd_erase_pos
                0x008148d4                alt_up_character_lcd_cursor_off
                0x00814908                alt_up_character_lcd_cursor_blink_on
 .text          0x0081493c      0x304 C:/Users/SarahLynn/Documents/School/School3/EECE381/LSN/LSN_bsp/\libhal_bsp.a(altera_up_avalon_video_character_buffer_with_dma.o)
                0x0081493c                alt_up_char_buffer_init
                0x008149c0                alt_up_char_buffer_open_dev
                0x00814a00                alt_up_char_buffer_draw
                0x00814ad0                alt_up_char_buffer_string
                0x00814be4                alt_up_char_buffer_clear
 .text          0x00814c40     0x156c C:/Users/SarahLynn/Documents/School/School3/EECE381/LSN/LSN_bsp/\libhal_bsp.a(altera_up_avalon_video_pixel_buffer_dma.o)
                0x00814c40                alt_up_pixel_buffer_dma_open_dev
                0x00814c80                alt_up_pixel_buffer_dma_draw
                0x00814e20                alt_up_pixel_buffer_dma_change_back_buffer_address
                0x00814e78                alt_up_pixel_buffer_dma_swap_buffers
                0x00814ed0                alt_up_pixel_buffer_dma_check_swap_buffers_status
                0x00814f04                alt_up_pixel_buffer_dma_clear_screen
                0x00815068                alt_up_pixel_buffer_dma_draw_box
                0x0081555c                alt_up_pixel_buffer_dma_draw_hline
                0x008158ac                alt_up_pixel_buffer_dma_draw_vline
                0x00815c7c                alt_up_pixel_buffer_dma_draw_rectangle
                0x00815d40                helper_plot_pixel
                0x00815e10                alt_up_pixel_buffer_dma_draw_line
 .text          0x008161ac     0x45c0 C:/Users/SarahLynn/Documents/School/School3/EECE381/LSN/LSN_bsp/\libhal_bsp.a(altera_up_sd_card_avalon_interface.o)
                0x008161ac                Write_Sector_Data
                0x00816274                Save_Modified_Sector
                0x008162c4                Read_Sector_Data
                0x008163c0                get_cluster_flag
                0x00816478                mark_cluster
                0x0081655c                Check_for_Master_Boot_Record
                0x0081670c                Read_File_Record_At_Offset
                0x00816990                Write_File_Record_At_Offset
                0x00816c48                Check_for_DOS_FAT
                0x00817290                Look_for_FAT16
                0x00817394                filename_to_upper_case
                0x00817464                check_file_name_for_FAT16_compliance
                0x008176f4                get_dir_divider_location
                0x008177b4                match_file_record_to_name_ext
                0x00817aa0                get_home_directory_cluster_for_file
                0x00817fb4                find_file_in_directory
                0x00818418                find_first_empty_cluster
                0x008185bc                find_first_empty_record_in_a_subdirectory
                0x00818808                find_first_empty_record_in_root_directory
                0x00818934                convert_filename_to_name_extension
                0x00818aec                create_file
                0x00818dc0                copy_file_record_name_to_string
                0x00818f14                alt_up_sd_card_open_dev
                0x00818fd8                alt_up_sd_card_is_Present
                0x008190a0                alt_up_sd_card_is_FAT16
                0x00819114                alt_up_sd_card_find_first
                0x008191e8                alt_up_sd_card_find_next
                0x00819598                alt_up_sd_card_fopen
                0x00819940                alt_up_sd_card_set_attributes
                0x008199d0                alt_up_sd_card_get_attributes
                0x00819a5c                alt_up_sd_card_read
                0x00819df0                alt_up_sd_card_write
                0x0081a414                alt_up_sd_card_fclose
                0x0081a5e0                Read_Sector_Data_CRC
                0x0081a6dc                Read_Sector_Data_Attempt_CRC
 .text          0x0081a76c      0x154 C:/Users/SarahLynn/Documents/School/School3/EECE381/LSN/LSN_bsp/\libhal_bsp.a(alt_alarm_start.o)
                0x0081a76c                alt_alarm_start
 .text          0x0081a8c0      0x14c C:/Users/SarahLynn/Documents/School/School3/EECE381/LSN/LSN_bsp/\libhal_bsp.a(alt_busy_sleep.o)
                0x0081a8c0                alt_busy_sleep
 .text          0x0081aa0c       0x44 C:/Users/SarahLynn/Documents/School/School3/EECE381/LSN/LSN_bsp/\libhal_bsp.a(alt_dcache_flush_all.o)
                0x0081aa0c                alt_dcache_flush_all
 .text          0x0081aa50      0x114 C:/Users/SarahLynn/Documents/School/School3/EECE381/LSN/LSN_bsp/\libhal_bsp.a(alt_dev_llist_insert.o)
                0x0081aa50                alt_dev_llist_insert
 .text          0x0081ab64       0x64 C:/Users/SarahLynn/Documents/School/School3/EECE381/LSN/LSN_bsp/\libhal_bsp.a(alt_do_ctors.o)
                0x0081ab64                _do_ctors
 .text          0x0081abc8       0x64 C:/Users/SarahLynn/Documents/School/School3/EECE381/LSN/LSN_bsp/\libhal_bsp.a(alt_do_dtors.o)
                0x0081abc8                _do_dtors
 .text          0x0081ac2c       0x94 C:/Users/SarahLynn/Documents/School/School3/EECE381/LSN/LSN_bsp/\libhal_bsp.a(alt_find_dev.o)
                0x0081ac2c                alt_find_dev
 .text          0x0081acc0       0x30 C:/Users/SarahLynn/Documents/School/School3/EECE381/LSN/LSN_bsp/\libhal_bsp.a(alt_icache_flush_all.o)
                0x0081acc0                alt_icache_flush_all
 .text          0x0081acf0      0x13c C:/Users/SarahLynn/Documents/School/School3/EECE381/LSN/LSN_bsp/\libhal_bsp.a(alt_io_redirect.o)
                0x0081adb4                alt_io_redirect
 .text          0x0081ae2c        0x0 C:/Users/SarahLynn/Documents/School/School3/EECE381/LSN/LSN_bsp/\libhal_bsp.a(alt_irq_entry.o)
 .text          0x0081ae2c        0x0 C:/Users/SarahLynn/Documents/School/School3/EECE381/LSN/LSN_bsp/\libhal_bsp.a(alt_irq_handler.o)
 .text          0x0081ae2c      0x2c4 C:/Users/SarahLynn/Documents/School/School3/EECE381/LSN/LSN_bsp/\libhal_bsp.a(alt_open.o)
                0x0081af08                open
 .text          0x0081b0f0       0x20 C:/Users/SarahLynn/Documents/School/School3/EECE381/LSN/LSN_bsp/\libhal_bsp.a(altera_nios2_qsys_irq.o)
                0x0081b0f0                altera_nios2_qsys_irq_init
 .text          0x0081b110        0x0 C:/Users/SarahLynn/Documents/School/School3/EECE381/LSN/LSN_bsp/\libhal_bsp.a(alt_exception_entry.o)
 .text          0x0081b110      0x120 C:/Users/SarahLynn/Documents/School/School3/EECE381/LSN/LSN_bsp/\libhal_bsp.a(alt_find_file.o)
                0x0081b110                alt_find_file
 .text          0x0081b230       0xb8 C:/Users/SarahLynn/Documents/School/School3/EECE381/LSN/LSN_bsp/\libhal_bsp.a(alt_get_fd.o)
                0x0081b230                alt_get_fd
 .text          0x0081b2e8       0x90 C:/Users/SarahLynn/Documents/School/School3/EECE381/LSN/LSN_bsp/\libhal_bsp.a(alt_icache_flush.o)
                0x0081b2e8                alt_icache_flush
 .text          0x0081b378       0x14 c:/altera/12.0sp2/nios2eds/bin/gnu/h-i686-mingw32/bin/../lib/gcc/nios2-elf/4.1.2/../../../../nios2-elf/lib\libc.a(lib_a-atexit.o)
                0x0081b378                atexit
 .text          0x0081b38c       0x38 c:/altera/12.0sp2/nios2eds/bin/gnu/h-i686-mingw32/bin/../lib/gcc/nios2-elf/4.1.2/../../../../nios2-elf/lib\libc.a(lib_a-exit.o)
                0x0081b38c                exit
 .text          0x0081b3c4       0x74 c:/altera/12.0sp2/nios2eds/bin/gnu/h-i686-mingw32/bin/../lib/gcc/nios2-elf/4.1.2/../../../../nios2-elf/lib\libc.a(lib_a-memcmp.o)
                0x0081b3c4                memcmp
 .text          0x0081b438      0x134 c:/altera/12.0sp2/nios2eds/bin/gnu/h-i686-mingw32/bin/../lib/gcc/nios2-elf/4.1.2/../../../../nios2-elf/lib\libc.a(lib_a-__atexit.o)
                0x0081b438                __register_exitproc
 .text          0x0081b56c      0x1b4 c:/altera/12.0sp2/nios2eds/bin/gnu/h-i686-mingw32/bin/../lib/gcc/nios2-elf/4.1.2/../../../../nios2-elf/lib\libc.a(lib_a-__call_atexit.o)
                0x0081b570                __call_exitprocs
 .text          0x0081b720       0x60 C:/Users/SarahLynn/Documents/School/School3/EECE381/LSN/LSN_bsp/\libhal_bsp.a(alt_exit.o)
                0x0081b760                _exit
 *(.gnu.warning.*)
 *(.fini)
                0x0081b780                PROVIDE (__etext, ABSOLUTE (.))
                0x0081b780                PROVIDE (_etext, ABSOLUTE (.))
                0x0081b780                PROVIDE (etext, ABSOLUTE (.))
 *(.eh_frame_hdr)
                0x0081b780                . = ALIGN (0x4)
                0x0081b780                PROVIDE (__preinit_array_start, ABSOLUTE (.))
 *(.preinit_array)
                0x0081b780                PROVIDE (__preinit_array_end, ABSOLUTE (.))
                0x0081b780                PROVIDE (__init_array_start, ABSOLUTE (.))
 *(.init_array)
                0x0081b780                PROVIDE (__init_array_end, ABSOLUTE (.))
                0x0081b780                PROVIDE (__fini_array_start, ABSOLUTE (.))
 *(.fini_array)
                0x0081b780                PROVIDE (__fini_array_end, ABSOLUTE (.))
 *(.eh_frame)
 .eh_frame      0x0081b780       0x40 c:/altera/12.0sp2/nios2eds/bin/gnu/h-i686-mingw32/bin/../lib/gcc/nios2-elf/4.1.2\libgcc.a(_udivdi3.o)
 .eh_frame      0x0081b7c0       0x2c c:/altera/12.0sp2/nios2eds/bin/gnu/h-i686-mingw32/bin/../lib/gcc/nios2-elf/4.1.2\libgcc.a(_umoddi3.o)
                                 0x40 (size before relaxing)
 *(.gcc_except_table)
 *(.dynamic)
                0x0081b7ec                PROVIDE (__CTOR_LIST__, ABSOLUTE (.))
 *(.ctors)
 *(SORT(.ctors.*))
 .ctors.65535   0x0081b7ec        0x4 c:/altera/12.0sp2/nios2eds/bin/gnu/h-i686-mingw32/bin/../lib/gcc/nios2-elf/4.1.2/../../../../nios2-elf/lib\libc.a(lib_a-__call_atexit.o)
                0x0081b7f0                PROVIDE (__CTOR_END__, ABSOLUTE (.))
                0x0081b7f0                PROVIDE (__DTOR_LIST__, ABSOLUTE (.))
 *(.dtors)
 *(SORT(.dtors.*))
                0x0081b7f0                PROVIDE (__DTOR_END__, ABSOLUTE (.))
 *(.jcr)
                0x0081b7f0                . = ALIGN (0x4)

.rodata         0x0081b7f0      0xd74
                0x0081b7f0                PROVIDE (__ram_rodata_start, ABSOLUTE (.))
                0x0081b7f0                . = ALIGN (0x4)
 *(.rodata .rodata.* .gnu.linkonce.r.*)
 .rodata        0x0081b7f0      0x26c obj/default/audio.o
 .rodata        0x0081ba5c       0x24 obj/default/bmp.o
 .rodata        0x0081ba80       0x68 obj/default/bullet.o
 .rodata        0x0081bae8       0x38 obj/default/collision.o
 .rodata        0x0081bb20       0x20 obj/default/displacement.o
 .rodata        0x0081bb40       0x18 obj/default/lcd.o
 .rodata        0x0081bb58       0x78 obj/default/main.o
 .rodata        0x0081bbd0      0x1c8 obj/default/score.o
 .rodata        0x0081bd98       0x94 obj/default/sd_card.o
 .rodata        0x0081be2c       0xa4 obj/default/shark.o
 .rodata        0x0081bed0      0x1ec obj/default/timer.o
 .rodata        0x0081c0bc       0x3c obj/default/vga.o
 .rodata.str1.4
                0x0081c0f8        0x4 c:/altera/12.0sp2/nios2eds/bin/gnu/h-i686-mingw32/bin/../lib/gcc/nios2-elf/4.1.2/../../../../nios2-elf/lib\libm.a(lib_a-w_pow.o)
 .rodata.str1.4
                0x00000000        0x4 c:/altera/12.0sp2/nios2eds/bin/gnu/h-i686-mingw32/bin/../lib/gcc/nios2-elf/4.1.2/../../../../nios2-elf/lib\libm.a(lib_a-e_pow.o)
 .rodata        0x0081c0fc       0x30 c:/altera/12.0sp2/nios2eds/bin/gnu/h-i686-mingw32/bin/../lib/gcc/nios2-elf/4.1.2/../../../../nios2-elf/lib\libm.a(lib_a-e_pow.o)
 .rodata        0x0081c12c       0x10 c:/altera/12.0sp2/nios2eds/bin/gnu/h-i686-mingw32/bin/../lib/gcc/nios2-elf/4.1.2/../../../../nios2-elf/lib\libm.a(lib_a-s_rint.o)
 .rodata        0x0081c13c       0x10 c:/altera/12.0sp2/nios2eds/bin/gnu/h-i686-mingw32/bin/../lib/gcc/nios2-elf/4.1.2\libgcc.a(_thenan_sf.o)
                0x0081c13c                __thenan_sf
 .rodata        0x0081c14c       0x14 c:/altera/12.0sp2/nios2eds/bin/gnu/h-i686-mingw32/bin/../lib/gcc/nios2-elf/4.1.2\libgcc.a(_thenan_df.o)
                0x0081c14c                __thenan_df
 .rodata        0x0081c160      0x100 c:/altera/12.0sp2/nios2eds/bin/gnu/h-i686-mingw32/bin/../lib/gcc/nios2-elf/4.1.2\libgcc.a(_clz.o)
                0x0081c160                __clz_tab
 .rodata.str1.4
                0x0081c260        0x2 c:/altera/12.0sp2/nios2eds/bin/gnu/h-i686-mingw32/bin/../lib/gcc/nios2-elf/4.1.2/../../../../nios2-elf/lib\libc.a(lib_a-impure.o)
                                  0x4 (size before relaxing)
 *fill*         0x0081c262        0x2 00
 .rodata.str1.4
                0x0081c264        0x2 c:/altera/12.0sp2/nios2eds/bin/gnu/h-i686-mingw32/bin/../lib/gcc/nios2-elf/4.1.2/../../../../nios2-elf/lib\libc.a(lib_a-puts.o)
                                  0x4 (size before relaxing)
 *fill*         0x0081c266        0x2 00
 .rodata.str1.4
                0x0081c268       0x5e c:/altera/12.0sp2/nios2eds/bin/gnu/h-i686-mingw32/bin/../lib/gcc/nios2-elf/4.1.2/../../../../nios2-elf/lib\libc.a(lib_a-vfprintf.o)
                                 0x60 (size before relaxing)
 .rodata        0x0081c2c6       0x20 c:/altera/12.0sp2/nios2eds/bin/gnu/h-i686-mingw32/bin/../lib/gcc/nios2-elf/4.1.2/../../../../nios2-elf/lib\libc.a(lib_a-vfprintf.o)
 *fill*         0x0081c2e6        0x2 00
 .rodata.str1.4
                0x0081c2e8       0x10 c:/altera/12.0sp2/nios2eds/bin/gnu/h-i686-mingw32/bin/../lib/gcc/nios2-elf/4.1.2/../../../../nios2-elf/lib\libc.a(lib_a-dtoa.o)
                                 0x14 (size before relaxing)
 .rodata.str1.4
                0x0081c2f8       0x10 c:/altera/12.0sp2/nios2eds/bin/gnu/h-i686-mingw32/bin/../lib/gcc/nios2-elf/4.1.2/../../../../nios2-elf/lib\libc.a(lib_a-locale.o)
                                 0x18 (size before relaxing)
 .rodata        0x0081c308       0x30 c:/altera/12.0sp2/nios2eds/bin/gnu/h-i686-mingw32/bin/../lib/gcc/nios2-elf/4.1.2/../../../../nios2-elf/lib\libc.a(lib_a-locale.o)
 .rodata        0x0081c338      0x124 c:/altera/12.0sp2/nios2eds/bin/gnu/h-i686-mingw32/bin/../lib/gcc/nios2-elf/4.1.2/../../../../nios2-elf/lib\libc.a(lib_a-mprec.o)
                0x0081c338                __mprec_tens
                0x0081c400                __mprec_bigtens
                0x0081c428                __mprec_tinytens
 .rodata        0x0081c45c        0xc C:/Users/SarahLynn/Documents/School/School3/EECE381/LSN/LSN_bsp/\libhal_bsp.a(alt_dev.o)
 .rodata        0x0081c468       0x14 C:/Users/SarahLynn/Documents/School/School3/EECE381/LSN/LSN_bsp/\libhal_bsp.a(alt_main.o)
 .rodata        0x0081c47c       0xcc C:/Users/SarahLynn/Documents/School/School3/EECE381/LSN/LSN_bsp/\libhal_bsp.a(alt_sys_init.o)
 .rodata        0x0081c548       0x1c C:/Users/SarahLynn/Documents/School/School3/EECE381/LSN/LSN_bsp/\libhal_bsp.a(altera_up_avalon_video_character_buffer_with_dma.o)
 *(.rodata1)
                0x0081c564                . = ALIGN (0x4)
                0x0081c564                PROVIDE (__ram_rodata_end, ABSOLUTE (.))
                0x0081b7f0                PROVIDE (__flash_rodata_start, LOADADDR (.rodata))

.rwdata         0x0081c564     0x1bc8 load address 0x0081e12c
                0x0081c564                PROVIDE (__ram_rwdata_start, ABSOLUTE (.))
                0x0081c564                . = ALIGN (0x4)
 *(.got.plt)
 *(.got)
 *(.data1)
 *(.data .data.* .gnu.linkonce.d.*)
 .data          0x0081c564        0x0 C:/Users/SarahLynn/Documents/School/School3/EECE381/LSN/LSN_bsp//obj/HAL/src/crt0.o
 .data          0x0081c564        0x0 obj/default/audio.o
 .data          0x0081c564        0x0 obj/default/bmp.o
 .data          0x0081c564        0x0 obj/default/bullet.o
 .data          0x0081c564        0x0 obj/default/collision.o
 .data          0x0081c564        0x0 obj/default/displacement.o
 .data          0x0081c564        0x0 obj/default/input.o
 .data          0x0081c564        0x0 obj/default/lcd.o
 .data          0x0081c564        0x0 obj/default/main.o
 .data          0x0081c564        0x0 obj/default/player.o
 .data          0x0081c564        0x0 obj/default/score.o
 .data          0x0081c564        0x0 obj/default/sd_card.o
 .data          0x0081c564        0x0 obj/default/shark.o
 .data          0x0081c564        0x0 obj/default/splash.o
 .data          0x0081c564        0x0 obj/default/timer.o
 .data          0x0081c564        0x0 obj/default/vga.o
 .data          0x0081c564        0x0 c:/altera/12.0sp2/nios2eds/bin/gnu/h-i686-mingw32/bin/../lib/gcc/nios2-elf/4.1.2/../../../../nios2-elf/lib\libm.a(lib_a-w_pow.o)
 .data          0x0081c564        0x0 c:/altera/12.0sp2/nios2eds/bin/gnu/h-i686-mingw32/bin/../lib/gcc/nios2-elf/4.1.2/../../../../nios2-elf/lib\libm.a(lib_a-e_pow.o)
 .data          0x0081c564        0x0 c:/altera/12.0sp2/nios2eds/bin/gnu/h-i686-mingw32/bin/../lib/gcc/nios2-elf/4.1.2/../../../../nios2-elf/lib\libm.a(lib_a-e_sqrt.o)
 .data          0x0081c564        0x0 c:/altera/12.0sp2/nios2eds/bin/gnu/h-i686-mingw32/bin/../lib/gcc/nios2-elf/4.1.2/../../../../nios2-elf/lib\libm.a(lib_a-s_fabs.o)
 .data          0x0081c564        0x0 c:/altera/12.0sp2/nios2eds/bin/gnu/h-i686-mingw32/bin/../lib/gcc/nios2-elf/4.1.2/../../../../nios2-elf/lib\libm.a(lib_a-s_finite.o)
 .data          0x0081c564        0x0 c:/altera/12.0sp2/nios2eds/bin/gnu/h-i686-mingw32/bin/../lib/gcc/nios2-elf/4.1.2/../../../../nios2-elf/lib\libm.a(lib_a-s_isnand.o)
 .data          0x0081c564        0x0 c:/altera/12.0sp2/nios2eds/bin/gnu/h-i686-mingw32/bin/../lib/gcc/nios2-elf/4.1.2/../../../../nios2-elf/lib\libm.a(lib_a-s_lib_ver.o)
 .data          0x0081c564        0x0 c:/altera/12.0sp2/nios2eds/bin/gnu/h-i686-mingw32/bin/../lib/gcc/nios2-elf/4.1.2/../../../../nios2-elf/lib\libm.a(lib_a-s_matherr.o)
 .data          0x0081c564        0x0 c:/altera/12.0sp2/nios2eds/bin/gnu/h-i686-mingw32/bin/../lib/gcc/nios2-elf/4.1.2/../../../../nios2-elf/lib\libm.a(lib_a-s_nan.o)
 .data          0x0081c564        0x0 c:/altera/12.0sp2/nios2eds/bin/gnu/h-i686-mingw32/bin/../lib/gcc/nios2-elf/4.1.2/../../../../nios2-elf/lib\libm.a(lib_a-s_rint.o)
 .data          0x0081c564        0x0 c:/altera/12.0sp2/nios2eds/bin/gnu/h-i686-mingw32/bin/../lib/gcc/nios2-elf/4.1.2/../../../../nios2-elf/lib\libm.a(lib_a-s_scalbn.o)
 .data          0x0081c564        0x0 c:/altera/12.0sp2/nios2eds/bin/gnu/h-i686-mingw32/bin/../lib/gcc/nios2-elf/4.1.2/../../../../nios2-elf/lib\libm.a(lib_a-s_copysign.o)
 .data          0x0081c564        0x0 c:/altera/12.0sp2/nios2eds/bin/gnu/h-i686-mingw32/bin/../lib/gcc/nios2-elf/4.1.2\libgcc.a(_div_sf.o)
 .data          0x0081c564        0x0 c:/altera/12.0sp2/nios2eds/bin/gnu/h-i686-mingw32/bin/../lib/gcc/nios2-elf/4.1.2\libgcc.a(_si_to_sf.o)
 .data          0x0081c564        0x0 c:/altera/12.0sp2/nios2eds/bin/gnu/h-i686-mingw32/bin/../lib/gcc/nios2-elf/4.1.2\libgcc.a(_sf_to_df.o)
 .data          0x0081c564        0x0 c:/altera/12.0sp2/nios2eds/bin/gnu/h-i686-mingw32/bin/../lib/gcc/nios2-elf/4.1.2\libgcc.a(_thenan_sf.o)
 .data          0x0081c564        0x0 c:/altera/12.0sp2/nios2eds/bin/gnu/h-i686-mingw32/bin/../lib/gcc/nios2-elf/4.1.2\libgcc.a(_addsub_df.o)
 .data          0x0081c564        0x0 c:/altera/12.0sp2/nios2eds/bin/gnu/h-i686-mingw32/bin/../lib/gcc/nios2-elf/4.1.2\libgcc.a(_mul_df.o)
 .data          0x0081c564        0x0 c:/altera/12.0sp2/nios2eds/bin/gnu/h-i686-mingw32/bin/../lib/gcc/nios2-elf/4.1.2\libgcc.a(_div_df.o)
 .data          0x0081c564        0x0 c:/altera/12.0sp2/nios2eds/bin/gnu/h-i686-mingw32/bin/../lib/gcc/nios2-elf/4.1.2\libgcc.a(_eq_df.o)
 .data          0x0081c564        0x0 c:/altera/12.0sp2/nios2eds/bin/gnu/h-i686-mingw32/bin/../lib/gcc/nios2-elf/4.1.2\libgcc.a(_ne_df.o)
 .data          0x0081c564        0x0 c:/altera/12.0sp2/nios2eds/bin/gnu/h-i686-mingw32/bin/../lib/gcc/nios2-elf/4.1.2\libgcc.a(_gt_df.o)
 .data          0x0081c564        0x0 c:/altera/12.0sp2/nios2eds/bin/gnu/h-i686-mingw32/bin/../lib/gcc/nios2-elf/4.1.2\libgcc.a(_lt_df.o)
 .data          0x0081c564        0x0 c:/altera/12.0sp2/nios2eds/bin/gnu/h-i686-mingw32/bin/../lib/gcc/nios2-elf/4.1.2\libgcc.a(_le_df.o)
 .data          0x0081c564        0x0 c:/altera/12.0sp2/nios2eds/bin/gnu/h-i686-mingw32/bin/../lib/gcc/nios2-elf/4.1.2\libgcc.a(_si_to_df.o)
 .data          0x0081c564        0x0 c:/altera/12.0sp2/nios2eds/bin/gnu/h-i686-mingw32/bin/../lib/gcc/nios2-elf/4.1.2\libgcc.a(_df_to_si.o)
 .data          0x0081c564        0x0 c:/altera/12.0sp2/nios2eds/bin/gnu/h-i686-mingw32/bin/../lib/gcc/nios2-elf/4.1.2\libgcc.a(_make_df.o)
 .data          0x0081c564        0x0 c:/altera/12.0sp2/nios2eds/bin/gnu/h-i686-mingw32/bin/../lib/gcc/nios2-elf/4.1.2\libgcc.a(_thenan_df.o)
 .data          0x0081c564        0x0 c:/altera/12.0sp2/nios2eds/bin/gnu/h-i686-mingw32/bin/../lib/gcc/nios2-elf/4.1.2\libgcc.a(lib2-divmod.o)
 .data          0x0081c564        0x0 c:/altera/12.0sp2/nios2eds/bin/gnu/h-i686-mingw32/bin/../lib/gcc/nios2-elf/4.1.2\libgcc.a(_muldi3.o)
 .data          0x0081c564        0x0 c:/altera/12.0sp2/nios2eds/bin/gnu/h-i686-mingw32/bin/../lib/gcc/nios2-elf/4.1.2\libgcc.a(_clzsi2.o)
 .data          0x0081c564        0x0 c:/altera/12.0sp2/nios2eds/bin/gnu/h-i686-mingw32/bin/../lib/gcc/nios2-elf/4.1.2\libgcc.a(_pack_sf.o)
 .data          0x0081c564        0x0 c:/altera/12.0sp2/nios2eds/bin/gnu/h-i686-mingw32/bin/../lib/gcc/nios2-elf/4.1.2\libgcc.a(_unpack_sf.o)
 .data          0x0081c564        0x0 c:/altera/12.0sp2/nios2eds/bin/gnu/h-i686-mingw32/bin/../lib/gcc/nios2-elf/4.1.2\libgcc.a(_pack_df.o)
 .data          0x0081c564        0x0 c:/altera/12.0sp2/nios2eds/bin/gnu/h-i686-mingw32/bin/../lib/gcc/nios2-elf/4.1.2\libgcc.a(_unpack_df.o)
 .data          0x0081c564        0x0 c:/altera/12.0sp2/nios2eds/bin/gnu/h-i686-mingw32/bin/../lib/gcc/nios2-elf/4.1.2\libgcc.a(_fpcmp_parts_df.o)
 .data          0x0081c564        0x0 c:/altera/12.0sp2/nios2eds/bin/gnu/h-i686-mingw32/bin/../lib/gcc/nios2-elf/4.1.2\libgcc.a(_clz.o)
 .data          0x0081c564        0x0 c:/altera/12.0sp2/nios2eds/bin/gnu/h-i686-mingw32/bin/../lib/gcc/nios2-elf/4.1.2/../../../../nios2-elf/lib\libc.a(lib_a-errno.o)
 .data          0x0081c564      0x400 c:/altera/12.0sp2/nios2eds/bin/gnu/h-i686-mingw32/bin/../lib/gcc/nios2-elf/4.1.2/../../../../nios2-elf/lib\libc.a(lib_a-impure.o)
 .data          0x0081c964        0x0 c:/altera/12.0sp2/nios2eds/bin/gnu/h-i686-mingw32/bin/../lib/gcc/nios2-elf/4.1.2/../../../../nios2-elf/lib\libc.a(lib_a-malloc.o)
 .data          0x0081c964      0x408 c:/altera/12.0sp2/nios2eds/bin/gnu/h-i686-mingw32/bin/../lib/gcc/nios2-elf/4.1.2/../../../../nios2-elf/lib\libc.a(lib_a-mallocr.o)
                0x0081c964                __malloc_av_
 .data          0x0081cd6c        0x0 c:/altera/12.0sp2/nios2eds/bin/gnu/h-i686-mingw32/bin/../lib/gcc/nios2-elf/4.1.2/../../../../nios2-elf/lib\libc.a(lib_a-printf.o)
 .data          0x0081cd6c        0x0 c:/altera/12.0sp2/nios2eds/bin/gnu/h-i686-mingw32/bin/../lib/gcc/nios2-elf/4.1.2/../../../../nios2-elf/lib\libc.a(lib_a-puts.o)
 .data          0x0081cd6c        0x0 c:/altera/12.0sp2/nios2eds/bin/gnu/h-i686-mingw32/bin/../lib/gcc/nios2-elf/4.1.2/../../../../nios2-elf/lib\libc.a(lib_a-rand.o)
 .data          0x0081cd6c        0x0 c:/altera/12.0sp2/nios2eds/bin/gnu/h-i686-mingw32/bin/../lib/gcc/nios2-elf/4.1.2/../../../../nios2-elf/lib\libc.a(lib_a-sbrkr.o)
 .data          0x0081cd6c        0x0 c:/altera/12.0sp2/nios2eds/bin/gnu/h-i686-mingw32/bin/../lib/gcc/nios2-elf/4.1.2/../../../../nios2-elf/lib\libc.a(lib_a-strlen.o)
 .data          0x0081cd6c        0x0 c:/altera/12.0sp2/nios2eds/bin/gnu/h-i686-mingw32/bin/../lib/gcc/nios2-elf/4.1.2/../../../../nios2-elf/lib\libc.a(lib_a-time.o)
 .data          0x0081cd6c        0x0 c:/altera/12.0sp2/nios2eds/bin/gnu/h-i686-mingw32/bin/../lib/gcc/nios2-elf/4.1.2/../../../../nios2-elf/lib\libc.a(lib_a-vfprintf.o)
 .data          0x0081cd6c        0x0 c:/altera/12.0sp2/nios2eds/bin/gnu/h-i686-mingw32/bin/../lib/gcc/nios2-elf/4.1.2/../../../../nios2-elf/lib\libc.a(lib_a-wsetup.o)
 .data          0x0081cd6c        0x0 c:/altera/12.0sp2/nios2eds/bin/gnu/h-i686-mingw32/bin/../lib/gcc/nios2-elf/4.1.2/../../../../nios2-elf/lib\libc.a(lib_a-dtoa.o)
 .data          0x0081cd6c        0x0 c:/altera/12.0sp2/nios2eds/bin/gnu/h-i686-mingw32/bin/../lib/gcc/nios2-elf/4.1.2/../../../../nios2-elf/lib\libc.a(lib_a-fflush.o)
 .data          0x0081cd6c        0x0 c:/altera/12.0sp2/nios2eds/bin/gnu/h-i686-mingw32/bin/../lib/gcc/nios2-elf/4.1.2/../../../../nios2-elf/lib\libc.a(lib_a-findfp.o)
 .data          0x0081cd6c        0x0 c:/altera/12.0sp2/nios2eds/bin/gnu/h-i686-mingw32/bin/../lib/gcc/nios2-elf/4.1.2/../../../../nios2-elf/lib\libc.a(lib_a-freer.o)
 .data          0x0081cd6c        0x0 c:/altera/12.0sp2/nios2eds/bin/gnu/h-i686-mingw32/bin/../lib/gcc/nios2-elf/4.1.2/../../../../nios2-elf/lib\libc.a(lib_a-fvwrite.o)
 .data          0x0081cd6c        0x0 c:/altera/12.0sp2/nios2eds/bin/gnu/h-i686-mingw32/bin/../lib/gcc/nios2-elf/4.1.2/../../../../nios2-elf/lib\libc.a(lib_a-fwalk.o)
 .data          0x0081cd6c        0x0 c:/altera/12.0sp2/nios2eds/bin/gnu/h-i686-mingw32/bin/../lib/gcc/nios2-elf/4.1.2/../../../../nios2-elf/lib\libc.a(lib_a-gettimeofdayr.o)
 .data          0x0081cd6c        0x0 c:/altera/12.0sp2/nios2eds/bin/gnu/h-i686-mingw32/bin/../lib/gcc/nios2-elf/4.1.2/../../../../nios2-elf/lib\libc.a(lib_a-int_errno.o)
 .data          0x0081cd6c        0xc c:/altera/12.0sp2/nios2eds/bin/gnu/h-i686-mingw32/bin/../lib/gcc/nios2-elf/4.1.2/../../../../nios2-elf/lib\libc.a(lib_a-locale.o)
                0x0081cd6c                __lc_ctype
 .data          0x0081cd78        0x0 c:/altera/12.0sp2/nios2eds/bin/gnu/h-i686-mingw32/bin/../lib/gcc/nios2-elf/4.1.2/../../../../nios2-elf/lib\libc.a(lib_a-makebuf.o)
 .data          0x0081cd78        0x0 c:/altera/12.0sp2/nios2eds/bin/gnu/h-i686-mingw32/bin/../lib/gcc/nios2-elf/4.1.2/../../../../nios2-elf/lib\libc.a(lib_a-memchr.o)
 .data          0x0081cd78        0x0 c:/altera/12.0sp2/nios2eds/bin/gnu/h-i686-mingw32/bin/../lib/gcc/nios2-elf/4.1.2/../../../../nios2-elf/lib\libc.a(lib_a-memcpy.o)
 .data          0x0081cd78        0x0 c:/altera/12.0sp2/nios2eds/bin/gnu/h-i686-mingw32/bin/../lib/gcc/nios2-elf/4.1.2/../../../../nios2-elf/lib\libc.a(lib_a-memmove.o)
 .data          0x0081cd78        0x0 c:/altera/12.0sp2/nios2eds/bin/gnu/h-i686-mingw32/bin/../lib/gcc/nios2-elf/4.1.2/../../../../nios2-elf/lib\libc.a(lib_a-memset.o)
 .data          0x0081cd78        0x0 c:/altera/12.0sp2/nios2eds/bin/gnu/h-i686-mingw32/bin/../lib/gcc/nios2-elf/4.1.2/../../../../nios2-elf/lib\libc.a(lib_a-mprec.o)
 .data          0x0081cd78        0x0 c:/altera/12.0sp2/nios2eds/bin/gnu/h-i686-mingw32/bin/../lib/gcc/nios2-elf/4.1.2/../../../../nios2-elf/lib\libc.a(lib_a-reallocr.o)
 .data          0x0081cd78        0x0 c:/altera/12.0sp2/nios2eds/bin/gnu/h-i686-mingw32/bin/../lib/gcc/nios2-elf/4.1.2/../../../../nios2-elf/lib\libc.a(lib_a-s_isinfd.o)
 .data          0x0081cd78        0x0 c:/altera/12.0sp2/nios2eds/bin/gnu/h-i686-mingw32/bin/../lib/gcc/nios2-elf/4.1.2/../../../../nios2-elf/lib\libc.a(lib_a-stdio.o)
 .data          0x0081cd78        0x0 c:/altera/12.0sp2/nios2eds/bin/gnu/h-i686-mingw32/bin/../lib/gcc/nios2-elf/4.1.2/../../../../nios2-elf/lib\libc.a(lib_a-strcmp.o)
 .data          0x0081cd78        0x0 c:/altera/12.0sp2/nios2eds/bin/gnu/h-i686-mingw32/bin/../lib/gcc/nios2-elf/4.1.2/../../../../nios2-elf/lib\libc.a(lib_a-writer.o)
 .data          0x0081cd78        0x0 c:/altera/12.0sp2/nios2eds/bin/gnu/h-i686-mingw32/bin/../lib/gcc/nios2-elf/4.1.2/../../../../nios2-elf/lib\libc.a(lib_a-callocr.o)
 .data          0x0081cd78        0x0 c:/altera/12.0sp2/nios2eds/bin/gnu/h-i686-mingw32/bin/../lib/gcc/nios2-elf/4.1.2/../../../../nios2-elf/lib\libc.a(lib_a-closer.o)
 .data          0x0081cd78        0x0 c:/altera/12.0sp2/nios2eds/bin/gnu/h-i686-mingw32/bin/../lib/gcc/nios2-elf/4.1.2/../../../../nios2-elf/lib\libc.a(lib_a-fclose.o)
 .data          0x0081cd78        0x0 c:/altera/12.0sp2/nios2eds/bin/gnu/h-i686-mingw32/bin/../lib/gcc/nios2-elf/4.1.2/../../../../nios2-elf/lib\libc.a(lib_a-fstatr.o)
 .data          0x0081cd78        0x0 c:/altera/12.0sp2/nios2eds/bin/gnu/h-i686-mingw32/bin/../lib/gcc/nios2-elf/4.1.2/../../../../nios2-elf/lib\libc.a(lib_a-isattyr.o)
 .data          0x0081cd78        0x0 c:/altera/12.0sp2/nios2eds/bin/gnu/h-i686-mingw32/bin/../lib/gcc/nios2-elf/4.1.2/../../../../nios2-elf/lib\libc.a(lib_a-lseekr.o)
 .data          0x0081cd78        0x0 c:/altera/12.0sp2/nios2eds/bin/gnu/h-i686-mingw32/bin/../lib/gcc/nios2-elf/4.1.2/../../../../nios2-elf/lib\libc.a(lib_a-readr.o)
 .data          0x0081cd78        0x0 c:/altera/12.0sp2/nios2eds/bin/gnu/h-i686-mingw32/bin/../lib/gcc/nios2-elf/4.1.2\libgcc.a(_udivdi3.o)
 .data          0x0081cd78        0x0 c:/altera/12.0sp2/nios2eds/bin/gnu/h-i686-mingw32/bin/../lib/gcc/nios2-elf/4.1.2\libgcc.a(_umoddi3.o)
 .data          0x0081cd78        0x0 c:/altera/12.0sp2/nios2eds/bin/gnu/h-i686-mingw32/bin/../lib/gcc/nios2-elf/4.1.2\libgcc.a(_ge_df.o)
 .data          0x0081cd78        0x0 c:/altera/12.0sp2/nios2eds/bin/gnu/h-i686-mingw32/bin/../lib/gcc/nios2-elf/4.1.2\libgcc.a(_usi_to_df.o)
 .data          0x0081cd78        0x0 C:/Users/SarahLynn/Documents/School/School3/EECE381/LSN/LSN_bsp/\libhal_bsp.a(alt_close.o)
 .data          0x0081cd78      0x1a8 C:/Users/SarahLynn/Documents/School/School3/EECE381/LSN/LSN_bsp/\libhal_bsp.a(alt_dev.o)
                0x0081cd78                alt_dev_null
                0x0081cda0                alt_fd_list
 .data          0x0081cf20        0x0 C:/Users/SarahLynn/Documents/School/School3/EECE381/LSN/LSN_bsp/\libhal_bsp.a(alt_errno.o)
 .data          0x0081cf20        0x0 C:/Users/SarahLynn/Documents/School/School3/EECE381/LSN/LSN_bsp/\libhal_bsp.a(alt_fstat.o)
 .data          0x0081cf20        0x0 C:/Users/SarahLynn/Documents/School/School3/EECE381/LSN/LSN_bsp/\libhal_bsp.a(alt_gettod.o)
 .data          0x0081cf20        0x0 C:/Users/SarahLynn/Documents/School/School3/EECE381/LSN/LSN_bsp/\libhal_bsp.a(alt_irq_register.o)
 .data          0x0081cf20        0x0 C:/Users/SarahLynn/Documents/School/School3/EECE381/LSN/LSN_bsp/\libhal_bsp.a(alt_irq_vars.o)
 .data          0x0081cf20        0x0 C:/Users/SarahLynn/Documents/School/School3/EECE381/LSN/LSN_bsp/\libhal_bsp.a(alt_isatty.o)
 .data          0x0081cf20        0x0 C:/Users/SarahLynn/Documents/School/School3/EECE381/LSN/LSN_bsp/\libhal_bsp.a(alt_load.o)
 .data          0x0081cf20        0x0 C:/Users/SarahLynn/Documents/School/School3/EECE381/LSN/LSN_bsp/\libhal_bsp.a(alt_lseek.o)
 .data          0x0081cf20        0x0 C:/Users/SarahLynn/Documents/School/School3/EECE381/LSN/LSN_bsp/\libhal_bsp.a(alt_main.o)
 .data          0x0081cf20        0x0 C:/Users/SarahLynn/Documents/School/School3/EECE381/LSN/LSN_bsp/\libhal_bsp.a(alt_malloc_lock.o)
 .data          0x0081cf20        0x0 C:/Users/SarahLynn/Documents/School/School3/EECE381/LSN/LSN_bsp/\libhal_bsp.a(alt_read.o)
 .data          0x0081cf20        0x0 C:/Users/SarahLynn/Documents/School/School3/EECE381/LSN/LSN_bsp/\libhal_bsp.a(alt_release_fd.o)
 .data          0x0081cf20        0x0 C:/Users/SarahLynn/Documents/School/School3/EECE381/LSN/LSN_bsp/\libhal_bsp.a(alt_sbrk.o)
 .data          0x0081cf20        0x0 C:/Users/SarahLynn/Documents/School/School3/EECE381/LSN/LSN_bsp/\libhal_bsp.a(alt_tick.o)
 .data          0x0081cf20        0x0 C:/Users/SarahLynn/Documents/School/School3/EECE381/LSN/LSN_bsp/\libhal_bsp.a(alt_usleep.o)
 .data          0x0081cf20        0x0 C:/Users/SarahLynn/Documents/School/School3/EECE381/LSN/LSN_bsp/\libhal_bsp.a(alt_write.o)
 .data          0x0081cf20     0x11b4 C:/Users/SarahLynn/Documents/School/School3/EECE381/LSN/LSN_bsp/\libhal_bsp.a(alt_sys_init.o)
 .data          0x0081e0d4        0x0 C:/Users/SarahLynn/Documents/School/School3/EECE381/LSN/LSN_bsp/\libhal_bsp.a(altera_avalon_jtag_uart_fd.o)
 .data          0x0081e0d4        0x0 C:/Users/SarahLynn/Documents/School/School3/EECE381/LSN/LSN_bsp/\libhal_bsp.a(altera_avalon_jtag_uart_init.o)
 .data          0x0081e0d4        0x0 C:/Users/SarahLynn/Documents/School/School3/EECE381/LSN/LSN_bsp/\libhal_bsp.a(altera_avalon_jtag_uart_ioctl.o)
 .data          0x0081e0d4        0x0 C:/Users/SarahLynn/Documents/School/School3/EECE381/LSN/LSN_bsp/\libhal_bsp.a(altera_avalon_jtag_uart_read.o)
 .data          0x0081e0d4        0x0 C:/Users/SarahLynn/Documents/School/School3/EECE381/LSN/LSN_bsp/\libhal_bsp.a(altera_avalon_jtag_uart_write.o)
 .data          0x0081e0d4        0x0 C:/Users/SarahLynn/Documents/School/School3/EECE381/LSN/LSN_bsp/\libhal_bsp.a(altera_avalon_timer_sc.o)
 .data          0x0081e0d4        0x0 C:/Users/SarahLynn/Documents/School/School3/EECE381/LSN/LSN_bsp/\libhal_bsp.a(altera_avalon_timer_ts.o)
 .data          0x0081e0d4        0x0 C:/Users/SarahLynn/Documents/School/School3/EECE381/LSN/LSN_bsp/\libhal_bsp.a(altera_avalon_timer_vars.o)
 .data          0x0081e0d4        0x0 C:/Users/SarahLynn/Documents/School/School3/EECE381/LSN/LSN_bsp/\libhal_bsp.a(altera_up_avalon_audio.o)
 .data          0x0081e0d4        0x0 C:/Users/SarahLynn/Documents/School/School3/EECE381/LSN/LSN_bsp/\libhal_bsp.a(altera_up_avalon_audio_and_video_config.o)
 .data          0x0081e0d4        0x0 C:/Users/SarahLynn/Documents/School/School3/EECE381/LSN/LSN_bsp/\libhal_bsp.a(altera_up_avalon_character_lcd.o)
 .data          0x0081e0d4        0x0 C:/Users/SarahLynn/Documents/School/School3/EECE381/LSN/LSN_bsp/\libhal_bsp.a(altera_up_avalon_video_character_buffer_with_dma.o)
 .data          0x0081e0d4        0x0 C:/Users/SarahLynn/Documents/School/School3/EECE381/LSN/LSN_bsp/\libhal_bsp.a(altera_up_avalon_video_pixel_buffer_dma.o)
 .data          0x0081e0d4        0x0 C:/Users/SarahLynn/Documents/School/School3/EECE381/LSN/LSN_bsp/\libhal_bsp.a(altera_up_sd_card_avalon_interface.o)
 .data          0x0081e0d4        0x0 C:/Users/SarahLynn/Documents/School/School3/EECE381/LSN/LSN_bsp/\libhal_bsp.a(alt_alarm_start.o)
 .data          0x0081e0d4        0x0 C:/Users/SarahLynn/Documents/School/School3/EECE381/LSN/LSN_bsp/\libhal_bsp.a(alt_busy_sleep.o)
 .data          0x0081e0d4        0x0 C:/Users/SarahLynn/Documents/School/School3/EECE381/LSN/LSN_bsp/\libhal_bsp.a(alt_dcache_flush_all.o)
 .data          0x0081e0d4        0x0 C:/Users/SarahLynn/Documents/School/School3/EECE381/LSN/LSN_bsp/\libhal_bsp.a(alt_dev_llist_insert.o)
 .data          0x0081e0d4        0x0 C:/Users/SarahLynn/Documents/School/School3/EECE381/LSN/LSN_bsp/\libhal_bsp.a(alt_do_ctors.o)
 .data          0x0081e0d4        0x0 C:/Users/SarahLynn/Documents/School/School3/EECE381/LSN/LSN_bsp/\libhal_bsp.a(alt_do_dtors.o)
 .data          0x0081e0d4        0x0 C:/Users/SarahLynn/Documents/School/School3/EECE381/LSN/LSN_bsp/\libhal_bsp.a(alt_find_dev.o)
 .data          0x0081e0d4        0x0 C:/Users/SarahLynn/Documents/School/School3/EECE381/LSN/LSN_bsp/\libhal_bsp.a(alt_icache_flush_all.o)
 .data          0x0081e0d4        0x0 C:/Users/SarahLynn/Documents/School/School3/EECE381/LSN/LSN_bsp/\libhal_bsp.a(alt_io_redirect.o)
 .data          0x0081e0d4        0x0 C:/Users/SarahLynn/Documents/School/School3/EECE381/LSN/LSN_bsp/\libhal_bsp.a(alt_irq_entry.o)
 .data          0x0081e0d4        0x0 C:/Users/SarahLynn/Documents/School/School3/EECE381/LSN/LSN_bsp/\libhal_bsp.a(alt_irq_handler.o)
 .data          0x0081e0d4        0x0 C:/Users/SarahLynn/Documents/School/School3/EECE381/LSN/LSN_bsp/\libhal_bsp.a(alt_open.o)
 .data          0x0081e0d4        0x0 C:/Users/SarahLynn/Documents/School/School3/EECE381/LSN/LSN_bsp/\libhal_bsp.a(altera_nios2_qsys_irq.o)
 .data          0x0081e0d4        0x0 C:/Users/SarahLynn/Documents/School/School3/EECE381/LSN/LSN_bsp/\libhal_bsp.a(alt_exception_entry.o)
 .data          0x0081e0d4        0x0 C:/Users/SarahLynn/Documents/School/School3/EECE381/LSN/LSN_bsp/\libhal_bsp.a(alt_find_file.o)
 .data          0x0081e0d4        0x0 C:/Users/SarahLynn/Documents/School/School3/EECE381/LSN/LSN_bsp/\libhal_bsp.a(alt_get_fd.o)
 .data          0x0081e0d4        0x0 C:/Users/SarahLynn/Documents/School/School3/EECE381/LSN/LSN_bsp/\libhal_bsp.a(alt_icache_flush.o)
 .data          0x0081e0d4        0x0 c:/altera/12.0sp2/nios2eds/bin/gnu/h-i686-mingw32/bin/../lib/gcc/nios2-elf/4.1.2/../../../../nios2-elf/lib\libc.a(lib_a-atexit.o)
 .data          0x0081e0d4        0x0 c:/altera/12.0sp2/nios2eds/bin/gnu/h-i686-mingw32/bin/../lib/gcc/nios2-elf/4.1.2/../../../../nios2-elf/lib\libc.a(lib_a-exit.o)
 .data          0x0081e0d4        0x0 c:/altera/12.0sp2/nios2eds/bin/gnu/h-i686-mingw32/bin/../lib/gcc/nios2-elf/4.1.2/../../../../nios2-elf/lib\libc.a(lib_a-memcmp.o)
 .data          0x0081e0d4        0x0 c:/altera/12.0sp2/nios2eds/bin/gnu/h-i686-mingw32/bin/../lib/gcc/nios2-elf/4.1.2/../../../../nios2-elf/lib\libc.a(lib_a-__atexit.o)
 .data          0x0081e0d4        0x0 c:/altera/12.0sp2/nios2eds/bin/gnu/h-i686-mingw32/bin/../lib/gcc/nios2-elf/4.1.2/../../../../nios2-elf/lib\libc.a(lib_a-__call_atexit.o)
 .data          0x0081e0d4        0x0 C:/Users/SarahLynn/Documents/School/School3/EECE381/LSN/LSN_bsp/\libhal_bsp.a(alt_exit.o)
                0x008260d4                _gp = ABSOLUTE ((. + 0x8000))
                0x008260d4                PROVIDE (gp, _gp)
 *(.rwdata .rwdata.*)
 *(.sdata .sdata.* .gnu.linkonce.s.*)
 .sdata         0x0081e0d4        0xc obj/default/audio.o
                0x0081e0d4                CONFIG_NAME
                0x0081e0d8                AUDIO_NAME
                0x0081e0dc                toneLength
 .sdata         0x0081e0e0        0x1 obj/default/input.o
 *fill*         0x0081e0e1        0x3 00
 .sdata         0x0081e0e4        0x4 obj/default/score.o
                0x0081e0e4                scoreFileName
 .sdata         0x0081e0e8        0x4 c:/altera/12.0sp2/nios2eds/bin/gnu/h-i686-mingw32/bin/../lib/gcc/nios2-elf/4.1.2/../../../../nios2-elf/lib\libm.a(lib_a-s_lib_ver.o)
                0x0081e0e8                __fdlib_version
 .sdata         0x0081e0ec        0x8 c:/altera/12.0sp2/nios2eds/bin/gnu/h-i686-mingw32/bin/../lib/gcc/nios2-elf/4.1.2/../../../../nios2-elf/lib\libc.a(lib_a-impure.o)
                0x0081e0ec                _impure_ptr
                0x0081e0f0                _global_impure_ptr
 .sdata         0x0081e0f4        0x8 c:/altera/12.0sp2/nios2eds/bin/gnu/h-i686-mingw32/bin/../lib/gcc/nios2-elf/4.1.2/../../../../nios2-elf/lib\libc.a(lib_a-mallocr.o)
                0x0081e0f4                __malloc_trim_threshold
                0x0081e0f8                __malloc_sbrk_base
 .sdata         0x0081e0fc        0x8 c:/altera/12.0sp2/nios2eds/bin/gnu/h-i686-mingw32/bin/../lib/gcc/nios2-elf/4.1.2/../../../../nios2-elf/lib\libc.a(lib_a-locale.o)
                0x0081e0fc                __mb_cur_max
 .sdata         0x0081e104       0x14 C:/Users/SarahLynn/Documents/School/School3/EECE381/LSN/LSN_bsp/\libhal_bsp.a(alt_dev.o)
                0x0081e104                alt_fs_list
                0x0081e10c                alt_dev_list
                0x0081e114                alt_max_fd
 .sdata         0x0081e118        0x4 C:/Users/SarahLynn/Documents/School/School3/EECE381/LSN/LSN_bsp/\libhal_bsp.a(alt_errno.o)
                0x0081e118                alt_errno
 .sdata         0x0081e11c        0x4 C:/Users/SarahLynn/Documents/School/School3/EECE381/LSN/LSN_bsp/\libhal_bsp.a(alt_irq_vars.o)
                0x0081e11c                alt_priority_mask
 .sdata         0x0081e120        0x4 C:/Users/SarahLynn/Documents/School/School3/EECE381/LSN/LSN_bsp/\libhal_bsp.a(alt_sbrk.o)
 .sdata         0x0081e124        0x8 C:/Users/SarahLynn/Documents/School/School3/EECE381/LSN/LSN_bsp/\libhal_bsp.a(alt_tick.o)
                0x0081e124                alt_alarm_list
 *(.sdata2 .sdata2.* .gnu.linkonce.s2.*)
                0x0081e12c                . = ALIGN (0x4)
                0x0081e12c                _edata = ABSOLUTE (.)
                0x0081e12c                PROVIDE (edata, ABSOLUTE (.))
                0x0081e12c                PROVIDE (__ram_rwdata_end, ABSOLUTE (.))
                0x0081e12c                PROVIDE (__flash_rwdata_start, LOADADDR (.rwdata))

.bss            0x0081fcf4     0x326c
                0x0081fcf4                __bss_start = ABSOLUTE (.)
                0x0081fcf4                PROVIDE (__sbss_start, ABSOLUTE (.))
                0x0081fcf4                PROVIDE (___sbss_start, ABSOLUTE (.))
 *(.dynsbss)
 *(.sbss .sbss.* .gnu.linkonce.sb.*)
 .sbss          0x0081fcf4       0x14 obj/default/audio.o
                0x0081fcf4                audio
                0x0081fcf8                config
                0x0081fcfc                DEBUG
 .sbss          0x0081fd08       0x1a obj/default/audio.o
                0x0081fd08                loaded
                0x0081fd0c                audioFileWordLength
                0x0081fd10                sdDev
                0x0081fd14                somethingForIrq
                0x0081fd18                playedWords
                0x0081fd1c                playCursor
                0x0081fd20                status
 *fill*         0x0081fd22        0x2 00
 .sbss          0x0081fd24       0x1c obj/default/bmp.o
                0x0081fd24                pixel_buffer_addr1
                0x0081fd28                char_buffer
                0x0081fd2c                pixel_buffer_addr2
                0x0081fd30                sharkBmp
                0x0081fd34                splashBmp
                0x0081fd38                pixel_buffer
                0x0081fd3c                playerBmp
 .sbss          0x0081fd40        0x8 obj/default/bullet.o
                0x0081fd40                playerBulletList
                0x0081fd44                sharkBulletList
 .sbss          0x0081fd48       0x20 obj/default/displacement.o
 .sbss          0x0081fd68       0x1c obj/default/input.o
                0x0081fd80                char_lcd_dev
 .sbss          0x0081fd84        0x4 obj/default/score.o
                0x0081fd84                gameScores
 .sbss          0x0081fd88       0x10 obj/default/shark.o
                0x0081fd88                sharkList
                0x0081fd8c                deadSharkList
                0x0081fd90                sharkCount
                0x0081fd94                sharkArrayCursor
 .sbss          0x0081fd98        0xc c:/altera/12.0sp2/nios2eds/bin/gnu/h-i686-mingw32/bin/../lib/gcc/nios2-elf/4.1.2/../../../../nios2-elf/lib\libc.a(lib_a-mallocr.o)
                0x0081fd98                __malloc_top_pad
                0x0081fd9c                __malloc_max_sbrked_mem
                0x0081fda0                __malloc_max_total_mem
 .sbss          0x0081fda4        0x4 c:/altera/12.0sp2/nios2eds/bin/gnu/h-i686-mingw32/bin/../lib/gcc/nios2-elf/4.1.2/../../../../nios2-elf/lib\libc.a(lib_a-int_errno.o)
                0x0081fda4                errno
 .sbss          0x0081fda8        0xc c:/altera/12.0sp2/nios2eds/bin/gnu/h-i686-mingw32/bin/../lib/gcc/nios2-elf/4.1.2/../../../../nios2-elf/lib\libc.a(lib_a-locale.o)
                0x0081fda8                __nlocale_changed
                0x0081fdac                __mlocale_changed
                0x0081fdb0                _PathLocale
 .sbss          0x0081fdb4       0x10 C:/Users/SarahLynn/Documents/School/School3/EECE381/LSN/LSN_bsp/\libhal_bsp.a(alt_gettod.o)
                0x0081fdb4                alt_timezone
                0x0081fdbc                alt_resettime
 .sbss          0x0081fdc4        0x4 C:/Users/SarahLynn/Documents/School/School3/EECE381/LSN/LSN_bsp/\libhal_bsp.a(alt_irq_vars.o)
                0x0081fdc4                alt_irq_active
 .sbss          0x0081fdc8        0xc C:/Users/SarahLynn/Documents/School/School3/EECE381/LSN/LSN_bsp/\libhal_bsp.a(alt_main.o)
                0x0081fdc8                alt_argc
                0x0081fdcc                alt_argv
                0x0081fdd0                alt_envp
 .sbss          0x0081fdd4        0x8 C:/Users/SarahLynn/Documents/School/School3/EECE381/LSN/LSN_bsp/\libhal_bsp.a(alt_tick.o)
                0x0081fdd4                _alt_tick_rate
                0x0081fdd8                _alt_nticks
 .sbss          0x0081fddc        0x8 C:/Users/SarahLynn/Documents/School/School3/EECE381/LSN/LSN_bsp/\libhal_bsp.a(altera_avalon_timer_vars.o)
                0x0081fddc                altera_avalon_timer_ts_base
                0x0081fde0                altera_avalon_timer_ts_freq
 .sbss          0x0081fde4       0x34 C:/Users/SarahLynn/Documents/School/School3/EECE381/LSN/LSN_bsp/\libhal_bsp.a(altera_up_sd_card_avalon_interface.o)
                0x0081fde4                initialized
                0x0081fde8                is_sd_card_formated_as_FAT16
                0x0081fdec                aux_status_register
                0x0081fdf0                status_register
                0x0081fdf4                CSD_register_w0
                0x0081fdf8                command_register
                0x0081fdfc                command_argument_register
                0x0081fe00                buffer_memory
                0x0081fe04                fat_partition_offset_in_512_byte_sectors
                0x0081fe08                fat_partition_size_in_512_byte_sectors
                0x0081fe0c                device_pointer
                0x0081fe10                current_sector_modified
                0x0081fe14                current_sector_index
 *(.sbss2 .sbss2.* .gnu.linkonce.sb2.*)
 *(.scommon)
                0x0081fe18                PROVIDE (__sbss_end, ABSOLUTE (.))
                0x0081fe18                PROVIDE (___sbss_end, ABSOLUTE (.))
 *(.dynbss)
 *(.bss .bss.* .gnu.linkonce.b.*)
 .bss           0x0081fe18        0x0 C:/Users/SarahLynn/Documents/School/School3/EECE381/LSN/LSN_bsp//obj/HAL/src/crt0.o
 .bss           0x0081fe18        0x0 obj/default/audio.o
 .bss           0x0081fe18        0x0 obj/default/bmp.o
 .bss           0x0081fe18        0x0 obj/default/bullet.o
 .bss           0x0081fe18        0x0 obj/default/collision.o
 .bss           0x0081fe18        0x0 obj/default/displacement.o
 .bss           0x0081fe18        0x0 obj/default/input.o
 .bss           0x0081fe18        0x0 obj/default/lcd.o
 .bss           0x0081fe18        0x0 obj/default/main.o
 .bss           0x0081fe18        0x0 obj/default/player.o
 .bss           0x0081fe18        0x0 obj/default/score.o
 .bss           0x0081fe18        0x0 obj/default/sd_card.o
 .bss           0x0081fe18        0x0 obj/default/shark.o
 .bss           0x0081fe18        0x0 obj/default/splash.o
 .bss           0x0081fe18        0x0 obj/default/timer.o
 .bss           0x0081fe18        0x0 obj/default/vga.o
 .bss           0x0081fe18        0x0 c:/altera/12.0sp2/nios2eds/bin/gnu/h-i686-mingw32/bin/../lib/gcc/nios2-elf/4.1.2/../../../../nios2-elf/lib\libm.a(lib_a-w_pow.o)
 .bss           0x0081fe18        0x0 c:/altera/12.0sp2/nios2eds/bin/gnu/h-i686-mingw32/bin/../lib/gcc/nios2-elf/4.1.2/../../../../nios2-elf/lib\libm.a(lib_a-e_pow.o)
 .bss           0x0081fe18        0x0 c:/altera/12.0sp2/nios2eds/bin/gnu/h-i686-mingw32/bin/../lib/gcc/nios2-elf/4.1.2/../../../../nios2-elf/lib\libm.a(lib_a-e_sqrt.o)
 .bss           0x0081fe18        0x0 c:/altera/12.0sp2/nios2eds/bin/gnu/h-i686-mingw32/bin/../lib/gcc/nios2-elf/4.1.2/../../../../nios2-elf/lib\libm.a(lib_a-s_fabs.o)
 .bss           0x0081fe18        0x0 c:/altera/12.0sp2/nios2eds/bin/gnu/h-i686-mingw32/bin/../lib/gcc/nios2-elf/4.1.2/../../../../nios2-elf/lib\libm.a(lib_a-s_finite.o)
 .bss           0x0081fe18        0x0 c:/altera/12.0sp2/nios2eds/bin/gnu/h-i686-mingw32/bin/../lib/gcc/nios2-elf/4.1.2/../../../../nios2-elf/lib\libm.a(lib_a-s_isnand.o)
 .bss           0x0081fe18        0x0 c:/altera/12.0sp2/nios2eds/bin/gnu/h-i686-mingw32/bin/../lib/gcc/nios2-elf/4.1.2/../../../../nios2-elf/lib\libm.a(lib_a-s_lib_ver.o)
 .bss           0x0081fe18        0x0 c:/altera/12.0sp2/nios2eds/bin/gnu/h-i686-mingw32/bin/../lib/gcc/nios2-elf/4.1.2/../../../../nios2-elf/lib\libm.a(lib_a-s_matherr.o)
 .bss           0x0081fe18        0x0 c:/altera/12.0sp2/nios2eds/bin/gnu/h-i686-mingw32/bin/../lib/gcc/nios2-elf/4.1.2/../../../../nios2-elf/lib\libm.a(lib_a-s_nan.o)
 .bss           0x0081fe18        0x0 c:/altera/12.0sp2/nios2eds/bin/gnu/h-i686-mingw32/bin/../lib/gcc/nios2-elf/4.1.2/../../../../nios2-elf/lib\libm.a(lib_a-s_rint.o)
 .bss           0x0081fe18        0x0 c:/altera/12.0sp2/nios2eds/bin/gnu/h-i686-mingw32/bin/../lib/gcc/nios2-elf/4.1.2/../../../../nios2-elf/lib\libm.a(lib_a-s_scalbn.o)
 .bss           0x0081fe18        0x0 c:/altera/12.0sp2/nios2eds/bin/gnu/h-i686-mingw32/bin/../lib/gcc/nios2-elf/4.1.2/../../../../nios2-elf/lib\libm.a(lib_a-s_copysign.o)
 .bss           0x0081fe18        0x0 c:/altera/12.0sp2/nios2eds/bin/gnu/h-i686-mingw32/bin/../lib/gcc/nios2-elf/4.1.2\libgcc.a(_div_sf.o)
 .bss           0x0081fe18        0x0 c:/altera/12.0sp2/nios2eds/bin/gnu/h-i686-mingw32/bin/../lib/gcc/nios2-elf/4.1.2\libgcc.a(_si_to_sf.o)
 .bss           0x0081fe18        0x0 c:/altera/12.0sp2/nios2eds/bin/gnu/h-i686-mingw32/bin/../lib/gcc/nios2-elf/4.1.2\libgcc.a(_sf_to_df.o)
 .bss           0x0081fe18        0x0 c:/altera/12.0sp2/nios2eds/bin/gnu/h-i686-mingw32/bin/../lib/gcc/nios2-elf/4.1.2\libgcc.a(_thenan_sf.o)
 .bss           0x0081fe18        0x0 c:/altera/12.0sp2/nios2eds/bin/gnu/h-i686-mingw32/bin/../lib/gcc/nios2-elf/4.1.2\libgcc.a(_addsub_df.o)
 .bss           0x0081fe18        0x0 c:/altera/12.0sp2/nios2eds/bin/gnu/h-i686-mingw32/bin/../lib/gcc/nios2-elf/4.1.2\libgcc.a(_mul_df.o)
 .bss           0x0081fe18        0x0 c:/altera/12.0sp2/nios2eds/bin/gnu/h-i686-mingw32/bin/../lib/gcc/nios2-elf/4.1.2\libgcc.a(_div_df.o)
 .bss           0x0081fe18        0x0 c:/altera/12.0sp2/nios2eds/bin/gnu/h-i686-mingw32/bin/../lib/gcc/nios2-elf/4.1.2\libgcc.a(_eq_df.o)
 .bss           0x0081fe18        0x0 c:/altera/12.0sp2/nios2eds/bin/gnu/h-i686-mingw32/bin/../lib/gcc/nios2-elf/4.1.2\libgcc.a(_ne_df.o)
 .bss           0x0081fe18        0x0 c:/altera/12.0sp2/nios2eds/bin/gnu/h-i686-mingw32/bin/../lib/gcc/nios2-elf/4.1.2\libgcc.a(_gt_df.o)
 .bss           0x0081fe18        0x0 c:/altera/12.0sp2/nios2eds/bin/gnu/h-i686-mingw32/bin/../lib/gcc/nios2-elf/4.1.2\libgcc.a(_lt_df.o)
 .bss           0x0081fe18        0x0 c:/altera/12.0sp2/nios2eds/bin/gnu/h-i686-mingw32/bin/../lib/gcc/nios2-elf/4.1.2\libgcc.a(_le_df.o)
 .bss           0x0081fe18        0x0 c:/altera/12.0sp2/nios2eds/bin/gnu/h-i686-mingw32/bin/../lib/gcc/nios2-elf/4.1.2\libgcc.a(_si_to_df.o)
 .bss           0x0081fe18        0x0 c:/altera/12.0sp2/nios2eds/bin/gnu/h-i686-mingw32/bin/../lib/gcc/nios2-elf/4.1.2\libgcc.a(_df_to_si.o)
 .bss           0x0081fe18        0x0 c:/altera/12.0sp2/nios2eds/bin/gnu/h-i686-mingw32/bin/../lib/gcc/nios2-elf/4.1.2\libgcc.a(_make_df.o)
 .bss           0x0081fe18        0x0 c:/altera/12.0sp2/nios2eds/bin/gnu/h-i686-mingw32/bin/../lib/gcc/nios2-elf/4.1.2\libgcc.a(_thenan_df.o)
 .bss           0x0081fe18        0x0 c:/altera/12.0sp2/nios2eds/bin/gnu/h-i686-mingw32/bin/../lib/gcc/nios2-elf/4.1.2\libgcc.a(lib2-divmod.o)
 .bss           0x0081fe18        0x0 c:/altera/12.0sp2/nios2eds/bin/gnu/h-i686-mingw32/bin/../lib/gcc/nios2-elf/4.1.2\libgcc.a(_muldi3.o)
 .bss           0x0081fe18        0x0 c:/altera/12.0sp2/nios2eds/bin/gnu/h-i686-mingw32/bin/../lib/gcc/nios2-elf/4.1.2\libgcc.a(_clzsi2.o)
 .bss           0x0081fe18        0x0 c:/altera/12.0sp2/nios2eds/bin/gnu/h-i686-mingw32/bin/../lib/gcc/nios2-elf/4.1.2\libgcc.a(_pack_sf.o)
 .bss           0x0081fe18        0x0 c:/altera/12.0sp2/nios2eds/bin/gnu/h-i686-mingw32/bin/../lib/gcc/nios2-elf/4.1.2\libgcc.a(_unpack_sf.o)
 .bss           0x0081fe18        0x0 c:/altera/12.0sp2/nios2eds/bin/gnu/h-i686-mingw32/bin/../lib/gcc/nios2-elf/4.1.2\libgcc.a(_pack_df.o)
 .bss           0x0081fe18        0x0 c:/altera/12.0sp2/nios2eds/bin/gnu/h-i686-mingw32/bin/../lib/gcc/nios2-elf/4.1.2\libgcc.a(_unpack_df.o)
 .bss           0x0081fe18        0x0 c:/altera/12.0sp2/nios2eds/bin/gnu/h-i686-mingw32/bin/../lib/gcc/nios2-elf/4.1.2\libgcc.a(_fpcmp_parts_df.o)
 .bss           0x0081fe18        0x0 c:/altera/12.0sp2/nios2eds/bin/gnu/h-i686-mingw32/bin/../lib/gcc/nios2-elf/4.1.2\libgcc.a(_clz.o)
 .bss           0x0081fe18        0x0 c:/altera/12.0sp2/nios2eds/bin/gnu/h-i686-mingw32/bin/../lib/gcc/nios2-elf/4.1.2/../../../../nios2-elf/lib\libc.a(lib_a-errno.o)