Archive member included because of file (symbol)

c:/altera/12.0sp2/nios2eds/bin/gnu/h-i686-mingw32/bin/../lib/gcc/nios2-elf/4.1.2/../../../../nios2-elf/lib\libm.a(lib_a-w_pow.o)
                              obj/default/score.o (pow)
c:/altera/12.0sp2/nios2eds/bin/gnu/h-i686-mingw32/bin/../lib/gcc/nios2-elf/4.1.2/../../../../nios2-elf/lib\libm.a(lib_a-e_pow.o)
                              c:/altera/12.0sp2/nios2eds/bin/gnu/h-i686-mingw32/bin/../lib/gcc/nios2-elf/4.1.2/../../../../nios2-elf/lib\libm.a(lib_a-w_pow.o) (__ieee754_pow)
c:/altera/12.0sp2/nios2eds/bin/gnu/h-i686-mingw32/bin/../lib/gcc/nios2-elf/4.1.2/../../../../nios2-elf/lib\libm.a(lib_a-e_sqrt.o)
                              c:/altera/12.0sp2/nios2eds/bin/gnu/h-i686-mingw32/bin/../lib/gcc/nios2-elf/4.1.2/../../../../nios2-elf/lib\libm.a(lib_a-e_pow.o) (__ieee754_sqrt)
c:/altera/12.0sp2/nios2eds/bin/gnu/h-i686-mingw32/bin/../lib/gcc/nios2-elf/4.1.2/../../../../nios2-elf/lib\libm.a(lib_a-s_fabs.o)
                              c:/altera/12.0sp2/nios2eds/bin/gnu/h-i686-mingw32/bin/../lib/gcc/nios2-elf/4.1.2/../../../../nios2-elf/lib\libm.a(lib_a-e_pow.o) (fabs)
c:/altera/12.0sp2/nios2eds/bin/gnu/h-i686-mingw32/bin/../lib/gcc/nios2-elf/4.1.2/../../../../nios2-elf/lib\libm.a(lib_a-s_finite.o)
                              c:/altera/12.0sp2/nios2eds/bin/gnu/h-i686-mingw32/bin/../lib/gcc/nios2-elf/4.1.2/../../../../nios2-elf/lib\libm.a(lib_a-w_pow.o) (finite)
c:/altera/12.0sp2/nios2eds/bin/gnu/h-i686-mingw32/bin/../lib/gcc/nios2-elf/4.1.2/../../../../nios2-elf/lib\libm.a(lib_a-s_isnand.o)
                              c:/altera/12.0sp2/nios2eds/bin/gnu/h-i686-mingw32/bin/../lib/gcc/nios2-elf/4.1.2/../../../../nios2-elf/lib\libm.a(lib_a-w_pow.o) (__isnand)
c:/altera/12.0sp2/nios2eds/bin/gnu/h-i686-mingw32/bin/../lib/gcc/nios2-elf/4.1.2/../../../../nios2-elf/lib\libm.a(lib_a-s_lib_ver.o)
                              c:/altera/12.0sp2/nios2eds/bin/gnu/h-i686-mingw32/bin/../lib/gcc/nios2-elf/4.1.2/../../../../nios2-elf/lib\libm.a(lib_a-w_pow.o) (__fdlib_version)
c:/altera/12.0sp2/nios2eds/bin/gnu/h-i686-mingw32/bin/../lib/gcc/nios2-elf/4.1.2/../../../../nios2-elf/lib\libm.a(lib_a-s_matherr.o)
                              c:/altera/12.0sp2/nios2eds/bin/gnu/h-i686-mingw32/bin/../lib/gcc/nios2-elf/4.1.2/../../../../nios2-elf/lib\libm.a(lib_a-w_pow.o) (matherr)
c:/altera/12.0sp2/nios2eds/bin/gnu/h-i686-mingw32/bin/../lib/gcc/nios2-elf/4.1.2/../../../../nios2-elf/lib\libm.a(lib_a-s_nan.o)
                              c:/altera/12.0sp2/nios2eds/bin/gnu/h-i686-mingw32/bin/../lib/gcc/nios2-elf/4.1.2/../../../../nios2-elf/lib\libm.a(lib_a-e_pow.o) (nan)
c:/altera/12.0sp2/nios2eds/bin/gnu/h-i686-mingw32/bin/../lib/gcc/nios2-elf/4.1.2/../../../../nios2-elf/lib\libm.a(lib_a-s_rint.o)
                              c:/altera/12.0sp2/nios2eds/bin/gnu/h-i686-mingw32/bin/../lib/gcc/nios2-elf/4.1.2/../../../../nios2-elf/lib\libm.a(lib_a-w_pow.o) (rint)
c:/altera/12.0sp2/nios2eds/bin/gnu/h-i686-mingw32/bin/../lib/gcc/nios2-elf/4.1.2/../../../../nios2-elf/lib\libm.a(lib_a-s_scalbn.o)
                              c:/altera/12.0sp2/nios2eds/bin/gnu/h-i686-mingw32/bin/../lib/gcc/nios2-elf/4.1.2/../../../../nios2-elf/lib\libm.a(lib_a-e_pow.o) (scalbn)
c:/altera/12.0sp2/nios2eds/bin/gnu/h-i686-mingw32/bin/../lib/gcc/nios2-elf/4.1.2/../../../../nios2-elf/lib\libm.a(lib_a-s_copysign.o)
                              c:/altera/12.0sp2/nios2eds/bin/gnu/h-i686-mingw32/bin/../lib/gcc/nios2-elf/4.1.2/../../../../nios2-elf/lib\libm.a(lib_a-s_scalbn.o) (copysign)
c:/altera/12.0sp2/nios2eds/bin/gnu/h-i686-mingw32/bin/../lib/gcc/nios2-elf/4.1.2\libgcc.a(_div_sf.o)
                              obj/default/timer.o (__divsf3)
c:/altera/12.0sp2/nios2eds/bin/gnu/h-i686-mingw32/bin/../lib/gcc/nios2-elf/4.1.2\libgcc.a(_si_to_sf.o)
                              obj/default/timer.o (__floatsisf)
c:/altera/12.0sp2/nios2eds/bin/gnu/h-i686-mingw32/bin/../lib/gcc/nios2-elf/4.1.2\libgcc.a(_sf_to_df.o)
                              obj/default/timer.o (__extendsfdf2)
c:/altera/12.0sp2/nios2eds/bin/gnu/h-i686-mingw32/bin/../lib/gcc/nios2-elf/4.1.2\libgcc.a(_thenan_sf.o)
                              c:/altera/12.0sp2/nios2eds/bin/gnu/h-i686-mingw32/bin/../lib/gcc/nios2-elf/4.1.2\libgcc.a(_div_sf.o) (__thenan_sf)
c:/altera/12.0sp2/nios2eds/bin/gnu/h-i686-mingw32/bin/../lib/gcc/nios2-elf/4.1.2\libgcc.a(_addsub_df.o)
                              c:/altera/12.0sp2/nios2eds/bin/gnu/h-i686-mingw32/bin/../lib/gcc/nios2-elf/4.1.2/../../../../nios2-elf/lib\libm.a(lib_a-e_pow.o) (__subdf3)
c:/altera/12.0sp2/nios2eds/bin/gnu/h-i686-mingw32/bin/../lib/gcc/nios2-elf/4.1.2\libgcc.a(_mul_df.o)
                              obj/default/score.o (__muldf3)
c:/altera/12.0sp2/nios2eds/bin/gnu/h-i686-mingw32/bin/../lib/gcc/nios2-elf/4.1.2\libgcc.a(_div_df.o)
                              obj/default/score.o (__divdf3)
c:/altera/12.0sp2/nios2eds/bin/gnu/h-i686-mingw32/bin/../lib/gcc/nios2-elf/4.1.2\libgcc.a(_eq_df.o)
[...]
Memory Configuration

Name             Origin             Length             Attributes
reset            0x00800000         0x00000020
sdram_0          0x00800020         0x007fffe0
*default*        0x00000000         0xffffffff

Linker script and memory map

LOAD C:/Users/SarahLynn/Documents/School/School3/EECE381/LSN/LSN_bsp//obj/HAL/src/crt0.o
LOAD obj/default/audio.o
LOAD obj/default/bmp.o
LOAD obj/default/bullet.o
LOAD obj/default/collision.o
LOAD obj/default/displacement.o
LOAD obj/default/input.o
LOAD obj/default/lcd.o
LOAD obj/default/main.o
LOAD obj/default/player.o
LOAD obj/default/score.o
LOAD obj/default/sd_card.o
LOAD obj/default/shark.o
LOAD obj/default/timer.o
LOAD obj/default/vga.o
LOAD c:/altera/12.0sp2/nios2eds/bin/gnu/h-i686-mingw32/bin/../lib/gcc/nios2-elf/4.1.2/../../../../nios2-elf/lib\libstdc++.a
LOAD c:/altera/12.0sp2/nios2eds/bin/gnu/h-i686-mingw32/bin/../lib/gcc/nios2-elf/4.1.2/../../../../nios2-elf/lib\libm.a
LOAD c:/altera/12.0sp2/nios2eds/bin/gnu/h-i686-mingw32/bin/../lib/gcc/nios2-elf/4.1.2\libgcc.a
START GROUP
LOAD c:/altera/12.0sp2/nios2eds/bin/gnu/h-i686-mingw32/bin/../lib/gcc/nios2-elf/4.1.2/../../../../nios2-elf/lib\libc.a
LOAD c:/altera/12.0sp2/nios2eds/bin/gnu/h-i686-mingw32/bin/../lib/gcc/nios2-elf/4.1.2\libgcc.a
LOAD C:/Users/SarahLynn/Documents/School/School3/EECE381/LSN/LSN_bsp/\libhal_bsp.a
END GROUP
LOAD c:/altera/12.0sp2/nios2eds/bin/gnu/h-i686-mingw32/bin/../lib/gcc/nios2-elf/4.1.2\libgcc.a
                0x00800000                __alt_mem_sdram_0 = 0x800000

.entry          0x00800000       0x20
 *(.entry)
 .entry         0x00800000       0x20 C:/Users/SarahLynn/Documents/School/School3/EECE381/LSN/LSN_bsp//obj/HAL/src/crt0.o
                0x00800000                __reset

.exceptions     0x00800020      0x198
                0x00800020                PROVIDE (__ram_exceptions_start, ABSOLUTE (.))
                0x00800020                . = ALIGN (0x20)
 *(.irq)
 *(.exceptions.entry.label)
 .exceptions.entry.label
                0x00800020        0x0 C:/Users/SarahLynn/Documents/School/School3/EECE381/LSN/LSN_bsp/\libhal_bsp.a(alt_irq_entry.o)
                0x00800020                alt_irq_entry
 .exceptions.entry.label
                0x00800020        0x0 C:/Users/SarahLynn/Documents/School/School3/EECE381/LSN/LSN_bsp/\libhal_bsp.a(alt_exception_entry.o)
                0x00800020                alt_exception
 *(.exceptions.entry.user)
 *(.exceptions.entry)
 .exceptions.entry
                0x00800020       0x54 C:/Users/SarahLynn/Documents/School/School3/EECE381/LSN/LSN_bsp/\libhal_bsp.a(alt_exception_entry.o)
 *(.exceptions.irqtest.user)
 *(.exceptions.irqtest)
 .exceptions.irqtest
                0x00800074       0x10 C:/Users/SarahLynn/Documents/School/School3/EECE381/LSN/LSN_bsp/\libhal_bsp.a(alt_irq_entry.o)
 *(.exceptions.irqhandler.user)
 *(.exceptions.irqhandler)
 .exceptions.irqhandler
                0x00800084        0x4 C:/Users/SarahLynn/Documents/School/School3/EECE381/LSN/LSN_bsp/\libhal_bsp.a(alt_irq_entry.o)
 *(.exceptions.irqreturn.user)
 *(.exceptions.irqreturn)
 .exceptions.irqreturn
                0x00800088        0x4 C:/Users/SarahLynn/Documents/School/School3/EECE381/LSN/LSN_bsp/\libhal_bsp.a(alt_irq_entry.o)
 *(.exceptions.notirq.label)
 .exceptions.notirq.label
                0x0080008c        0x0 C:/Users/SarahLynn/Documents/School/School3/EECE381/LSN/LSN_bsp/\libhal_bsp.a(alt_irq_entry.o)
 *(.exceptions.notirq.user)
 *(.exceptions.notirq)
 .exceptions.notirq
                0x0080008c        0x8 C:/Users/SarahLynn/Documents/School/School3/EECE381/LSN/LSN_bsp/\libhal_bsp.a(alt_exception_entry.o)
 *(.exceptions.soft.user)
 *(.exceptions.soft)
 *(.exceptions.unknown.user)
 *(.exceptions.unknown)
 .exceptions.unknown
                0x00800094        0x4 C:/Users/SarahLynn/Documents/School/School3/EECE381/LSN/LSN_bsp/\libhal_bsp.a(alt_exception_entry.o)
 *(.exceptions.exit.label)
 .exceptions.exit.label
                0x00800098        0x0 C:/Users/SarahLynn/Documents/School/School3/EECE381/LSN/LSN_bsp/\libhal_bsp.a(alt_irq_entry.o)
 .exceptions.exit.label
                0x00800098        0x0 C:/Users/SarahLynn/Documents/School/School3/EECE381/LSN/LSN_bsp/\libhal_bsp.a(alt_exception_entry.o)
 *(.exceptions.exit.user)
 *(.exceptions.exit)
 .exceptions.exit
                0x00800098       0x54 C:/Users/SarahLynn/Documents/School/School3/EECE381/LSN/LSN_bsp/\libhal_bsp.a(alt_exception_entry.o)
 *(.exceptions)
 .exceptions    0x008000ec       0xcc C:/Users/SarahLynn/Documents/School/School3/EECE381/LSN/LSN_bsp/\libhal_bsp.a(alt_irq_handler.o)
                0x008000ec                alt_irq_handler
                0x008001b8                PROVIDE (__ram_exceptions_end, ABSOLUTE (.))
                0x00800020                PROVIDE (__flash_exceptions_start, LOADADDR (.exceptions))

.text           0x008001b8    0x1a8f4
                0x008001b8                PROVIDE (stext, ABSOLUTE (.))
 *(.interp)
 *(.hash)
 *(.dynsym)
 *(.dynstr)
 *(.gnu.version)
 *(.gnu.version_d)
 *(.gnu.version_r)
 *(.rel.init)
 *(.rela.init)
 *(.rel.text .rel.text.* .rel.gnu.linkonce.t.*)
 *(.rela.text .rela.text.* .rela.gnu.linkonce.t.*)
 *(.rel.fini)
 *(.rela.fini)
 *(.rel.rodata .rel.rodata.* .rel.gnu.linkonce.r.*)
 *(.rela.rodata .rela.rodata.* .rela.gnu.linkonce.r.*)
 *(.rel.data .rel.data.* .rel.gnu.linkonce.d.*)
 *(.rela.data .rela.data.* .rela.gnu.linkonce.d.*)
 *(.rel.tdata .rel.tdata.* .rel.gnu.linkonce.td.*)
 *(.rela.tdata .rela.tdata.* .rela.gnu.linkonce.td.*)
 *(.rel.tbss .rel.tbss.* .rel.gnu.linkonce.tb.*)
 *(.rela.tbss .rela.tbss.* .rela.gnu.linkonce.tb.*)
 *(.rel.ctors)
 *(.rela.ctors)
 *(.rel.dtors)
 *(.rela.dtors)
 *(.rel.got)
 *(.rela.got)
 *(.rel.sdata .rel.sdata.* .rel.gnu.linkonce.s.*)
 *(.rela.sdata .rela.sdata.* .rela.gnu.linkonce.s.*)
 *(.rel.sbss .rel.sbss.* .rel.gnu.linkonce.sb.*)
 *(.rela.sbss .rela.sbss.* .rela.gnu.linkonce.sb.*)
 *(.rel.sdata2 .rel.sdata2.* .rel.gnu.linkonce.s2.*)
 *(.rela.sdata2 .rela.sdata2.* .rela.gnu.linkonce.s2.*)
 *(.rel.sbss2 .rel.sbss2.* .rel.gnu.linkonce.sb2.*)
 *(.rela.sbss2 .rela.sbss2.* .rela.gnu.linkonce.sb2.*)
 *(.rel.bss .rel.bss.* .rel.gnu.linkonce.b.*)
 *(.rela.bss .rela.bss.* .rela.gnu.linkonce.b.*)
 *(.rel.plt)
 *(.rela.plt)
 *(.rel.dyn)
 *(.init)
 *(.plt)
 *(.text .stub .text.* .gnu.linkonce.t.*)
 .text          0x008001b8       0x4c C:/Users/SarahLynn/Documents/School/School3/EECE381/LSN/LSN_bsp//obj/HAL/src/crt0.o
                0x008001b8                _start
 .text          0x00800204      0x95c obj/default/audio.o
                0x00800204                setupAudio
                0x00800334                setupAudioInterrupt
                0x0080038c                loadLaser
                0x008003ec                loadPlayerDeath
                0x0080044c                loadSharkDeath
                0x008004ac                loadTheme
                0x00800510                playAudioMono
                0x008005a0                playAudio
                0x0080063c                audioTest
                0x008007dc                readWavFile
                0x008008e4                playLaser
                0x00800944                playPlayerDeath
                0x00800988                playSharkDeath
                0x008009cc                playTheme
 .text          0x00800b60      0x710 obj/default/bmp.o
                0x00800b60                parseBmp
                0x00800fa4                parseBmps
                0x0080100c                freeBmps
                0x0080106c                drawBmp
                0x008011d8                eraseBmp
 .text          0x00801270      0x648 obj/default/bullet.o
                0x00801270                initBullets
                0x008012ec                createBullet
                0x00801504                moveAllBullets
                0x008015cc                drawAllBullets
                0x00801650                eraseAllBullets
                0x008016d4                drawBullet
                0x00801760                eraseBullet
                0x008017c8                moveBulletRight
                0x00801840                moveBulletLeft
 .text          0x008018b8      0x314 obj/default/collision.o
                0x008018b8                findSharkIfHit
                0x00801958                isBulletCollidingWithShark
                0x00801a00                isBulletCollidingWithPlayer
                0x00801aa8                doSharkBulletCollision
                0x00801b48                doPlayerBulletCollision
 .text          0x00801bcc      0x6e4 obj/default/displacement.o
                0x00801bcc                setupDisplacement
                0x00801c58                setupHorizontalDisplacementFunction
                0x00801d5c                setupCircularDisplacementFunction
                0x00801e4c                setupArcDisplacementFunction
                0x00801f08                setupNoDisplcaementFunction
                0x00801f98                makeRight
                0x00801fd8                makeLeft
                0x00802018                makeUp
                0x00802058                makeDown
                0x00802098                makeDownRight
                0x008020d8                makeDownLeft
                0x00802118                makeUpRight
                0x00802158                makeUpLeft
                0x00802198                setToRandomDisplacement
 .text          0x008022b0      0x494 obj/default/input.o
                0x008022b0                handleKeyInput
                0x00802510                handleSwitchInput
                0x008025a8                handleAtariInput
 .text          0x00802744       0x5c obj/default/lcd.o
                0x00802744                init_lcd
 .text          0x008027a0      0x228 obj/default/main.o
                0x008027a0                init
                0x00802858                main
 .text          0x008029c8      0x284 obj/default/player.o
                0x008029c8                initPlayer
                0x00802a24                drawPlayer
                0x00802a68                erasePlayer
                0x00802aac                moveUpPlayer
                0x00802b38                moveDownPlayer
                0x00802bc4                keepPlayerStationary
                0x00802c20                killPlayer
 .text          0x00802c4c      0xe18 obj/default/score.o
                0x00802c4c                initScoreBoard
                0x00802cb0                defaultHighScoreBoard
                0x00802d58                readHighScoreBoardFromSD
                0x008030ac                updateHighScoreBoard
                0x008034f8                updateCurrentPlayerScore
                0x00803530                getCurrentPlayerScore
                0x00803554                setCurrentPlayerLives
                0x00803580                getCurrentPlayerLives
                0x008035a4                drawScore
                0x008037dc                clearScore
                0x00803808                drawInGameInfo
 .text          0x00803a64      0x374 obj/default/sd_card.o
                0x00803a64                openSdCard
                0x00803ac4                openFile
                0x00803b04                closeFile
                0x00803b34                readByte
                0x00803b68                readWord
                0x00803bfc                readDWord
                0x00803cd0                getWavFileLength
                0x00803d88                readPastWavHeader
 .text          0x00803dd8      0x494 obj/default/shark.o
                0x00803dd8                drawShark
                0x00803e18                eraseShark
                0x00803e58                moveShark
                0x00803f4c                moveAllSharks
                0x00803f9c                drawAllSharks
                0x00803fec                eraseAllSharks
                0x0080403c                createShark
                0x00804114                killShark
                0x008041e8                cleanupDeadSharks
 .text          0x0080426c      0x360 obj/default/timer.o
                0x0080426c                timer_test
                0x008044fc                setHardwareTimerPeriod
                0x00804544                isHardwareTimerRunning
                0x00804578                hasHardwareTimerExpired
                0x008045a0                startHardwareTimer
 .text          0x008045cc      0x314 obj/default/vga.o
                0x008045cc                initVga
                0x00804674                clearScreen
                0x008046a4                drawPixel
                0x008046e8                drawLine
                0x008047b0                printLine
                0x008047ec                drawBox
                0x00804848                convert24BitRgbTo16
 .text          0x008048e0      0x488 c:/altera/12.0sp2/nios2eds/bin/gnu/h-i686-mingw32/bin/../lib/gcc/nios2-elf/4.1.2/../../../../nios2-elf/lib\libm.a(lib_a-w_pow.o)
                0x008048e0                pow
 .text          0x00804d68     0x1300 c:/altera/12.0sp2/nios2eds/bin/gnu/h-i686-mingw32/bin/../lib/gcc/nios2-elf/4.1.2/../../../../nios2-elf/lib\libm.a(lib_a-e_pow.o)
                0x00804d68                __ieee754_pow
 .text          0x00806068      0x2c8 c:/altera/12.0sp2/nios2eds/bin/gnu/h-i686-mingw32/bin/../lib/gcc/nios2-elf/4.1.2/../../../../nios2-elf/lib\libm.a(lib_a-e_sqrt.o)
                0x00806068                __ieee754_sqrt
 .text          0x00806330       0x18 c:/altera/12.0sp2/nios2eds/bin/gnu/h-i686-mingw32/bin/../lib/gcc/nios2-elf/4.1.2/../../../../nios2-elf/lib\libm.a(lib_a-s_fabs.o)
                0x00806330                fabs
 .text          0x00806348       0x1c c:/altera/12.0sp2/nios2eds/bin/gnu/h-i686-mingw32/bin/../lib/gcc/nios2-elf/4.1.2/../../../../nios2-elf/lib\libm.a(lib_a-s_finite.o)
                0x00806348                finite
 .text          0x00806364       0x30 c:/altera/12.0sp2/nios2eds/bin/gnu/h-i686-mingw32/bin/../lib/gcc/nios2-elf/4.1.2/../../../../nios2-elf/lib\libm.a(lib_a-s_isnand.o)
                0x00806364                __isnand
 .text          0x00806394        0x0 c:/altera/12.0sp2/nios2eds/bin/gnu/h-i686-mingw32/bin/../lib/gcc/nios2-elf/4.1.2/../../../../nios2-elf/lib\libm.a(lib_a-s_lib_ver.o)
 .text          0x00806394        0x8 c:/altera/12.0sp2/nios2eds/bin/gnu/h-i686-mingw32/bin/../lib/gcc/nios2-elf/4.1.2/../../../../nios2-elf/lib\libm.a(lib_a-s_matherr.o)
                0x00806394                matherr
 .text          0x0080639c       0x10 c:/altera/12.0sp2/nios2eds/bin/gnu/h-i686-mingw32/bin/../lib/gcc/nios2-elf/4.1.2/../../../../nios2-elf/lib\libm.a(lib_a-s_nan.o)
                0x0080639c                nan
 .text          0x008063ac      0x210 c:/altera/12.0sp2/nios2eds/bin/gnu/h-i686-mingw32/bin/../lib/gcc/nios2-elf/4.1.2/../../../../nios2-elf/lib\libm.a(lib_a-s_rint.o)
                0x008063ac                rint
 .text          0x008065bc      0x1e0 c:/altera/12.0sp2/nios2eds/bin/gnu/h-i686-mingw32/bin/../lib/gcc/nios2-elf/4.1.2/../../../../nios2-elf/lib\libm.a(lib_a-s_scalbn.o)
                0x008065bc                scalbn
 .text          0x0080679c       0x24 c:/altera/12.0sp2/nios2eds/bin/gnu/h-i686-mingw32/bin/../lib/gcc/nios2-elf/4.1.2/../../../../nios2-elf/lib\libm.a(lib_a-s_copysign.o)
                0x0080679c                copysign
 .text          0x008067c0      0x174 c:/altera/12.0sp2/nios2eds/bin/gnu/h-i686-mingw32/bin/../lib/gcc/nios2-elf/4.1.2\libgcc.a(_div_sf.o)
                0x008067c0                __divsf3
 .text          0x00806934       0x98 c:/altera/12.0sp2/nios2eds/bin/gnu/h-i686-mingw32/bin/../lib/gcc/nios2-elf/4.1.2\libgcc.a(_si_to_sf.o)
                0x00806934                __floatsisf
 .text          0x008069cc       0x54 c:/altera/12.0sp2/nios2eds/bin/gnu/h-i686-mingw32/bin/../lib/gcc/nios2-elf/4.1.2\libgcc.a(_sf_to_df.o)
                0x008069cc                __extendsfdf2
 .text          0x00806a20        0x0 c:/altera/12.0sp2/nios2eds/bin/gnu/h-i686-mingw32/bin/../lib/gcc/nios2-elf/4.1.2\libgcc.a(_thenan_sf.o)
 .text          0x00806a20      0x504 c:/altera/12.0sp2/nios2eds/bin/gnu/h-i686-mingw32/bin/../lib/gcc/nios2-elf/4.1.2\libgcc.a(_addsub_df.o)
                0x00806e30                __subdf3
                0x00806eb0                __adddf3
 .text          0x00806f24      0x3c4 c:/altera/12.0sp2/nios2eds/bin/gnu/h-i686-mingw32/bin/../lib/gcc/nios2-elf/4.1.2\libgcc.a(_mul_df.o)
                0x00806f24                __muldf3
 .text          0x008072e8      0x258 c:/altera/12.0sp2/nios2eds/bin/gnu/h-i686-mingw32/bin/../lib/gcc/nios2-elf/4.1.2\libgcc.a(_div_df.o)
                0x008072e8                __divdf3
 .text          0x00807540       0x88 c:/altera/12.0sp2/nios2eds/bin/gnu/h-i686-mingw32/bin/../lib/gcc/nios2-elf/4.1.2\libgcc.a(_eq_df.o)
                0x00807540                __eqdf2
 .text          0x008075c8       0x88 c:/altera/12.0sp2/nios2eds/bin/gnu/h-i686-mingw32/bin/../lib/gcc/nios2-elf/4.1.2\libgcc.a(_ne_df.o)
                0x008075c8                __nedf2
 .text          0x00807650       0x88 c:/altera/12.0sp2/nios2eds/bin/gnu/h-i686-mingw32/bin/../lib/gcc/nios2-elf/4.1.2\libgcc.a(_gt_df.o)
                0x00807650                __gtdf2
 .text          0x008076d8       0x88 c:/altera/12.0sp2/nios2eds/bin/gnu/h-i686-mingw32/bin/../lib/gcc/nios2-elf/4.1.2\libgcc.a(_lt_df.o)
                0x008076d8                __ltdf2
 .text          0x00807760       0x88 c:/altera/12.0sp2/nios2eds/bin/gnu/h-i686-mingw32/bin/../lib/gcc/nios2-elf/4.1.2\libgcc.a(_le_df.o)
                0x00807760                __ledf2
 .text          0x008077e8       0xf8 c:/altera/12.0sp2/nios2eds/bin/gnu/h-i686-mingw32/bin/../lib/gcc/nios2-elf/4.1.2\libgcc.a(_si_to_df.o)
                0x008077e8                __floatsidf
 .text          0x008078e0       0xd8 c:/altera/12.0sp2/nios2eds/bin/gnu/h-i686-mingw32/bin/../lib/gcc/nios2-elf/4.1.2\libgcc.a(_df_to_si.o)
                0x008078e0                __fixdfsi
 .text          0x008079b8       0x38 c:/altera/12.0sp2/nios2eds/bin/gnu/h-i686-mingw32/bin/../lib/gcc/nios2-elf/4.1.2\libgcc.a(_make_df.o)
                0x008079b8                __make_dp
 .text          0x008079f0        0x0 c:/altera/12.0sp2/nios2eds/bin/gnu/h-i686-mingw32/bin/../lib/gcc/nios2-elf/4.1.2\libgcc.a(_thenan_df.o)
 .text          0x008079f0      0x14c c:/altera/12.0sp2/nios2eds/bin/gnu/h-i686-mingw32/bin/../lib/gcc/nios2-elf/4.1.2\libgcc.a(lib2-divmod.o)
                0x00807a6c                __divsi3
                0x00807acc                __modsi3
                0x00807b2c                __udivsi3
                0x00807b34                __umodsi3
 .text          0x00807b3c       0x98 c:/altera/12.0sp2/nios2eds/bin/gnu/h-i686-mingw32/bin/../lib/gcc/nios2-elf/4.1.2\libgcc.a(_muldi3.o)
                0x00807b3c                __muldi3
 .text          0x00807bd4       0x80 c:/altera/12.0sp2/nios2eds/bin/gnu/h-i686-mingw32/bin/../lib/gcc/nios2-elf/4.1.2\libgcc.a(_clzsi2.o)
                0x00807bd4                __clzsi2
 .text          0x00807c54      0x160 c:/altera/12.0sp2/nios2eds/bin/gnu/h-i686-mingw32/bin/../lib/gcc/nios2-elf/4.1.2\libgcc.a(_pack_sf.o)
                0x00807c54                __pack_f
 .text          0x00807db4       0xc8 c:/altera/12.0sp2/nios2eds/bin/gnu/h-i686-mingw32/bin/../lib/gcc/nios2-elf/4.1.2\libgcc.a(_unpack_sf.o)
                0x00807db4                __unpack_f
 .text          0x00807e7c      0x314 c:/altera/12.0sp2/nios2eds/bin/gnu/h-i686-mingw32/bin/../lib/gcc/nios2-elf/4.1.2\libgcc.a(_pack_df.o)
                0x00807e7c                __pack_d
 .text          0x00808190      0x138 c:/altera/12.0sp2/nios2eds/bin/gnu/h-i686-mingw32/bin/../lib/gcc/nios2-elf/4.1.2\libgcc.a(_unpack_df.o)
                0x00808190                __unpack_d
 .text          0x008082c8       0xc8 c:/altera/12.0sp2/nios2eds/bin/gnu/h-i686-mingw32/bin/../lib/gcc/nios2-elf/4.1.2\libgcc.a(_fpcmp_parts_df.o)
                0x008082c8                __fpcmp_parts_d
 .text          0x00808390        0x0 c:/altera/12.0sp2/nios2eds/bin/gnu/h-i686-mingw32/bin/../lib/gcc/nios2-elf/4.1.2\libgcc.a(_clz.o)
 .text          0x00808390       0x10 c:/altera/12.0sp2/nios2eds/bin/gnu/h-i686-mingw32/bin/../lib/gcc/nios2-elf/4.1.2/../../../../nios2-elf/lib\libc.a(lib_a-errno.o)
                0x00808390                __errno
 .text          0x008083a0        0x0 c:/altera/12.0sp2/nios2eds/bin/gnu/h-i686-mingw32/bin/../lib/gcc/nios2-elf/4.1.2/../../../../nios2-elf/lib\libc.a(lib_a-impure.o)
 .text          0x008083a0       0x28 c:/altera/12.0sp2/nios2eds/bin/gnu/h-i686-mingw32/bin/../lib/gcc/nios2-elf/4.1.2/../../../../nios2-elf/lib\libc.a(lib_a-malloc.o)
                0x008083a0                free
                0x008083b4                malloc
 .text          0x008083c8      0x740 c:/altera/12.0sp2/nios2eds/bin/gnu/h-i686-mingw32/bin/../lib/gcc/nios2-elf/4.1.2/../../../../nios2-elf/lib\libc.a(lib_a-mallocr.o)
                0x008083c8                _malloc_r
 .text          0x00808b08       0x78 c:/altera/12.0sp2/nios2eds/bin/gnu/h-i686-mingw32/bin/../lib/gcc/nios2-elf/4.1.2/../../../../nios2-elf/lib\libc.a(lib_a-printf.o)
                0x00808b08                printf
                0x00808b4c                _printf_r
 .text          0x00808b80       0xb4 c:/altera/12.0sp2/nios2eds/bin/gnu/h-i686-mingw32/bin/../lib/gcc/nios2-elf/4.1.2/../../../../nios2-elf/lib\libc.a(lib_a-puts.o)
                0x00808b80                _puts_r
                0x00808c20                puts
 .text          0x00808c34       0x94 c:/altera/12.0sp2/nios2eds/bin/gnu/h-i686-mingw32/bin/../lib/gcc/nios2-elf/4.1.2/../../../../nios2-elf/lib\libc.a(lib_a-rand.o)
                0x00808c34                srand
                0x00808c50                rand
 .text          0x00808cc8       0x70 c:/altera/12.0sp2/nios2eds/bin/gnu/h-i686-mingw32/bin/../lib/gcc/nios2-elf/4.1.2/../../../../nios2-elf/lib\libc.a(lib_a-sbrkr.o)
                0x00808cc8                _sbrk_r
 .text          0x00808d38       0x74 c:/altera/12.0sp2/nios2eds/bin/gnu/h-i686-mingw32/bin/../lib/gcc/nios2-elf/4.1.2/../../../../nios2-elf/lib\libc.a(lib_a-strlen.o)
                0x00808d38                strlen
 .text          0x00808dac       0x5c c:/altera/12.0sp2/nios2eds/bin/gnu/h-i686-mingw32/bin/../lib/gcc/nios2-elf/4.1.2/../../../../nios2-elf/lib\libc.a(lib_a-time.o)
                0x00808dac                time
 .text          0x00808e08     0x1f28 c:/altera/12.0sp2/nios2eds/bin/gnu/h-i686-mingw32/bin/../lib/gcc/nios2-elf/4.1.2/../../../../nios2-elf/lib\libc.a(lib_a-vfprintf.o)
                0x00808e60                ___vfprintf_internal_r
                0x0080ad0c                __vfprintf_internal
 .text          0x0080ad30      0x13c c:/altera/12.0sp2/nios2eds/bin/gnu/h-i686-mingw32/bin/../lib/gcc/nios2-elf/4.1.2/../../../../nios2-elf/lib\libc.a(lib_a-wsetup.o)
                0x0080ad30                __swsetup_r
 .text          0x0080ae6c     0x17cc c:/altera/12.0sp2/nios2eds/bin/gnu/h-i686-mingw32/bin/../lib/gcc/nios2-elf/4.1.2/../../../../nios2-elf/lib\libc.a(lib_a-dtoa.o)
                0x0080b084                _dtoa_r
 .text          0x0080c638      0x230 c:/altera/12.0sp2/nios2eds/bin/gnu/h-i686-mingw32/bin/../lib/gcc/nios2-elf/4.1.2/../../../../nios2-elf/lib\libc.a(lib_a-fflush.o)
                0x0080c638                _fflush_r
                0x0080c834                fflush
 .text          0x0080c868      0x2c0 c:/altera/12.0sp2/nios2eds/bin/gnu/h-i686-mingw32/bin/../lib/gcc/nios2-elf/4.1.2/../../../../nios2-elf/lib\libc.a(lib_a-findfp.o)
                0x0080c8c0                __sfp_lock_acquire
                0x0080c8c4                __sfp_lock_release
                0x0080c8c8                __sinit_lock_acquire
                0x0080c8cc                __sinit_lock_release
                0x0080c8d0                __sinit
                0x0080c984                __fp_unlock_all
                0x0080c99c                __fp_lock_all
                0x0080c9b4                _cleanup_r
                0x0080c9c0                _cleanup
                0x0080c9d0                __sfmoreglue
                0x0080ca38                __sfp
 .text          0x0080cb28      0x440 c:/altera/12.0sp2/nios2eds/bin/gnu/h-i686-mingw32/bin/../lib/gcc/nios2-elf/4.1.2/../../../../nios2-elf/lib\libc.a(lib_a-freer.o)
                0x0080cb28                _malloc_trim_r
                0x0080cc54                _free_r
 .text          0x0080cf68      0x49c c:/altera/12.0sp2/nios2eds/bin/gnu/h-i686-mingw32/bin/../lib/gcc/nios2-elf/4.1.2/../../../../nios2-elf/lib\libc.a(lib_a-fvwrite.o)
                0x0080cf68                __sfvwrite_r
 .text          0x0080d404      0x180 c:/altera/12.0sp2/nios2eds/bin/gnu/h-i686-mingw32/bin/../lib/gcc/nios2-elf/4.1.2/../../../../nios2-elf/lib\libc.a(lib_a-fwalk.o)
                0x0080d404                _fwalk_reent
                0x0080d4cc                _fwalk
 .text          0x0080d584       0x74 c:/altera/12.0sp2/nios2eds/bin/gnu/h-i686-mingw32/bin/../lib/gcc/nios2-elf/4.1.2/../../../../nios2-elf/lib\libc.a(lib_a-gettimeofdayr.o)
                0x0080d584                _gettimeofday_r
 .text          0x0080d5f8        0x0 c:/altera/12.0sp2/nios2eds/bin/gnu/h-i686-mingw32/bin/../lib/gcc/nios2-elf/4.1.2/../../../../nios2-elf/lib\libc.a(lib_a-int_errno.o)
 .text          0x0080d5f8       0xc4 c:/altera/12.0sp2/nios2eds/bin/gnu/h-i686-mingw32/bin/../lib/gcc/nios2-elf/4.1.2/../../../../nios2-elf/lib\libc.a(lib_a-locale.o)
                0x0080d5f8                __locale_charset
                0x0080d600                _localeconv_r
                0x0080d60c                localeconv
                0x0080d61c                _setlocale_r
                0x0080d6a0                setlocale
 .text          0x0080d6bc      0x194 c:/altera/12.0sp2/nios2eds/bin/gnu/h-i686-mingw32/bin/../lib/gcc/nios2-elf/4.1.2/../../../../nios2-elf/lib\libc.a(lib_a-makebuf.o)
                0x0080d6bc                __smakebuf_r
 .text          0x0080d850       0xe4 c:/altera/12.0sp2/nios2eds/bin/gnu/h-i686-mingw32/bin/../lib/gcc/nios2-elf/4.1.2/../../../../nios2-elf/lib\libc.a(lib_a-memchr.o)
                0x0080d850                memchr
 .text          0x0080d934       0xa0 c:/altera/12.0sp2/nios2eds/bin/gnu/h-i686-mingw32/bin/../lib/gcc/nios2-elf/4.1.2/../../../../nios2-elf/lib\libc.a(lib_a-memcpy.o)
                0x0080d934                memcpy
 .text          0x0080d9d4       0xe0 c:/altera/12.0sp2/nios2eds/bin/gnu/h-i686-mingw32/bin/../lib/gcc/nios2-elf/4.1.2/../../../../nios2-elf/lib\libc.a(lib_a-memmove.o)
                0x0080d9d4                memmove
 .text          0x0080dab4       0x98 c:/altera/12.0sp2/nios2eds/bin/gnu/h-i686-mingw32/bin/../lib/gcc/nios2-elf/4.1.2/../../../../nios2-elf/lib\libc.a(lib_a-memset.o)
                0x0080dab4                memset
 .text          0x0080db4c      0xff4 c:/altera/12.0sp2/nios2eds/bin/gnu/h-i686-mingw32/bin/../lib/gcc/nios2-elf/4.1.2/../../../../nios2-elf/lib\libc.a(lib_a-mprec.o)
                0x0080db4c                _Bfree
                0x0080db74                __hi0bits
                0x0080dbe4                __lo0bits
                0x0080dca8                __mcmp
                0x0080dd08                __ulp
                0x0080dd88                __b2d
                0x0080dea8                __ratio
                0x0080df58                _mprec_log10
                0x0080dfec                __copybits
                0x0080e044                __any_on
                0x0080e0cc                _Balloc
                0x0080e188                __d2b
                0x0080e304                __mdiff
                0x0080e490                __lshift
                0x0080e5dc                __multiply
                0x0080e7c4                __i2b
                0x0080e800                __multadd
                0x0080e900                __pow5mult
                0x0080ea20                __s2b
 .text          0x0080eb40      0x5f4 c:/altera/12.0sp2/nios2eds/bin/gnu/h-i686-mingw32/bin/../lib/gcc/nios2-elf/4.1.2/../../../../nios2-elf/lib\libc.a(lib_a-reallocr.o)
                0x0080eb40                _realloc_r
 .text          0x0080f134       0x40 c:/altera/12.0sp2/nios2eds/bin/gnu/h-i686-mingw32/bin/../lib/gcc/nios2-elf/4.1.2/../../../../nios2-elf/lib\libc.a(lib_a-s_isinfd.o)
                0x0080f134                __isinfd
 .text          0x0080f174      0x14c c:/altera/12.0sp2/nios2eds/bin/gnu/h-i686-mingw32/bin/../lib/gcc/nios2-elf/4.1.2/../../../../nios2-elf/lib\libc.a(lib_a-stdio.o)
                0x0080f174                __sclose
                0x0080f17c                __sseek
                0x0080f1e4                __swrite
                0x0080f260                __sread
 .text          0x0080f2c0       0xbc c:/altera/12.0sp2/nios2eds/bin/gnu/h-i686-mingw32/bin/../lib/gcc/nios2-elf/4.1.2/../../../../nios2-elf/lib\libc.a(lib_a-strcmp.o)
                0x0080f2c0                strcmp
 .text          0x0080f37c       0x78 c:/altera/12.0sp2/nios2eds/bin/gnu/h-i686-mingw32/bin/../lib/gcc/nios2-elf/4.1.2/../../../../nios2-elf/lib\libc.a(lib_a-writer.o)
                0x0080f37c                _write_r
 .text          0x0080f3f4       0xb4 c:/altera/12.0sp2/nios2eds/bin/gnu/h-i686-mingw32/bin/../lib/gcc/nios2-elf/4.1.2/../../../../nios2-elf/lib\libc.a(lib_a-callocr.o)
                0x0080f3f4                _calloc_r
 .text          0x0080f4a8       0x70 c:/altera/12.0sp2/nios2eds/bin/gnu/h-i686-mingw32/bin/../lib/gcc/nios2-elf/4.1.2/../../../../nios2-elf/lib\libc.a(lib_a-closer.o)
                0x0080f4a8                _close_r
 .text          0x0080f518      0x124 c:/altera/12.0sp2/nios2eds/bin/gnu/h-i686-mingw32/bin/../lib/gcc/nios2-elf/4.1.2/../../../../nios2-elf/lib\libc.a(lib_a-fclose.o)
                0x0080f518                _fclose_r
                0x0080f628                fclose
 .text          0x0080f63c       0x74 c:/altera/12.0sp2/nios2eds/bin/gnu/h-i686-mingw32/bin/../lib/gcc/nios2-elf/4.1.2/../../../../nios2-elf/lib\libc.a(lib_a-fstatr.o)
                0x0080f63c                _fstat_r
 .text          0x0080f6b0       0x70 c:/altera/12.0sp2/nios2eds/bin/gnu/h-i686-mingw32/bin/../lib/gcc/nios2-elf/4.1.2/../../../../nios2-elf/lib\libc.a(lib_a-isattyr.o)
                0x0080f6b0                _isatty_r
 .text          0x0080f720       0x78 c:/altera/12.0sp2/nios2eds/bin/gnu/h-i686-mingw32/bin/../lib/gcc/nios2-elf/4.1.2/../../../../nios2-elf/lib\libc.a(lib_a-lseekr.o)
                0x0080f720                _lseek_r
 .text          0x0080f798       0x78 c:/altera/12.0sp2/nios2eds/bin/gnu/h-i686-mingw32/bin/../lib/gcc/nios2-elf/4.1.2/../../../../nios2-elf/lib\libc.a(lib_a-readr.o)
                0x0080f798                _read_r
 .text          0x0080f810      0x5dc c:/altera/12.0sp2/nios2eds/bin/gnu/h-i686-mingw32/bin/../lib/gcc/nios2-elf/4.1.2\libgcc.a(_udivdi3.o)
                0x0080f810                __udivdi3
 .text          0x0080fdec      0x5b0 c:/altera/12.0sp2/nios2eds/bin/gnu/h-i686-mingw32/bin/../lib/gcc/nios2-elf/4.1.2\libgcc.a(_umoddi3.o)
                0x0080fdec                __umoddi3
 .text          0x0081039c       0x88 c:/altera/12.0sp2/nios2eds/bin/gnu/h-i686-mingw32/bin/../lib/gcc/nios2-elf/4.1.2\libgcc.a(_ge_df.o)
                0x0081039c                __gedf2
 .text          0x00810424      0x194 c:/altera/12.0sp2/nios2eds/bin/gnu/h-i686-mingw32/bin/../lib/gcc/nios2-elf/4.1.2\libgcc.a(_usi_to_df.o)
                0x00810424                __floatunsidf
 .text          0x008105b8      0x15c C:/Users/SarahLynn/Documents/School/School3/EECE381/LSN/LSN_bsp/\libhal_bsp.a(alt_close.o)
                0x008105b8                close
 .text          0x00810714       0x2c C:/Users/SarahLynn/Documents/School/School3/EECE381/LSN/LSN_bsp/\libhal_bsp.a(alt_dev.o)
 .text          0x00810740        0x0 C:/Users/SarahLynn/Documents/School/School3/EECE381/LSN/LSN_bsp/\libhal_bsp.a(alt_errno.o)
 .text          0x00810740      0x134 C:/Users/SarahLynn/Documents/School/School3/EECE381/LSN/LSN_bsp/\libhal_bsp.a(alt_fstat.o)
                0x00810740                fstat
 .text          0x00810874      0x21c C:/Users/SarahLynn/Documents/School/School3/EECE381/LSN/LSN_bsp/\libhal_bsp.a(alt_gettod.o)
                0x00810874                gettimeofday
 .text          0x00810a90      0x1c0 C:/Users/SarahLynn/Documents/School/School3/EECE381/LSN/LSN_bsp/\libhal_bsp.a(alt_irq_register.o)
                0x00810a90                alt_irq_register
 .text          0x00810c50        0x0 C:/Users/SarahLynn/Documents/School/School3/EECE381/LSN/LSN_bsp/\libhal_bsp.a(alt_irq_vars.o)
 .text          0x00810c50      0x120 C:/Users/SarahLynn/Documents/School/School3/EECE381/LSN/LSN_bsp/\libhal_bsp.a(alt_isatty.o)
                0x00810c50                isatty
 .text          0x00810d70       0xec C:/Users/SarahLynn/Documents/School/School3/EECE381/LSN/LSN_bsp/\libhal_bsp.a(alt_load.o)
                0x00810d70                alt_load
 .text          0x00810e5c      0x150 C:/Users/SarahLynn/Documents/School/School3/EECE381/LSN/LSN_bsp/\libhal_bsp.a(alt_lseek.o)
                0x00810e5c                lseek
 .text          0x00810fac       0x6c C:/Users/SarahLynn/Documents/School/School3/EECE381/LSN/LSN_bsp/\libhal_bsp.a(alt_main.o)
                0x00810fac                alt_main
 .text          0x00811018       0x40 C:/Users/SarahLynn/Documents/School/School3/EECE381/LSN/LSN_bsp/\libhal_bsp.a(alt_malloc_lock.o)
                0x00811018                __malloc_lock
                0x00811038                __malloc_unlock
 .text          0x00811058      0x180 C:/Users/SarahLynn/Documents/School/School3/EECE381/LSN/LSN_bsp/\libhal_bsp.a(alt_read.o)
                0x00811058                read
 .text          0x008111d8       0x60 C:/Users/SarahLynn/Documents/School/School3/EECE381/LSN/LSN_bsp/\libhal_bsp.a(alt_release_fd.o)
                0x008111d8                alt_release_fd
 .text          0x00811238       0xbc C:/Users/SarahLynn/Documents/School/School3/EECE381/LSN/LSN_bsp/\libhal_bsp.a(alt_sbrk.o)
                0x00811238                sbrk
 .text          0x008112f4      0x1a4 C:/Users/SarahLynn/Documents/School/School3/EECE381/LSN/LSN_bsp/\libhal_bsp.a(alt_tick.o)
                0x008112f4                alt_alarm_stop
                0x0081138c                alt_tick
 .text          0x00811498       0x30 C:/Users/SarahLynn/Documents/School/School3/EECE381/LSN/LSN_bsp/\libhal_bsp.a(alt_usleep.o)
                0x00811498                usleep
 .text          0x008114c8      0x180 C:/Users/SarahLynn/Documents/School/School3/EECE381/LSN/LSN_bsp/\libhal_bsp.a(alt_write.o)
                0x008114c8                write
 .text          0x00811648      0x3e0 C:/Users/SarahLynn/Documents/School/School3/EECE381/LSN/LSN_bsp/\libhal_bsp.a(alt_sys_init.o)
                0x00811648                alt_irq_init
                0x0081167c                alt_sys_init
 .text          0x00811a28      0x148 C:/Users/SarahLynn/Documents/School/School3/EECE381/LSN/LSN_bsp/\libhal_bsp.a(altera_avalon_jtag_uart_fd.o)
                0x00811a28                altera_avalon_jtag_uart_read_fd
                0x00811a80                altera_avalon_jtag_uart_write_fd
                0x00811ad8                altera_avalon_jtag_uart_close_fd
                0x00811b20                altera_avalon_jtag_uart_ioctl_fd
 .text          0x00811b70      0x408 C:/Users/SarahLynn/Documents/School/School3/EECE381/LSN/LSN_bsp/\libhal_bsp.a(altera_avalon_jtag_uart_init.o)
                0x00811b70                altera_avalon_jtag_uart_init
                0x00811f04                altera_avalon_jtag_uart_close
 .text          0x00811f78       0xf4 C:/Users/SarahLynn/Documents/School/School3/EECE381/LSN/LSN_bsp/\libhal_bsp.a(altera_avalon_jtag_uart_ioctl.o)
                0x00811f78                altera_avalon_jtag_uart_ioctl
 .text          0x0081206c      0x224 C:/Users/SarahLynn/Documents/School/School3/EECE381/LSN/LSN_bsp/\libhal_bsp.a(altera_avalon_jtag_uart_read.o)
                0x0081206c                altera_avalon_jtag_uart_read
 .text          0x00812290      0x240 C:/Users/SarahLynn/Documents/School/School3/EECE381/LSN/LSN_bsp/\libhal_bsp.a(altera_avalon_jtag_uart_write.o)
                0x00812290                altera_avalon_jtag_uart_write
 .text          0x008124d0       0xfc C:/Users/SarahLynn/Documents/School/School3/EECE381/LSN/LSN_bsp/\libhal_bsp.a(altera_avalon_timer_sc.o)
                0x00812544                alt_avalon_timer_sc_init
 .text          0x008125cc      0x168 C:/Users/SarahLynn/Documents/School/School3/EECE381/LSN/LSN_bsp/\libhal_bsp.a(altera_avalon_timer_ts.o)
                0x008125cc                alt_timestamp_start
                0x00812670                alt_timestamp
                0x0081270c                alt_timestamp_freq
 .text          0x00812734        0x0 C:/Users/SarahLynn/Documents/School/School3/EECE381/LSN/LSN_bsp/\libhal_bsp.a(altera_avalon_timer_vars.o)
 .text          0x00812734      0x80c C:/Users/SarahLynn/Documents/School/School3/EECE381/LSN/LSN_bsp/\libhal_bsp.a(altera_up_avalon_audio.o)
                0x00812734                alt_up_audio_open_dev
                0x00812774                alt_up_audio_enable_read_interrupt
                0x008127c0                alt_up_audio_disable_read_interrupt
                0x00812810                alt_up_audio_enable_write_interrupt
                0x0081285c                alt_up_audio_disable_write_interrupt
                0x008128ac                alt_up_audio_read_interrupt_pending
                0x008128e8                alt_up_audio_write_interrupt_pending
                0x00812924                alt_up_audio_reset_audio_core
                0x008129ac                alt_up_audio_read_fifo_avail
                0x00812a1c                alt_up_audio_record_r
                0x00812a8c                alt_up_audio_record_l
                0x00812afc                alt_up_audio_write_fifo_space
                0x00812b70                alt_up_audio_play_r
                0x00812be0                alt_up_audio_play_l
                0x00812c50                alt_up_audio_read_fifo
                0x00812d54                alt_up_audio_write_fifo
                0x00812e80                alt_up_audio_read_fifo_head
                0x00812ee0                alt_up_audio_write_fifo_head
 .text          0x00812f40      0x788 C:/Users/SarahLynn/Documents/School/School3/EECE381/LSN/LSN_bsp/\libhal_bsp.a(altera_up_avalon_audio_and_video_config.o)
                0x00812f40                alt_up_av_config_open_dev
                0x00812fa4                alt_up_av_config_write_data
                0x00813008                alt_up_av_config_read_data
                0x00813094                alt_up_av_config_reset
                0x008130cc                alt_up_av_config_enable_interrupt
                0x00813104                alt_up_av_config_disable_interrupt
                0x00813134                alt_up_av_config_read_acknowledge
                0x0081319c                alt_up_av_config_read_ready
                0x008131d4                alt_up_av_config_write_audio_cfg_register
                0x00813280                alt_up_av_config_read_video_cfg_register
                0x00813378                alt_up_av_config_write_video_cfg_register
                0x00813470                alt_up_av_config_read_DC2_cfg_register
                0x008134d4                alt_up_av_config_write_DC2_cfg_register
                0x00813538                alt_up_av_config_read_D5M_cfg_register
                0x0081359c                alt_up_av_config_write_D5M_cfg_register
                0x00813600                alt_up_av_config_read_LTM_cfg_register
                0x00813664                alt_up_av_config_write_LTM_cfg_register
 .text          0x008136c8      0x530 C:/Users/SarahLynn/Documents/School/School3/EECE381/LSN/LSN_bsp/\libhal_bsp.a(altera_up_avalon_character_lcd.o)
                0x008136c8                get_DDRAM_addr
                0x00813744                alt_up_character_lcd_send_cmd
                0x00813778                alt_up_character_lcd_init
                0x008137ac                alt_up_character_lcd_open_dev
                0x008137ec                alt_up_character_lcd_write
                0x00813864                alt_up_character_lcd_string
                0x008138dc                alt_up_character_lcd_write_fd
                0x00813928                alt_up_character_lcd_set_cursor_pos
                0x008139a0                alt_up_character_lcd_shift_cursor
                0x00813a50                alt_up_character_lcd_shift_display
                0x00813b00                alt_up_character_lcd_erase_pos
                0x00813b90                alt_up_character_lcd_cursor_off
                0x00813bc4                alt_up_character_lcd_cursor_blink_on
 .text          0x00813bf8      0x304 C:/Users/SarahLynn/Documents/School/School3/EECE381/LSN/LSN_bsp/\libhal_bsp.a(altera_up_avalon_video_character_buffer_with_dma.o)
                0x00813bf8                alt_up_char_buffer_init
                0x00813c7c                alt_up_char_buffer_open_dev
                0x00813cbc                alt_up_char_buffer_draw
                0x00813d8c                alt_up_char_buffer_string
                0x00813ea0                alt_up_char_buffer_clear
 .text          0x00813efc     0x156c C:/Users/SarahLynn/Documents/School/School3/EECE381/LSN/LSN_bsp/\libhal_bsp.a(altera_up_avalon_video_pixel_buffer_dma.o)
                0x00813efc                alt_up_pixel_buffer_dma_open_dev
                0x00813f3c                alt_up_pixel_buffer_dma_draw
                0x008140dc                alt_up_pixel_buffer_dma_change_back_buffer_address
                0x00814134                alt_up_pixel_buffer_dma_swap_buffers
                0x0081418c                alt_up_pixel_buffer_dma_check_swap_buffers_status
                0x008141c0                alt_up_pixel_buffer_dma_clear_screen
                0x00814324                alt_up_pixel_buffer_dma_draw_box
                0x00814818                alt_up_pixel_buffer_dma_draw_hline
                0x00814b68                alt_up_pixel_buffer_dma_draw_vline
                0x00814f38                alt_up_pixel_buffer_dma_draw_rectangle
                0x00814ffc                helper_plot_pixel
                0x008150cc                alt_up_pixel_buffer_dma_draw_line
 .text          0x00815468     0x45c0 C:/Users/SarahLynn/Documents/School/School3/EECE381/LSN/LSN_bsp/\libhal_bsp.a(altera_up_sd_card_avalon_interface.o)
                0x00815468                Write_Sector_Data
                0x00815530                Save_Modified_Sector
                0x00815580                Read_Sector_Data
                0x0081567c                get_cluster_flag
                0x00815734                mark_cluster
                0x00815818                Check_for_Master_Boot_Record
                0x008159c8                Read_File_Record_At_Offset
                0x00815c4c                Write_File_Record_At_Offset
                0x00815f04                Check_for_DOS_FAT
                0x0081654c                Look_for_FAT16
                0x00816650                filename_to_upper_case
                0x00816720                check_file_name_for_FAT16_compliance
                0x008169b0                get_dir_divider_location
                0x00816a70                match_file_record_to_name_ext
                0x00816d5c                get_home_directory_cluster_for_file
                0x00817270                find_file_in_directory
                0x008176d4                find_first_empty_cluster
                0x00817878                find_first_empty_record_in_a_subdirectory
                0x00817ac4                find_first_empty_record_in_root_directory
                0x00817bf0                convert_filename_to_name_extension
                0x00817da8                create_file
                0x0081807c                copy_file_record_name_to_string
                0x008181d0                alt_up_sd_card_open_dev
                0x00818294                alt_up_sd_card_is_Present
                0x0081835c                alt_up_sd_card_is_FAT16
                0x008183d0                alt_up_sd_card_find_first
                0x008184a4                alt_up_sd_card_find_next
                0x00818854                alt_up_sd_card_fopen
                0x00818bfc                alt_up_sd_card_set_attributes
                0x00818c8c                alt_up_sd_card_get_attributes
                0x00818d18                alt_up_sd_card_read
                0x008190ac                alt_up_sd_card_write
                0x008196d0                alt_up_sd_card_fclose
                0x0081989c                Read_Sector_Data_CRC
                0x00819998                Read_Sector_Data_Attempt_CRC
 .text          0x00819a28      0x154 C:/Users/SarahLynn/Documents/School/School3/EECE381/LSN/LSN_bsp/\libhal_bsp.a(alt_alarm_start.o)
                0x00819a28                alt_alarm_start
 .text          0x00819b7c      0x14c C:/Users/SarahLynn/Documents/School/School3/EECE381/LSN/LSN_bsp/\libhal_bsp.a(alt_busy_sleep.o)
                0x00819b7c                alt_busy_sleep
 .text          0x00819cc8       0x44 C:/Users/SarahLynn/Documents/School/School3/EECE381/LSN/LSN_bsp/\libhal_bsp.a(alt_dcache_flush_all.o)
                0x00819cc8                alt_dcache_flush_all
 .text          0x00819d0c      0x114 C:/Users/SarahLynn/Documents/School/School3/EECE381/LSN/LSN_bsp/\libhal_bsp.a(alt_dev_llist_insert.o)
                0x00819d0c                alt_dev_llist_insert
 .text          0x00819e20       0x64 C:/Users/SarahLynn/Documents/School/School3/EECE381/LSN/LSN_bsp/\libhal_bsp.a(alt_do_ctors.o)
                0x00819e20                _do_ctors
 .text          0x00819e84       0x64 C:/Users/SarahLynn/Documents/School/School3/EECE381/LSN/LSN_bsp/\libhal_bsp.a(alt_do_dtors.o)
                0x00819e84                _do_dtors
 .text          0x00819ee8       0x94 C:/Users/SarahLynn/Documents/School/School3/EECE381/LSN/LSN_bsp/\libhal_bsp.a(alt_find_dev.o)
                0x00819ee8                alt_find_dev
 .text          0x00819f7c       0x30 C:/Users/SarahLynn/Documents/School/School3/EECE381/LSN/LSN_bsp/\libhal_bsp.a(alt_icache_flush_all.o)
                0x00819f7c                alt_icache_flush_all
 .text          0x00819fac      0x13c C:/Users/SarahLynn/Documents/School/School3/EECE381/LSN/LSN_bsp/\libhal_bsp.a(alt_io_redirect.o)
                0x0081a070                alt_io_redirect
 .text          0x0081a0e8        0x0 C:/Users/SarahLynn/Documents/School/School3/EECE381/LSN/LSN_bsp/\libhal_bsp.a(alt_irq_entry.o)
 .text          0x0081a0e8        0x0 C:/Users/SarahLynn/Documents/School/School3/EECE381/LSN/LSN_bsp/\libhal_bsp.a(alt_irq_handler.o)
 .text          0x0081a0e8      0x2c4 C:/Users/SarahLynn/Documents/School/School3/EECE381/LSN/LSN_bsp/\libhal_bsp.a(alt_open.o)
                0x0081a1c4                open
 .text          0x0081a3ac       0x20 C:/Users/SarahLynn/Documents/School/School3/EECE381/LSN/LSN_bsp/\libhal_bsp.a(altera_nios2_qsys_irq.o)
                0x0081a3ac                altera_nios2_qsys_irq_init
 .text          0x0081a3cc        0x0 C:/Users/SarahLynn/Documents/School/School3/EECE381/LSN/LSN_bsp/\libhal_bsp.a(alt_exception_entry.o)
 .text          0x0081a3cc      0x120 C:/Users/SarahLynn/Documents/School/School3/EECE381/LSN/LSN_bsp/\libhal_bsp.a(alt_find_file.o)
                0x0081a3cc                alt_find_file
 .text          0x0081a4ec       0xb8 C:/Users/SarahLynn/Documents/School/School3/EECE381/LSN/LSN_bsp/\libhal_bsp.a(alt_get_fd.o)
                0x0081a4ec                alt_get_fd
 .text          0x0081a5a4       0x90 C:/Users/SarahLynn/Documents/School/School3/EECE381/LSN/LSN_bsp/\libhal_bsp.a(alt_icache_flush.o)
                0x0081a5a4                alt_icache_flush
 .text          0x0081a634       0x14 c:/altera/12.0sp2/nios2eds/bin/gnu/h-i686-mingw32/bin/../lib/gcc/nios2-elf/4.1.2/../../../../nios2-elf/lib\libc.a(lib_a-atexit.o)
                0x0081a634                atexit
 .text          0x0081a648       0x38 c:/altera/12.0sp2/nios2eds/bin/gnu/h-i686-mingw32/bin/../lib/gcc/nios2-elf/4.1.2/../../../../nios2-elf/lib\libc.a(lib_a-exit.o)
                0x0081a648                exit
 .text          0x0081a680       0x74 c:/altera/12.0sp2/nios2eds/bin/gnu/h-i686-mingw32/bin/../lib/gcc/nios2-elf/4.1.2/../../../../nios2-elf/lib\libc.a(lib_a-memcmp.o)
                0x0081a680                memcmp
 .text          0x0081a6f4      0x134 c:/altera/12.0sp2/nios2eds/bin/gnu/h-i686-mingw32/bin/../lib/gcc/nios2-elf/4.1.2/../../../../nios2-elf/lib\libc.a(lib_a-__atexit.o)
                0x0081a6f4                __register_exitproc
 .text          0x0081a828      0x1b4 c:/altera/12.0sp2/nios2eds/bin/gnu/h-i686-mingw32/bin/../lib/gcc/nios2-elf/4.1.2/../../../../nios2-elf/lib\libc.a(lib_a-__call_atexit.o)
                0x0081a82c                __call_exitprocs
 .text          0x0081a9dc       0x60 C:/Users/SarahLynn/Documents/School/School3/EECE381/LSN/LSN_bsp/\libhal_bsp.a(alt_exit.o)
                0x0081aa1c                _exit
 *(.gnu.warning.*)
 *(.fini)
                0x0081aa3c                PROVIDE (__etext, ABSOLUTE (.))
                0x0081aa3c                PROVIDE (_etext, ABSOLUTE (.))
                0x0081aa3c                PROVIDE (etext, ABSOLUTE (.))
 *(.eh_frame_hdr)
                0x0081aa3c                . = ALIGN (0x4)
                0x0081aa3c                PROVIDE (__preinit_array_start, ABSOLUTE (.))
 *(.preinit_array)
                0x0081aa3c                PROVIDE (__preinit_array_end, ABSOLUTE (.))
                0x0081aa3c                PROVIDE (__init_array_start, ABSOLUTE (.))
 *(.init_array)
                0x0081aa3c                PROVIDE (__init_array_end, ABSOLUTE (.))
                0x0081aa3c                PROVIDE (__fini_array_start, ABSOLUTE (.))
 *(.fini_array)
                0x0081aa3c                PROVIDE (__fini_array_end, ABSOLUTE (.))
 *(.eh_frame)
 .eh_frame      0x0081aa3c       0x40 c:/altera/12.0sp2/nios2eds/bin/gnu/h-i686-mingw32/bin/../lib/gcc/nios2-elf/4.1.2\libgcc.a(_udivdi3.o)
 .eh_frame      0x0081aa7c       0x2c c:/altera/12.0sp2/nios2eds/bin/gnu/h-i686-mingw32/bin/../lib/gcc/nios2-elf/4.1.2\libgcc.a(_umoddi3.o)
                                 0x40 (size before relaxing)
 *(.gcc_except_table)
 *(.dynamic)
                0x0081aaa8                PROVIDE (__CTOR_LIST__, ABSOLUTE (.))
 *(.ctors)
 *(SORT(.ctors.*))
 .ctors.65535   0x0081aaa8        0x4 c:/altera/12.0sp2/nios2eds/bin/gnu/h-i686-mingw32/bin/../lib/gcc/nios2-elf/4.1.2/../../../../nios2-elf/lib\libc.a(lib_a-__call_atexit.o)
                0x0081aaac                PROVIDE (__CTOR_END__, ABSOLUTE (.))
                0x0081aaac                PROVIDE (__DTOR_LIST__, ABSOLUTE (.))
 *(.dtors)
 *(SORT(.dtors.*))
                0x0081aaac                PROVIDE (__DTOR_END__, ABSOLUTE (.))
 *(.jcr)
                0x0081aaac                . = ALIGN (0x4)

.rodata         0x0081aaac      0xb94
                0x0081aaac                PROVIDE (__ram_rodata_start, ABSOLUTE (.))
                0x0081aaac                . = ALIGN (0x4)
 *(.rodata .rodata.* .gnu.linkonce.r.*)
 .rodata        0x0081aaac      0x24c obj/default/audio.o
 .rodata        0x0081acf8       0x18 obj/default/bmp.o
 .rodata        0x0081ad10       0x20 obj/default/displacement.o
 .rodata        0x0081ad30       0x18 obj/default/lcd.o
 .rodata        0x0081ad48       0x78 obj/default/main.o
 .rodata        0x0081adc0      0x158 obj/default/score.o
 .rodata        0x0081af18       0x94 obj/default/sd_card.o
 .rodata        0x0081afac      0x1ec obj/default/timer.o
 .rodata        0x0081b198       0x3c obj/default/vga.o
 .rodata.str1.4
                0x0081b1d4        0x4 c:/altera/12.0sp2/nios2eds/bin/gnu/h-i686-mingw32/bin/../lib/gcc/nios2-elf/4.1.2/../../../../nios2-elf/lib\libm.a(lib_a-w_pow.o)
 .rodata.str1.4
                0x00000000        0x4 c:/altera/12.0sp2/nios2eds/bin/gnu/h-i686-mingw32/bin/../lib/gcc/nios2-elf/4.1.2/../../../../nios2-elf/lib\libm.a(lib_a-e_pow.o)
 .rodata        0x0081b1d8       0x30 c:/altera/12.0sp2/nios2eds/bin/gnu/h-i686-mingw32/bin/../lib/gcc/nios2-elf/4.1.2/../../../../nios2-elf/lib\libm.a(lib_a-e_pow.o)
 .rodata        0x0081b208       0x10 c:/altera/12.0sp2/nios2eds/bin/gnu/h-i686-mingw32/bin/../lib/gcc/nios2-elf/4.1.2/../../../../nios2-elf/lib\libm.a(lib_a-s_rint.o)
 .rodata        0x0081b218       0x10 c:/altera/12.0sp2/nios2eds/bin/gnu/h-i686-mingw32/bin/../lib/gcc/nios2-elf/4.1.2\libgcc.a(_thenan_sf.o)
                0x0081b218                __thenan_sf
 .rodata        0x0081b228       0x14 c:/altera/12.0sp2/nios2eds/bin/gnu/h-i686-mingw32/bin/../lib/gcc/nios2-elf/4.1.2\libgcc.a(_thenan_df.o)
                0x0081b228                __thenan_df
 .rodata        0x0081b23c      0x100 c:/altera/12.0sp2/nios2eds/bin/gnu/h-i686-mingw32/bin/../lib/gcc/nios2-elf/4.1.2\libgcc.a(_clz.o)
                0x0081b23c                __clz_tab
 .rodata.str1.4
                0x0081b33c        0x2 c:/altera/12.0sp2/nios2eds/bin/gnu/h-i686-mingw32/bin/../lib/gcc/nios2-elf/4.1.2/../../../../nios2-elf/lib\libc.a(lib_a-impure.o)
                                  0x4 (size before relaxing)
 *fill*         0x0081b33e        0x2 00
 .rodata.str1.4
                0x0081b340        0x2 c:/altera/12.0sp2/nios2eds/bin/gnu/h-i686-mingw32/bin/../lib/gcc/nios2-elf/4.1.2/../../../../nios2-elf/lib\libc.a(lib_a-puts.o)
                                  0x4 (size before relaxing)
 *fill*         0x0081b342        0x2 00
 .rodata.str1.4
                0x0081b344       0x5e c:/altera/12.0sp2/nios2eds/bin/gnu/h-i686-mingw32/bin/../lib/gcc/nios2-elf/4.1.2/../../../../nios2-elf/lib\libc.a(lib_a-vfprintf.o)
                                 0x60 (size before relaxing)
 .rodata        0x0081b3a2       0x20 c:/altera/12.0sp2/nios2eds/bin/gnu/h-i686-mingw32/bin/../lib/gcc/nios2-elf/4.1.2/../../../../nios2-elf/lib\libc.a(lib_a-vfprintf.o)
 *fill*         0x0081b3c2        0x2 00
 .rodata.str1.4
                0x0081b3c4       0x10 c:/altera/12.0sp2/nios2eds/bin/gnu/h-i686-mingw32/bin/../lib/gcc/nios2-elf/4.1.2/../../../../nios2-elf/lib\libc.a(lib_a-dtoa.o)
                                 0x14 (size before relaxing)
 .rodata.str1.4
                0x0081b3d4       0x10 c:/altera/12.0sp2/nios2eds/bin/gnu/h-i686-mingw32/bin/../lib/gcc/nios2-elf/4.1.2/../../../../nios2-elf/lib\libc.a(lib_a-locale.o)
                                 0x18 (size before relaxing)
 .rodata        0x0081b3e4       0x30 c:/altera/12.0sp2/nios2eds/bin/gnu/h-i686-mingw32/bin/../lib/gcc/nios2-elf/4.1.2/../../../../nios2-elf/lib\libc.a(lib_a-locale.o)
 .rodata        0x0081b414      0x124 c:/altera/12.0sp2/nios2eds/bin/gnu/h-i686-mingw32/bin/../lib/gcc/nios2-elf/4.1.2/../../../../nios2-elf/lib\libc.a(lib_a-mprec.o)
                0x0081b414                __mprec_tens
                0x0081b4dc                __mprec_bigtens
                0x0081b504                __mprec_tinytens
 .rodata        0x0081b538        0xc C:/Users/SarahLynn/Documents/School/School3/EECE381/LSN/LSN_bsp/\libhal_bsp.a(alt_dev.o)
 .rodata        0x0081b544       0x14 C:/Users/SarahLynn/Documents/School/School3/EECE381/LSN/LSN_bsp/\libhal_bsp.a(alt_main.o)
 .rodata        0x0081b558       0xcc C:/Users/SarahLynn/Documents/School/School3/EECE381/LSN/LSN_bsp/\libhal_bsp.a(alt_sys_init.o)
 .rodata        0x0081b624       0x1c C:/Users/SarahLynn/Documents/School/School3/EECE381/LSN/LSN_bsp/\libhal_bsp.a(altera_up_avalon_video_character_buffer_with_dma.o)
 *(.rodata1)
                0x0081b640                . = ALIGN (0x4)
                0x0081b640                PROVIDE (__ram_rodata_end, ABSOLUTE (.))
                0x0081aaac                PROVIDE (__flash_rodata_start, LOADADDR (.rodata))

.rwdata         0x0081b640     0x1bc4 load address 0x0081d204
                0x0081b640                PROVIDE (__ram_rwdata_start, ABSOLUTE (.))
                0x0081b640                . = ALIGN (0x4)
 *(.got.plt)
 *(.got)
 *(.data1)
 *(.data .data.* .gnu.linkonce.d.*)
 .data          0x0081b640        0x0 C:/Users/SarahLynn/Documents/School/School3/EECE381/LSN/LSN_bsp//obj/HAL/src/crt0.o
 .data          0x0081b640        0x0 obj/default/audio.o
 .data          0x0081b640        0x0 obj/default/bmp.o
 .data          0x0081b640        0x0 obj/default/bullet.o
 .data          0x0081b640        0x0 obj/default/collision.o
 .data          0x0081b640        0x0 obj/default/displacement.o
 .data          0x0081b640        0x0 obj/default/input.o
 .data          0x0081b640        0x0 obj/default/lcd.o
 .data          0x0081b640        0x0 obj/default/main.o
 .data          0x0081b640        0x0 obj/default/player.o
 .data          0x0081b640        0x0 obj/default/score.o
 .data          0x0081b640        0x0 obj/default/sd_card.o
 .data          0x0081b640        0x0 obj/default/shark.o
 .data          0x0081b640        0x0 obj/default/timer.o
 .data          0x0081b640        0x0 obj/default/vga.o
 .data          0x0081b640        0x0 c:/altera/12.0sp2/nios2eds/bin/gnu/h-i686-mingw32/bin/../lib/gcc/nios2-elf/4.1.2/../../../../nios2-elf/lib\libm.a(lib_a-w_pow.o)
 .data          0x0081b640        0x0 c:/altera/12.0sp2/nios2eds/bin/gnu/h-i686-mingw32/bin/../lib/gcc/nios2-elf/4.1.2/../../../../nios2-elf/lib\libm.a(lib_a-e_pow.o)
 .data          0x0081b640        0x0 c:/altera/12.0sp2/nios2eds/bin/gnu/h-i686-mingw32/bin/../lib/gcc/nios2-elf/4.1.2/../../../../nios2-elf/lib\libm.a(lib_a-e_sqrt.o)
 .data          0x0081b640        0x0 c:/altera/12.0sp2/nios2eds/bin/gnu/h-i686-mingw32/bin/../lib/gcc/nios2-elf/4.1.2/../../../../nios2-elf/lib\libm.a(lib_a-s_fabs.o)
 .data          0x0081b640        0x0 c:/altera/12.0sp2/nios2eds/bin/gnu/h-i686-mingw32/bin/../lib/gcc/nios2-elf/4.1.2/../../../../nios2-elf/lib\libm.a(lib_a-s_finite.o)
 .data          0x0081b640        0x0 c:/altera/12.0sp2/nios2eds/bin/gnu/h-i686-mingw32/bin/../lib/gcc/nios2-elf/4.1.2/../../../../nios2-elf/lib\libm.a(lib_a-s_isnand.o)
 .data          0x0081b640        0x0 c:/altera/12.0sp2/nios2eds/bin/gnu/h-i686-mingw32/bin/../lib/gcc/nios2-elf/4.1.2/../../../../nios2-elf/lib\libm.a(lib_a-s_lib_ver.o)
 .data          0x0081b640        0x0 c:/altera/12.0sp2/nios2eds/bin/gnu/h-i686-mingw32/bin/../lib/gcc/nios2-elf/4.1.2/../../../../nios2-elf/lib\libm.a(lib_a-s_matherr.o)
 .data          0x0081b640        0x0 c:/altera/12.0sp2/nios2eds/bin/gnu/h-i686-mingw32/bin/../lib/gcc/nios2-elf/4.1.2/../../../../nios2-elf/lib\libm.a(lib_a-s_nan.o)
 .data          0x0081b640        0x0 c:/altera/12.0sp2/nios2eds/bin/gnu/h-i686-mingw32/bin/../lib/gcc/nios2-elf/4.1.2/../../../../nios2-elf/lib\libm.a(lib_a-s_rint.o)
 .data          0x0081b640        0x0 c:/altera/12.0sp2/nios2eds/bin/gnu/h-i686-mingw32/bin/../lib/gcc/nios2-elf/4.1.2/../../../../nios2-elf/lib\libm.a(lib_a-s_scalbn.o)
 .data          0x0081b640        0x0 c:/altera/12.0sp2/nios2eds/bin/gnu/h-i686-mingw32/bin/../lib/gcc/nios2-elf/4.1.2/../../../../nios2-elf/lib\libm.a(lib_a-s_copysign.o)
 .data          0x0081b640        0x0 c:/altera/12.0sp2/nios2eds/bin/gnu/h-i686-mingw32/bin/../lib/gcc/nios2-elf/4.1.2\libgcc.a(_div_sf.o)
 .data          0x0081b640        0x0 c:/altera/12.0sp2/nios2eds/bin/gnu/h-i686-mingw32/bin/../lib/gcc/nios2-elf/4.1.2\libgcc.a(_si_to_sf.o)
 .data          0x0081b640        0x0 c:/altera/12.0sp2/nios2eds/bin/gnu/h-i686-mingw32/bin/../lib/gcc/nios2-elf/4.1.2\libgcc.a(_sf_to_df.o)
 .data          0x0081b640        0x0 c:/altera/12.0sp2/nios2eds/bin/gnu/h-i686-mingw32/bin/../lib/gcc/nios2-elf/4.1.2\libgcc.a(_thenan_sf.o)
 .data          0x0081b640        0x0 c:/altera/12.0sp2/nios2eds/bin/gnu/h-i686-mingw32/bin/../lib/gcc/nios2-elf/4.1.2\libgcc.a(_addsub_df.o)
 .data          0x0081b640        0x0 c:/altera/12.0sp2/nios2eds/bin/gnu/h-i686-mingw32/bin/../lib/gcc/nios2-elf/4.1.2\libgcc.a(_mul_df.o)
 .data          0x0081b640        0x0 c:/altera/12.0sp2/nios2eds/bin/gnu/h-i686-mingw32/bin/../lib/gcc/nios2-elf/4.1.2\libgcc.a(_div_df.o)
 .data          0x0081b640        0x0 c:/altera/12.0sp2/nios2eds/bin/gnu/h-i686-mingw32/bin/../lib/gcc/nios2-elf/4.1.2\libgcc.a(_eq_df.o)
 .data          0x0081b640        0x0 c:/altera/12.0sp2/nios2eds/bin/gnu/h-i686-mingw32/bin/../lib/gcc/nios2-elf/4.1.2\libgcc.a(_ne_df.o)
 .data          0x0081b640        0x0 c:/altera/12.0sp2/nios2eds/bin/gnu/h-i686-mingw32/bin/../lib/gcc/nios2-elf/4.1.2\libgcc.a(_gt_df.o)
 .data          0x0081b640        0x0 c:/altera/12.0sp2/nios2eds/bin/gnu/h-i686-mingw32/bin/../lib/gcc/nios2-elf/4.1.2\libgcc.a(_lt_df.o)
 .data          0x0081b640        0x0 c:/altera/12.0sp2/nios2eds/bin/gnu/h-i686-mingw32/bin/../lib/gcc/nios2-elf/4.1.2\libgcc.a(_le_df.o)
 .data          0x0081b640        0x0 c:/altera/12.0sp2/nios2eds/bin/gnu/h-i686-mingw32/bin/../lib/gcc/nios2-elf/4.1.2\libgcc.a(_si_to_df.o)
 .data          0x0081b640        0x0 c:/altera/12.0sp2/nios2eds/bin/gnu/h-i686-mingw32/bin/../lib/gcc/nios2-elf/4.1.2\libgcc.a(_df_to_si.o)
 .data          0x0081b640        0x0 c:/altera/12.0sp2/nios2eds/bin/gnu/h-i686-mingw32/bin/../lib/gcc/nios2-elf/4.1.2\libgcc.a(_make_df.o)
 .data          0x0081b640        0x0 c:/altera/12.0sp2/nios2eds/bin/gnu/h-i686-mingw32/bin/../lib/gcc/nios2-elf/4.1.2\libgcc.a(_thenan_df.o)
 .data          0x0081b640        0x0 c:/altera/12.0sp2/nios2eds/bin/gnu/h-i686-mingw32/bin/../lib/gcc/nios2-elf/4.1.2\libgcc.a(lib2-divmod.o)
 .data          0x0081b640        0x0 c:/altera/12.0sp2/nios2eds/bin/gnu/h-i686-mingw32/bin/../lib/gcc/nios2-elf/4.1.2\libgcc.a(_muldi3.o)
 .data          0x0081b640        0x0 c:/altera/12.0sp2/nios2eds/bin/gnu/h-i686-mingw32/bin/../lib/gcc/nios2-elf/4.1.2\libgcc.a(_clzsi2.o)
 .data          0x0081b640        0x0 c:/altera/12.0sp2/nios2eds/bin/gnu/h-i686-mingw32/bin/../lib/gcc/nios2-elf/4.1.2\libgcc.a(_pack_sf.o)
 .data          0x0081b640        0x0 c:/altera/12.0sp2/nios2eds/bin/gnu/h-i686-mingw32/bin/../lib/gcc/nios2-elf/4.1.2\libgcc.a(_unpack_sf.o)
 .data          0x0081b640        0x0 c:/altera/12.0sp2/nios2eds/bin/gnu/h-i686-mingw32/bin/../lib/gcc/nios2-elf/4.1.2\libgcc.a(_pack_df.o)
 .data          0x0081b640        0x0 c:/altera/12.0sp2/nios2eds/bin/gnu/h-i686-mingw32/bin/../lib/gcc/nios2-elf/4.1.2\libgcc.a(_unpack_df.o)
 .data          0x0081b640        0x0 c:/altera/12.0sp2/nios2eds/bin/gnu/h-i686-mingw32/bin/../lib/gcc/nios2-elf/4.1.2\libgcc.a(_fpcmp_parts_df.o)
 .data          0x0081b640        0x0 c:/altera/12.0sp2/nios2eds/bin/gnu/h-i686-mingw32/bin/../lib/gcc/nios2-elf/4.1.2\libgcc.a(_clz.o)
 .data          0x0081b640        0x0 c:/altera/12.0sp2/nios2eds/bin/gnu/h-i686-mingw32/bin/../lib/gcc/nios2-elf/4.1.2/../../../../nios2-elf/lib\libc.a(lib_a-errno.o)
 .data          0x0081b640      0x400 c:/altera/12.0sp2/nios2eds/bin/gnu/h-i686-mingw32/bin/../lib/gcc/nios2-elf/4.1.2/../../../../nios2-elf/lib\libc.a(lib_a-impure.o)
 .data          0x0081ba40        0x0 c:/altera/12.0sp2/nios2eds/bin/gnu/h-i686-mingw32/bin/../lib/gcc/nios2-elf/4.1.2/../../../../nios2-elf/lib\libc.a(lib_a-malloc.o)
 .data          0x0081ba40      0x408 c:/altera/12.0sp2/nios2eds/bin/gnu/h-i686-mingw32/bin/../lib/gcc/nios2-elf/4.1.2/../../../../nios2-elf/lib\libc.a(lib_a-mallocr.o)
                0x0081ba40                __malloc_av_
 .data          0x0081be48        0x0 c:/altera/12.0sp2/nios2eds/bin/gnu/h-i686-mingw32/bin/../lib/gcc/nios2-elf/4.1.2/../../../../nios2-elf/lib\libc.a(lib_a-printf.o)
 .data          0x0081be48        0x0 c:/altera/12.0sp2/nios2eds/bin/gnu/h-i686-mingw32/bin/../lib/gcc/nios2-elf/4.1.2/../../../../nios2-elf/lib\libc.a(lib_a-puts.o)
 .data          0x0081be48        0x0 c:/altera/12.0sp2/nios2eds/bin/gnu/h-i686-mingw32/bin/../lib/gcc/nios2-elf/4.1.2/../../../../nios2-elf/lib\libc.a(lib_a-rand.o)
 .data          0x0081be48        0x0 c:/altera/12.0sp2/nios2eds/bin/gnu/h-i686-mingw32/bin/../lib/gcc/nios2-elf/4.1.2/../../../../nios2-elf/lib\libc.a(lib_a-sbrkr.o)
 .data          0x0081be48        0x0 c:/altera/12.0sp2/nios2eds/bin/gnu/h-i686-mingw32/bin/../lib/gcc/nios2-elf/4.1.2/../../../../nios2-elf/lib\libc.a(lib_a-strlen.o)
 .data          0x0081be48        0x0 c:/altera/12.0sp2/nios2eds/bin/gnu/h-i686-mingw32/bin/../lib/gcc/nios2-elf/4.1.2/../../../../nios2-elf/lib\libc.a(lib_a-time.o)
 .data          0x0081be48        0x0 c:/altera/12.0sp2/nios2eds/bin/gnu/h-i686-mingw32/bin/../lib/gcc/nios2-elf/4.1.2/../../../../nios2-elf/lib\libc.a(lib_a-vfprintf.o)
 .data          0x0081be48        0x0 c:/altera/12.0sp2/nios2eds/bin/gnu/h-i686-mingw32/bin/../lib/gcc/nios2-elf/4.1.2/../../../../nios2-elf/lib\libc.a(lib_a-wsetup.o)
 .data          0x0081be48        0x0 c:/altera/12.0sp2/nios2eds/bin/gnu/h-i686-mingw32/bin/../lib/gcc/nios2-elf/4.1.2/../../../../nios2-elf/lib\libc.a(lib_a-dtoa.o)
 .data          0x0081be48        0x0 c:/altera/12.0sp2/nios2eds/bin/gnu/h-i686-mingw32/bin/../lib/gcc/nios2-elf/4.1.2/../../../../nios2-elf/lib\libc.a(lib_a-fflush.o)
 .data          0x0081be48        0x0 c:/altera/12.0sp2/nios2eds/bin/gnu/h-i686-mingw32/bin/../lib/gcc/nios2-elf/4.1.2/../../../../nios2-elf/lib\libc.a(lib_a-findfp.o)
 .data          0x0081be48        0x0 c:/altera/12.0sp2/nios2eds/bin/gnu/h-i686-mingw32/bin/../lib/gcc/nios2-elf/4.1.2/../../../../nios2-elf/lib\libc.a(lib_a-freer.o)
 .data          0x0081be48        0x0 c:/altera/12.0sp2/nios2eds/bin/gnu/h-i686-mingw32/bin/../lib/gcc/nios2-elf/4.1.2/../../../../nios2-elf/lib\libc.a(lib_a-fvwrite.o)
 .data          0x0081be48        0x0 c:/altera/12.0sp2/nios2eds/bin/gnu/h-i686-mingw32/bin/../lib/gcc/nios2-elf/4.1.2/../../../../nios2-elf/lib\libc.a(lib_a-fwalk.o)
 .data          0x0081be48        0x0 c:/altera/12.0sp2/nios2eds/bin/gnu/h-i686-mingw32/bin/../lib/gcc/nios2-elf/4.1.2/../../../../nios2-elf/lib\libc.a(lib_a-gettimeofdayr.o)
 .data          0x0081be48        0x0 c:/altera/12.0sp2/nios2eds/bin/gnu/h-i686-mingw32/bin/../lib/gcc/nios2-elf/4.1.2/../../../../nios2-elf/lib\libc.a(lib_a-int_errno.o)
 .data          0x0081be48        0xc c:/altera/12.0sp2/nios2eds/bin/gnu/h-i686-mingw32/bin/../lib/gcc/nios2-elf/4.1.2/../../../../nios2-elf/lib\libc.a(lib_a-locale.o)
                0x0081be48                __lc_ctype
 .data          0x0081be54        0x0 c:/altera/12.0sp2/nios2eds/bin/gnu/h-i686-mingw32/bin/../lib/gcc/nios2-elf/4.1.2/../../../../nios2-elf/lib\libc.a(lib_a-makebuf.o)
 .data          0x0081be54        0x0 c:/altera/12.0sp2/nios2eds/bin/gnu/h-i686-mingw32/bin/../lib/gcc/nios2-elf/4.1.2/../../../../nios2-elf/lib\libc.a(lib_a-memchr.o)
 .data          0x0081be54        0x0 c:/altera/12.0sp2/nios2eds/bin/gnu/h-i686-mingw32/bin/../lib/gcc/nios2-elf/4.1.2/../../../../nios2-elf/lib\libc.a(lib_a-memcpy.o)
 .data          0x0081be54        0x0 c:/altera/12.0sp2/nios2eds/bin/gnu/h-i686-mingw32/bin/../lib/gcc/nios2-elf/4.1.2/../../../../nios2-elf/lib\libc.a(lib_a-memmove.o)
 .data          0x0081be54        0x0 c:/altera/12.0sp2/nios2eds/bin/gnu/h-i686-mingw32/bin/../lib/gcc/nios2-elf/4.1.2/../../../../nios2-elf/lib\libc.a(lib_a-memset.o)
 .data          0x0081be54        0x0 c:/altera/12.0sp2/nios2eds/bin/gnu/h-i686-mingw32/bin/../lib/gcc/nios2-elf/4.1.2/../../../../nios2-elf/lib\libc.a(lib_a-mprec.o)
 .data          0x0081be54        0x0 c:/altera/12.0sp2/nios2eds/bin/gnu/h-i686-mingw32/bin/../lib/gcc/nios2-elf/4.1.2/../../../../nios2-elf/lib\libc.a(lib_a-reallocr.o)
 .data          0x0081be54        0x0 c:/altera/12.0sp2/nios2eds/bin/gnu/h-i686-mingw32/bin/../lib/gcc/nios2-elf/4.1.2/../../../../nios2-elf/lib\libc.a(lib_a-s_isinfd.o)
 .data          0x0081be54        0x0 c:/altera/12.0sp2/nios2eds/bin/gnu/h-i686-mingw32/bin/../lib/gcc/nios2-elf/4.1.2/../../../../nios2-elf/lib\libc.a(lib_a-stdio.o)
 .data          0x0081be54        0x0 c:/altera/12.0sp2/nios2eds/bin/gnu/h-i686-mingw32/bin/../lib/gcc/nios2-elf/4.1.2/../../../../nios2-elf/lib\libc.a(lib_a-strcmp.o)
 .data          0x0081be54        0x0 c:/altera/12.0sp2/nios2eds/bin/gnu/h-i686-mingw32/bin/../lib/gcc/nios2-elf/4.1.2/../../../../nios2-elf/lib\libc.a(lib_a-writer.o)
 .data          0x0081be54        0x0 c:/altera/12.0sp2/nios2eds/bin/gnu/h-i686-mingw32/bin/../lib/gcc/nios2-elf/4.1.2/../../../../nios2-elf/lib\libc.a(lib_a-callocr.o)
 .data          0x0081be54        0x0 c:/altera/12.0sp2/nios2eds/bin/gnu/h-i686-mingw32/bin/../lib/gcc/nios2-elf/4.1.2/../../../../nios2-elf/lib\libc.a(lib_a-closer.o)
 .data          0x0081be54        0x0 c:/altera/12.0sp2/nios2eds/bin/gnu/h-i686-mingw32/bin/../lib/gcc/nios2-elf/4.1.2/../../../../nios2-elf/lib\libc.a(lib_a-fclose.o)
 .data          0x0081be54        0x0 c:/altera/12.0sp2/nios2eds/bin/gnu/h-i686-mingw32/bin/../lib/gcc/nios2-elf/4.1.2/../../../../nios2-elf/lib\libc.a(lib_a-fstatr.o)
 .data          0x0081be54        0x0 c:/altera/12.0sp2/nios2eds/bin/gnu/h-i686-mingw32/bin/../lib/gcc/nios2-elf/4.1.2/../../../../nios2-elf/lib\libc.a(lib_a-isattyr.o)
 .data          0x0081be54        0x0 c:/altera/12.0sp2/nios2eds/bin/gnu/h-i686-mingw32/bin/../lib/gcc/nios2-elf/4.1.2/../../../../nios2-elf/lib\libc.a(lib_a-lseekr.o)
 .data          0x0081be54        0x0 c:/altera/12.0sp2/nios2eds/bin/gnu/h-i686-mingw32/bin/../lib/gcc/nios2-elf/4.1.2/../../../../nios2-elf/lib\libc.a(lib_a-readr.o)
 .data          0x0081be54        0x0 c:/altera/12.0sp2/nios2eds/bin/gnu/h-i686-mingw32/bin/../lib/gcc/nios2-elf/4.1.2\libgcc.a(_udivdi3.o)
 .data          0x0081be54        0x0 c:/altera/12.0sp2/nios2eds/bin/gnu/h-i686-mingw32/bin/../lib/gcc/nios2-elf/4.1.2\libgcc.a(_umoddi3.o)
 .data          0x0081be54        0x0 c:/altera/12.0sp2/nios2eds/bin/gnu/h-i686-mingw32/bin/../lib/gcc/nios2-elf/4.1.2\libgcc.a(_ge_df.o)
 .data          0x0081be54        0x0 c:/altera/12.0sp2/nios2eds/bin/gnu/h-i686-mingw32/bin/../lib/gcc/nios2-elf/4.1.2\libgcc.a(_usi_to_df.o)
 .data          0x0081be54        0x0 C:/Users/SarahLynn/Documents/School/School3/EECE381/LSN/LSN_bsp/\libhal_bsp.a(alt_close.o)
 .data          0x0081be54      0x1a8 C:/Users/SarahLynn/Documents/School/School3/EECE381/LSN/LSN_bsp/\libhal_bsp.a(alt_dev.o)
                0x0081be54                alt_dev_null
                0x0081be7c                alt_fd_list
 .data          0x0081bffc        0x0 C:/Users/SarahLynn/Documents/School/School3/EECE381/LSN/LSN_bsp/\libhal_bsp.a(alt_errno.o)
 .data          0x0081bffc        0x0 C:/Users/SarahLynn/Documents/School/School3/EECE381/LSN/LSN_bsp/\libhal_bsp.a(alt_fstat.o)
 .data          0x0081bffc        0x0 C:/Users/SarahLynn/Documents/School/School3/EECE381/LSN/LSN_bsp/\libhal_bsp.a(alt_gettod.o)
 .data          0x0081bffc        0x0 C:/Users/SarahLynn/Documents/School/School3/EECE381/LSN/LSN_bsp/\libhal_bsp.a(alt_irq_register.o)
 .data          0x0081bffc        0x0 C:/Users/SarahLynn/Documents/School/School3/EECE381/LSN/LSN_bsp/\libhal_bsp.a(alt_irq_vars.o)
 .data          0x0081bffc        0x0 C:/Users/SarahLynn/Documents/School/School3/EECE381/LSN/LSN_bsp/\libhal_bsp.a(alt_isatty.o)
 .data          0x0081bffc        0x0 C:/Users/SarahLynn/Documents/School/School3/EECE381/LSN/LSN_bsp/\libhal_bsp.a(alt_load.o)
 .data          0x0081bffc        0x0 C:/Users/SarahLynn/Documents/School/School3/EECE381/LSN/LSN_bsp/\libhal_bsp.a(alt_lseek.o)
 .data          0x0081bffc        0x0 C:/Users/SarahLynn/Documents/School/School3/EECE381/LSN/LSN_bsp/\libhal_bsp.a(alt_main.o)
 .data          0x0081bffc        0x0 C:/Users/SarahLynn/Documents/School/School3/EECE381/LSN/LSN_bsp/\libhal_bsp.a(alt_malloc_lock.o)
 .data          0x0081bffc        0x0 C:/Users/SarahLynn/Documents/School/School3/EECE381/LSN/LSN_bsp/\libhal_bsp.a(alt_read.o)
 .data          0x0081bffc        0x0 C:/Users/SarahLynn/Documents/School/School3/EECE381/LSN/LSN_bsp/\libhal_bsp.a(alt_release_fd.o)
 .data          0x0081bffc        0x0 C:/Users/SarahLynn/Documents/School/School3/EECE381/LSN/LSN_bsp/\libhal_bsp.a(alt_sbrk.o)
 .data          0x0081bffc        0x0 C:/Users/SarahLynn/Documents/School/School3/EECE381/LSN/LSN_bsp/\libhal_bsp.a(alt_tick.o)
 .data          0x0081bffc        0x0 C:/Users/SarahLynn/Documents/School/School3/EECE381/LSN/LSN_bsp/\libhal_bsp.a(alt_usleep.o)
 .data          0x0081bffc        0x0 C:/Users/SarahLynn/Documents/School/School3/EECE381/LSN/LSN_bsp/\libhal_bsp.a(alt_write.o)
 .data          0x0081bffc     0x11b4 C:/Users/SarahLynn/Documents/School/School3/EECE381/LSN/LSN_bsp/\libhal_bsp.a(alt_sys_init.o)
 .data          0x0081d1b0        0x0 C:/Users/SarahLynn/Documents/School/School3/EECE381/LSN/LSN_bsp/\libhal_bsp.a(altera_avalon_jtag_uart_fd.o)
 .data          0x0081d1b0        0x0 C:/Users/SarahLynn/Documents/School/School3/EECE381/LSN/LSN_bsp/\libhal_bsp.a(altera_avalon_jtag_uart_init.o)
 .data          0x0081d1b0        0x0 C:/Users/SarahLynn/Documents/School/School3/EECE381/LSN/LSN_bsp/\libhal_bsp.a(altera_avalon_jtag_uart_ioctl.o)
 .data          0x0081d1b0        0x0 C:/Users/SarahLynn/Documents/School/School3/EECE381/LSN/LSN_bsp/\libhal_bsp.a(altera_avalon_jtag_uart_read.o)
 .data          0x0081d1b0        0x0 C:/Users/SarahLynn/Documents/School/School3/EECE381/LSN/LSN_bsp/\libhal_bsp.a(altera_avalon_jtag_uart_write.o)
 .data          0x0081d1b0        0x0 C:/Users/SarahLynn/Documents/School/School3/EECE381/LSN/LSN_bsp/\libhal_bsp.a(altera_avalon_timer_sc.o)
 .data          0x0081d1b0        0x0 C:/Users/SarahLynn/Documents/School/School3/EECE381/LSN/LSN_bsp/\libhal_bsp.a(altera_avalon_timer_ts.o)
 .data          0x0081d1b0        0x0 C:/Users/SarahLynn/Documents/School/School3/EECE381/LSN/LSN_bsp/\libhal_bsp.a(altera_avalon_timer_vars.o)
 .data          0x0081d1b0        0x0 C:/Users/SarahLynn/Documents/School/School3/EECE381/LSN/LSN_bsp/\libhal_bsp.a(altera_up_avalon_audio.o)
 .data          0x0081d1b0        0x0 C:/Users/SarahLynn/Documents/School/School3/EECE381/LSN/LSN_bsp/\libhal_bsp.a(altera_up_avalon_audio_and_video_config.o)
 .data          0x0081d1b0        0x0 C:/Users/SarahLynn/Documents/School/School3/EECE381/LSN/LSN_bsp/\libhal_bsp.a(altera_up_avalon_character_lcd.o)
 .data          0x0081d1b0        0x0 C:/Users/SarahLynn/Documents/School/School3/EECE381/LSN/LSN_bsp/\libhal_bsp.a(altera_up_avalon_video_character_buffer_with_dma.o)
 .data          0x0081d1b0        0x0 C:/Users/SarahLynn/Documents/School/School3/EECE381/LSN/LSN_bsp/\libhal_bsp.a(altera_up_avalon_video_pixel_buffer_dma.o)
 .data          0x0081d1b0        0x0 C:/Users/SarahLynn/Documents/School/School3/EECE381/LSN/LSN_bsp/\libhal_bsp.a(altera_up_sd_card_avalon_interface.o)
 .data          0x0081d1b0        0x0 C:/Users/SarahLynn/Documents/School/School3/EECE381/LSN/LSN_bsp/\libhal_bsp.a(alt_alarm_start.o)
 .data          0x0081d1b0        0x0 C:/Users/SarahLynn/Documents/School/School3/EECE381/LSN/LSN_bsp/\libhal_bsp.a(alt_busy_sleep.o)
 .data          0x0081d1b0        0x0 C:/Users/SarahLynn/Documents/School/School3/EECE381/LSN/LSN_bsp/\libhal_bsp.a(alt_dcache_flush_all.o)
 .data          0x0081d1b0        0x0 C:/Users/SarahLynn/Documents/School/School3/EECE381/LSN/LSN_bsp/\libhal_bsp.a(alt_dev_llist_insert.o)
 .data          0x0081d1b0        0x0 C:/Users/SarahLynn/Documents/School/School3/EECE381/LSN/LSN_bsp/\libhal_bsp.a(alt_do_ctors.o)
 .data          0x0081d1b0        0x0 C:/Users/SarahLynn/Documents/School/School3/EECE381/LSN/LSN_bsp/\libhal_bsp.a(alt_do_dtors.o)
 .data          0x0081d1b0        0x0 C:/Users/SarahLynn/Documents/School/School3/EECE381/LSN/LSN_bsp/\libhal_bsp.a(alt_find_dev.o)
 .data          0x0081d1b0        0x0 C:/Users/SarahLynn/Documents/School/School3/EECE381/LSN/LSN_bsp/\libhal_bsp.a(alt_icache_flush_all.o)
 .data          0x0081d1b0        0x0 C:/Users/SarahLynn/Documents/School/School3/EECE381/LSN/LSN_bsp/\libhal_bsp.a(alt_io_redirect.o)
 .data          0x0081d1b0        0x0 C:/Users/SarahLynn/Documents/School/School3/EECE381/LSN/LSN_bsp/\libhal_bsp.a(alt_irq_entry.o)
 .data          0x0081d1b0        0x0 C:/Users/SarahLynn/Documents/School/School3/EECE381/LSN/LSN_bsp/\libhal_bsp.a(alt_irq_handler.o)
 .data          0x0081d1b0        0x0 C:/Users/SarahLynn/Documents/School/School3/EECE381/LSN/LSN_bsp/\libhal_bsp.a(alt_open.o)
 .data          0x0081d1b0        0x0 C:/Users/SarahLynn/Documents/School/School3/EECE381/LSN/LSN_bsp/\libhal_bsp.a(altera_nios2_qsys_irq.o)
 .data          0x0081d1b0        0x0 C:/Users/SarahLynn/Documents/School/School3/EECE381/LSN/LSN_bsp/\libhal_bsp.a(alt_exception_entry.o)
 .data          0x0081d1b0        0x0 C:/Users/SarahLynn/Documents/School/School3/EECE381/LSN/LSN_bsp/\libhal_bsp.a(alt_find_file.o)
 .data          0x0081d1b0        0x0 C:/Users/SarahLynn/Documents/School/School3/EECE381/LSN/LSN_bsp/\libhal_bsp.a(alt_get_fd.o)
 .data          0x0081d1b0        0x0 C:/Users/SarahLynn/Documents/School/School3/EECE381/LSN/LSN_bsp/\libhal_bsp.a(alt_icache_flush.o)
 .data          0x0081d1b0        0x0 c:/altera/12.0sp2/nios2eds/bin/gnu/h-i686-mingw32/bin/../lib/gcc/nios2-elf/4.1.2/../../../../nios2-elf/lib\libc.a(lib_a-atexit.o)
 .data          0x0081d1b0        0x0 c:/altera/12.0sp2/nios2eds/bin/gnu/h-i686-mingw32/bin/../lib/gcc/nios2-elf/4.1.2/../../../../nios2-elf/lib\libc.a(lib_a-exit.o)
 .data          0x0081d1b0        0x0 c:/altera/12.0sp2/nios2eds/bin/gnu/h-i686-mingw32/bin/../lib/gcc/nios2-elf/4.1.2/../../../../nios2-elf/lib\libc.a(lib_a-memcmp.o)
 .data          0x0081d1b0        0x0 c:/altera/12.0sp2/nios2eds/bin/gnu/h-i686-mingw32/bin/../lib/gcc/nios2-elf/4.1.2/../../../../nios2-elf/lib\libc.a(lib_a-__atexit.o)
 .data          0x0081d1b0        0x0 c:/altera/12.0sp2/nios2eds/bin/gnu/h-i686-mingw32/bin/../lib/gcc/nios2-elf/4.1.2/../../../../nios2-elf/lib\libc.a(lib_a-__call_atexit.o)
 .data          0x0081d1b0        0x0 C:/Users/SarahLynn/Documents/School/School3/EECE381/LSN/LSN_bsp/\libhal_bsp.a(alt_exit.o)
                0x008251b0                _gp = ABSOLUTE ((. + 0x8000))
                0x008251b0                PROVIDE (gp, _gp)
 *(.rwdata .rwdata.*)
 *(.sdata .sdata.* .gnu.linkonce.s.*)
 .sdata         0x0081d1b0        0xc obj/default/audio.o
                0x0081d1b0                CONFIG_NAME
                0x0081d1b4                AUDIO_NAME
                0x0081d1b8                toneLength
 .sdata         0x0081d1bc        0x4 obj/default/score.o
                0x0081d1bc                scoreFileName
 .sdata         0x0081d1c0        0x4 c:/altera/12.0sp2/nios2eds/bin/gnu/h-i686-mingw32/bin/../lib/gcc/nios2-elf/4.1.2/../../../../nios2-elf/lib\libm.a(lib_a-s_lib_ver.o)
                0x0081d1c0                __fdlib_version
 .sdata         0x0081d1c4        0x8 c:/altera/12.0sp2/nios2eds/bin/gnu/h-i686-mingw32/bin/../lib/gcc/nios2-elf/4.1.2/../../../../nios2-elf/lib\libc.a(lib_a-impure.o)
                0x0081d1c4                _impure_ptr
                0x0081d1c8                _global_impure_ptr
 .sdata         0x0081d1cc        0x8 c:/altera/12.0sp2/nios2eds/bin/gnu/h-i686-mingw32/bin/../lib/gcc/nios2-elf/4.1.2/../../../../nios2-elf/lib\libc.a(lib_a-mallocr.o)
                0x0081d1cc                __malloc_trim_threshold
                0x0081d1d0                __malloc_sbrk_base
 .sdata         0x0081d1d4        0x8 c:/altera/12.0sp2/nios2eds/bin/gnu/h-i686-mingw32/bin/../lib/gcc/nios2-elf/4.1.2/../../../../nios2-elf/lib\libc.a(lib_a-locale.o)
                0x0081d1d4                __mb_cur_max
 .sdata         0x0081d1dc       0x14 C:/Users/SarahLynn/Documents/School/School3/EECE381/LSN/LSN_bsp/\libhal_bsp.a(alt_dev.o)
                0x0081d1dc                alt_fs_list
                0x0081d1e4                alt_dev_list
                0x0081d1ec                alt_max_fd
 .sdata         0x0081d1f0        0x4 C:/Users/SarahLynn/Documents/School/School3/EECE381/LSN/LSN_bsp/\libhal_bsp.a(alt_errno.o)
                0x0081d1f0                alt_errno
 .sdata         0x0081d1f4        0x4 C:/Users/SarahLynn/Documents/School/School3/EECE381/LSN/LSN_bsp/\libhal_bsp.a(alt_irq_vars.o)
                0x0081d1f4                alt_priority_mask
 .sdata         0x0081d1f8        0x4 C:/Users/SarahLynn/Documents/School/School3/EECE381/LSN/LSN_bsp/\libhal_bsp.a(alt_sbrk.o)
 .sdata         0x0081d1fc        0x8 C:/Users/SarahLynn/Documents/School/School3/EECE381/LSN/LSN_bsp/\libhal_bsp.a(alt_tick.o)
                0x0081d1fc                alt_alarm_list
 *(.sdata2 .sdata2.* .gnu.linkonce.s2.*)
                0x0081d204                . = ALIGN (0x4)
                0x0081d204                _edata = ABSOLUTE (.)
                0x0081d204                PROVIDE (edata, ABSOLUTE (.))
                0x0081d204                PROVIDE (__ram_rwdata_end, ABSOLUTE (.))
                0x0081d204                PROVIDE (__flash_rwdata_start, LOADADDR (.rwdata))

.bss            0x0081edc8     0x2b48
                0x0081edc8                __bss_start = ABSOLUTE (.)
                0x0081edc8                PROVIDE (__sbss_start, ABSOLUTE (.))
                0x0081edc8                PROVIDE (___sbss_start, ABSOLUTE (.))
 *(.dynsbss)
 *(.sbss .sbss.* .gnu.linkonce.sb.*)
 .sbss          0x0081edc8       0x20 obj/default/audio.o
                0x0081edc8                audio
                0x0081edcc                config
                0x0081edd0                DEBUG
 .sbss          0x0081ede8       0x1e obj/default/audio.o
                0x0081ede8                i
                0x0081edec                loaded
                0x0081edf0                audioFileWordLength
                0x0081edf4                sdDev
                0x0081edf8                somethingForIrq
                0x0081edfc                playedWords
                0x0081ee00                playCursor
                0x0081ee04                status
 *fill*         0x0081ee06        0x2 00
 .sbss          0x0081ee08       0x1c obj/default/bmp.o
                0x0081ee08                pixel_buffer_addr1
                0x0081ee0c                char_buffer
                0x0081ee10                pixel_buffer_addr2
                0x0081ee14                sharkBmp
                0x0081ee18                splashBmp
                0x0081ee1c                pixel_buffer
                0x0081ee20                playerBmp
 .sbss          0x0081ee24        0x8 obj/default/bullet.o
                0x0081ee24                playerBulletList
                0x0081ee28                sharkBulletList
 .sbss          0x0081ee2c       0x20 obj/default/displacement.o
 .sbss          0x0081ee4c       0x1c obj/default/input.o
                0x0081ee64                char_lcd_dev
 .sbss          0x0081ee68        0x4 obj/default/score.o
                0x0081ee68                gameScores
 .sbss          0x0081ee6c        0xc obj/default/shark.o
                0x0081ee6c                sharkList
                0x0081ee70                deadSharkList
                0x0081ee74                sharkCount
 .sbss          0x0081ee78        0xc c:/altera/12.0sp2/nios2eds/bin/gnu/h-i686-mingw32/bin/../lib/gcc/nios2-elf/4.1.2/../../../../nios2-elf/lib\libc.a(lib_a-mallocr.o)
                0x0081ee78                __malloc_top_pad
                0x0081ee7c                __malloc_max_sbrked_mem
                0x0081ee80                __malloc_max_total_mem
 .sbss          0x0081ee84        0x4 c:/altera/12.0sp2/nios2eds/bin/gnu/h-i686-mingw32/bin/../lib/gcc/nios2-elf/4.1.2/../../../../nios2-elf/lib\libc.a(lib_a-int_errno.o)
                0x0081ee84                errno
 .sbss          0x0081ee88        0xc c:/altera/12.0sp2/nios2eds/bin/gnu/h-i686-mingw32/bin/../lib/gcc/nios2-elf/4.1.2/../../../../nios2-elf/lib\libc.a(lib_a-locale.o)
                0x0081ee88                __nlocale_changed
                0x0081ee8c                __mlocale_changed
                0x0081ee90                _PathLocale
 .sbss          0x0081ee94       0x10 C:/Users/SarahLynn/Documents/School/School3/EECE381/LSN/LSN_bsp/\libhal_bsp.a(alt_gettod.o)
                0x0081ee94                alt_timezone
                0x0081ee9c                alt_resettime
 .sbss          0x0081eea4        0x4 C:/Users/SarahLynn/Documents/School/School3/EECE381/LSN/LSN_bsp/\libhal_bsp.a(alt_irq_vars.o)
                0x0081eea4                alt_irq_active
 .sbss          0x0081eea8        0xc C:/Users/SarahLynn/Documents/School/School3/EECE381/LSN/LSN_bsp/\libhal_bsp.a(alt_main.o)
                0x0081eea8                alt_argc
                0x0081eeac                alt_argv
                0x0081eeb0                alt_envp
 .sbss          0x0081eeb4        0x8 C:/Users/SarahLynn/Documents/School/School3/EECE381/LSN/LSN_bsp/\libhal_bsp.a(alt_tick.o)
                0x0081eeb4                _alt_tick_rate
                0x0081eeb8                _alt_nticks
 .sbss          0x0081eebc        0x8 C:/Users/SarahLynn/Documents/School/School3/EECE381/LSN/LSN_bsp/\libhal_bsp.a(altera_avalon_timer_vars.o)
                0x0081eebc                altera_avalon_timer_ts_base
                0x0081eec0                altera_avalon_timer_ts_freq
 .sbss          0x0081eec4       0x34 C:/Users/SarahLynn/Documents/School/School3/EECE381/LSN/LSN_bsp/\libhal_bsp.a(altera_up_sd_card_avalon_interface.o)
                0x0081eec4                initialized
                0x0081eec8                is_sd_card_formated_as_FAT16
                0x0081eecc                aux_status_register
                0x0081eed0                status_register
                0x0081eed4                CSD_register_w0
                0x0081eed8                command_register
                0x0081eedc                command_argument_register
                0x0081eee0                buffer_memory
                0x0081eee4                fat_partition_offset_in_512_byte_sectors
                0x0081eee8                fat_partition_size_in_512_byte_sectors
                0x0081eeec                device_pointer
                0x0081eef0                current_sector_modified
                0x0081eef4                current_sector_index
 *(.sbss2 .sbss2.* .gnu.linkonce.sb2.*)
 *(.scommon)
                0x0081eef8                PROVIDE (__sbss_end, ABSOLUTE (.))
                0x0081eef8                PROVIDE (___sbss_end, ABSOLUTE (.))
 *(.dynbss)
 *(.bss .bss.* .gnu.linkonce.b.*)
 .bss           0x0081eef8        0x0 C:/Users/SarahLynn/Documents/School/School3/EECE381/LSN/LSN_bsp//obj/HAL/src/crt0.o
 .bss           0x0081eef8        0x0 obj/default/audio.o
 .bss           0x0081eef8        0x0 obj/default/bmp.o
 .bss           0x0081eef8        0x0 obj/default/bullet.o
 .bss           0x0081eef8        0x0 obj/default/collision.o
 .bss           0x0081eef8        0x0 obj/default/displacement.o
 .bss           0x0081eef8        0x0 obj/default/input.o
 .bss           0x0081eef8        0x0 obj/default/lcd.o
 .bss           0x0081eef8        0x0 obj/default/main.o
 .bss           0x0081eef8        0x0 obj/default/player.o
 .bss           0x0081eef8        0x0 obj/default/score.o
 .bss           0x0081eef8        0x0 obj/default/sd_card.o
 .bss           0x0081eef8        0x0 obj/default/shark.o
 .bss           0x0081eef8        0x0 obj/default/timer.o
 .bss           0x0081eef8        0x0 obj/default/vga.o
 .bss           0x0081eef8        0x0 c:/altera/12.0sp2/nios2eds/bin/gnu/h-i686-mingw32/bin/../lib/gcc/nios2-elf/4.1.2/../../../../nios2-elf/lib\libm.a(lib_a-w_pow.o)
 .bss           0x0081eef8        0x0 c:/altera/12.0sp2/nios2eds/bin/gnu/h-i686-mingw32/bin/../lib/gcc/nios2-elf/4.1.2/../../../../nios2-elf/lib\libm.a(lib_a-e_pow.o)
 .bss           0x0081eef8        0x0 c:/altera/12.0sp2/nios2eds/bin/gnu/h-i686-mingw32/bin/../lib/gcc/nios2-elf/4.1.2/../../../../nios2-elf/lib\libm.a(lib_a-e_sqrt.o)
 .bss           0x0081eef8        0x0 c:/altera/12.0sp2/nios2eds/bin/gnu/h-i686-mingw32/bin/../lib/gcc/nios2-elf/4.1.2/../../../../nios2-elf/lib\libm.a(lib_a-s_fabs.o)
 .bss           0x0081eef8        0x0 c:/altera/12.0sp2/nios2eds/bin/gnu/h-i686-mingw32/bin/../lib/gcc/nios2-elf/4.1.2/../../../../nios2-elf/lib\libm.a(lib_a-s_finite.o)
 .bss           0x0081eef8        0x0 c:/altera/12.0sp2/nios2eds/bin/gnu/h-i686-mingw32/bin/../lib/gcc/nios2-elf/4.1.2/../../../../nios2-elf/lib\libm.a(lib_a-s_isnand.o)
 .bss           0x0081eef8        0x0 c:/altera/12.0sp2/nios2eds/bin/gnu/h-i686-mingw32/bin/../lib/gcc/nios2-elf/4.1.2/../../../../nios2-elf/lib\libm.a(lib_a-s_lib_ver.o)
 .bss           0x0081eef8        0x0 c:/altera/12.0sp2/nios2eds/bin/gnu/h-i686-mingw32/bin/../lib/gcc/nios2-elf/4.1.2/../../../../nios2-elf/lib\libm.a(lib_a-s_matherr.o)
 .bss           0x0081eef8        0x0 c:/altera/12.0sp2/nios2eds/bin/gnu/h-i686-mingw32/bin/../lib/gcc/nios2-elf/4.1.2/../../../../nios2-elf/lib\libm.a(lib_a-s_nan.o)
 .bss           0x0081eef8        0x0 c:/altera/12.0sp2/nios2eds/bin/gnu/h-i686-mingw32/bin/../lib/gcc/nios2-elf/4.1.2/../../../../nios2-elf/lib\libm.a(lib_a-s_rint.o)
 .bss           0x0081eef8        0x0 c:/altera/12.0sp2/nios2eds/bin/gnu/h-i686-mingw32/bin/../lib/gcc/nios2-elf/4.1.2/../../../../nios2-elf/lib\libm.a(lib_a-s_scalbn.o)
 .bss           0x0081eef8        0x0 c:/altera/12.0sp2/nios2eds/bin/gnu/h-i686-mingw32/bin/../lib/gcc/nios2-elf/4.1.2/../../../../nios2-elf/lib\libm.a(lib_a-s_copysign.o)
 .bss           0x0081eef8        0x0 c:/altera/12.0sp2/nios2eds/bin/gnu/h-i686-mingw32/bin/../lib/gcc/nios2-elf/4.1.2\libgcc.a(_div_sf.o)
 .bss           0x0081eef8        0x0 c:/altera/12.0sp2/nios2eds/bin/gnu/h-i686-mingw32/bin/../lib/gcc/nios2-elf/4.1.2\libgcc.a(_si_to_sf.o)
 .bss           0x0081eef8        0x0 c:/altera/12.0sp2/nios2eds/bin/gnu/h-i686-mingw32/bin/../lib/gcc/nios2-elf/4.1.2\libgcc.a(_sf_to_df.o)
 .bss           0x0081eef8        0x0 c:/altera/12.0sp2/nios2eds/bin/gnu/h-i686-mingw32/bin/../lib/gcc/nios2-elf/4.1.2\libgcc.a(_thenan_sf.o)
 .bss           0x0081eef8        0x0 c:/altera/12.0sp2/nios2eds/bin/gnu/h-i686-mingw32/bin/../lib/gcc/nios2-elf/4.1.2\libgcc.a(_addsub_df.o)
 .bss           0x0081eef8        0x0 c:/altera/12.0sp2/nios2eds/bin/gnu/h-i686-mingw32/bin/../lib/gcc/nios2-elf/4.1.2\libgcc.a(_mul_df.o)
 .bss           0x0081eef8        0x0 c:/altera/12.0sp2/nios2eds/bin/gnu/h-i686-mingw32/bin/../lib/gcc/nios2-elf/4.1.2\libgcc.a(_div_df.o)
 .bss           0x0081eef8        0x0 c:/altera/12.0sp2/nios2eds/bin/gnu/h-i686-mingw32/bin/../lib/gcc/nios2-elf/4.1.2\libgcc.a(_eq_df.o)
 .bss           0x0081eef8        0x0 c:/altera/12.0sp2/nios2eds/bin/gnu/h-i686-mingw32/bin/../lib/gcc/nios2-elf/4.1.2\libgcc.a(_ne_df.o)
 .bss           0x0081eef8        0x0 c:/altera/12.0sp2/nios2eds/bin/gnu/h-i686-mingw32/bin/../lib/gcc/nios2-elf/4.1.2\libgcc.a(_gt_df.o)
 .bss           0x0081eef8        0x0 c:/altera/12.0sp2/nios2eds/bin/gnu/h-i686-mingw32/bin/../lib/gcc/nios2-elf/4.1.2\libgcc.a(_lt_df.o)
 .bss           0x0081eef8        0x0 c:/altera/12.0sp2/nios2eds/bin/gnu/h-i686-mingw32/bin/../lib/gcc/nios2-elf/4.1.2\libgcc.a(_le_df.o)
 .bss           0x0081eef8        0x0 c:/altera/12.0sp2/nios2eds/bin/gnu/h-i686-mingw32/bin/../lib/gcc/nios2-elf/4.1.2\libgcc.a(_si_to_df.o)
 .bss           0x0081eef8        0x0 c:/altera/12.0sp2/nios2eds/bin/gnu/h-i686-mingw32/bin/../lib/gcc/nios2-elf/4.1.2\libgcc.a(_df_to_si.o)
 .bss           0x0081eef8        0x0 c:/altera/12.0sp2/nios2eds/bin/gnu/h-i686-mingw32/bin/../lib/gcc/nios2-elf/4.1.2\libgcc.a(_make_df.o)
 .bss           0x0081eef8        0x0 c:/altera/12.0sp2/nios2eds/bin/gnu/h-i686-mingw32/bin/../lib/gcc/nios2-elf/4.1.2\libgcc.a(_thenan_df.o)
 .bss           0x0081eef8        0x0 c:/altera/12.0sp2/nios2eds/bin/gnu/h-i686-mingw32/bin/../lib/gcc/nios2-elf/4.1.2\libgcc.a(lib2-divmod.o)
 .bss           0x0081eef8        0x0 c:/altera/12.0sp2/nios2eds/bin/gnu/h-i686-mingw32/bin/../lib/gcc/nios2-elf/4.1.2\libgcc.a(_muldi3.o)
 .bss           0x0081eef8        0x0 c:/altera/12.0sp2/nios2eds/bin/gnu/h-i686-mingw32/bin/../lib/gcc/nios2-elf/4.1.2\libgcc.a(_clzsi2.o)
 .bss           0x0081eef8        0x0 c:/altera/12.0sp2/nios2eds/bin/gnu/h-i686-mingw32/bin/../lib/gcc/nios2-elf/4.1.2\libgcc.a(_pack_sf.o)
 .bss           0x0081eef8        0x0 c:/altera/12.0sp2/nios2eds/bin/gnu/h-i686-mingw32/bin/../lib/gcc/nios2-elf/4.1.2\libgcc.a(_unpack_sf.o)
 .bss           0x0081eef8        0x0 c:/altera/12.0sp2/nios2eds/bin/gnu/h-i686-mingw32/bin/../lib/gcc/nios2-elf/4.1.2\libgcc.a(_pack_df.o)
 .bss           0x0081eef8        0x0 c:/altera/12.0sp2/nios2eds/bin/gnu/h-i686-mingw32/bin/../lib/gcc/nios2-elf/4.1.2\libgcc.a(_unpack_df.o)
 .bss           0x0081eef8        0x0 c:/altera/12.0sp2/nios2eds/bin/gnu/h-i686-mingw32/bin/../lib/gcc/nios2-elf/4.1.2\libgcc.a(_fpcmp_parts_df.o)
 .bss           0x0081eef8        0x0 c:/altera/12.0sp2/nios2eds/bin/gnu/h-i686-mingw32/bin/../lib/gcc/nios2-elf/4.1.2\libgcc.a(_clz.o)
 .bss           0x0081eef8        0x0 c:/altera/12.0sp2/nios2eds/bin/gnu/h-i686-mingw32/bin/../lib/gcc/nios2-elf/4.1.2/../../../../nios2-elf/lib\libc.a(lib_a-errno.o)
 .bss           0x0081eef8        0x0 c:/altera/12.0sp2/nios2eds/bin/gnu/h-i686-mingw32/bin/../lib/gcc/nios2-elf/4.1.2/../../../../nios2-elf/lib\libc.a(lib_a-impure.o)
 .bss           0x0081eef8        0x0 c:/altera/12.0sp2/nios2eds/bin/gnu/h-i686-mingw32/bin/../lib/gcc/nios2-elf/4.1.2/../../../../nios2-elf/lib\libc.a(lib_a-malloc.o)
 .bss           0x0081eef8       0x28 c:/altera/12.0sp2/nios2eds/bin/gnu/h-i686-mingw32/bin/../lib/gcc/nios2-elf/4.1.2/../../../../nios2-elf/lib\libc.a(lib_a-mallocr.o)
                0x0081eef8                __malloc_current_mallinfo
 .bss           0x0081ef20        0x0 c:/altera/12.0sp2/nios2eds/bin/gnu/h-i686-mingw32/bin/../lib/gcc/nios2-elf/4.1.2/../../../../nios2-elf/lib\libc.a(lib_a-printf.o)
 .bss           0x0081ef20        0x0 c:/altera/12.0sp2/nios2eds/bin/gnu/h-i686-mingw32/bin/../lib/gcc/nios2-elf/4.1.2/../../../../nios2-elf/lib\libc.a(lib_a-puts.o)
 .bss           0x0081ef20        0x0 c:/altera/12.0sp2/nios2eds/bin/gnu/h-i686-mingw32/bin/../lib/gcc/nios2-elf/4.1.2/../../../../nios2-elf/lib\libc.a(lib_a-rand.o)