Archive member included because of file (symbol)

c:/altera/12.0sp2/nios2eds/bin/gnu/h-i686-mingw32/bin/../lib/gcc/nios2-elf/4.1.2/../../../../nios2-elf/lib\libm.a(lib_a-w_pow.o)
                              obj/default/score.o (pow)
c:/altera/12.0sp2/nios2eds/bin/gnu/h-i686-mingw32/bin/../lib/gcc/nios2-elf/4.1.2/../../../../nios2-elf/lib\libm.a(lib_a-e_pow.o)
                              c:/altera/12.0sp2/nios2eds/bin/gnu/h-i686-mingw32/bin/../lib/gcc/nios2-elf/4.1.2/../../../../nios2-elf/lib\libm.a(lib_a-w_pow.o) (__ieee754_pow)
c:/altera/12.0sp2/nios2eds/bin/gnu/h-i686-mingw32/bin/../lib/gcc/nios2-elf/4.1.2/../../../../nios2-elf/lib\libm.a(lib_a-e_sqrt.o)
                              c:/altera/12.0sp2/nios2eds/bin/gnu/h-i686-mingw32/bin/../lib/gcc/nios2-elf/4.1.2/../../../../nios2-elf/lib\libm.a(lib_a-e_pow.o) (__ieee754_sqrt)
c:/altera/12.0sp2/nios2eds/bin/gnu/h-i686-mingw32/bin/../lib/gcc/nios2-elf/4.1.2/../../../../nios2-elf/lib\libm.a(lib_a-s_fabs.o)
                              c:/altera/12.0sp2/nios2eds/bin/gnu/h-i686-mingw32/bin/../lib/gcc/nios2-elf/4.1.2/../../../../nios2-elf/lib\libm.a(lib_a-e_pow.o) (fabs)
c:/altera/12.0sp2/nios2eds/bin/gnu/h-i686-mingw32/bin/../lib/gcc/nios2-elf/4.1.2/../../../../nios2-elf/lib\libm.a(lib_a-s_finite.o)
                              c:/altera/12.0sp2/nios2eds/bin/gnu/h-i686-mingw32/bin/../lib/gcc/nios2-elf/4.1.2/../../../../nios2-elf/lib\libm.a(lib_a-w_pow.o) (finite)
c:/altera/12.0sp2/nios2eds/bin/gnu/h-i686-mingw32/bin/../lib/gcc/nios2-elf/4.1.2/../../../../nios2-elf/lib\libm.a(lib_a-s_isnand.o)
                              c:/altera/12.0sp2/nios2eds/bin/gnu/h-i686-mingw32/bin/../lib/gcc/nios2-elf/4.1.2/../../../../nios2-elf/lib\libm.a(lib_a-w_pow.o) (__isnand)
c:/altera/12.0sp2/nios2eds/bin/gnu/h-i686-mingw32/bin/../lib/gcc/nios2-elf/4.1.2/../../../../nios2-elf/lib\libm.a(lib_a-s_lib_ver.o)
                              c:/altera/12.0sp2/nios2eds/bin/gnu/h-i686-mingw32/bin/../lib/gcc/nios2-elf/4.1.2/../../../../nios2-elf/lib\libm.a(lib_a-w_pow.o) (__fdlib_version)
c:/altera/12.0sp2/nios2eds/bin/gnu/h-i686-mingw32/bin/../lib/gcc/nios2-elf/4.1.2/../../../../nios2-elf/lib\libm.a(lib_a-s_matherr.o)
                              c:/altera/12.0sp2/nios2eds/bin/gnu/h-i686-mingw32/bin/../lib/gcc/nios2-elf/4.1.2/../../../../nios2-elf/lib\libm.a(lib_a-w_pow.o) (matherr)
c:/altera/12.0sp2/nios2eds/bin/gnu/h-i686-mingw32/bin/../lib/gcc/nios2-elf/4.1.2/../../../../nios2-elf/lib\libm.a(lib_a-s_nan.o)
                              c:/altera/12.0sp2/nios2eds/bin/gnu/h-i686-mingw32/bin/../lib/gcc/nios2-elf/4.1.2/../../../../nios2-elf/lib\libm.a(lib_a-e_pow.o) (nan)
c:/altera/12.0sp2/nios2eds/bin/gnu/h-i686-mingw32/bin/../lib/gcc/nios2-elf/4.1.2/../../../../nios2-elf/lib\libm.a(lib_a-s_rint.o)
                              c:/altera/12.0sp2/nios2eds/bin/gnu/h-i686-mingw32/bin/../lib/gcc/nios2-elf/4.1.2/../../../../nios2-elf/lib\libm.a(lib_a-w_pow.o) (rint)
c:/altera/12.0sp2/nios2eds/bin/gnu/h-i686-mingw32/bin/../lib/gcc/nios2-elf/4.1.2/../../../../nios2-elf/lib\libm.a(lib_a-s_scalbn.o)
                              c:/altera/12.0sp2/nios2eds/bin/gnu/h-i686-mingw32/bin/../lib/gcc/nios2-elf/4.1.2/../../../../nios2-elf/lib\libm.a(lib_a-e_pow.o) (scalbn)
c:/altera/12.0sp2/nios2eds/bin/gnu/h-i686-mingw32/bin/../lib/gcc/nios2-elf/4.1.2/../../../../nios2-elf/lib\libm.a(lib_a-s_copysign.o)
                              c:/altera/12.0sp2/nios2eds/bin/gnu/h-i686-mingw32/bin/../lib/gcc/nios2-elf/4.1.2/../../../../nios2-elf/lib\libm.a(lib_a-s_scalbn.o) (copysign)
c:/altera/12.0sp2/nios2eds/bin/gnu/h-i686-mingw32/bin/../lib/gcc/nios2-elf/4.1.2\libgcc.a(_div_sf.o)
                              obj/default/timer.o (__divsf3)
c:/altera/12.0sp2/nios2eds/bin/gnu/h-i686-mingw32/bin/../lib/gcc/nios2-elf/4.1.2\libgcc.a(_si_to_sf.o)
                              obj/default/timer.o (__floatsisf)
c:/altera/12.0sp2/nios2eds/bin/gnu/h-i686-mingw32/bin/../lib/gcc/nios2-elf/4.1.2\libgcc.a(_sf_to_df.o)
                              obj/default/timer.o (__extendsfdf2)
c:/altera/12.0sp2/nios2eds/bin/gnu/h-i686-mingw32/bin/../lib/gcc/nios2-elf/4.1.2\libgcc.a(_thenan_sf.o)
                              c:/altera/12.0sp2/nios2eds/bin/gnu/h-i686-mingw32/bin/../lib/gcc/nios2-elf/4.1.2\libgcc.a(_div_sf.o) (__thenan_sf)
c:/altera/12.0sp2/nios2eds/bin/gnu/h-i686-mingw32/bin/../lib/gcc/nios2-elf/4.1.2\libgcc.a(_addsub_df.o)
                              c:/altera/12.0sp2/nios2eds/bin/gnu/h-i686-mingw32/bin/../lib/gcc/nios2-elf/4.1.2/../../../../nios2-elf/lib\libm.a(lib_a-e_pow.o) (__subdf3)
c:/altera/12.0sp2/nios2eds/bin/gnu/h-i686-mingw32/bin/../lib/gcc/nios2-elf/4.1.2\libgcc.a(_mul_df.o)
                              obj/default/score.o (__muldf3)
c:/altera/12.0sp2/nios2eds/bin/gnu/h-i686-mingw32/bin/../lib/gcc/nios2-elf/4.1.2\libgcc.a(_div_df.o)
                              obj/default/score.o (__divdf3)
c:/altera/12.0sp2/nios2eds/bin/gnu/h-i686-mingw32/bin/../lib/gcc/nios2-elf/4.1.2\libgcc.a(_eq_df.o)
[...]
Memory Configuration

Name             Origin             Length             Attributes
reset            0x00800000         0x00000020
sdram_0          0x00800020         0x007fffe0
*default*        0x00000000         0xffffffff

Linker script and memory map

LOAD C:/Users/SarahLynn/Documents/School/School3/EECE381/LSN/LSN_bsp//obj/HAL/src/crt0.o
LOAD obj/default/audio.o
LOAD obj/default/bmp.o
LOAD obj/default/bullet.o
LOAD obj/default/collision.o
LOAD obj/default/displacement.o
LOAD obj/default/input.o
LOAD obj/default/lcd.o
LOAD obj/default/main.o
LOAD obj/default/player.o
LOAD obj/default/score.o
LOAD obj/default/sd_card.o
LOAD obj/default/shark.o
LOAD obj/default/splash.o
LOAD obj/default/timer.o
LOAD obj/default/vga.o
LOAD c:/altera/12.0sp2/nios2eds/bin/gnu/h-i686-mingw32/bin/../lib/gcc/nios2-elf/4.1.2/../../../../nios2-elf/lib\libstdc++.a
LOAD c:/altera/12.0sp2/nios2eds/bin/gnu/h-i686-mingw32/bin/../lib/gcc/nios2-elf/4.1.2/../../../../nios2-elf/lib\libm.a
LOAD c:/altera/12.0sp2/nios2eds/bin/gnu/h-i686-mingw32/bin/../lib/gcc/nios2-elf/4.1.2\libgcc.a
START GROUP
LOAD c:/altera/12.0sp2/nios2eds/bin/gnu/h-i686-mingw32/bin/../lib/gcc/nios2-elf/4.1.2/../../../../nios2-elf/lib\libc.a
LOAD c:/altera/12.0sp2/nios2eds/bin/gnu/h-i686-mingw32/bin/../lib/gcc/nios2-elf/4.1.2\libgcc.a
LOAD C:/Users/SarahLynn/Documents/School/School3/EECE381/LSN/LSN_bsp/\libhal_bsp.a
END GROUP
LOAD c:/altera/12.0sp2/nios2eds/bin/gnu/h-i686-mingw32/bin/../lib/gcc/nios2-elf/4.1.2\libgcc.a
                0x00800000                __alt_mem_sdram_0 = 0x800000

.entry          0x00800000       0x20
 *(.entry)
 .entry         0x00800000       0x20 C:/Users/SarahLynn/Documents/School/School3/EECE381/LSN/LSN_bsp//obj/HAL/src/crt0.o
                0x00800000                __reset

.exceptions     0x00800020      0x198
                0x00800020                PROVIDE (__ram_exceptions_start, ABSOLUTE (.))
                0x00800020                . = ALIGN (0x20)
 *(.irq)
 *(.exceptions.entry.label)
 .exceptions.entry.label
                0x00800020        0x0 C:/Users/SarahLynn/Documents/School/School3/EECE381/LSN/LSN_bsp/\libhal_bsp.a(alt_irq_entry.o)
                0x00800020                alt_irq_entry
 .exceptions.entry.label
                0x00800020        0x0 C:/Users/SarahLynn/Documents/School/School3/EECE381/LSN/LSN_bsp/\libhal_bsp.a(alt_exception_entry.o)
                0x00800020                alt_exception
 *(.exceptions.entry.user)
 *(.exceptions.entry)
 .exceptions.entry
                0x00800020       0x54 C:/Users/SarahLynn/Documents/School/School3/EECE381/LSN/LSN_bsp/\libhal_bsp.a(alt_exception_entry.o)
 *(.exceptions.irqtest.user)
 *(.exceptions.irqtest)
 .exceptions.irqtest
                0x00800074       0x10 C:/Users/SarahLynn/Documents/School/School3/EECE381/LSN/LSN_bsp/\libhal_bsp.a(alt_irq_entry.o)
 *(.exceptions.irqhandler.user)
 *(.exceptions.irqhandler)
 .exceptions.irqhandler
                0x00800084        0x4 C:/Users/SarahLynn/Documents/School/School3/EECE381/LSN/LSN_bsp/\libhal_bsp.a(alt_irq_entry.o)
 *(.exceptions.irqreturn.user)
 *(.exceptions.irqreturn)
 .exceptions.irqreturn
                0x00800088        0x4 C:/Users/SarahLynn/Documents/School/School3/EECE381/LSN/LSN_bsp/\libhal_bsp.a(alt_irq_entry.o)
 *(.exceptions.notirq.label)
 .exceptions.notirq.label
                0x0080008c        0x0 C:/Users/SarahLynn/Documents/School/School3/EECE381/LSN/LSN_bsp/\libhal_bsp.a(alt_irq_entry.o)
 *(.exceptions.notirq.user)
 *(.exceptions.notirq)
 .exceptions.notirq
                0x0080008c        0x8 C:/Users/SarahLynn/Documents/School/School3/EECE381/LSN/LSN_bsp/\libhal_bsp.a(alt_exception_entry.o)
 *(.exceptions.soft.user)
 *(.exceptions.soft)
 *(.exceptions.unknown.user)
 *(.exceptions.unknown)
 .exceptions.unknown
                0x00800094        0x4 C:/Users/SarahLynn/Documents/School/School3/EECE381/LSN/LSN_bsp/\libhal_bsp.a(alt_exception_entry.o)
 *(.exceptions.exit.label)
 .exceptions.exit.label
                0x00800098        0x0 C:/Users/SarahLynn/Documents/School/School3/EECE381/LSN/LSN_bsp/\libhal_bsp.a(alt_irq_entry.o)
 .exceptions.exit.label
                0x00800098        0x0 C:/Users/SarahLynn/Documents/School/School3/EECE381/LSN/LSN_bsp/\libhal_bsp.a(alt_exception_entry.o)
 *(.exceptions.exit.user)
 *(.exceptions.exit)
 .exceptions.exit
                0x00800098       0x54 C:/Users/SarahLynn/Documents/School/School3/EECE381/LSN/LSN_bsp/\libhal_bsp.a(alt_exception_entry.o)
 *(.exceptions)
 .exceptions    0x008000ec       0xcc C:/Users/SarahLynn/Documents/School/School3/EECE381/LSN/LSN_bsp/\libhal_bsp.a(alt_irq_handler.o)
                0x008000ec                alt_irq_handler
                0x008001b8                PROVIDE (__ram_exceptions_end, ABSOLUTE (.))
                0x00800020                PROVIDE (__flash_exceptions_start, LOADADDR (.exceptions))

.text           0x008001b8    0x1b3d8
                0x008001b8                PROVIDE (stext, ABSOLUTE (.))
 *(.interp)
 *(.hash)
 *(.dynsym)
 *(.dynstr)
 *(.gnu.version)
 *(.gnu.version_d)
 *(.gnu.version_r)
 *(.rel.init)
 *(.rela.init)
 *(.rel.text .rel.text.* .rel.gnu.linkonce.t.*)
 *(.rela.text .rela.text.* .rela.gnu.linkonce.t.*)
 *(.rel.fini)
 *(.rela.fini)
 *(.rel.rodata .rel.rodata.* .rel.gnu.linkonce.r.*)
 *(.rela.rodata .rela.rodata.* .rela.gnu.linkonce.r.*)
 *(.rel.data .rel.data.* .rel.gnu.linkonce.d.*)
 *(.rela.data .rela.data.* .rela.gnu.linkonce.d.*)
 *(.rel.tdata .rel.tdata.* .rel.gnu.linkonce.td.*)
 *(.rela.tdata .rela.tdata.* .rela.gnu.linkonce.td.*)
 *(.rel.tbss .rel.tbss.* .rel.gnu.linkonce.tb.*)
 *(.rela.tbss .rela.tbss.* .rela.gnu.linkonce.tb.*)
 *(.rel.ctors)
 *(.rela.ctors)
 *(.rel.dtors)
 *(.rela.dtors)
 *(.rel.got)
 *(.rela.got)
 *(.rel.sdata .rel.sdata.* .rel.gnu.linkonce.s.*)
 *(.rela.sdata .rela.sdata.* .rela.gnu.linkonce.s.*)
 *(.rel.sbss .rel.sbss.* .rel.gnu.linkonce.sb.*)
 *(.rela.sbss .rela.sbss.* .rela.gnu.linkonce.sb.*)
 *(.rel.sdata2 .rel.sdata2.* .rel.gnu.linkonce.s2.*)
 *(.rela.sdata2 .rela.sdata2.* .rela.gnu.linkonce.s2.*)
 *(.rel.sbss2 .rel.sbss2.* .rel.gnu.linkonce.sb2.*)
 *(.rela.sbss2 .rela.sbss2.* .rela.gnu.linkonce.sb2.*)
 *(.rel.bss .rel.bss.* .rel.gnu.linkonce.b.*)
 *(.rela.bss .rela.bss.* .rela.gnu.linkonce.b.*)
 *(.rel.plt)
 *(.rela.plt)
 *(.rel.dyn)
 *(.init)
 *(.plt)
 *(.text .stub .text.* .gnu.linkonce.t.*)
 .text          0x008001b8       0x4c C:/Users/SarahLynn/Documents/School/School3/EECE381/LSN/LSN_bsp//obj/HAL/src/crt0.o
                0x008001b8                _start
 .text          0x00800204      0xeb4 obj/default/audio.o
                0x00800204                setupAudio
                0x008003a0                setupAudioInterrupt
                0x008003f8                loadLaser
                0x008004c4                loadPlayerDeath
                0x00800590                loadSharkDeath
                0x0080065c                loadTheme
                0x0080072c                playAudioMono
                0x008007bc                playAudio
                0x00800858                audioTest
                0x008009f8                readWavFile
                0x00800b2c                playLaser
                0x00800b88                playPlayerDeath
                0x00800bcc                playSharkDeath
                0x00800c10                playTheme
                0x00800d98                updateAudioWithVolume
                0x00800ed0                changeBufferVolume
 .text          0x008010b8      0x70c obj/default/bmp.o
                0x008010b8                parseBmp
                0x008014fc                parseBmps
                0x00801574                freeBmps
                0x008015c0                freeSplash
                0x008015f8                drawBmp
                0x00801764                eraseBmp
 .text          0x008017c4      0x6f0 obj/default/bullet.o
                0x008017c4                initBullets
                0x0080187c                createBullet
                0x008019e0                moveAllBullets
                0x00801aa8                drawAllBullets
                0x00801b2c                eraseAllBullets
                0x00801bb0                drawBullet
                0x00801c38                eraseBullet
                0x00801cbc                moveBulletRight
                0x00801db8                moveBulletLeft
 .text          0x00801eb4      0x3ac obj/default/collision.o
                0x00801eb4                findSharkIfHit
                0x00801f54                isBulletCollidingWithShark
                0x0080203c                isBulletCollidingWithPlayer
                0x00802124                doSharkBulletCollision
                0x008021c4                doPlayerBulletCollision
 .text          0x00802260      0x6f0 obj/default/displacement.o
                0x00802260                setupDisplacement
                0x008022ec                setupHorizontalDisplacementFunction
                0x008023f0                setupCircularDisplacementFunction
                0x008024e0                setupArcDisplacementFunction
                0x0080259c                setupNoDisplcaementFunction
                0x0080262c                makeRight
                0x0080266c                makeLeft
                0x008026ac                makeUp
                0x008026ec                makeDown
                0x0080272c                makeDownRight
                0x0080276c                makeDownLeft
                0x008027ac                makeUpRight
                0x008027ec                makeUpLeft
                0x0080282c                setToRandomDisplacement
 .text          0x00802950      0x2f8 obj/default/input.o
                0x00802950                handleKeyInput
                0x00802aa8                handleSwitchInput
                0x00802b7c                handleAtariInput
                0x00802bec                startGame
 .text          0x00802c48       0x5c obj/default/lcd.o
                0x00802c48                init_lcd
 .text          0x00802ca4      0x1f4 obj/default/main.o
                0x00802ca4                init
                0x00802d60                main
 .text          0x00802e98      0x2e8 obj/default/player.o
                0x00802e98                initPlayer
                0x00802ef4                drawPlayer
                0x00802f38                erasePlayer
                0x00802f7c                moveUpPlayer
                0x00803008                moveDownPlayer
                0x00803094                keepPlayerStationary
                0x008030f0                hitPlayer
                0x00803158                killPlayer
 .text          0x00803180     0x1128 obj/default/score.o
                0x00803180                initScoreBoard
                0x008031e4                defaultHighScoreBoard
                0x0080328c                readHighScoreBoardFromSD
                0x008035e0                updateHighScoreBoard
                0x00803a6c                obtainUserInitials
                0x00803d3c                updateCurrentPlayerScore
                0x00803d74                getCurrentPlayerScore
                0x00803d98                setCurrentPlayerLives
                0x00803dc4                getCurrentPlayerLives
                0x00803de8                drawScore
                0x00804020                clearScore
                0x0080404c                drawInGameInfo
 .text          0x008042a8      0x374 obj/default/sd_card.o
                0x008042a8                openSdCard
                0x00804308                openFile
                0x00804348                closeFile
                0x00804378                readByte
                0x008043ac                readWord
                0x00804440                readDWord
                0x00804514                getWavFileLength
                0x008045cc                readPastWavHeader
 .text          0x0080461c      0x6b8 obj/default/shark.o
                0x0080461c                initSharks
                0x00804680                getFreeShark
                0x00804714                drawShark
                0x00804770                eraseShark
                0x008047cc                moveShark
                0x008048dc                moveAllSharks
                0x0080492c                drawAllSharks
                0x0080497c                eraseAllSharks
                0x008049cc                createShark
                0x00804af0                killShark
                0x00804bb8                cleanupDeadSharks
 .text          0x00804cd4       0x78 obj/default/splash.o
                0x00804cd4                drawSplashScreen
                0x00804d20                clearSplashScreen
 .text          0x00804d4c      0x360 obj/default/timer.o
                0x00804d4c                timer_test
                0x00804fdc                setHardwareTimerPeriod
                0x00805024                isHardwareTimerRunning
                0x00805058                hasHardwareTimerExpired
                0x00805080                startHardwareTimer
 .text          0x008050ac      0x318 obj/default/vga.o
                0x008050ac                initVga
                0x00805154                clearScreen
                0x00805184                drawPixel
                0x008051c8                drawLine
                0x00805290                printLine
                0x008052cc                drawBox
                0x0080532c                convert24BitRgbTo16
 .text          0x008053c4      0x488 c:/altera/12.0sp2/nios2eds/bin/gnu/h-i686-mingw32/bin/../lib/gcc/nios2-elf/4.1.2/../../../../nios2-elf/lib\libm.a(lib_a-w_pow.o)
                0x008053c4                pow
 .text          0x0080584c     0x1300 c:/altera/12.0sp2/nios2eds/bin/gnu/h-i686-mingw32/bin/../lib/gcc/nios2-elf/4.1.2/../../../../nios2-elf/lib\libm.a(lib_a-e_pow.o)
                0x0080584c                __ieee754_pow
 .text          0x00806b4c      0x2c8 c:/altera/12.0sp2/nios2eds/bin/gnu/h-i686-mingw32/bin/../lib/gcc/nios2-elf/4.1.2/../../../../nios2-elf/lib\libm.a(lib_a-e_sqrt.o)
                0x00806b4c                __ieee754_sqrt
 .text          0x00806e14       0x18 c:/altera/12.0sp2/nios2eds/bin/gnu/h-i686-mingw32/bin/../lib/gcc/nios2-elf/4.1.2/../../../../nios2-elf/lib\libm.a(lib_a-s_fabs.o)
                0x00806e14                fabs
 .text          0x00806e2c       0x1c c:/altera/12.0sp2/nios2eds/bin/gnu/h-i686-mingw32/bin/../lib/gcc/nios2-elf/4.1.2/../../../../nios2-elf/lib\libm.a(lib_a-s_finite.o)
                0x00806e2c                finite
 .text          0x00806e48       0x30 c:/altera/12.0sp2/nios2eds/bin/gnu/h-i686-mingw32/bin/../lib/gcc/nios2-elf/4.1.2/../../../../nios2-elf/lib\libm.a(lib_a-s_isnand.o)
                0x00806e48                __isnand
 .text          0x00806e78        0x0 c:/altera/12.0sp2/nios2eds/bin/gnu/h-i686-mingw32/bin/../lib/gcc/nios2-elf/4.1.2/../../../../nios2-elf/lib\libm.a(lib_a-s_lib_ver.o)
 .text          0x00806e78        0x8 c:/altera/12.0sp2/nios2eds/bin/gnu/h-i686-mingw32/bin/../lib/gcc/nios2-elf/4.1.2/../../../../nios2-elf/lib\libm.a(lib_a-s_matherr.o)
                0x00806e78                matherr
 .text          0x00806e80       0x10 c:/altera/12.0sp2/nios2eds/bin/gnu/h-i686-mingw32/bin/../lib/gcc/nios2-elf/4.1.2/../../../../nios2-elf/lib\libm.a(lib_a-s_nan.o)
                0x00806e80                nan
 .text          0x00806e90      0x210 c:/altera/12.0sp2/nios2eds/bin/gnu/h-i686-mingw32/bin/../lib/gcc/nios2-elf/4.1.2/../../../../nios2-elf/lib\libm.a(lib_a-s_rint.o)
                0x00806e90                rint
 .text          0x008070a0      0x1e0 c:/altera/12.0sp2/nios2eds/bin/gnu/h-i686-mingw32/bin/../lib/gcc/nios2-elf/4.1.2/../../../../nios2-elf/lib\libm.a(lib_a-s_scalbn.o)
                0x008070a0                scalbn
 .text          0x00807280       0x24 c:/altera/12.0sp2/nios2eds/bin/gnu/h-i686-mingw32/bin/../lib/gcc/nios2-elf/4.1.2/../../../../nios2-elf/lib\libm.a(lib_a-s_copysign.o)
                0x00807280                copysign
 .text          0x008072a4      0x174 c:/altera/12.0sp2/nios2eds/bin/gnu/h-i686-mingw32/bin/../lib/gcc/nios2-elf/4.1.2\libgcc.a(_div_sf.o)
                0x008072a4                __divsf3
 .text          0x00807418       0x98 c:/altera/12.0sp2/nios2eds/bin/gnu/h-i686-mingw32/bin/../lib/gcc/nios2-elf/4.1.2\libgcc.a(_si_to_sf.o)
                0x00807418                __floatsisf
 .text          0x008074b0       0x54 c:/altera/12.0sp2/nios2eds/bin/gnu/h-i686-mingw32/bin/../lib/gcc/nios2-elf/4.1.2\libgcc.a(_sf_to_df.o)
                0x008074b0                __extendsfdf2
 .text          0x00807504        0x0 c:/altera/12.0sp2/nios2eds/bin/gnu/h-i686-mingw32/bin/../lib/gcc/nios2-elf/4.1.2\libgcc.a(_thenan_sf.o)
 .text          0x00807504      0x504 c:/altera/12.0sp2/nios2eds/bin/gnu/h-i686-mingw32/bin/../lib/gcc/nios2-elf/4.1.2\libgcc.a(_addsub_df.o)
                0x00807914                __subdf3
                0x00807994                __adddf3
 .text          0x00807a08      0x3c4 c:/altera/12.0sp2/nios2eds/bin/gnu/h-i686-mingw32/bin/../lib/gcc/nios2-elf/4.1.2\libgcc.a(_mul_df.o)
                0x00807a08                __muldf3
 .text          0x00807dcc      0x258 c:/altera/12.0sp2/nios2eds/bin/gnu/h-i686-mingw32/bin/../lib/gcc/nios2-elf/4.1.2\libgcc.a(_div_df.o)
                0x00807dcc                __divdf3
 .text          0x00808024       0x88 c:/altera/12.0sp2/nios2eds/bin/gnu/h-i686-mingw32/bin/../lib/gcc/nios2-elf/4.1.2\libgcc.a(_eq_df.o)
                0x00808024                __eqdf2
 .text          0x008080ac       0x88 c:/altera/12.0sp2/nios2eds/bin/gnu/h-i686-mingw32/bin/../lib/gcc/nios2-elf/4.1.2\libgcc.a(_ne_df.o)
                0x008080ac                __nedf2
 .text          0x00808134       0x88 c:/altera/12.0sp2/nios2eds/bin/gnu/h-i686-mingw32/bin/../lib/gcc/nios2-elf/4.1.2\libgcc.a(_gt_df.o)
                0x00808134                __gtdf2
 .text          0x008081bc       0x88 c:/altera/12.0sp2/nios2eds/bin/gnu/h-i686-mingw32/bin/../lib/gcc/nios2-elf/4.1.2\libgcc.a(_lt_df.o)
                0x008081bc                __ltdf2
 .text          0x00808244       0x88 c:/altera/12.0sp2/nios2eds/bin/gnu/h-i686-mingw32/bin/../lib/gcc/nios2-elf/4.1.2\libgcc.a(_le_df.o)
                0x00808244                __ledf2
 .text          0x008082cc       0xf8 c:/altera/12.0sp2/nios2eds/bin/gnu/h-i686-mingw32/bin/../lib/gcc/nios2-elf/4.1.2\libgcc.a(_si_to_df.o)
                0x008082cc                __floatsidf
 .text          0x008083c4       0xd8 c:/altera/12.0sp2/nios2eds/bin/gnu/h-i686-mingw32/bin/../lib/gcc/nios2-elf/4.1.2\libgcc.a(_df_to_si.o)
                0x008083c4                __fixdfsi
 .text          0x0080849c       0x38 c:/altera/12.0sp2/nios2eds/bin/gnu/h-i686-mingw32/bin/../lib/gcc/nios2-elf/4.1.2\libgcc.a(_make_df.o)
                0x0080849c                __make_dp
 .text          0x008084d4        0x0 c:/altera/12.0sp2/nios2eds/bin/gnu/h-i686-mingw32/bin/../lib/gcc/nios2-elf/4.1.2\libgcc.a(_thenan_df.o)
 .text          0x008084d4      0x14c c:/altera/12.0sp2/nios2eds/bin/gnu/h-i686-mingw32/bin/../lib/gcc/nios2-elf/4.1.2\libgcc.a(lib2-divmod.o)
                0x00808550                __divsi3
                0x008085b0                __modsi3
                0x00808610                __udivsi3
                0x00808618                __umodsi3
 .text          0x00808620       0x98 c:/altera/12.0sp2/nios2eds/bin/gnu/h-i686-mingw32/bin/../lib/gcc/nios2-elf/4.1.2\libgcc.a(_muldi3.o)
                0x00808620                __muldi3
 .text          0x008086b8       0x80 c:/altera/12.0sp2/nios2eds/bin/gnu/h-i686-mingw32/bin/../lib/gcc/nios2-elf/4.1.2\libgcc.a(_clzsi2.o)
                0x008086b8                __clzsi2
 .text          0x00808738      0x160 c:/altera/12.0sp2/nios2eds/bin/gnu/h-i686-mingw32/bin/../lib/gcc/nios2-elf/4.1.2\libgcc.a(_pack_sf.o)
                0x00808738                __pack_f
 .text          0x00808898       0xc8 c:/altera/12.0sp2/nios2eds/bin/gnu/h-i686-mingw32/bin/../lib/gcc/nios2-elf/4.1.2\libgcc.a(_unpack_sf.o)
                0x00808898                __unpack_f
 .text          0x00808960      0x314 c:/altera/12.0sp2/nios2eds/bin/gnu/h-i686-mingw32/bin/../lib/gcc/nios2-elf/4.1.2\libgcc.a(_pack_df.o)
                0x00808960                __pack_d
 .text          0x00808c74      0x138 c:/altera/12.0sp2/nios2eds/bin/gnu/h-i686-mingw32/bin/../lib/gcc/nios2-elf/4.1.2\libgcc.a(_unpack_df.o)
                0x00808c74                __unpack_d
 .text          0x00808dac       0xc8 c:/altera/12.0sp2/nios2eds/bin/gnu/h-i686-mingw32/bin/../lib/gcc/nios2-elf/4.1.2\libgcc.a(_fpcmp_parts_df.o)
                0x00808dac                __fpcmp_parts_d
 .text          0x00808e74        0x0 c:/altera/12.0sp2/nios2eds/bin/gnu/h-i686-mingw32/bin/../lib/gcc/nios2-elf/4.1.2\libgcc.a(_clz.o)
 .text          0x00808e74       0x10 c:/altera/12.0sp2/nios2eds/bin/gnu/h-i686-mingw32/bin/../lib/gcc/nios2-elf/4.1.2/../../../../nios2-elf/lib\libc.a(lib_a-errno.o)
                0x00808e74                __errno
 .text          0x00808e84        0x0 c:/altera/12.0sp2/nios2eds/bin/gnu/h-i686-mingw32/bin/../lib/gcc/nios2-elf/4.1.2/../../../../nios2-elf/lib\libc.a(lib_a-impure.o)
 .text          0x00808e84       0x28 c:/altera/12.0sp2/nios2eds/bin/gnu/h-i686-mingw32/bin/../lib/gcc/nios2-elf/4.1.2/../../../../nios2-elf/lib\libc.a(lib_a-malloc.o)
                0x00808e84                free
                0x00808e98                malloc
 .text          0x00808eac      0x740 c:/altera/12.0sp2/nios2eds/bin/gnu/h-i686-mingw32/bin/../lib/gcc/nios2-elf/4.1.2/../../../../nios2-elf/lib\libc.a(lib_a-mallocr.o)
                0x00808eac                _malloc_r
 .text          0x008095ec       0x78 c:/altera/12.0sp2/nios2eds/bin/gnu/h-i686-mingw32/bin/../lib/gcc/nios2-elf/4.1.2/../../../../nios2-elf/lib\libc.a(lib_a-printf.o)
                0x008095ec                printf
                0x00809630                _printf_r
 .text          0x00809664       0xb4 c:/altera/12.0sp2/nios2eds/bin/gnu/h-i686-mingw32/bin/../lib/gcc/nios2-elf/4.1.2/../../../../nios2-elf/lib\libc.a(lib_a-puts.o)
                0x00809664                _puts_r
                0x00809704                puts
 .text          0x00809718       0x94 c:/altera/12.0sp2/nios2eds/bin/gnu/h-i686-mingw32/bin/../lib/gcc/nios2-elf/4.1.2/../../../../nios2-elf/lib\libc.a(lib_a-rand.o)
                0x00809718                srand
                0x00809734                rand
 .text          0x008097ac       0x70 c:/altera/12.0sp2/nios2eds/bin/gnu/h-i686-mingw32/bin/../lib/gcc/nios2-elf/4.1.2/../../../../nios2-elf/lib\libc.a(lib_a-sbrkr.o)
                0x008097ac                _sbrk_r
 .text          0x0080981c       0x74 c:/altera/12.0sp2/nios2eds/bin/gnu/h-i686-mingw32/bin/../lib/gcc/nios2-elf/4.1.2/../../../../nios2-elf/lib\libc.a(lib_a-strlen.o)
                0x0080981c                strlen
 .text          0x00809890       0x5c c:/altera/12.0sp2/nios2eds/bin/gnu/h-i686-mingw32/bin/../lib/gcc/nios2-elf/4.1.2/../../../../nios2-elf/lib\libc.a(lib_a-time.o)
                0x00809890                time
 .text          0x008098ec     0x1f28 c:/altera/12.0sp2/nios2eds/bin/gnu/h-i686-mingw32/bin/../lib/gcc/nios2-elf/4.1.2/../../../../nios2-elf/lib\libc.a(lib_a-vfprintf.o)
                0x00809944                ___vfprintf_internal_r
                0x0080b7f0                __vfprintf_internal
 .text          0x0080b814      0x13c c:/altera/12.0sp2/nios2eds/bin/gnu/h-i686-mingw32/bin/../lib/gcc/nios2-elf/4.1.2/../../../../nios2-elf/lib\libc.a(lib_a-wsetup.o)
                0x0080b814                __swsetup_r
 .text          0x0080b950     0x17cc c:/altera/12.0sp2/nios2eds/bin/gnu/h-i686-mingw32/bin/../lib/gcc/nios2-elf/4.1.2/../../../../nios2-elf/lib\libc.a(lib_a-dtoa.o)
                0x0080bb68                _dtoa_r
 .text          0x0080d11c      0x230 c:/altera/12.0sp2/nios2eds/bin/gnu/h-i686-mingw32/bin/../lib/gcc/nios2-elf/4.1.2/../../../../nios2-elf/lib\libc.a(lib_a-fflush.o)
                0x0080d11c                _fflush_r
                0x0080d318                fflush
 .text          0x0080d34c      0x2c0 c:/altera/12.0sp2/nios2eds/bin/gnu/h-i686-mingw32/bin/../lib/gcc/nios2-elf/4.1.2/../../../../nios2-elf/lib\libc.a(lib_a-findfp.o)
                0x0080d3a4                __sfp_lock_acquire
                0x0080d3a8                __sfp_lock_release
                0x0080d3ac                __sinit_lock_acquire
                0x0080d3b0                __sinit_lock_release
                0x0080d3b4                __sinit
                0x0080d468                __fp_unlock_all
                0x0080d480                __fp_lock_all
                0x0080d498                _cleanup_r
                0x0080d4a4                _cleanup
                0x0080d4b4                __sfmoreglue
                0x0080d51c                __sfp
 .text          0x0080d60c      0x440 c:/altera/12.0sp2/nios2eds/bin/gnu/h-i686-mingw32/bin/../lib/gcc/nios2-elf/4.1.2/../../../../nios2-elf/lib\libc.a(lib_a-freer.o)
                0x0080d60c                _malloc_trim_r
                0x0080d738                _free_r
 .text          0x0080da4c      0x49c c:/altera/12.0sp2/nios2eds/bin/gnu/h-i686-mingw32/bin/../lib/gcc/nios2-elf/4.1.2/../../../../nios2-elf/lib\libc.a(lib_a-fvwrite.o)
                0x0080da4c                __sfvwrite_r
 .text          0x0080dee8      0x180 c:/altera/12.0sp2/nios2eds/bin/gnu/h-i686-mingw32/bin/../lib/gcc/nios2-elf/4.1.2/../../../../nios2-elf/lib\libc.a(lib_a-fwalk.o)
                0x0080dee8                _fwalk_reent
                0x0080dfb0                _fwalk
 .text          0x0080e068       0x74 c:/altera/12.0sp2/nios2eds/bin/gnu/h-i686-mingw32/bin/../lib/gcc/nios2-elf/4.1.2/../../../../nios2-elf/lib\libc.a(lib_a-gettimeofdayr.o)
                0x0080e068                _gettimeofday_r
 .text          0x0080e0dc        0x0 c:/altera/12.0sp2/nios2eds/bin/gnu/h-i686-mingw32/bin/../lib/gcc/nios2-elf/4.1.2/../../../../nios2-elf/lib\libc.a(lib_a-int_errno.o)
 .text          0x0080e0dc       0xc4 c:/altera/12.0sp2/nios2eds/bin/gnu/h-i686-mingw32/bin/../lib/gcc/nios2-elf/4.1.2/../../../../nios2-elf/lib\libc.a(lib_a-locale.o)
                0x0080e0dc                __locale_charset
                0x0080e0e4                _localeconv_r
                0x0080e0f0                localeconv
                0x0080e100                _setlocale_r
                0x0080e184                setlocale
 .text          0x0080e1a0      0x194 c:/altera/12.0sp2/nios2eds/bin/gnu/h-i686-mingw32/bin/../lib/gcc/nios2-elf/4.1.2/../../../../nios2-elf/lib\libc.a(lib_a-makebuf.o)
                0x0080e1a0                __smakebuf_r
 .text          0x0080e334       0xe4 c:/altera/12.0sp2/nios2eds/bin/gnu/h-i686-mingw32/bin/../lib/gcc/nios2-elf/4.1.2/../../../../nios2-elf/lib\libc.a(lib_a-memchr.o)
                0x0080e334                memchr
 .text          0x0080e418       0xa0 c:/altera/12.0sp2/nios2eds/bin/gnu/h-i686-mingw32/bin/../lib/gcc/nios2-elf/4.1.2/../../../../nios2-elf/lib\libc.a(lib_a-memcpy.o)
                0x0080e418                memcpy
 .text          0x0080e4b8       0xe0 c:/altera/12.0sp2/nios2eds/bin/gnu/h-i686-mingw32/bin/../lib/gcc/nios2-elf/4.1.2/../../../../nios2-elf/lib\libc.a(lib_a-memmove.o)
                0x0080e4b8                memmove
 .text          0x0080e598       0x98 c:/altera/12.0sp2/nios2eds/bin/gnu/h-i686-mingw32/bin/../lib/gcc/nios2-elf/4.1.2/../../../../nios2-elf/lib\libc.a(lib_a-memset.o)
                0x0080e598                memset
 .text          0x0080e630      0xff4 c:/altera/12.0sp2/nios2eds/bin/gnu/h-i686-mingw32/bin/../lib/gcc/nios2-elf/4.1.2/../../../../nios2-elf/lib\libc.a(lib_a-mprec.o)
                0x0080e630                _Bfree
                0x0080e658                __hi0bits
                0x0080e6c8                __lo0bits
                0x0080e78c                __mcmp
                0x0080e7ec                __ulp
                0x0080e86c                __b2d
                0x0080e98c                __ratio
                0x0080ea3c                _mprec_log10
                0x0080ead0                __copybits
                0x0080eb28                __any_on
                0x0080ebb0                _Balloc
                0x0080ec6c                __d2b
                0x0080ede8                __mdiff
                0x0080ef74                __lshift
                0x0080f0c0                __multiply
                0x0080f2a8                __i2b
                0x0080f2e4                __multadd
                0x0080f3e4                __pow5mult
                0x0080f504                __s2b
 .text          0x0080f624      0x5f4 c:/altera/12.0sp2/nios2eds/bin/gnu/h-i686-mingw32/bin/../lib/gcc/nios2-elf/4.1.2/../../../../nios2-elf/lib\libc.a(lib_a-reallocr.o)
                0x0080f624                _realloc_r
 .text          0x0080fc18       0x40 c:/altera/12.0sp2/nios2eds/bin/gnu/h-i686-mingw32/bin/../lib/gcc/nios2-elf/4.1.2/../../../../nios2-elf/lib\libc.a(lib_a-s_isinfd.o)
                0x0080fc18                __isinfd
 .text          0x0080fc58      0x14c c:/altera/12.0sp2/nios2eds/bin/gnu/h-i686-mingw32/bin/../lib/gcc/nios2-elf/4.1.2/../../../../nios2-elf/lib\libc.a(lib_a-stdio.o)
                0x0080fc58                __sclose
                0x0080fc60                __sseek
                0x0080fcc8                __swrite
                0x0080fd44                __sread
 .text          0x0080fda4       0xbc c:/altera/12.0sp2/nios2eds/bin/gnu/h-i686-mingw32/bin/../lib/gcc/nios2-elf/4.1.2/../../../../nios2-elf/lib\libc.a(lib_a-strcmp.o)
                0x0080fda4                strcmp
 .text          0x0080fe60       0x78 c:/altera/12.0sp2/nios2eds/bin/gnu/h-i686-mingw32/bin/../lib/gcc/nios2-elf/4.1.2/../../../../nios2-elf/lib\libc.a(lib_a-writer.o)
                0x0080fe60                _write_r
 .text          0x0080fed8       0xb4 c:/altera/12.0sp2/nios2eds/bin/gnu/h-i686-mingw32/bin/../lib/gcc/nios2-elf/4.1.2/../../../../nios2-elf/lib\libc.a(lib_a-callocr.o)
                0x0080fed8                _calloc_r
 .text          0x0080ff8c       0x70 c:/altera/12.0sp2/nios2eds/bin/gnu/h-i686-mingw32/bin/../lib/gcc/nios2-elf/4.1.2/../../../../nios2-elf/lib\libc.a(lib_a-closer.o)
                0x0080ff8c                _close_r
 .text          0x0080fffc      0x124 c:/altera/12.0sp2/nios2eds/bin/gnu/h-i686-mingw32/bin/../lib/gcc/nios2-elf/4.1.2/../../../../nios2-elf/lib\libc.a(lib_a-fclose.o)
                0x0080fffc                _fclose_r
                0x0081010c                fclose
 .text          0x00810120       0x74 c:/altera/12.0sp2/nios2eds/bin/gnu/h-i686-mingw32/bin/../lib/gcc/nios2-elf/4.1.2/../../../../nios2-elf/lib\libc.a(lib_a-fstatr.o)
                0x00810120                _fstat_r
 .text          0x00810194       0x70 c:/altera/12.0sp2/nios2eds/bin/gnu/h-i686-mingw32/bin/../lib/gcc/nios2-elf/4.1.2/../../../../nios2-elf/lib\libc.a(lib_a-isattyr.o)
                0x00810194                _isatty_r
 .text          0x00810204       0x78 c:/altera/12.0sp2/nios2eds/bin/gnu/h-i686-mingw32/bin/../lib/gcc/nios2-elf/4.1.2/../../../../nios2-elf/lib\libc.a(lib_a-lseekr.o)
                0x00810204                _lseek_r
 .text          0x0081027c       0x78 c:/altera/12.0sp2/nios2eds/bin/gnu/h-i686-mingw32/bin/../lib/gcc/nios2-elf/4.1.2/../../../../nios2-elf/lib\libc.a(lib_a-readr.o)
                0x0081027c                _read_r
 .text          0x008102f4      0x5dc c:/altera/12.0sp2/nios2eds/bin/gnu/h-i686-mingw32/bin/../lib/gcc/nios2-elf/4.1.2\libgcc.a(_udivdi3.o)
                0x008102f4                __udivdi3
 .text          0x008108d0      0x5b0 c:/altera/12.0sp2/nios2eds/bin/gnu/h-i686-mingw32/bin/../lib/gcc/nios2-elf/4.1.2\libgcc.a(_umoddi3.o)
                0x008108d0                __umoddi3
 .text          0x00810e80       0x88 c:/altera/12.0sp2/nios2eds/bin/gnu/h-i686-mingw32/bin/../lib/gcc/nios2-elf/4.1.2\libgcc.a(_ge_df.o)
                0x00810e80                __gedf2
 .text          0x00810f08      0x194 c:/altera/12.0sp2/nios2eds/bin/gnu/h-i686-mingw32/bin/../lib/gcc/nios2-elf/4.1.2\libgcc.a(_usi_to_df.o)
                0x00810f08                __floatunsidf
 .text          0x0081109c      0x15c C:/Users/SarahLynn/Documents/School/School3/EECE381/LSN/LSN_bsp/\libhal_bsp.a(alt_close.o)
                0x0081109c                close
 .text          0x008111f8       0x2c C:/Users/SarahLynn/Documents/School/School3/EECE381/LSN/LSN_bsp/\libhal_bsp.a(alt_dev.o)
 .text          0x00811224        0x0 C:/Users/SarahLynn/Documents/School/School3/EECE381/LSN/LSN_bsp/\libhal_bsp.a(alt_errno.o)
 .text          0x00811224      0x134 C:/Users/SarahLynn/Documents/School/School3/EECE381/LSN/LSN_bsp/\libhal_bsp.a(alt_fstat.o)
                0x00811224                fstat
 .text          0x00811358      0x21c C:/Users/SarahLynn/Documents/School/School3/EECE381/LSN/LSN_bsp/\libhal_bsp.a(alt_gettod.o)
                0x00811358                gettimeofday
 .text          0x00811574      0x1c0 C:/Users/SarahLynn/Documents/School/School3/EECE381/LSN/LSN_bsp/\libhal_bsp.a(alt_irq_register.o)
                0x00811574                alt_irq_register
 .text          0x00811734        0x0 C:/Users/SarahLynn/Documents/School/School3/EECE381/LSN/LSN_bsp/\libhal_bsp.a(alt_irq_vars.o)
 .text          0x00811734      0x120 C:/Users/SarahLynn/Documents/School/School3/EECE381/LSN/LSN_bsp/\libhal_bsp.a(alt_isatty.o)
                0x00811734                isatty
 .text          0x00811854       0xec C:/Users/SarahLynn/Documents/School/School3/EECE381/LSN/LSN_bsp/\libhal_bsp.a(alt_load.o)
                0x00811854                alt_load
 .text          0x00811940      0x150 C:/Users/SarahLynn/Documents/School/School3/EECE381/LSN/LSN_bsp/\libhal_bsp.a(alt_lseek.o)
                0x00811940                lseek
 .text          0x00811a90       0x6c C:/Users/SarahLynn/Documents/School/School3/EECE381/LSN/LSN_bsp/\libhal_bsp.a(alt_main.o)
                0x00811a90                alt_main
 .text          0x00811afc       0x40 C:/Users/SarahLynn/Documents/School/School3/EECE381/LSN/LSN_bsp/\libhal_bsp.a(alt_malloc_lock.o)
                0x00811afc                __malloc_lock
                0x00811b1c                __malloc_unlock
 .text          0x00811b3c      0x180 C:/Users/SarahLynn/Documents/School/School3/EECE381/LSN/LSN_bsp/\libhal_bsp.a(alt_read.o)
                0x00811b3c                read
 .text          0x00811cbc       0x60 C:/Users/SarahLynn/Documents/School/School3/EECE381/LSN/LSN_bsp/\libhal_bsp.a(alt_release_fd.o)
                0x00811cbc                alt_release_fd
 .text          0x00811d1c       0xbc C:/Users/SarahLynn/Documents/School/School3/EECE381/LSN/LSN_bsp/\libhal_bsp.a(alt_sbrk.o)
                0x00811d1c                sbrk
 .text          0x00811dd8      0x1a4 C:/Users/SarahLynn/Documents/School/School3/EECE381/LSN/LSN_bsp/\libhal_bsp.a(alt_tick.o)
                0x00811dd8                alt_alarm_stop
                0x00811e70                alt_tick
 .text          0x00811f7c       0x30 C:/Users/SarahLynn/Documents/School/School3/EECE381/LSN/LSN_bsp/\libhal_bsp.a(alt_usleep.o)
                0x00811f7c                usleep
 .text          0x00811fac      0x180 C:/Users/SarahLynn/Documents/School/School3/EECE381/LSN/LSN_bsp/\libhal_bsp.a(alt_write.o)
                0x00811fac                write
 .text          0x0081212c      0x3e0 C:/Users/SarahLynn/Documents/School/School3/EECE381/LSN/LSN_bsp/\libhal_bsp.a(alt_sys_init.o)
                0x0081212c                alt_irq_init
                0x00812160                alt_sys_init
 .text          0x0081250c      0x148 C:/Users/SarahLynn/Documents/School/School3/EECE381/LSN/LSN_bsp/\libhal_bsp.a(altera_avalon_jtag_uart_fd.o)
                0x0081250c                altera_avalon_jtag_uart_read_fd
                0x00812564                altera_avalon_jtag_uart_write_fd
                0x008125bc                altera_avalon_jtag_uart_close_fd
                0x00812604                altera_avalon_jtag_uart_ioctl_fd
 .text          0x00812654      0x408 C:/Users/SarahLynn/Documents/School/School3/EECE381/LSN/LSN_bsp/\libhal_bsp.a(altera_avalon_jtag_uart_init.o)
                0x00812654                altera_avalon_jtag_uart_init
                0x008129e8                altera_avalon_jtag_uart_close
 .text          0x00812a5c       0xf4 C:/Users/SarahLynn/Documents/School/School3/EECE381/LSN/LSN_bsp/\libhal_bsp.a(altera_avalon_jtag_uart_ioctl.o)
                0x00812a5c                altera_avalon_jtag_uart_ioctl
 .text          0x00812b50      0x224 C:/Users/SarahLynn/Documents/School/School3/EECE381/LSN/LSN_bsp/\libhal_bsp.a(altera_avalon_jtag_uart_read.o)
                0x00812b50                altera_avalon_jtag_uart_read
 .text          0x00812d74      0x240 C:/Users/SarahLynn/Documents/School/School3/EECE381/LSN/LSN_bsp/\libhal_bsp.a(altera_avalon_jtag_uart_write.o)
                0x00812d74                altera_avalon_jtag_uart_write
 .text          0x00812fb4       0xfc C:/Users/SarahLynn/Documents/School/School3/EECE381/LSN/LSN_bsp/\libhal_bsp.a(altera_avalon_timer_sc.o)
                0x00813028                alt_avalon_timer_sc_init
 .text          0x008130b0      0x168 C:/Users/SarahLynn/Documents/School/School3/EECE381/LSN/LSN_bsp/\libhal_bsp.a(altera_avalon_timer_ts.o)
                0x008130b0                alt_timestamp_start
                0x00813154                alt_timestamp
                0x008131f0                alt_timestamp_freq
 .text          0x00813218        0x0 C:/Users/SarahLynn/Documents/School/School3/EECE381/LSN/LSN_bsp/\libhal_bsp.a(altera_avalon_timer_vars.o)
 .text          0x00813218      0x80c C:/Users/SarahLynn/Documents/School/School3/EECE381/LSN/LSN_bsp/\libhal_bsp.a(altera_up_avalon_audio.o)
                0x00813218                alt_up_audio_open_dev
                0x00813258                alt_up_audio_enable_read_interrupt
                0x008132a4                alt_up_audio_disable_read_interrupt
                0x008132f4                alt_up_audio_enable_write_interrupt
                0x00813340                alt_up_audio_disable_write_interrupt
                0x00813390                alt_up_audio_read_interrupt_pending
                0x008133cc                alt_up_audio_write_interrupt_pending
                0x00813408                alt_up_audio_reset_audio_core
                0x00813490                alt_up_audio_read_fifo_avail
                0x00813500                alt_up_audio_record_r
                0x00813570                alt_up_audio_record_l
                0x008135e0                alt_up_audio_write_fifo_space
                0x00813654                alt_up_audio_play_r
                0x008136c4                alt_up_audio_play_l
                0x00813734                alt_up_audio_read_fifo
                0x00813838                alt_up_audio_write_fifo
                0x00813964                alt_up_audio_read_fifo_head
                0x008139c4                alt_up_audio_write_fifo_head
 .text          0x00813a24      0x788 C:/Users/SarahLynn/Documents/School/School3/EECE381/LSN/LSN_bsp/\libhal_bsp.a(altera_up_avalon_audio_and_video_config.o)
                0x00813a24                alt_up_av_config_open_dev
                0x00813a88                alt_up_av_config_write_data
                0x00813aec                alt_up_av_config_read_data
                0x00813b78                alt_up_av_config_reset
                0x00813bb0                alt_up_av_config_enable_interrupt
                0x00813be8                alt_up_av_config_disable_interrupt
                0x00813c18                alt_up_av_config_read_acknowledge
                0x00813c80                alt_up_av_config_read_ready
                0x00813cb8                alt_up_av_config_write_audio_cfg_register
                0x00813d64                alt_up_av_config_read_video_cfg_register
                0x00813e5c                alt_up_av_config_write_video_cfg_register
                0x00813f54                alt_up_av_config_read_DC2_cfg_register
                0x00813fb8                alt_up_av_config_write_DC2_cfg_register
                0x0081401c                alt_up_av_config_read_D5M_cfg_register
                0x00814080                alt_up_av_config_write_D5M_cfg_register
                0x008140e4                alt_up_av_config_read_LTM_cfg_register
                0x00814148                alt_up_av_config_write_LTM_cfg_register
 .text          0x008141ac      0x530 C:/Users/SarahLynn/Documents/School/School3/EECE381/LSN/LSN_bsp/\libhal_bsp.a(altera_up_avalon_character_lcd.o)
                0x008141ac                get_DDRAM_addr
                0x00814228                alt_up_character_lcd_send_cmd
                0x0081425c                alt_up_character_lcd_init
                0x00814290                alt_up_character_lcd_open_dev
                0x008142d0                alt_up_character_lcd_write
                0x00814348                alt_up_character_lcd_string
                0x008143c0                alt_up_character_lcd_write_fd
                0x0081440c                alt_up_character_lcd_set_cursor_pos
                0x00814484                alt_up_character_lcd_shift_cursor
                0x00814534                alt_up_character_lcd_shift_display
                0x008145e4                alt_up_character_lcd_erase_pos
                0x00814674                alt_up_character_lcd_cursor_off
                0x008146a8                alt_up_character_lcd_cursor_blink_on
 .text          0x008146dc      0x304 C:/Users/SarahLynn/Documents/School/School3/EECE381/LSN/LSN_bsp/\libhal_bsp.a(altera_up_avalon_video_character_buffer_with_dma.o)
                0x008146dc                alt_up_char_buffer_init
                0x00814760                alt_up_char_buffer_open_dev
                0x008147a0                alt_up_char_buffer_draw
                0x00814870                alt_up_char_buffer_string
                0x00814984                alt_up_char_buffer_clear
 .text          0x008149e0     0x156c C:/Users/SarahLynn/Documents/School/School3/EECE381/LSN/LSN_bsp/\libhal_bsp.a(altera_up_avalon_video_pixel_buffer_dma.o)
                0x008149e0                alt_up_pixel_buffer_dma_open_dev
                0x00814a20                alt_up_pixel_buffer_dma_draw
                0x00814bc0                alt_up_pixel_buffer_dma_change_back_buffer_address
                0x00814c18                alt_up_pixel_buffer_dma_swap_buffers
                0x00814c70                alt_up_pixel_buffer_dma_check_swap_buffers_status
                0x00814ca4                alt_up_pixel_buffer_dma_clear_screen
                0x00814e08                alt_up_pixel_buffer_dma_draw_box
                0x008152fc                alt_up_pixel_buffer_dma_draw_hline
                0x0081564c                alt_up_pixel_buffer_dma_draw_vline
                0x00815a1c                alt_up_pixel_buffer_dma_draw_rectangle
                0x00815ae0                helper_plot_pixel
                0x00815bb0                alt_up_pixel_buffer_dma_draw_line
 .text          0x00815f4c     0x45c0 C:/Users/SarahLynn/Documents/School/School3/EECE381/LSN/LSN_bsp/\libhal_bsp.a(altera_up_sd_card_avalon_interface.o)
                0x00815f4c                Write_Sector_Data
                0x00816014                Save_Modified_Sector
                0x00816064                Read_Sector_Data
                0x00816160                get_cluster_flag
                0x00816218                mark_cluster
                0x008162fc                Check_for_Master_Boot_Record
                0x008164ac                Read_File_Record_At_Offset
                0x00816730                Write_File_Record_At_Offset
                0x008169e8                Check_for_DOS_FAT
                0x00817030                Look_for_FAT16
                0x00817134                filename_to_upper_case
                0x00817204                check_file_name_for_FAT16_compliance
                0x00817494                get_dir_divider_location
                0x00817554                match_file_record_to_name_ext
                0x00817840                get_home_directory_cluster_for_file
                0x00817d54                find_file_in_directory
                0x008181b8                find_first_empty_cluster
                0x0081835c                find_first_empty_record_in_a_subdirectory
                0x008185a8                find_first_empty_record_in_root_directory
                0x008186d4                convert_filename_to_name_extension
                0x0081888c                create_file
                0x00818b60                copy_file_record_name_to_string
                0x00818cb4                alt_up_sd_card_open_dev
                0x00818d78                alt_up_sd_card_is_Present
                0x00818e40                alt_up_sd_card_is_FAT16
                0x00818eb4                alt_up_sd_card_find_first
                0x00818f88                alt_up_sd_card_find_next
                0x00819338                alt_up_sd_card_fopen
                0x008196e0                alt_up_sd_card_set_attributes
                0x00819770                alt_up_sd_card_get_attributes
                0x008197fc                alt_up_sd_card_read
                0x00819b90                alt_up_sd_card_write
                0x0081a1b4                alt_up_sd_card_fclose
                0x0081a380                Read_Sector_Data_CRC
                0x0081a47c                Read_Sector_Data_Attempt_CRC
 .text          0x0081a50c      0x154 C:/Users/SarahLynn/Documents/School/School3/EECE381/LSN/LSN_bsp/\libhal_bsp.a(alt_alarm_start.o)
                0x0081a50c                alt_alarm_start
 .text          0x0081a660      0x14c C:/Users/SarahLynn/Documents/School/School3/EECE381/LSN/LSN_bsp/\libhal_bsp.a(alt_busy_sleep.o)
                0x0081a660                alt_busy_sleep
 .text          0x0081a7ac       0x44 C:/Users/SarahLynn/Documents/School/School3/EECE381/LSN/LSN_bsp/\libhal_bsp.a(alt_dcache_flush_all.o)
                0x0081a7ac                alt_dcache_flush_all
 .text          0x0081a7f0      0x114 C:/Users/SarahLynn/Documents/School/School3/EECE381/LSN/LSN_bsp/\libhal_bsp.a(alt_dev_llist_insert.o)
                0x0081a7f0                alt_dev_llist_insert
 .text          0x0081a904       0x64 C:/Users/SarahLynn/Documents/School/School3/EECE381/LSN/LSN_bsp/\libhal_bsp.a(alt_do_ctors.o)
                0x0081a904                _do_ctors
 .text          0x0081a968       0x64 C:/Users/SarahLynn/Documents/School/School3/EECE381/LSN/LSN_bsp/\libhal_bsp.a(alt_do_dtors.o)
                0x0081a968                _do_dtors
 .text          0x0081a9cc       0x94 C:/Users/SarahLynn/Documents/School/School3/EECE381/LSN/LSN_bsp/\libhal_bsp.a(alt_find_dev.o)
                0x0081a9cc                alt_find_dev
 .text          0x0081aa60       0x30 C:/Users/SarahLynn/Documents/School/School3/EECE381/LSN/LSN_bsp/\libhal_bsp.a(alt_icache_flush_all.o)
                0x0081aa60                alt_icache_flush_all
 .text          0x0081aa90      0x13c C:/Users/SarahLynn/Documents/School/School3/EECE381/LSN/LSN_bsp/\libhal_bsp.a(alt_io_redirect.o)
                0x0081ab54                alt_io_redirect
 .text          0x0081abcc        0x0 C:/Users/SarahLynn/Documents/School/School3/EECE381/LSN/LSN_bsp/\libhal_bsp.a(alt_irq_entry.o)
 .text          0x0081abcc        0x0 C:/Users/SarahLynn/Documents/School/School3/EECE381/LSN/LSN_bsp/\libhal_bsp.a(alt_irq_handler.o)
 .text          0x0081abcc      0x2c4 C:/Users/SarahLynn/Documents/School/School3/EECE381/LSN/LSN_bsp/\libhal_bsp.a(alt_open.o)
                0x0081aca8                open
 .text          0x0081ae90       0x20 C:/Users/SarahLynn/Documents/School/School3/EECE381/LSN/LSN_bsp/\libhal_bsp.a(altera_nios2_qsys_irq.o)
                0x0081ae90                altera_nios2_qsys_irq_init
 .text          0x0081aeb0        0x0 C:/Users/SarahLynn/Documents/School/School3/EECE381/LSN/LSN_bsp/\libhal_bsp.a(alt_exception_entry.o)
 .text          0x0081aeb0      0x120 C:/Users/SarahLynn/Documents/School/School3/EECE381/LSN/LSN_bsp/\libhal_bsp.a(alt_find_file.o)
                0x0081aeb0                alt_find_file
 .text          0x0081afd0       0xb8 C:/Users/SarahLynn/Documents/School/School3/EECE381/LSN/LSN_bsp/\libhal_bsp.a(alt_get_fd.o)
                0x0081afd0                alt_get_fd
 .text          0x0081b088       0x90 C:/Users/SarahLynn/Documents/School/School3/EECE381/LSN/LSN_bsp/\libhal_bsp.a(alt_icache_flush.o)
                0x0081b088                alt_icache_flush
 .text          0x0081b118       0x14 c:/altera/12.0sp2/nios2eds/bin/gnu/h-i686-mingw32/bin/../lib/gcc/nios2-elf/4.1.2/../../../../nios2-elf/lib\libc.a(lib_a-atexit.o)
                0x0081b118                atexit
 .text          0x0081b12c       0x38 c:/altera/12.0sp2/nios2eds/bin/gnu/h-i686-mingw32/bin/../lib/gcc/nios2-elf/4.1.2/../../../../nios2-elf/lib\libc.a(lib_a-exit.o)
                0x0081b12c                exit
 .text          0x0081b164       0x74 c:/altera/12.0sp2/nios2eds/bin/gnu/h-i686-mingw32/bin/../lib/gcc/nios2-elf/4.1.2/../../../../nios2-elf/lib\libc.a(lib_a-memcmp.o)
                0x0081b164                memcmp
 .text          0x0081b1d8      0x134 c:/altera/12.0sp2/nios2eds/bin/gnu/h-i686-mingw32/bin/../lib/gcc/nios2-elf/4.1.2/../../../../nios2-elf/lib\libc.a(lib_a-__atexit.o)
                0x0081b1d8                __register_exitproc
 .text          0x0081b30c      0x1b4 c:/altera/12.0sp2/nios2eds/bin/gnu/h-i686-mingw32/bin/../lib/gcc/nios2-elf/4.1.2/../../../../nios2-elf/lib\libc.a(lib_a-__call_atexit.o)
                0x0081b310                __call_exitprocs
 .text          0x0081b4c0       0x60 C:/Users/SarahLynn/Documents/School/School3/EECE381/LSN/LSN_bsp/\libhal_bsp.a(alt_exit.o)
                0x0081b500                _exit
 *(.gnu.warning.*)
 *(.fini)
                0x0081b520                PROVIDE (__etext, ABSOLUTE (.))
                0x0081b520                PROVIDE (_etext, ABSOLUTE (.))
                0x0081b520                PROVIDE (etext, ABSOLUTE (.))
 *(.eh_frame_hdr)
                0x0081b520                . = ALIGN (0x4)
                0x0081b520                PROVIDE (__preinit_array_start, ABSOLUTE (.))
 *(.preinit_array)
                0x0081b520                PROVIDE (__preinit_array_end, ABSOLUTE (.))
                0x0081b520                PROVIDE (__init_array_start, ABSOLUTE (.))
 *(.init_array)
                0x0081b520                PROVIDE (__init_array_end, ABSOLUTE (.))
                0x0081b520                PROVIDE (__fini_array_start, ABSOLUTE (.))
 *(.fini_array)
                0x0081b520                PROVIDE (__fini_array_end, ABSOLUTE (.))
 *(.eh_frame)
 .eh_frame      0x0081b520       0x40 c:/altera/12.0sp2/nios2eds/bin/gnu/h-i686-mingw32/bin/../lib/gcc/nios2-elf/4.1.2\libgcc.a(_udivdi3.o)
 .eh_frame      0x0081b560       0x2c c:/altera/12.0sp2/nios2eds/bin/gnu/h-i686-mingw32/bin/../lib/gcc/nios2-elf/4.1.2\libgcc.a(_umoddi3.o)
                                 0x40 (size before relaxing)
 *(.gcc_except_table)
 *(.dynamic)
                0x0081b58c                PROVIDE (__CTOR_LIST__, ABSOLUTE (.))
 *(.ctors)
 *(SORT(.ctors.*))
 .ctors.65535   0x0081b58c        0x4 c:/altera/12.0sp2/nios2eds/bin/gnu/h-i686-mingw32/bin/../lib/gcc/nios2-elf/4.1.2/../../../../nios2-elf/lib\libc.a(lib_a-__call_atexit.o)
                0x0081b590                PROVIDE (__CTOR_END__, ABSOLUTE (.))
                0x0081b590                PROVIDE (__DTOR_LIST__, ABSOLUTE (.))
 *(.dtors)
 *(SORT(.dtors.*))
                0x0081b590                PROVIDE (__DTOR_END__, ABSOLUTE (.))
 *(.jcr)
                0x0081b590                . = ALIGN (0x4)

.rodata         0x0081b590      0xdd4
                0x0081b590                PROVIDE (__ram_rodata_start, ABSOLUTE (.))
                0x0081b590                . = ALIGN (0x4)
 *(.rodata .rodata.* .gnu.linkonce.r.*)
 .rodata        0x0081b590      0x26c obj/default/audio.o
 .rodata        0x0081b7fc       0x24 obj/default/bmp.o
 .rodata        0x0081b820       0x68 obj/default/bullet.o
 .rodata        0x0081b888       0x98 obj/default/collision.o
 .rodata        0x0081b920       0x20 obj/default/displacement.o
 .rodata        0x0081b940       0x18 obj/default/lcd.o
 .rodata        0x0081b958       0x78 obj/default/main.o
 .rodata        0x0081b9d0      0x1c8 obj/default/score.o
 .rodata        0x0081bb98       0x94 obj/default/sd_card.o
 .rodata        0x0081bc2c       0xa4 obj/default/shark.o
 .rodata        0x0081bcd0      0x1ec obj/default/timer.o
 .rodata        0x0081bebc       0x3c obj/default/vga.o
 .rodata.str1.4
                0x0081bef8        0x4 c:/altera/12.0sp2/nios2eds/bin/gnu/h-i686-mingw32/bin/../lib/gcc/nios2-elf/4.1.2/../../../../nios2-elf/lib\libm.a(lib_a-w_pow.o)
 .rodata.str1.4
                0x00000000        0x4 c:/altera/12.0sp2/nios2eds/bin/gnu/h-i686-mingw32/bin/../lib/gcc/nios2-elf/4.1.2/../../../../nios2-elf/lib\libm.a(lib_a-e_pow.o)
 .rodata        0x0081befc       0x30 c:/altera/12.0sp2/nios2eds/bin/gnu/h-i686-mingw32/bin/../lib/gcc/nios2-elf/4.1.2/../../../../nios2-elf/lib\libm.a(lib_a-e_pow.o)
 .rodata        0x0081bf2c       0x10 c:/altera/12.0sp2/nios2eds/bin/gnu/h-i686-mingw32/bin/../lib/gcc/nios2-elf/4.1.2/../../../../nios2-elf/lib\libm.a(lib_a-s_rint.o)
 .rodata        0x0081bf3c       0x10 c:/altera/12.0sp2/nios2eds/bin/gnu/h-i686-mingw32/bin/../lib/gcc/nios2-elf/4.1.2\libgcc.a(_thenan_sf.o)
                0x0081bf3c                __thenan_sf
 .rodata        0x0081bf4c       0x14 c:/altera/12.0sp2/nios2eds/bin/gnu/h-i686-mingw32/bin/../lib/gcc/nios2-elf/4.1.2\libgcc.a(_thenan_df.o)
                0x0081bf4c                __thenan_df
 .rodata        0x0081bf60      0x100 c:/altera/12.0sp2/nios2eds/bin/gnu/h-i686-mingw32/bin/../lib/gcc/nios2-elf/4.1.2\libgcc.a(_clz.o)
                0x0081bf60                __clz_tab
 .rodata.str1.4
                0x0081c060        0x2 c:/altera/12.0sp2/nios2eds/bin/gnu/h-i686-mingw32/bin/../lib/gcc/nios2-elf/4.1.2/../../../../nios2-elf/lib\libc.a(lib_a-impure.o)
                                  0x4 (size before relaxing)
 *fill*         0x0081c062        0x2 00
 .rodata.str1.4
                0x0081c064        0x2 c:/altera/12.0sp2/nios2eds/bin/gnu/h-i686-mingw32/bin/../lib/gcc/nios2-elf/4.1.2/../../../../nios2-elf/lib\libc.a(lib_a-puts.o)
                                  0x4 (size before relaxing)
 *fill*         0x0081c066        0x2 00
 .rodata.str1.4
                0x0081c068       0x5e c:/altera/12.0sp2/nios2eds/bin/gnu/h-i686-mingw32/bin/../lib/gcc/nios2-elf/4.1.2/../../../../nios2-elf/lib\libc.a(lib_a-vfprintf.o)
                                 0x60 (size before relaxing)
 .rodata        0x0081c0c6       0x20 c:/altera/12.0sp2/nios2eds/bin/gnu/h-i686-mingw32/bin/../lib/gcc/nios2-elf/4.1.2/../../../../nios2-elf/lib\libc.a(lib_a-vfprintf.o)
 *fill*         0x0081c0e6        0x2 00
 .rodata.str1.4
                0x0081c0e8       0x10 c:/altera/12.0sp2/nios2eds/bin/gnu/h-i686-mingw32/bin/../lib/gcc/nios2-elf/4.1.2/../../../../nios2-elf/lib\libc.a(lib_a-dtoa.o)
                                 0x14 (size before relaxing)
 .rodata.str1.4
                0x0081c0f8       0x10 c:/altera/12.0sp2/nios2eds/bin/gnu/h-i686-mingw32/bin/../lib/gcc/nios2-elf/4.1.2/../../../../nios2-elf/lib\libc.a(lib_a-locale.o)
                                 0x18 (size before relaxing)
 .rodata        0x0081c108       0x30 c:/altera/12.0sp2/nios2eds/bin/gnu/h-i686-mingw32/bin/../lib/gcc/nios2-elf/4.1.2/../../../../nios2-elf/lib\libc.a(lib_a-locale.o)
 .rodata        0x0081c138      0x124 c:/altera/12.0sp2/nios2eds/bin/gnu/h-i686-mingw32/bin/../lib/gcc/nios2-elf/4.1.2/../../../../nios2-elf/lib\libc.a(lib_a-mprec.o)
                0x0081c138                __mprec_tens
                0x0081c200                __mprec_bigtens
                0x0081c228                __mprec_tinytens
 .rodata        0x0081c25c        0xc C:/Users/SarahLynn/Documents/School/School3/EECE381/LSN/LSN_bsp/\libhal_bsp.a(alt_dev.o)
 .rodata        0x0081c268       0x14 C:/Users/SarahLynn/Documents/School/School3/EECE381/LSN/LSN_bsp/\libhal_bsp.a(alt_main.o)
 .rodata        0x0081c27c       0xcc C:/Users/SarahLynn/Documents/School/School3/EECE381/LSN/LSN_bsp/\libhal_bsp.a(alt_sys_init.o)
 .rodata        0x0081c348       0x1c C:/Users/SarahLynn/Documents/School/School3/EECE381/LSN/LSN_bsp/\libhal_bsp.a(altera_up_avalon_video_character_buffer_with_dma.o)
 *(.rodata1)
                0x0081c364                . = ALIGN (0x4)
                0x0081c364                PROVIDE (__ram_rodata_end, ABSOLUTE (.))
                0x0081b590                PROVIDE (__flash_rodata_start, LOADADDR (.rodata))

.rwdata         0x0081c364     0x1bc8 load address 0x0081df2c
                0x0081c364                PROVIDE (__ram_rwdata_start, ABSOLUTE (.))
                0x0081c364                . = ALIGN (0x4)
 *(.got.plt)
 *(.got)
 *(.data1)
 *(.data .data.* .gnu.linkonce.d.*)
 .data          0x0081c364        0x0 C:/Users/SarahLynn/Documents/School/School3/EECE381/LSN/LSN_bsp//obj/HAL/src/crt0.o
 .data          0x0081c364        0x0 obj/default/audio.o
 .data          0x0081c364        0x0 obj/default/bmp.o
 .data          0x0081c364        0x0 obj/default/bullet.o
 .data          0x0081c364        0x0 obj/default/collision.o
 .data          0x0081c364        0x0 obj/default/displacement.o
 .data          0x0081c364        0x0 obj/default/input.o
 .data          0x0081c364        0x0 obj/default/lcd.o
 .data          0x0081c364        0x0 obj/default/main.o
 .data          0x0081c364        0x0 obj/default/player.o
 .data          0x0081c364        0x0 obj/default/score.o
 .data          0x0081c364        0x0 obj/default/sd_card.o
 .data          0x0081c364        0x0 obj/default/shark.o
 .data          0x0081c364        0x0 obj/default/splash.o
 .data          0x0081c364        0x0 obj/default/timer.o
 .data          0x0081c364        0x0 obj/default/vga.o
 .data          0x0081c364        0x0 c:/altera/12.0sp2/nios2eds/bin/gnu/h-i686-mingw32/bin/../lib/gcc/nios2-elf/4.1.2/../../../../nios2-elf/lib\libm.a(lib_a-w_pow.o)
 .data          0x0081c364        0x0 c:/altera/12.0sp2/nios2eds/bin/gnu/h-i686-mingw32/bin/../lib/gcc/nios2-elf/4.1.2/../../../../nios2-elf/lib\libm.a(lib_a-e_pow.o)
 .data          0x0081c364        0x0 c:/altera/12.0sp2/nios2eds/bin/gnu/h-i686-mingw32/bin/../lib/gcc/nios2-elf/4.1.2/../../../../nios2-elf/lib\libm.a(lib_a-e_sqrt.o)
 .data          0x0081c364        0x0 c:/altera/12.0sp2/nios2eds/bin/gnu/h-i686-mingw32/bin/../lib/gcc/nios2-elf/4.1.2/../../../../nios2-elf/lib\libm.a(lib_a-s_fabs.o)
 .data          0x0081c364        0x0 c:/altera/12.0sp2/nios2eds/bin/gnu/h-i686-mingw32/bin/../lib/gcc/nios2-elf/4.1.2/../../../../nios2-elf/lib\libm.a(lib_a-s_finite.o)
 .data          0x0081c364        0x0 c:/altera/12.0sp2/nios2eds/bin/gnu/h-i686-mingw32/bin/../lib/gcc/nios2-elf/4.1.2/../../../../nios2-elf/lib\libm.a(lib_a-s_isnand.o)
 .data          0x0081c364        0x0 c:/altera/12.0sp2/nios2eds/bin/gnu/h-i686-mingw32/bin/../lib/gcc/nios2-elf/4.1.2/../../../../nios2-elf/lib\libm.a(lib_a-s_lib_ver.o)
 .data          0x0081c364        0x0 c:/altera/12.0sp2/nios2eds/bin/gnu/h-i686-mingw32/bin/../lib/gcc/nios2-elf/4.1.2/../../../../nios2-elf/lib\libm.a(lib_a-s_matherr.o)
 .data          0x0081c364        0x0 c:/altera/12.0sp2/nios2eds/bin/gnu/h-i686-mingw32/bin/../lib/gcc/nios2-elf/4.1.2/../../../../nios2-elf/lib\libm.a(lib_a-s_nan.o)
 .data          0x0081c364        0x0 c:/altera/12.0sp2/nios2eds/bin/gnu/h-i686-mingw32/bin/../lib/gcc/nios2-elf/4.1.2/../../../../nios2-elf/lib\libm.a(lib_a-s_rint.o)
 .data          0x0081c364        0x0 c:/altera/12.0sp2/nios2eds/bin/gnu/h-i686-mingw32/bin/../lib/gcc/nios2-elf/4.1.2/../../../../nios2-elf/lib\libm.a(lib_a-s_scalbn.o)
 .data          0x0081c364        0x0 c:/altera/12.0sp2/nios2eds/bin/gnu/h-i686-mingw32/bin/../lib/gcc/nios2-elf/4.1.2/../../../../nios2-elf/lib\libm.a(lib_a-s_copysign.o)
 .data          0x0081c364        0x0 c:/altera/12.0sp2/nios2eds/bin/gnu/h-i686-mingw32/bin/../lib/gcc/nios2-elf/4.1.2\libgcc.a(_div_sf.o)
 .data          0x0081c364        0x0 c:/altera/12.0sp2/nios2eds/bin/gnu/h-i686-mingw32/bin/../lib/gcc/nios2-elf/4.1.2\libgcc.a(_si_to_sf.o)
 .data          0x0081c364        0x0 c:/altera/12.0sp2/nios2eds/bin/gnu/h-i686-mingw32/bin/../lib/gcc/nios2-elf/4.1.2\libgcc.a(_sf_to_df.o)
 .data          0x0081c364        0x0 c:/altera/12.0sp2/nios2eds/bin/gnu/h-i686-mingw32/bin/../lib/gcc/nios2-elf/4.1.2\libgcc.a(_thenan_sf.o)
 .data          0x0081c364        0x0 c:/altera/12.0sp2/nios2eds/bin/gnu/h-i686-mingw32/bin/../lib/gcc/nios2-elf/4.1.2\libgcc.a(_addsub_df.o)
 .data          0x0081c364        0x0 c:/altera/12.0sp2/nios2eds/bin/gnu/h-i686-mingw32/bin/../lib/gcc/nios2-elf/4.1.2\libgcc.a(_mul_df.o)
 .data          0x0081c364        0x0 c:/altera/12.0sp2/nios2eds/bin/gnu/h-i686-mingw32/bin/../lib/gcc/nios2-elf/4.1.2\libgcc.a(_div_df.o)
 .data          0x0081c364        0x0 c:/altera/12.0sp2/nios2eds/bin/gnu/h-i686-mingw32/bin/../lib/gcc/nios2-elf/4.1.2\libgcc.a(_eq_df.o)
 .data          0x0081c364        0x0 c:/altera/12.0sp2/nios2eds/bin/gnu/h-i686-mingw32/bin/../lib/gcc/nios2-elf/4.1.2\libgcc.a(_ne_df.o)
 .data          0x0081c364        0x0 c:/altera/12.0sp2/nios2eds/bin/gnu/h-i686-mingw32/bin/../lib/gcc/nios2-elf/4.1.2\libgcc.a(_gt_df.o)
 .data          0x0081c364        0x0 c:/altera/12.0sp2/nios2eds/bin/gnu/h-i686-mingw32/bin/../lib/gcc/nios2-elf/4.1.2\libgcc.a(_lt_df.o)
 .data          0x0081c364        0x0 c:/altera/12.0sp2/nios2eds/bin/gnu/h-i686-mingw32/bin/../lib/gcc/nios2-elf/4.1.2\libgcc.a(_le_df.o)
 .data          0x0081c364        0x0 c:/altera/12.0sp2/nios2eds/bin/gnu/h-i686-mingw32/bin/../lib/gcc/nios2-elf/4.1.2\libgcc.a(_si_to_df.o)
 .data          0x0081c364        0x0 c:/altera/12.0sp2/nios2eds/bin/gnu/h-i686-mingw32/bin/../lib/gcc/nios2-elf/4.1.2\libgcc.a(_df_to_si.o)
 .data          0x0081c364        0x0 c:/altera/12.0sp2/nios2eds/bin/gnu/h-i686-mingw32/bin/../lib/gcc/nios2-elf/4.1.2\libgcc.a(_make_df.o)
 .data          0x0081c364        0x0 c:/altera/12.0sp2/nios2eds/bin/gnu/h-i686-mingw32/bin/../lib/gcc/nios2-elf/4.1.2\libgcc.a(_thenan_df.o)
 .data          0x0081c364        0x0 c:/altera/12.0sp2/nios2eds/bin/gnu/h-i686-mingw32/bin/../lib/gcc/nios2-elf/4.1.2\libgcc.a(lib2-divmod.o)
 .data          0x0081c364        0x0 c:/altera/12.0sp2/nios2eds/bin/gnu/h-i686-mingw32/bin/../lib/gcc/nios2-elf/4.1.2\libgcc.a(_muldi3.o)
 .data          0x0081c364        0x0 c:/altera/12.0sp2/nios2eds/bin/gnu/h-i686-mingw32/bin/../lib/gcc/nios2-elf/4.1.2\libgcc.a(_clzsi2.o)
 .data          0x0081c364        0x0 c:/altera/12.0sp2/nios2eds/bin/gnu/h-i686-mingw32/bin/../lib/gcc/nios2-elf/4.1.2\libgcc.a(_pack_sf.o)
 .data          0x0081c364        0x0 c:/altera/12.0sp2/nios2eds/bin/gnu/h-i686-mingw32/bin/../lib/gcc/nios2-elf/4.1.2\libgcc.a(_unpack_sf.o)
 .data          0x0081c364        0x0 c:/altera/12.0sp2/nios2eds/bin/gnu/h-i686-mingw32/bin/../lib/gcc/nios2-elf/4.1.2\libgcc.a(_pack_df.o)
 .data          0x0081c364        0x0 c:/altera/12.0sp2/nios2eds/bin/gnu/h-i686-mingw32/bin/../lib/gcc/nios2-elf/4.1.2\libgcc.a(_unpack_df.o)
 .data          0x0081c364        0x0 c:/altera/12.0sp2/nios2eds/bin/gnu/h-i686-mingw32/bin/../lib/gcc/nios2-elf/4.1.2\libgcc.a(_fpcmp_parts_df.o)
 .data          0x0081c364        0x0 c:/altera/12.0sp2/nios2eds/bin/gnu/h-i686-mingw32/bin/../lib/gcc/nios2-elf/4.1.2\libgcc.a(_clz.o)
 .data          0x0081c364        0x0 c:/altera/12.0sp2/nios2eds/bin/gnu/h-i686-mingw32/bin/../lib/gcc/nios2-elf/4.1.2/../../../../nios2-elf/lib\libc.a(lib_a-errno.o)
 .data          0x0081c364      0x400 c:/altera/12.0sp2/nios2eds/bin/gnu/h-i686-mingw32/bin/../lib/gcc/nios2-elf/4.1.2/../../../../nios2-elf/lib\libc.a(lib_a-impure.o)
 .data          0x0081c764        0x0 c:/altera/12.0sp2/nios2eds/bin/gnu/h-i686-mingw32/bin/../lib/gcc/nios2-elf/4.1.2/../../../../nios2-elf/lib\libc.a(lib_a-malloc.o)
 .data          0x0081c764      0x408 c:/altera/12.0sp2/nios2eds/bin/gnu/h-i686-mingw32/bin/../lib/gcc/nios2-elf/4.1.2/../../../../nios2-elf/lib\libc.a(lib_a-mallocr.o)
                0x0081c764                __malloc_av_
 .data          0x0081cb6c        0x0 c:/altera/12.0sp2/nios2eds/bin/gnu/h-i686-mingw32/bin/../lib/gcc/nios2-elf/4.1.2/../../../../nios2-elf/lib\libc.a(lib_a-printf.o)
 .data          0x0081cb6c        0x0 c:/altera/12.0sp2/nios2eds/bin/gnu/h-i686-mingw32/bin/../lib/gcc/nios2-elf/4.1.2/../../../../nios2-elf/lib\libc.a(lib_a-puts.o)
 .data          0x0081cb6c        0x0 c:/altera/12.0sp2/nios2eds/bin/gnu/h-i686-mingw32/bin/../lib/gcc/nios2-elf/4.1.2/../../../../nios2-elf/lib\libc.a(lib_a-rand.o)
 .data          0x0081cb6c        0x0 c:/altera/12.0sp2/nios2eds/bin/gnu/h-i686-mingw32/bin/../lib/gcc/nios2-elf/4.1.2/../../../../nios2-elf/lib\libc.a(lib_a-sbrkr.o)
 .data          0x0081cb6c        0x0 c:/altera/12.0sp2/nios2eds/bin/gnu/h-i686-mingw32/bin/../lib/gcc/nios2-elf/4.1.2/../../../../nios2-elf/lib\libc.a(lib_a-strlen.o)
 .data          0x0081cb6c        0x0 c:/altera/12.0sp2/nios2eds/bin/gnu/h-i686-mingw32/bin/../lib/gcc/nios2-elf/4.1.2/../../../../nios2-elf/lib\libc.a(lib_a-time.o)
 .data          0x0081cb6c        0x0 c:/altera/12.0sp2/nios2eds/bin/gnu/h-i686-mingw32/bin/../lib/gcc/nios2-elf/4.1.2/../../../../nios2-elf/lib\libc.a(lib_a-vfprintf.o)
 .data          0x0081cb6c        0x0 c:/altera/12.0sp2/nios2eds/bin/gnu/h-i686-mingw32/bin/../lib/gcc/nios2-elf/4.1.2/../../../../nios2-elf/lib\libc.a(lib_a-wsetup.o)
 .data          0x0081cb6c        0x0 c:/altera/12.0sp2/nios2eds/bin/gnu/h-i686-mingw32/bin/../lib/gcc/nios2-elf/4.1.2/../../../../nios2-elf/lib\libc.a(lib_a-dtoa.o)
 .data          0x0081cb6c        0x0 c:/altera/12.0sp2/nios2eds/bin/gnu/h-i686-mingw32/bin/../lib/gcc/nios2-elf/4.1.2/../../../../nios2-elf/lib\libc.a(lib_a-fflush.o)
 .data          0x0081cb6c        0x0 c:/altera/12.0sp2/nios2eds/bin/gnu/h-i686-mingw32/bin/../lib/gcc/nios2-elf/4.1.2/../../../../nios2-elf/lib\libc.a(lib_a-findfp.o)
 .data          0x0081cb6c        0x0 c:/altera/12.0sp2/nios2eds/bin/gnu/h-i686-mingw32/bin/../lib/gcc/nios2-elf/4.1.2/../../../../nios2-elf/lib\libc.a(lib_a-freer.o)
 .data          0x0081cb6c        0x0 c:/altera/12.0sp2/nios2eds/bin/gnu/h-i686-mingw32/bin/../lib/gcc/nios2-elf/4.1.2/../../../../nios2-elf/lib\libc.a(lib_a-fvwrite.o)
 .data          0x0081cb6c        0x0 c:/altera/12.0sp2/nios2eds/bin/gnu/h-i686-mingw32/bin/../lib/gcc/nios2-elf/4.1.2/../../../../nios2-elf/lib\libc.a(lib_a-fwalk.o)
 .data          0x0081cb6c        0x0 c:/altera/12.0sp2/nios2eds/bin/gnu/h-i686-mingw32/bin/../lib/gcc/nios2-elf/4.1.2/../../../../nios2-elf/lib\libc.a(lib_a-gettimeofdayr.o)
 .data          0x0081cb6c        0x0 c:/altera/12.0sp2/nios2eds/bin/gnu/h-i686-mingw32/bin/../lib/gcc/nios2-elf/4.1.2/../../../../nios2-elf/lib\libc.a(lib_a-int_errno.o)
 .data          0x0081cb6c        0xc c:/altera/12.0sp2/nios2eds/bin/gnu/h-i686-mingw32/bin/../lib/gcc/nios2-elf/4.1.2/../../../../nios2-elf/lib\libc.a(lib_a-locale.o)
                0x0081cb6c                __lc_ctype
 .data          0x0081cb78        0x0 c:/altera/12.0sp2/nios2eds/bin/gnu/h-i686-mingw32/bin/../lib/gcc/nios2-elf/4.1.2/../../../../nios2-elf/lib\libc.a(lib_a-makebuf.o)
 .data          0x0081cb78        0x0 c:/altera/12.0sp2/nios2eds/bin/gnu/h-i686-mingw32/bin/../lib/gcc/nios2-elf/4.1.2/../../../../nios2-elf/lib\libc.a(lib_a-memchr.o)
 .data          0x0081cb78        0x0 c:/altera/12.0sp2/nios2eds/bin/gnu/h-i686-mingw32/bin/../lib/gcc/nios2-elf/4.1.2/../../../../nios2-elf/lib\libc.a(lib_a-memcpy.o)
 .data          0x0081cb78        0x0 c:/altera/12.0sp2/nios2eds/bin/gnu/h-i686-mingw32/bin/../lib/gcc/nios2-elf/4.1.2/../../../../nios2-elf/lib\libc.a(lib_a-memmove.o)
 .data          0x0081cb78        0x0 c:/altera/12.0sp2/nios2eds/bin/gnu/h-i686-mingw32/bin/../lib/gcc/nios2-elf/4.1.2/../../../../nios2-elf/lib\libc.a(lib_a-memset.o)
 .data          0x0081cb78        0x0 c:/altera/12.0sp2/nios2eds/bin/gnu/h-i686-mingw32/bin/../lib/gcc/nios2-elf/4.1.2/../../../../nios2-elf/lib\libc.a(lib_a-mprec.o)
 .data          0x0081cb78        0x0 c:/altera/12.0sp2/nios2eds/bin/gnu/h-i686-mingw32/bin/../lib/gcc/nios2-elf/4.1.2/../../../../nios2-elf/lib\libc.a(lib_a-reallocr.o)
 .data          0x0081cb78        0x0 c:/altera/12.0sp2/nios2eds/bin/gnu/h-i686-mingw32/bin/../lib/gcc/nios2-elf/4.1.2/../../../../nios2-elf/lib\libc.a(lib_a-s_isinfd.o)
 .data          0x0081cb78        0x0 c:/altera/12.0sp2/nios2eds/bin/gnu/h-i686-mingw32/bin/../lib/gcc/nios2-elf/4.1.2/../../../../nios2-elf/lib\libc.a(lib_a-stdio.o)
 .data          0x0081cb78        0x0 c:/altera/12.0sp2/nios2eds/bin/gnu/h-i686-mingw32/bin/../lib/gcc/nios2-elf/4.1.2/../../../../nios2-elf/lib\libc.a(lib_a-strcmp.o)
 .data          0x0081cb78        0x0 c:/altera/12.0sp2/nios2eds/bin/gnu/h-i686-mingw32/bin/../lib/gcc/nios2-elf/4.1.2/../../../../nios2-elf/lib\libc.a(lib_a-writer.o)
 .data          0x0081cb78        0x0 c:/altera/12.0sp2/nios2eds/bin/gnu/h-i686-mingw32/bin/../lib/gcc/nios2-elf/4.1.2/../../../../nios2-elf/lib\libc.a(lib_a-callocr.o)
 .data          0x0081cb78        0x0 c:/altera/12.0sp2/nios2eds/bin/gnu/h-i686-mingw32/bin/../lib/gcc/nios2-elf/4.1.2/../../../../nios2-elf/lib\libc.a(lib_a-closer.o)
 .data          0x0081cb78        0x0 c:/altera/12.0sp2/nios2eds/bin/gnu/h-i686-mingw32/bin/../lib/gcc/nios2-elf/4.1.2/../../../../nios2-elf/lib\libc.a(lib_a-fclose.o)
 .data          0x0081cb78        0x0 c:/altera/12.0sp2/nios2eds/bin/gnu/h-i686-mingw32/bin/../lib/gcc/nios2-elf/4.1.2/../../../../nios2-elf/lib\libc.a(lib_a-fstatr.o)
 .data          0x0081cb78        0x0 c:/altera/12.0sp2/nios2eds/bin/gnu/h-i686-mingw32/bin/../lib/gcc/nios2-elf/4.1.2/../../../../nios2-elf/lib\libc.a(lib_a-isattyr.o)
 .data          0x0081cb78        0x0 c:/altera/12.0sp2/nios2eds/bin/gnu/h-i686-mingw32/bin/../lib/gcc/nios2-elf/4.1.2/../../../../nios2-elf/lib\libc.a(lib_a-lseekr.o)
 .data          0x0081cb78        0x0 c:/altera/12.0sp2/nios2eds/bin/gnu/h-i686-mingw32/bin/../lib/gcc/nios2-elf/4.1.2/../../../../nios2-elf/lib\libc.a(lib_a-readr.o)
 .data          0x0081cb78        0x0 c:/altera/12.0sp2/nios2eds/bin/gnu/h-i686-mingw32/bin/../lib/gcc/nios2-elf/4.1.2\libgcc.a(_udivdi3.o)
 .data          0x0081cb78        0x0 c:/altera/12.0sp2/nios2eds/bin/gnu/h-i686-mingw32/bin/../lib/gcc/nios2-elf/4.1.2\libgcc.a(_umoddi3.o)
 .data          0x0081cb78        0x0 c:/altera/12.0sp2/nios2eds/bin/gnu/h-i686-mingw32/bin/../lib/gcc/nios2-elf/4.1.2\libgcc.a(_ge_df.o)
 .data          0x0081cb78        0x0 c:/altera/12.0sp2/nios2eds/bin/gnu/h-i686-mingw32/bin/../lib/gcc/nios2-elf/4.1.2\libgcc.a(_usi_to_df.o)
 .data          0x0081cb78        0x0 C:/Users/SarahLynn/Documents/School/School3/EECE381/LSN/LSN_bsp/\libhal_bsp.a(alt_close.o)
 .data          0x0081cb78      0x1a8 C:/Users/SarahLynn/Documents/School/School3/EECE381/LSN/LSN_bsp/\libhal_bsp.a(alt_dev.o)
                0x0081cb78                alt_dev_null
                0x0081cba0                alt_fd_list
 .data          0x0081cd20        0x0 C:/Users/SarahLynn/Documents/School/School3/EECE381/LSN/LSN_bsp/\libhal_bsp.a(alt_errno.o)
 .data          0x0081cd20        0x0 C:/Users/SarahLynn/Documents/School/School3/EECE381/LSN/LSN_bsp/\libhal_bsp.a(alt_fstat.o)
 .data          0x0081cd20        0x0 C:/Users/SarahLynn/Documents/School/School3/EECE381/LSN/LSN_bsp/\libhal_bsp.a(alt_gettod.o)
 .data          0x0081cd20        0x0 C:/Users/SarahLynn/Documents/School/School3/EECE381/LSN/LSN_bsp/\libhal_bsp.a(alt_irq_register.o)
 .data          0x0081cd20        0x0 C:/Users/SarahLynn/Documents/School/School3/EECE381/LSN/LSN_bsp/\libhal_bsp.a(alt_irq_vars.o)
 .data          0x0081cd20        0x0 C:/Users/SarahLynn/Documents/School/School3/EECE381/LSN/LSN_bsp/\libhal_bsp.a(alt_isatty.o)
 .data          0x0081cd20        0x0 C:/Users/SarahLynn/Documents/School/School3/EECE381/LSN/LSN_bsp/\libhal_bsp.a(alt_load.o)
 .data          0x0081cd20        0x0 C:/Users/SarahLynn/Documents/School/School3/EECE381/LSN/LSN_bsp/\libhal_bsp.a(alt_lseek.o)
 .data          0x0081cd20        0x0 C:/Users/SarahLynn/Documents/School/School3/EECE381/LSN/LSN_bsp/\libhal_bsp.a(alt_main.o)
 .data          0x0081cd20        0x0 C:/Users/SarahLynn/Documents/School/School3/EECE381/LSN/LSN_bsp/\libhal_bsp.a(alt_malloc_lock.o)
 .data          0x0081cd20        0x0 C:/Users/SarahLynn/Documents/School/School3/EECE381/LSN/LSN_bsp/\libhal_bsp.a(alt_read.o)
 .data          0x0081cd20        0x0 C:/Users/SarahLynn/Documents/School/School3/EECE381/LSN/LSN_bsp/\libhal_bsp.a(alt_release_fd.o)
 .data          0x0081cd20        0x0 C:/Users/SarahLynn/Documents/School/School3/EECE381/LSN/LSN_bsp/\libhal_bsp.a(alt_sbrk.o)
 .data          0x0081cd20        0x0 C:/Users/SarahLynn/Documents/School/School3/EECE381/LSN/LSN_bsp/\libhal_bsp.a(alt_tick.o)
 .data          0x0081cd20        0x0 C:/Users/SarahLynn/Documents/School/School3/EECE381/LSN/LSN_bsp/\libhal_bsp.a(alt_usleep.o)
 .data          0x0081cd20        0x0 C:/Users/SarahLynn/Documents/School/School3/EECE381/LSN/LSN_bsp/\libhal_bsp.a(alt_write.o)
 .data          0x0081cd20     0x11b4 C:/Users/SarahLynn/Documents/School/School3/EECE381/LSN/LSN_bsp/\libhal_bsp.a(alt_sys_init.o)
 .data          0x0081ded4        0x0 C:/Users/SarahLynn/Documents/School/School3/EECE381/LSN/LSN_bsp/\libhal_bsp.a(altera_avalon_jtag_uart_fd.o)
 .data          0x0081ded4        0x0 C:/Users/SarahLynn/Documents/School/School3/EECE381/LSN/LSN_bsp/\libhal_bsp.a(altera_avalon_jtag_uart_init.o)
 .data          0x0081ded4        0x0 C:/Users/SarahLynn/Documents/School/School3/EECE381/LSN/LSN_bsp/\libhal_bsp.a(altera_avalon_jtag_uart_ioctl.o)
 .data          0x0081ded4        0x0 C:/Users/SarahLynn/Documents/School/School3/EECE381/LSN/LSN_bsp/\libhal_bsp.a(altera_avalon_jtag_uart_read.o)
 .data          0x0081ded4        0x0 C:/Users/SarahLynn/Documents/School/School3/EECE381/LSN/LSN_bsp/\libhal_bsp.a(altera_avalon_jtag_uart_write.o)
 .data          0x0081ded4        0x0 C:/Users/SarahLynn/Documents/School/School3/EECE381/LSN/LSN_bsp/\libhal_bsp.a(altera_avalon_timer_sc.o)
 .data          0x0081ded4        0x0 C:/Users/SarahLynn/Documents/School/School3/EECE381/LSN/LSN_bsp/\libhal_bsp.a(altera_avalon_timer_ts.o)
 .data          0x0081ded4        0x0 C:/Users/SarahLynn/Documents/School/School3/EECE381/LSN/LSN_bsp/\libhal_bsp.a(altera_avalon_timer_vars.o)
 .data          0x0081ded4        0x0 C:/Users/SarahLynn/Documents/School/School3/EECE381/LSN/LSN_bsp/\libhal_bsp.a(altera_up_avalon_audio.o)
 .data          0x0081ded4        0x0 C:/Users/SarahLynn/Documents/School/School3/EECE381/LSN/LSN_bsp/\libhal_bsp.a(altera_up_avalon_audio_and_video_config.o)
 .data          0x0081ded4        0x0 C:/Users/SarahLynn/Documents/School/School3/EECE381/LSN/LSN_bsp/\libhal_bsp.a(altera_up_avalon_character_lcd.o)
 .data          0x0081ded4        0x0 C:/Users/SarahLynn/Documents/School/School3/EECE381/LSN/LSN_bsp/\libhal_bsp.a(altera_up_avalon_video_character_buffer_with_dma.o)
 .data          0x0081ded4        0x0 C:/Users/SarahLynn/Documents/School/School3/EECE381/LSN/LSN_bsp/\libhal_bsp.a(altera_up_avalon_video_pixel_buffer_dma.o)
 .data          0x0081ded4        0x0 C:/Users/SarahLynn/Documents/School/School3/EECE381/LSN/LSN_bsp/\libhal_bsp.a(altera_up_sd_card_avalon_interface.o)
 .data          0x0081ded4        0x0 C:/Users/SarahLynn/Documents/School/School3/EECE381/LSN/LSN_bsp/\libhal_bsp.a(alt_alarm_start.o)
 .data          0x0081ded4        0x0 C:/Users/SarahLynn/Documents/School/School3/EECE381/LSN/LSN_bsp/\libhal_bsp.a(alt_busy_sleep.o)
 .data          0x0081ded4        0x0 C:/Users/SarahLynn/Documents/School/School3/EECE381/LSN/LSN_bsp/\libhal_bsp.a(alt_dcache_flush_all.o)
 .data          0x0081ded4        0x0 C:/Users/SarahLynn/Documents/School/School3/EECE381/LSN/LSN_bsp/\libhal_bsp.a(alt_dev_llist_insert.o)
 .data          0x0081ded4        0x0 C:/Users/SarahLynn/Documents/School/School3/EECE381/LSN/LSN_bsp/\libhal_bsp.a(alt_do_ctors.o)
 .data          0x0081ded4        0x0 C:/Users/SarahLynn/Documents/School/School3/EECE381/LSN/LSN_bsp/\libhal_bsp.a(alt_do_dtors.o)
 .data          0x0081ded4        0x0 C:/Users/SarahLynn/Documents/School/School3/EECE381/LSN/LSN_bsp/\libhal_bsp.a(alt_find_dev.o)
 .data          0x0081ded4        0x0 C:/Users/SarahLynn/Documents/School/School3/EECE381/LSN/LSN_bsp/\libhal_bsp.a(alt_icache_flush_all.o)
 .data          0x0081ded4        0x0 C:/Users/SarahLynn/Documents/School/School3/EECE381/LSN/LSN_bsp/\libhal_bsp.a(alt_io_redirect.o)
 .data          0x0081ded4        0x0 C:/Users/SarahLynn/Documents/School/School3/EECE381/LSN/LSN_bsp/\libhal_bsp.a(alt_irq_entry.o)
 .data          0x0081ded4        0x0 C:/Users/SarahLynn/Documents/School/School3/EECE381/LSN/LSN_bsp/\libhal_bsp.a(alt_irq_handler.o)
 .data          0x0081ded4        0x0 C:/Users/SarahLynn/Documents/School/School3/EECE381/LSN/LSN_bsp/\libhal_bsp.a(alt_open.o)
 .data          0x0081ded4        0x0 C:/Users/SarahLynn/Documents/School/School3/EECE381/LSN/LSN_bsp/\libhal_bsp.a(altera_nios2_qsys_irq.o)
 .data          0x0081ded4        0x0 C:/Users/SarahLynn/Documents/School/School3/EECE381/LSN/LSN_bsp/\libhal_bsp.a(alt_exception_entry.o)
 .data          0x0081ded4        0x0 C:/Users/SarahLynn/Documents/School/School3/EECE381/LSN/LSN_bsp/\libhal_bsp.a(alt_find_file.o)
 .data          0x0081ded4        0x0 C:/Users/SarahLynn/Documents/School/School3/EECE381/LSN/LSN_bsp/\libhal_bsp.a(alt_get_fd.o)
 .data          0x0081ded4        0x0 C:/Users/SarahLynn/Documents/School/School3/EECE381/LSN/LSN_bsp/\libhal_bsp.a(alt_icache_flush.o)
 .data          0x0081ded4        0x0 c:/altera/12.0sp2/nios2eds/bin/gnu/h-i686-mingw32/bin/../lib/gcc/nios2-elf/4.1.2/../../../../nios2-elf/lib\libc.a(lib_a-atexit.o)
 .data          0x0081ded4        0x0 c:/altera/12.0sp2/nios2eds/bin/gnu/h-i686-mingw32/bin/../lib/gcc/nios2-elf/4.1.2/../../../../nios2-elf/lib\libc.a(lib_a-exit.o)
 .data          0x0081ded4        0x0 c:/altera/12.0sp2/nios2eds/bin/gnu/h-i686-mingw32/bin/../lib/gcc/nios2-elf/4.1.2/../../../../nios2-elf/lib\libc.a(lib_a-memcmp.o)
 .data          0x0081ded4        0x0 c:/altera/12.0sp2/nios2eds/bin/gnu/h-i686-mingw32/bin/../lib/gcc/nios2-elf/4.1.2/../../../../nios2-elf/lib\libc.a(lib_a-__atexit.o)
 .data          0x0081ded4        0x0 c:/altera/12.0sp2/nios2eds/bin/gnu/h-i686-mingw32/bin/../lib/gcc/nios2-elf/4.1.2/../../../../nios2-elf/lib\libc.a(lib_a-__call_atexit.o)
 .data          0x0081ded4        0x0 C:/Users/SarahLynn/Documents/School/School3/EECE381/LSN/LSN_bsp/\libhal_bsp.a(alt_exit.o)
                0x00825ed4                _gp = ABSOLUTE ((. + 0x8000))
                0x00825ed4                PROVIDE (gp, _gp)
 *(.rwdata .rwdata.*)
 *(.sdata .sdata.* .gnu.linkonce.s.*)
 .sdata         0x0081ded4        0xc obj/default/audio.o
                0x0081ded4                CONFIG_NAME
                0x0081ded8                AUDIO_NAME
                0x0081dedc                toneLength
 .sdata         0x0081dee0        0x1 obj/default/input.o
 *fill*         0x0081dee1        0x3 00
 .sdata         0x0081dee4        0x4 obj/default/score.o
                0x0081dee4                scoreFileName
 .sdata         0x0081dee8        0x4 c:/altera/12.0sp2/nios2eds/bin/gnu/h-i686-mingw32/bin/../lib/gcc/nios2-elf/4.1.2/../../../../nios2-elf/lib\libm.a(lib_a-s_lib_ver.o)
                0x0081dee8                __fdlib_version
 .sdata         0x0081deec        0x8 c:/altera/12.0sp2/nios2eds/bin/gnu/h-i686-mingw32/bin/../lib/gcc/nios2-elf/4.1.2/../../../../nios2-elf/lib\libc.a(lib_a-impure.o)
                0x0081deec                _impure_ptr
                0x0081def0                _global_impure_ptr
 .sdata         0x0081def4        0x8 c:/altera/12.0sp2/nios2eds/bin/gnu/h-i686-mingw32/bin/../lib/gcc/nios2-elf/4.1.2/../../../../nios2-elf/lib\libc.a(lib_a-mallocr.o)
                0x0081def4                __malloc_trim_threshold
                0x0081def8                __malloc_sbrk_base
 .sdata         0x0081defc        0x8 c:/altera/12.0sp2/nios2eds/bin/gnu/h-i686-mingw32/bin/../lib/gcc/nios2-elf/4.1.2/../../../../nios2-elf/lib\libc.a(lib_a-locale.o)
                0x0081defc                __mb_cur_max
 .sdata         0x0081df04       0x14 C:/Users/SarahLynn/Documents/School/School3/EECE381/LSN/LSN_bsp/\libhal_bsp.a(alt_dev.o)
                0x0081df04                alt_fs_list
                0x0081df0c                alt_dev_list
                0x0081df14                alt_max_fd
 .sdata         0x0081df18        0x4 C:/Users/SarahLynn/Documents/School/School3/EECE381/LSN/LSN_bsp/\libhal_bsp.a(alt_errno.o)
                0x0081df18                alt_errno
 .sdata         0x0081df1c        0x4 C:/Users/SarahLynn/Documents/School/School3/EECE381/LSN/LSN_bsp/\libhal_bsp.a(alt_irq_vars.o)
                0x0081df1c                alt_priority_mask
 .sdata         0x0081df20        0x4 C:/Users/SarahLynn/Documents/School/School3/EECE381/LSN/LSN_bsp/\libhal_bsp.a(alt_sbrk.o)
 .sdata         0x0081df24        0x8 C:/Users/SarahLynn/Documents/School/School3/EECE381/LSN/LSN_bsp/\libhal_bsp.a(alt_tick.o)
                0x0081df24                alt_alarm_list
 *(.sdata2 .sdata2.* .gnu.linkonce.s2.*)
                0x0081df2c                . = ALIGN (0x4)
                0x0081df2c                _edata = ABSOLUTE (.)
                0x0081df2c                PROVIDE (edata, ABSOLUTE (.))
                0x0081df2c                PROVIDE (__ram_rwdata_end, ABSOLUTE (.))
                0x0081df2c                PROVIDE (__flash_rwdata_start, LOADADDR (.rwdata))

.bss            0x0081faf4     0x3474
                0x0081faf4                __bss_start = ABSOLUTE (.)
                0x0081faf4                PROVIDE (__sbss_start, ABSOLUTE (.))
                0x0081faf4                PROVIDE (___sbss_start, ABSOLUTE (.))
 *(.dynsbss)
 *(.sbss .sbss.* .gnu.linkonce.sb.*)
 .sbss          0x0081faf4       0x14 obj/default/audio.o
                0x0081faf4                audio
                0x0081faf8                config
                0x0081fafc                DEBUG
 .sbss          0x0081fb08       0x1a obj/default/audio.o
                0x0081fb08                loaded
                0x0081fb0c                audioFileWordLength
                0x0081fb10                sdDev
                0x0081fb14                somethingForIrq
                0x0081fb18                playedWords
                0x0081fb1c                playCursor
                0x0081fb20                status
 *fill*         0x0081fb22        0x2 00
 .sbss          0x0081fb24       0x1c obj/default/bmp.o
                0x0081fb24                pixel_buffer_addr1
                0x0081fb28                char_buffer
                0x0081fb2c                pixel_buffer_addr2
                0x0081fb30                sharkBmp
                0x0081fb34                splashBmp
                0x0081fb38                pixel_buffer
                0x0081fb3c                playerBmp
 .sbss          0x0081fb40       0x10 obj/default/bullet.o
                0x0081fb40                playerBulletList
                0x0081fb44                sharkBulletList
                0x0081fb48                sharkLaserColor
                0x0081fb4c                playerLaserColor
 .sbss          0x0081fb50       0x20 obj/default/displacement.o
 .sbss          0x0081fb70       0x1c obj/default/input.o
                0x0081fb88                char_lcd_dev
 .sbss          0x0081fb8c        0x4 obj/default/score.o
                0x0081fb8c                gameScores
 .sbss          0x0081fb90       0x10 obj/default/shark.o
                0x0081fb90                sharkList
                0x0081fb94                deadSharkList
                0x0081fb98                sharkCount
                0x0081fb9c                sharkArrayCursor
 .sbss          0x0081fba0        0xc c:/altera/12.0sp2/nios2eds/bin/gnu/h-i686-mingw32/bin/../lib/gcc/nios2-elf/4.1.2/../../../../nios2-elf/lib\libc.a(lib_a-mallocr.o)
                0x0081fba0                __malloc_top_pad
                0x0081fba4                __malloc_max_sbrked_mem
                0x0081fba8                __malloc_max_total_mem
 .sbss          0x0081fbac        0x4 c:/altera/12.0sp2/nios2eds/bin/gnu/h-i686-mingw32/bin/../lib/gcc/nios2-elf/4.1.2/../../../../nios2-elf/lib\libc.a(lib_a-int_errno.o)
                0x0081fbac                errno
 .sbss          0x0081fbb0        0xc c:/altera/12.0sp2/nios2eds/bin/gnu/h-i686-mingw32/bin/../lib/gcc/nios2-elf/4.1.2/../../../../nios2-elf/lib\libc.a(lib_a-locale.o)
                0x0081fbb0                __nlocale_changed
                0x0081fbb4                __mlocale_changed
                0x0081fbb8                _PathLocale
 .sbss          0x0081fbbc       0x10 C:/Users/SarahLynn/Documents/School/School3/EECE381/LSN/LSN_bsp/\libhal_bsp.a(alt_gettod.o)
                0x0081fbbc                alt_timezone
                0x0081fbc4                alt_resettime
 .sbss          0x0081fbcc        0x4 C:/Users/SarahLynn/Documents/School/School3/EECE381/LSN/LSN_bsp/\libhal_bsp.a(alt_irq_vars.o)
                0x0081fbcc                alt_irq_active
 .sbss          0x0081fbd0        0xc C:/Users/SarahLynn/Documents/School/School3/EECE381/LSN/LSN_bsp/\libhal_bsp.a(alt_main.o)
                0x0081fbd0                alt_argc
                0x0081fbd4                alt_argv
                0x0081fbd8                alt_envp
 .sbss          0x0081fbdc        0x8 C:/Users/SarahLynn/Documents/School/School3/EECE381/LSN/LSN_bsp/\libhal_bsp.a(alt_tick.o)
                0x0081fbdc                _alt_tick_rate
                0x0081fbe0                _alt_nticks
 .sbss          0x0081fbe4        0x8 C:/Users/SarahLynn/Documents/School/School3/EECE381/LSN/LSN_bsp/\libhal_bsp.a(altera_avalon_timer_vars.o)
                0x0081fbe4                altera_avalon_timer_ts_base
                0x0081fbe8                altera_avalon_timer_ts_freq
 .sbss          0x0081fbec       0x34 C:/Users/SarahLynn/Documents/School/School3/EECE381/LSN/LSN_bsp/\libhal_bsp.a(altera_up_sd_card_avalon_interface.o)
                0x0081fbec                initialized
                0x0081fbf0                is_sd_card_formated_as_FAT16
                0x0081fbf4                aux_status_register
                0x0081fbf8                status_register
                0x0081fbfc                CSD_register_w0
                0x0081fc00                command_register
                0x0081fc04                command_argument_register
                0x0081fc08                buffer_memory
                0x0081fc0c                fat_partition_offset_in_512_byte_sectors
                0x0081fc10                fat_partition_size_in_512_byte_sectors
                0x0081fc14                device_pointer
                0x0081fc18                current_sector_modified
                0x0081fc1c                current_sector_index
 *(.sbss2 .sbss2.* .gnu.linkonce.sb2.*)
 *(.scommon)
                0x0081fc20                PROVIDE (__sbss_end, ABSOLUTE (.))
                0x0081fc20                PROVIDE (___sbss_end, ABSOLUTE (.))
 *(.dynbss)
 *(.bss .bss.* .gnu.linkonce.b.*)
 .bss           0x0081fc20        0x0 C:/Users/SarahLynn/Documents/School/School3/EECE381/LSN/LSN_bsp//obj/HAL/src/crt0.o
 .bss           0x0081fc20        0x0 obj/default/audio.o
 .bss           0x0081fc20        0x0 obj/default/bmp.o
 .bss           0x0081fc20        0x0 obj/default/bullet.o
 .bss           0x0081fc20        0x0 obj/default/collision.o
 .bss           0x0081fc20        0x0 obj/default/displacement.o
 .bss           0x0081fc20        0x0 obj/default/input.o
 .bss           0x0081fc20        0x0 obj/default/lcd.o
 .bss           0x0081fc20        0x0 obj/default/main.o
 .bss           0x0081fc20        0x0 obj/default/player.o
 .bss           0x0081fc20        0x0 obj/default/score.o
 .bss           0x0081fc20        0x0 obj/default/sd_card.o
 .bss           0x0081fc20        0x0 obj/default/shark.o
 .bss           0x0081fc20        0x0 obj/default/splash.o
 .bss           0x0081fc20        0x0 obj/default/timer.o
 .bss           0x0081fc20        0x0 obj/default/vga.o
 .bss           0x0081fc20        0x0 c:/altera/12.0sp2/nios2eds/bin/gnu/h-i686-mingw32/bin/../lib/gcc/nios2-elf/4.1.2/../../../../nios2-elf/lib\libm.a(lib_a-w_pow.o)
 .bss           0x0081fc20        0x0 c:/altera/12.0sp2/nios2eds/bin/gnu/h-i686-mingw32/bin/../lib/gcc/nios2-elf/4.1.2/../../../../nios2-elf/lib\libm.a(lib_a-e_pow.o)
 .bss           0x0081fc20        0x0 c:/altera/12.0sp2/nios2eds/bin/gnu/h-i686-mingw32/bin/../lib/gcc/nios2-elf/4.1.2/../../../../nios2-elf/lib\libm.a(lib_a-e_sqrt.o)
 .bss           0x0081fc20        0x0 c:/altera/12.0sp2/nios2eds/bin/gnu/h-i686-mingw32/bin/../lib/gcc/nios2-elf/4.1.2/../../../../nios2-elf/lib\libm.a(lib_a-s_fabs.o)
 .bss           0x0081fc20        0x0 c:/altera/12.0sp2/nios2eds/bin/gnu/h-i686-mingw32/bin/../lib/gcc/nios2-elf/4.1.2/../../../../nios2-elf/lib\libm.a(lib_a-s_finite.o)
 .bss           0x0081fc20        0x0 c:/altera/12.0sp2/nios2eds/bin/gnu/h-i686-mingw32/bin/../lib/gcc/nios2-elf/4.1.2/../../../../nios2-elf/lib\libm.a(lib_a-s_isnand.o)
 .bss           0x0081fc20        0x0 c:/altera/12.0sp2/nios2eds/bin/gnu/h-i686-mingw32/bin/../lib/gcc/nios2-elf/4.1.2/../../../../nios2-elf/lib\libm.a(lib_a-s_lib_ver.o)
 .bss           0x0081fc20        0x0 c:/altera/12.0sp2/nios2eds/bin/gnu/h-i686-mingw32/bin/../lib/gcc/nios2-elf/4.1.2/../../../../nios2-elf/lib\libm.a(lib_a-s_matherr.o)
 .bss           0x0081fc20        0x0 c:/altera/12.0sp2/nios2eds/bin/gnu/h-i686-mingw32/bin/../lib/gcc/nios2-elf/4.1.2/../../../../nios2-elf/lib\libm.a(lib_a-s_nan.o)
 .bss           0x0081fc20        0x0 c:/altera/12.0sp2/nios2eds/bin/gnu/h-i686-mingw32/bin/../lib/gcc/nios2-elf/4.1.2/../../../../nios2-elf/lib\libm.a(lib_a-s_rint.o)
 .bss           0x0081fc20        0x0 c:/altera/12.0sp2/nios2eds/bin/gnu/h-i686-mingw32/bin/../lib/gcc/nios2-elf/4.1.2/../../../../nios2-elf/lib\libm.a(lib_a-s_scalbn.o)
 .bss           0x0081fc20        0x0 c:/altera/12.0sp2/nios2eds/bin/gnu/h-i686-mingw32/bin/../lib/gcc/nios2-elf/4.1.2/../../../../nios2-elf/lib\libm.a(lib_a-s_copysign.o)
 .bss           0x0081fc20        0x0 c:/altera/12.0sp2/nios2eds/bin/gnu/h-i686-mingw32/bin/../lib/gcc/nios2-elf/4.1.2\libgcc.a(_div_sf.o)
 .bss           0x0081fc20        0x0 c:/altera/12.0sp2/nios2eds/bin/gnu/h-i686-mingw32/bin/../lib/gcc/nios2-elf/4.1.2\libgcc.a(_si_to_sf.o)
 .bss           0x0081fc20        0x0 c:/altera/12.0sp2/nios2eds/bin/gnu/h-i686-mingw32/bin/../lib/gcc/nios2-elf/4.1.2\libgcc.a(_sf_to_df.o)
 .bss           0x0081fc20        0x0 c:/altera/12.0sp2/nios2eds/bin/gnu/h-i686-mingw32/bin/../lib/gcc/nios2-elf/4.1.2\libgcc.a(_thenan_sf.o)
 .bss           0x0081fc20        0x0 c:/altera/12.0sp2/nios2eds/bin/gnu/h-i686-mingw32/bin/../lib/gcc/nios2-elf/4.1.2\libgcc.a(_addsub_df.o)
 .bss           0x0081fc20        0x0 c:/altera/12.0sp2/nios2eds/bin/gnu/h-i686-mingw32/bin/../lib/gcc/nios2-elf/4.1.2\libgcc.a(_mul_df.o)
 .bss           0x0081fc20        0x0 c:/altera/12.0sp2/nios2eds/bin/gnu/h-i686-mingw32/bin/../lib/gcc/nios2-elf/4.1.2\libgcc.a(_div_df.o)
 .bss           0x0081fc20        0x0 c:/altera/12.0sp2/nios2eds/bin/gnu/h-i686-mingw32/bin/../lib/gcc/nios2-elf/4.1.2\libgcc.a(_eq_df.o)
 .bss           0x0081fc20        0x0 c:/altera/12.0sp2/nios2eds/bin/gnu/h-i686-mingw32/bin/../lib/gcc/nios2-elf/4.1.2\libgcc.a(_ne_df.o)
 .bss           0x0081fc20        0x0 c:/altera/12.0sp2/nios2eds/bin/gnu/h-i686-mingw32/bin/../lib/gcc/nios2-elf/4.1.2\libgcc.a(_gt_df.o)
 .bss           0x0081fc20        0x0 c:/altera/12.0sp2/nios2eds/bin/gnu/h-i686-mingw32/bin/../lib/gcc/nios2-elf/4.1.2\libgcc.a(_lt_df.o)
 .bss           0x0081fc20        0x0 c:/altera/12.0sp2/nios2eds/bin/gnu/h-i686-mingw32/bin/../lib/gcc/nios2-elf/4.1.2\libgcc.a(_le_df.o)
 .bss           0x0081fc20        0x0 c:/altera/12.0sp2/nios2eds/bin/gnu/h-i686-mingw32/bin/../lib/gcc/nios2-elf/4.1.2\libgcc.a(_si_to_df.o)
 .bss           0x0081fc20        0x0 c:/altera/12.0sp2/nios2eds/bin/gnu/h-i686-mingw32/bin/../lib/gcc/nios2-elf/4.1.2\libgcc.a(_df_to_si.o)
 .bss           0x0081fc20        0x0 c:/altera/12.0sp2/nios2eds/bin/gnu/h-i686-mingw32/bin/../lib/gcc/nios2-elf/4.1.2\libgcc.a(_make_df.o)
 .bss           0x0081fc20        0x0 c:/altera/12.0sp2/nios2eds/bin/gnu/h-i686-mingw32/bin/../lib/gcc/nios2-elf/4.1.2\libgcc.a(_thenan_df.o)
 .bss           0x0081fc20        0x0 c:/altera/12.0sp2/nios2eds/bin/gnu/h-i686-mingw32/bin/../lib/gcc/nios2-elf/4.1.2\libgcc.a(lib2-divmod.o)
 .bss           0x0081fc20        0x0 c:/altera/12.0sp2/nios2eds/bin/gnu/h-i686-mingw32/bin/../lib/gcc/nios2-elf/4.1.2\libgcc.a(_muldi3.o)
 .bss           0x0081fc20        0x0 c:/altera/12.0sp2/nios2eds/bin/gnu/h-i686-mingw32/bin/../lib/gcc/nios2-elf/4.1.2\libgcc.a(_clzsi2.o)
 .bss           0x0081fc20        0x0 c:/altera/12.0sp2/nios2eds/bin/gnu/h-i686-mingw32/bin/../lib/gcc/nios2-elf/4.1.2\libgcc.a(_pack_sf.o)
 .bss           0x0081fc20        0x0 c:/altera/12.0sp2/nios2eds/bin/gnu/h-i686-mingw32/bin/../lib/gcc/nios2-elf/4.1.2\libgcc.a(_unpack_sf.o)
 .bss           0x0081fc20        0x0 c:/altera/12.0sp2/nios2eds/bin/gnu/h-i686-mingw32/bin/../lib/gcc/nios2-elf/4.1.2\libgcc.a(_pack_df.o)
 .bss           0x0081fc20        0x0 c:/altera/12.0sp2/nios2eds/bin/gnu/h-i686-mingw32/bin/../lib/gcc/nios2-elf/4.1.2\libgcc.a(_unpack_df.o)
 .bss           0x0081fc20        0x0 c:/altera/12.0sp2/nios2eds/bin/gnu/h-i686-mingw32/bin/../lib/gcc/nios2-elf/4.1.2\libgcc.a(_fpcmp_parts_df.o)
 .bss           0x0081fc20        0x0 c:/altera/12.0sp2/nios2eds/bin/gnu/h-i686-mingw32/bin/../lib/gcc/nios2-elf/4.1.2\libgcc.a(_clz.o)
 .bss           0x0081fc20        0x0 c:/altera/12.0sp2/nios2eds/bin/gnu/h-i686-mingw32/bin/../lib/gcc/nios2-elf/4.1.2/../../../../nios2-elf/lib\libc.a(lib_a-errno.o)