Archive member included because of file (symbol)

c:/altera/12.0sp2/nios2eds/bin/gnu/h-i686-mingw32/bin/../lib/gcc/nios2-elf/4.1.2/../../../../nios2-elf/lib\libm.a(lib_a-w_pow.o)
                              obj/default/score.o (pow)
c:/altera/12.0sp2/nios2eds/bin/gnu/h-i686-mingw32/bin/../lib/gcc/nios2-elf/4.1.2/../../../../nios2-elf/lib\libm.a(lib_a-e_pow.o)
                              c:/altera/12.0sp2/nios2eds/bin/gnu/h-i686-mingw32/bin/../lib/gcc/nios2-elf/4.1.2/../../../../nios2-elf/lib\libm.a(lib_a-w_pow.o) (__ieee754_pow)
c:/altera/12.0sp2/nios2eds/bin/gnu/h-i686-mingw32/bin/../lib/gcc/nios2-elf/4.1.2/../../../../nios2-elf/lib\libm.a(lib_a-e_sqrt.o)
                              c:/altera/12.0sp2/nios2eds/bin/gnu/h-i686-mingw32/bin/../lib/gcc/nios2-elf/4.1.2/../../../../nios2-elf/lib\libm.a(lib_a-e_pow.o) (__ieee754_sqrt)
c:/altera/12.0sp2/nios2eds/bin/gnu/h-i686-mingw32/bin/../lib/gcc/nios2-elf/4.1.2/../../../../nios2-elf/lib\libm.a(lib_a-s_fabs.o)
                              c:/altera/12.0sp2/nios2eds/bin/gnu/h-i686-mingw32/bin/../lib/gcc/nios2-elf/4.1.2/../../../../nios2-elf/lib\libm.a(lib_a-e_pow.o) (fabs)
c:/altera/12.0sp2/nios2eds/bin/gnu/h-i686-mingw32/bin/../lib/gcc/nios2-elf/4.1.2/../../../../nios2-elf/lib\libm.a(lib_a-s_finite.o)
                              c:/altera/12.0sp2/nios2eds/bin/gnu/h-i686-mingw32/bin/../lib/gcc/nios2-elf/4.1.2/../../../../nios2-elf/lib\libm.a(lib_a-w_pow.o) (finite)
c:/altera/12.0sp2/nios2eds/bin/gnu/h-i686-mingw32/bin/../lib/gcc/nios2-elf/4.1.2/../../../../nios2-elf/lib\libm.a(lib_a-s_isnand.o)
                              c:/altera/12.0sp2/nios2eds/bin/gnu/h-i686-mingw32/bin/../lib/gcc/nios2-elf/4.1.2/../../../../nios2-elf/lib\libm.a(lib_a-w_pow.o) (__isnand)
c:/altera/12.0sp2/nios2eds/bin/gnu/h-i686-mingw32/bin/../lib/gcc/nios2-elf/4.1.2/../../../../nios2-elf/lib\libm.a(lib_a-s_lib_ver.o)
                              c:/altera/12.0sp2/nios2eds/bin/gnu/h-i686-mingw32/bin/../lib/gcc/nios2-elf/4.1.2/../../../../nios2-elf/lib\libm.a(lib_a-w_pow.o) (__fdlib_version)
c:/altera/12.0sp2/nios2eds/bin/gnu/h-i686-mingw32/bin/../lib/gcc/nios2-elf/4.1.2/../../../../nios2-elf/lib\libm.a(lib_a-s_matherr.o)
                              c:/altera/12.0sp2/nios2eds/bin/gnu/h-i686-mingw32/bin/../lib/gcc/nios2-elf/4.1.2/../../../../nios2-elf/lib\libm.a(lib_a-w_pow.o) (matherr)
c:/altera/12.0sp2/nios2eds/bin/gnu/h-i686-mingw32/bin/../lib/gcc/nios2-elf/4.1.2/../../../../nios2-elf/lib\libm.a(lib_a-s_nan.o)
                              c:/altera/12.0sp2/nios2eds/bin/gnu/h-i686-mingw32/bin/../lib/gcc/nios2-elf/4.1.2/../../../../nios2-elf/lib\libm.a(lib_a-e_pow.o) (nan)
c:/altera/12.0sp2/nios2eds/bin/gnu/h-i686-mingw32/bin/../lib/gcc/nios2-elf/4.1.2/../../../../nios2-elf/lib\libm.a(lib_a-s_rint.o)
                              c:/altera/12.0sp2/nios2eds/bin/gnu/h-i686-mingw32/bin/../lib/gcc/nios2-elf/4.1.2/../../../../nios2-elf/lib\libm.a(lib_a-w_pow.o) (rint)
c:/altera/12.0sp2/nios2eds/bin/gnu/h-i686-mingw32/bin/../lib/gcc/nios2-elf/4.1.2/../../../../nios2-elf/lib\libm.a(lib_a-s_scalbn.o)
                              c:/altera/12.0sp2/nios2eds/bin/gnu/h-i686-mingw32/bin/../lib/gcc/nios2-elf/4.1.2/../../../../nios2-elf/lib\libm.a(lib_a-e_pow.o) (scalbn)
c:/altera/12.0sp2/nios2eds/bin/gnu/h-i686-mingw32/bin/../lib/gcc/nios2-elf/4.1.2/../../../../nios2-elf/lib\libm.a(lib_a-s_copysign.o)
                              c:/altera/12.0sp2/nios2eds/bin/gnu/h-i686-mingw32/bin/../lib/gcc/nios2-elf/4.1.2/../../../../nios2-elf/lib\libm.a(lib_a-s_scalbn.o) (copysign)
c:/altera/12.0sp2/nios2eds/bin/gnu/h-i686-mingw32/bin/../lib/gcc/nios2-elf/4.1.2\libgcc.a(_fixunssfsi.o)
                              obj/default/bullet.o (__fixunssfsi)
c:/altera/12.0sp2/nios2eds/bin/gnu/h-i686-mingw32/bin/../lib/gcc/nios2-elf/4.1.2\libgcc.a(_addsub_sf.o)
                              obj/default/bullet.o (__subsf3)
c:/altera/12.0sp2/nios2eds/bin/gnu/h-i686-mingw32/bin/../lib/gcc/nios2-elf/4.1.2\libgcc.a(_mul_sf.o)
                              obj/default/bullet.o (__mulsf3)
c:/altera/12.0sp2/nios2eds/bin/gnu/h-i686-mingw32/bin/../lib/gcc/nios2-elf/4.1.2\libgcc.a(_div_sf.o)
                              obj/default/timer.o (__divsf3)
c:/altera/12.0sp2/nios2eds/bin/gnu/h-i686-mingw32/bin/../lib/gcc/nios2-elf/4.1.2\libgcc.a(_ge_sf.o)
                              obj/default/bullet.o (__gesf2)
c:/altera/12.0sp2/nios2eds/bin/gnu/h-i686-mingw32/bin/../lib/gcc/nios2-elf/4.1.2\libgcc.a(_le_sf.o)
                              obj/default/bullet.o (__lesf2)
c:/altera/12.0sp2/nios2eds/bin/gnu/h-i686-mingw32/bin/../lib/gcc/nios2-elf/4.1.2\libgcc.a(_si_to_sf.o)
                              obj/default/bullet.o (__floatsisf)
c:/altera/12.0sp2/nios2eds/bin/gnu/h-i686-mingw32/bin/../lib/gcc/nios2-elf/4.1.2\libgcc.a(_sf_to_si.o)
                              obj/default/collision.o (__fixsfsi)
c:/altera/12.0sp2/nios2eds/bin/gnu/h-i686-mingw32/bin/../lib/gcc/nios2-elf/4.1.2\libgcc.a(_sf_to_df.o)
[...]
Memory Configuration

Name             Origin             Length             Attributes
reset            0x00800000         0x00000020
sdram_0          0x00800020         0x007fffe0
*default*        0x00000000         0xffffffff

Linker script and memory map

LOAD C:/Users/SarahLynn/Documents/School/School3/EECE381/LSN/LSN_bsp//obj/HAL/src/crt0.o
LOAD obj/default/audio.o
LOAD obj/default/bmp.o
LOAD obj/default/bullet.o
LOAD obj/default/collision.o
LOAD obj/default/displacement.o
LOAD obj/default/gameEnd.o
LOAD obj/default/input.o
LOAD obj/default/main.o
LOAD obj/default/nado.o
LOAD obj/default/player.o
LOAD obj/default/score.o
LOAD obj/default/sd_card.o
LOAD obj/default/shark.o
LOAD obj/default/splash.o
LOAD obj/default/timer.o
LOAD obj/default/vga.o
LOAD c:/altera/12.0sp2/nios2eds/bin/gnu/h-i686-mingw32/bin/../lib/gcc/nios2-elf/4.1.2/../../../../nios2-elf/lib\libstdc++.a
LOAD c:/altera/12.0sp2/nios2eds/bin/gnu/h-i686-mingw32/bin/../lib/gcc/nios2-elf/4.1.2/../../../../nios2-elf/lib\libm.a
LOAD c:/altera/12.0sp2/nios2eds/bin/gnu/h-i686-mingw32/bin/../lib/gcc/nios2-elf/4.1.2\libgcc.a
START GROUP
LOAD c:/altera/12.0sp2/nios2eds/bin/gnu/h-i686-mingw32/bin/../lib/gcc/nios2-elf/4.1.2/../../../../nios2-elf/lib\libc.a
LOAD c:/altera/12.0sp2/nios2eds/bin/gnu/h-i686-mingw32/bin/../lib/gcc/nios2-elf/4.1.2\libgcc.a
LOAD C:/Users/SarahLynn/Documents/School/School3/EECE381/LSN/LSN_bsp/\libhal_bsp.a
END GROUP
LOAD c:/altera/12.0sp2/nios2eds/bin/gnu/h-i686-mingw32/bin/../lib/gcc/nios2-elf/4.1.2\libgcc.a
                0x00800000                __alt_mem_sdram_0 = 0x800000

.entry          0x00800000       0x20
 *(.entry)
 .entry         0x00800000       0x20 C:/Users/SarahLynn/Documents/School/School3/EECE381/LSN/LSN_bsp//obj/HAL/src/crt0.o
                0x00800000                __reset

.exceptions     0x00800020      0x198
                0x00800020                PROVIDE (__ram_exceptions_start, ABSOLUTE (.))
                0x00800020                . = ALIGN (0x20)
 *(.irq)
 *(.exceptions.entry.label)
 .exceptions.entry.label
                0x00800020        0x0 C:/Users/SarahLynn/Documents/School/School3/EECE381/LSN/LSN_bsp/\libhal_bsp.a(alt_irq_entry.o)
                0x00800020                alt_irq_entry
 .exceptions.entry.label
                0x00800020        0x0 C:/Users/SarahLynn/Documents/School/School3/EECE381/LSN/LSN_bsp/\libhal_bsp.a(alt_exception_entry.o)
                0x00800020                alt_exception
 *(.exceptions.entry.user)
 *(.exceptions.entry)
 .exceptions.entry
                0x00800020       0x54 C:/Users/SarahLynn/Documents/School/School3/EECE381/LSN/LSN_bsp/\libhal_bsp.a(alt_exception_entry.o)
 *(.exceptions.irqtest.user)
 *(.exceptions.irqtest)
 .exceptions.irqtest
                0x00800074       0x10 C:/Users/SarahLynn/Documents/School/School3/EECE381/LSN/LSN_bsp/\libhal_bsp.a(alt_irq_entry.o)
 *(.exceptions.irqhandler.user)
 *(.exceptions.irqhandler)
 .exceptions.irqhandler
                0x00800084        0x4 C:/Users/SarahLynn/Documents/School/School3/EECE381/LSN/LSN_bsp/\libhal_bsp.a(alt_irq_entry.o)
 *(.exceptions.irqreturn.user)
 *(.exceptions.irqreturn)
 .exceptions.irqreturn
                0x00800088        0x4 C:/Users/SarahLynn/Documents/School/School3/EECE381/LSN/LSN_bsp/\libhal_bsp.a(alt_irq_entry.o)
 *(.exceptions.notirq.label)
 .exceptions.notirq.label
                0x0080008c        0x0 C:/Users/SarahLynn/Documents/School/School3/EECE381/LSN/LSN_bsp/\libhal_bsp.a(alt_irq_entry.o)
 *(.exceptions.notirq.user)
 *(.exceptions.notirq)
 .exceptions.notirq
                0x0080008c        0x8 C:/Users/SarahLynn/Documents/School/School3/EECE381/LSN/LSN_bsp/\libhal_bsp.a(alt_exception_entry.o)
 *(.exceptions.soft.user)
 *(.exceptions.soft)
 *(.exceptions.unknown.user)
 *(.exceptions.unknown)
 .exceptions.unknown
                0x00800094        0x4 C:/Users/SarahLynn/Documents/School/School3/EECE381/LSN/LSN_bsp/\libhal_bsp.a(alt_exception_entry.o)
 *(.exceptions.exit.label)
 .exceptions.exit.label
                0x00800098        0x0 C:/Users/SarahLynn/Documents/School/School3/EECE381/LSN/LSN_bsp/\libhal_bsp.a(alt_irq_entry.o)
 .exceptions.exit.label
                0x00800098        0x0 C:/Users/SarahLynn/Documents/School/School3/EECE381/LSN/LSN_bsp/\libhal_bsp.a(alt_exception_entry.o)
 *(.exceptions.exit.user)
 *(.exceptions.exit)
 .exceptions.exit
                0x00800098       0x54 C:/Users/SarahLynn/Documents/School/School3/EECE381/LSN/LSN_bsp/\libhal_bsp.a(alt_exception_entry.o)
 *(.exceptions)
 .exceptions    0x008000ec       0xcc C:/Users/SarahLynn/Documents/School/School3/EECE381/LSN/LSN_bsp/\libhal_bsp.a(alt_irq_handler.o)
                0x008000ec                alt_irq_handler
                0x008001b8                PROVIDE (__ram_exceptions_end, ABSOLUTE (.))
                0x00800020                PROVIDE (__flash_exceptions_start, LOADADDR (.exceptions))

.text           0x008001b8    0x1ce98
                0x008001b8                PROVIDE (stext, ABSOLUTE (.))
 *(.interp)
 *(.hash)
 *(.dynsym)
 *(.dynstr)
 *(.gnu.version)
 *(.gnu.version_d)
 *(.gnu.version_r)
 *(.rel.init)
 *(.rela.init)
 *(.rel.text .rel.text.* .rel.gnu.linkonce.t.*)
 *(.rela.text .rela.text.* .rela.gnu.linkonce.t.*)
 *(.rel.fini)
 *(.rela.fini)
 *(.rel.rodata .rel.rodata.* .rel.gnu.linkonce.r.*)
 *(.rela.rodata .rela.rodata.* .rela.gnu.linkonce.r.*)
 *(.rel.data .rel.data.* .rel.gnu.linkonce.d.*)
 *(.rela.data .rela.data.* .rela.gnu.linkonce.d.*)
 *(.rel.tdata .rel.tdata.* .rel.gnu.linkonce.td.*)
 *(.rela.tdata .rela.tdata.* .rela.gnu.linkonce.td.*)
 *(.rel.tbss .rel.tbss.* .rel.gnu.linkonce.tb.*)
 *(.rela.tbss .rela.tbss.* .rela.gnu.linkonce.tb.*)
 *(.rel.ctors)
 *(.rela.ctors)
 *(.rel.dtors)
 *(.rela.dtors)
 *(.rel.got)
 *(.rela.got)
 *(.rel.sdata .rel.sdata.* .rel.gnu.linkonce.s.*)
 *(.rela.sdata .rela.sdata.* .rela.gnu.linkonce.s.*)
 *(.rel.sbss .rel.sbss.* .rel.gnu.linkonce.sb.*)
 *(.rela.sbss .rela.sbss.* .rela.gnu.linkonce.sb.*)
 *(.rel.sdata2 .rel.sdata2.* .rel.gnu.linkonce.s2.*)
 *(.rela.sdata2 .rela.sdata2.* .rela.gnu.linkonce.s2.*)
 *(.rel.sbss2 .rel.sbss2.* .rel.gnu.linkonce.sb2.*)
 *(.rela.sbss2 .rela.sbss2.* .rela.gnu.linkonce.sb2.*)
 *(.rel.bss .rel.bss.* .rel.gnu.linkonce.b.*)
 *(.rela.bss .rela.bss.* .rela.gnu.linkonce.b.*)
 *(.rel.plt)
 *(.rela.plt)
 *(.rel.dyn)
 *(.init)
 *(.plt)
 *(.text .stub .text.* .gnu.linkonce.t.*)
 .text          0x008001b8       0x4c C:/Users/SarahLynn/Documents/School/School3/EECE381/LSN/LSN_bsp//obj/HAL/src/crt0.o
                0x008001b8                _start
 .text          0x00800204      0xd14 obj/default/audio.o
                0x00800204                setupAudio
                0x00800390                setupAudioInterrupt
                0x008003e8                loadLaser
                0x00800430                loadPlayerDeath
                0x00800478                loadSharkDeath
                0x008004c0                loadTheme
                0x0080050c                playAudioMono
                0x0080057c                playAudio
                0x00800618                readWavFile
                0x00800770                playSound
                0x008007c8                playLaser
                0x008007f8                playPlayerDeath
                0x00800828                playSharkDeath
                0x00800858                playTheme
                0x008008b0                stopTheme
                0x008008d0                clearPlayBuffer
                0x00800928                addToPlayBuffer
                0x008009c4                addChunkToPlayBuffer
                0x00800c70                changeBufferVolume
                0x00800e7c                updateAudioWithVolume
 .text          0x00800f18      0x7cc obj/default/bmp.o
                0x00800f18                parseBmp
                0x008012b8                parseBmps
                0x008013bc                freeBmps
                0x00801408                freeSplash
                0x00801440                drawBmp
                0x008015a8                eraseBmp
 .text          0x008016e4      0xa0c obj/default/bullet.o
                0x008016e4                initBullets
                0x008017a0                createBullet
                0x00801ab8                moveAllBullets
                0x00801b80                drawAllBullets
                0x00801c28                eraseAllBullets
                0x00801cf0                drawBullet
                0x00801de0                eraseBullet
                0x00801ec8                moveBulletRight
                0x00801f74                deleteBullet
                0x00802008                moveBulletLeft
 .text          0x008020f0      0xb68 obj/default/collision.o
                0x008020f0                initCollision
                0x00802530                findSharkIfHit
                0x008025d0                isBulletCollidingWithShark
                0x008027a4                isBulletCollidingWithPlayer
                0x00802978                isBulletCollidingWithNado
                0x00802a6c                doSharkBulletCollision
                0x00802b14                doPlayerBulletCollision
                0x00802bb8                doNadoBulletCollision
 .text          0x00802c58      0x724 obj/default/displacement.o
                0x00802c58                setupDisplacement
                0x00802ce8                setupVerticalDisplacementFunction
                0x00802dec                setupCircularDisplacementFunction
                0x00802edc                setupArcDisplacementFunction
                0x00802fc8                setupNoDisplcementFunction
                0x00803058                makeRight
                0x00803098                makeLeft
                0x008030d8                makeUp
                0x00803118                makeDown
                0x00803158                makeDownRight
                0x00803198                makeDownLeft
                0x008031d8                makeUpRight
                0x00803218                makeUpLeft
                0x00803258                setToRandomDisplacement
 .text          0x0080337c       0x60 obj/default/gameEnd.o
                0x0080337c                gameEndSequence
 .text          0x008033dc      0x530 obj/default/input.o
                0x008033dc                handleKeyInput
                0x008035b8                handleSwitchInput
                0x0080368c                handleAtariInput
                0x0080380c                delayUntilUPAndButtonPressed
                0x00803884                gameStart
 .text          0x0080390c      0x204 obj/default/main.o
                0x0080390c                init
                0x00803998                main
 .text          0x00803b10      0x174 obj/default/nado.o
                0x00803b10                initNado
                0x00803b2c                drawNado
                0x00803b64                drawCommonNado
                0x00803b90                drawANado
                0x00803bbc                eraseANado
                0x00803be8                drawBNado
                0x00803c14                eraseBNado
                0x00803c40                drawInitialNado
 .text          0x00803c84      0x2e0 obj/default/player.o
                0x00803c84                initPlayer
                0x00803ce0                drawPlayer
                0x00803d24                erasePlayer
                0x00803d68                moveUpPlayer
                0x00803df4                moveDownPlayer
                0x00803e80                keepPlayerStationary
                0x00803edc                hitPlayer
                0x00803f48                killPlayer
 .text          0x00803f64     0x1204 obj/default/score.o
                0x00803f64                initScoreBoard
                0x00803fc8                defaultHighScoreBoard
                0x00804070                readHighScoreBoardFromSD
                0x008043c4                updateHighScoreBoard
                0x0080485c                obtainUserInitials
                0x00804bd0                updateCurrentPlayerScore
                0x00804c08                setCurrentPlayerScore
                0x00804c34                getCurrentPlayerScore
                0x00804c58                setCurrentPlayerLives
                0x00804c84                getCurrentPlayerLives
                0x00804ca8                drawScore
                0x00804ee0                clearScore
                0x00804f0c                drawInGameInfo
 .text          0x00805168      0x374 obj/default/sd_card.o
                0x00805168                openSdCard
                0x008051c8                openFile
                0x00805208                closeFile
                0x00805238                readByte
                0x0080526c                readWord
                0x00805300                readDWord
                0x008053d4                getWavFileLength
                0x0080548c                readPastWavHeader
 .text          0x008054dc      0x938 obj/default/shark.o
                0x008054dc                initSharks
                0x0080556c                getFreeShark
                0x00805600                drawShark
                0x0080568c                eraseShark
                0x008056e8                moveShark
                0x00805900                moveAllSharks
                0x00805950                drawAllSharks
                0x008059a0                eraseAllSharks
                0x008059f0                createShark
                0x00805c30                killShark
                0x00805cf8                cleanupDeadSharks
 .text          0x00805e14      0x12c obj/default/splash.o
                0x00805e14                drawSplashScreen
                0x00805e98                swapSplashScreenText
                0x00805f18                clearSplashScreen
 .text          0x00805f40      0x390 obj/default/timer.o
                0x00805f40                timer_test
                0x008061d0                initHardwareTimer
                0x00806200                setHardwareTimerPeriod
                0x00806248                isHardwareTimerRunning
                0x0080627c                hasHardwareTimerExpired
                0x008062a4                startHardwareTimer
 .text          0x008062d0      0x3e0 obj/default/vga.o
                0x008062d0                initVga
                0x00806364                clearScreen
                0x008063a8                swapBuffers
                0x008063e4                drawPixel
                0x00806428                drawPixelFast
                0x008064ac                drawLine
                0x00806574                printLine
                0x008065b8                drawBox
                0x00806618                convert24BitRgbTo16
 .text          0x008066b0      0x488 c:/altera/12.0sp2/nios2eds/bin/gnu/h-i686-mingw32/bin/../lib/gcc/nios2-elf/4.1.2/../../../../nios2-elf/lib\libm.a(lib_a-w_pow.o)
                0x008066b0                pow
 .text          0x00806b38     0x1300 c:/altera/12.0sp2/nios2eds/bin/gnu/h-i686-mingw32/bin/../lib/gcc/nios2-elf/4.1.2/../../../../nios2-elf/lib\libm.a(lib_a-e_pow.o)
                0x00806b38                __ieee754_pow
 .text          0x00807e38      0x2c8 c:/altera/12.0sp2/nios2eds/bin/gnu/h-i686-mingw32/bin/../lib/gcc/nios2-elf/4.1.2/../../../../nios2-elf/lib\libm.a(lib_a-e_sqrt.o)
                0x00807e38                __ieee754_sqrt
 .text          0x00808100       0x18 c:/altera/12.0sp2/nios2eds/bin/gnu/h-i686-mingw32/bin/../lib/gcc/nios2-elf/4.1.2/../../../../nios2-elf/lib\libm.a(lib_a-s_fabs.o)
                0x00808100                fabs
 .text          0x00808118       0x1c c:/altera/12.0sp2/nios2eds/bin/gnu/h-i686-mingw32/bin/../lib/gcc/nios2-elf/4.1.2/../../../../nios2-elf/lib\libm.a(lib_a-s_finite.o)
                0x00808118                finite
 .text          0x00808134       0x30 c:/altera/12.0sp2/nios2eds/bin/gnu/h-i686-mingw32/bin/../lib/gcc/nios2-elf/4.1.2/../../../../nios2-elf/lib\libm.a(lib_a-s_isnand.o)
                0x00808134                __isnand
 .text          0x00808164        0x0 c:/altera/12.0sp2/nios2eds/bin/gnu/h-i686-mingw32/bin/../lib/gcc/nios2-elf/4.1.2/../../../../nios2-elf/lib\libm.a(lib_a-s_lib_ver.o)
 .text          0x00808164        0x8 c:/altera/12.0sp2/nios2eds/bin/gnu/h-i686-mingw32/bin/../lib/gcc/nios2-elf/4.1.2/../../../../nios2-elf/lib\libm.a(lib_a-s_matherr.o)
                0x00808164                matherr
 .text          0x0080816c       0x10 c:/altera/12.0sp2/nios2eds/bin/gnu/h-i686-mingw32/bin/../lib/gcc/nios2-elf/4.1.2/../../../../nios2-elf/lib\libm.a(lib_a-s_nan.o)
                0x0080816c                nan
 .text          0x0080817c      0x210 c:/altera/12.0sp2/nios2eds/bin/gnu/h-i686-mingw32/bin/../lib/gcc/nios2-elf/4.1.2/../../../../nios2-elf/lib\libm.a(lib_a-s_rint.o)
                0x0080817c                rint
 .text          0x0080838c      0x1e0 c:/altera/12.0sp2/nios2eds/bin/gnu/h-i686-mingw32/bin/../lib/gcc/nios2-elf/4.1.2/../../../../nios2-elf/lib\libm.a(lib_a-s_scalbn.o)
                0x0080838c                scalbn
 .text          0x0080856c       0x24 c:/altera/12.0sp2/nios2eds/bin/gnu/h-i686-mingw32/bin/../lib/gcc/nios2-elf/4.1.2/../../../../nios2-elf/lib\libm.a(lib_a-s_copysign.o)
                0x0080856c                copysign
 .text          0x00808590       0x70 c:/altera/12.0sp2/nios2eds/bin/gnu/h-i686-mingw32/bin/../lib/gcc/nios2-elf/4.1.2\libgcc.a(_fixunssfsi.o)
                0x00808590                __fixunssfsi
 .text          0x00808600      0x2b8 c:/altera/12.0sp2/nios2eds/bin/gnu/h-i686-mingw32/bin/../lib/gcc/nios2-elf/4.1.2\libgcc.a(_addsub_sf.o)
                0x008087e4                __subsf3
                0x00808854                __addsf3
 .text          0x008088b8      0x1e0 c:/altera/12.0sp2/nios2eds/bin/gnu/h-i686-mingw32/bin/../lib/gcc/nios2-elf/4.1.2\libgcc.a(_mul_sf.o)
                0x008088b8                __mulsf3
 .text          0x00808a98      0x174 c:/altera/12.0sp2/nios2eds/bin/gnu/h-i686-mingw32/bin/../lib/gcc/nios2-elf/4.1.2\libgcc.a(_div_sf.o)
                0x00808a98                __divsf3
 .text          0x00808c0c       0x78 c:/altera/12.0sp2/nios2eds/bin/gnu/h-i686-mingw32/bin/../lib/gcc/nios2-elf/4.1.2\libgcc.a(_ge_sf.o)
                0x00808c0c                __gesf2
 .text          0x00808c84       0x78 c:/altera/12.0sp2/nios2eds/bin/gnu/h-i686-mingw32/bin/../lib/gcc/nios2-elf/4.1.2\libgcc.a(_le_sf.o)
                0x00808c84                __lesf2
 .text          0x00808cfc       0x98 c:/altera/12.0sp2/nios2eds/bin/gnu/h-i686-mingw32/bin/../lib/gcc/nios2-elf/4.1.2\libgcc.a(_si_to_sf.o)
                0x00808cfc                __floatsisf
 .text          0x00808d94       0x94 c:/altera/12.0sp2/nios2eds/bin/gnu/h-i686-mingw32/bin/../lib/gcc/nios2-elf/4.1.2\libgcc.a(_sf_to_si.o)
                0x00808d94                __fixsfsi
 .text          0x00808e28       0x54 c:/altera/12.0sp2/nios2eds/bin/gnu/h-i686-mingw32/bin/../lib/gcc/nios2-elf/4.1.2\libgcc.a(_sf_to_df.o)
                0x00808e28                __extendsfdf2
 .text          0x00808e7c        0x0 c:/altera/12.0sp2/nios2eds/bin/gnu/h-i686-mingw32/bin/../lib/gcc/nios2-elf/4.1.2\libgcc.a(_thenan_sf.o)
 .text          0x00808e7c      0x504 c:/altera/12.0sp2/nios2eds/bin/gnu/h-i686-mingw32/bin/../lib/gcc/nios2-elf/4.1.2\libgcc.a(_addsub_df.o)
                0x0080928c                __subdf3
                0x0080930c                __adddf3
 .text          0x00809380      0x3c4 c:/altera/12.0sp2/nios2eds/bin/gnu/h-i686-mingw32/bin/../lib/gcc/nios2-elf/4.1.2\libgcc.a(_mul_df.o)
                0x00809380                __muldf3
 .text          0x00809744      0x258 c:/altera/12.0sp2/nios2eds/bin/gnu/h-i686-mingw32/bin/../lib/gcc/nios2-elf/4.1.2\libgcc.a(_div_df.o)
                0x00809744                __divdf3
 .text          0x0080999c       0x88 c:/altera/12.0sp2/nios2eds/bin/gnu/h-i686-mingw32/bin/../lib/gcc/nios2-elf/4.1.2\libgcc.a(_eq_df.o)
                0x0080999c                __eqdf2
 .text          0x00809a24       0x88 c:/altera/12.0sp2/nios2eds/bin/gnu/h-i686-mingw32/bin/../lib/gcc/nios2-elf/4.1.2\libgcc.a(_ne_df.o)
                0x00809a24                __nedf2
 .text          0x00809aac       0x88 c:/altera/12.0sp2/nios2eds/bin/gnu/h-i686-mingw32/bin/../lib/gcc/nios2-elf/4.1.2\libgcc.a(_gt_df.o)
                0x00809aac                __gtdf2
 .text          0x00809b34       0x88 c:/altera/12.0sp2/nios2eds/bin/gnu/h-i686-mingw32/bin/../lib/gcc/nios2-elf/4.1.2\libgcc.a(_lt_df.o)
                0x00809b34                __ltdf2
 .text          0x00809bbc       0x88 c:/altera/12.0sp2/nios2eds/bin/gnu/h-i686-mingw32/bin/../lib/gcc/nios2-elf/4.1.2\libgcc.a(_le_df.o)
                0x00809bbc                __ledf2
 .text          0x00809c44       0xf8 c:/altera/12.0sp2/nios2eds/bin/gnu/h-i686-mingw32/bin/../lib/gcc/nios2-elf/4.1.2\libgcc.a(_si_to_df.o)
                0x00809c44                __floatsidf
 .text          0x00809d3c       0xd8 c:/altera/12.0sp2/nios2eds/bin/gnu/h-i686-mingw32/bin/../lib/gcc/nios2-elf/4.1.2\libgcc.a(_df_to_si.o)
                0x00809d3c                __fixdfsi
 .text          0x00809e14       0x38 c:/altera/12.0sp2/nios2eds/bin/gnu/h-i686-mingw32/bin/../lib/gcc/nios2-elf/4.1.2\libgcc.a(_make_df.o)
                0x00809e14                __make_dp
 .text          0x00809e4c       0x74 c:/altera/12.0sp2/nios2eds/bin/gnu/h-i686-mingw32/bin/../lib/gcc/nios2-elf/4.1.2\libgcc.a(_df_to_sf.o)
                0x00809e4c                __truncdfsf2
 .text          0x00809ec0        0x0 c:/altera/12.0sp2/nios2eds/bin/gnu/h-i686-mingw32/bin/../lib/gcc/nios2-elf/4.1.2\libgcc.a(_thenan_df.o)
 .text          0x00809ec0      0x14c c:/altera/12.0sp2/nios2eds/bin/gnu/h-i686-mingw32/bin/../lib/gcc/nios2-elf/4.1.2\libgcc.a(lib2-divmod.o)
                0x00809f3c                __divsi3
                0x00809f9c                __modsi3
                0x00809ffc                __udivsi3
                0x0080a004                __umodsi3
 .text          0x0080a00c       0x98 c:/altera/12.0sp2/nios2eds/bin/gnu/h-i686-mingw32/bin/../lib/gcc/nios2-elf/4.1.2\libgcc.a(_muldi3.o)
                0x0080a00c                __muldi3
 .text          0x0080a0a4       0x80 c:/altera/12.0sp2/nios2eds/bin/gnu/h-i686-mingw32/bin/../lib/gcc/nios2-elf/4.1.2\libgcc.a(_clzsi2.o)
                0x0080a0a4                __clzsi2
 .text          0x0080a124      0x160 c:/altera/12.0sp2/nios2eds/bin/gnu/h-i686-mingw32/bin/../lib/gcc/nios2-elf/4.1.2\libgcc.a(_pack_sf.o)
                0x0080a124                __pack_f
 .text          0x0080a284       0xc8 c:/altera/12.0sp2/nios2eds/bin/gnu/h-i686-mingw32/bin/../lib/gcc/nios2-elf/4.1.2\libgcc.a(_unpack_sf.o)
                0x0080a284                __unpack_f
 .text          0x0080a34c       0xa8 c:/altera/12.0sp2/nios2eds/bin/gnu/h-i686-mingw32/bin/../lib/gcc/nios2-elf/4.1.2\libgcc.a(_fpcmp_parts_sf.o)
                0x0080a34c                __fpcmp_parts_f
 .text          0x0080a3f4       0x2c c:/altera/12.0sp2/nios2eds/bin/gnu/h-i686-mingw32/bin/../lib/gcc/nios2-elf/4.1.2\libgcc.a(_make_sf.o)
                0x0080a3f4                __make_fp
 .text          0x0080a420      0x314 c:/altera/12.0sp2/nios2eds/bin/gnu/h-i686-mingw32/bin/../lib/gcc/nios2-elf/4.1.2\libgcc.a(_pack_df.o)
                0x0080a420                __pack_d
 .text          0x0080a734      0x138 c:/altera/12.0sp2/nios2eds/bin/gnu/h-i686-mingw32/bin/../lib/gcc/nios2-elf/4.1.2\libgcc.a(_unpack_df.o)
                0x0080a734                __unpack_d
 .text          0x0080a86c       0xc8 c:/altera/12.0sp2/nios2eds/bin/gnu/h-i686-mingw32/bin/../lib/gcc/nios2-elf/4.1.2\libgcc.a(_fpcmp_parts_df.o)
                0x0080a86c                __fpcmp_parts_d
 .text          0x0080a934        0x0 c:/altera/12.0sp2/nios2eds/bin/gnu/h-i686-mingw32/bin/../lib/gcc/nios2-elf/4.1.2\libgcc.a(_clz.o)
 .text          0x0080a934       0x10 c:/altera/12.0sp2/nios2eds/bin/gnu/h-i686-mingw32/bin/../lib/gcc/nios2-elf/4.1.2/../../../../nios2-elf/lib\libc.a(lib_a-errno.o)
                0x0080a934                __errno
 .text          0x0080a944        0x0 c:/altera/12.0sp2/nios2eds/bin/gnu/h-i686-mingw32/bin/../lib/gcc/nios2-elf/4.1.2/../../../../nios2-elf/lib\libc.a(lib_a-impure.o)
 .text          0x0080a944       0x28 c:/altera/12.0sp2/nios2eds/bin/gnu/h-i686-mingw32/bin/../lib/gcc/nios2-elf/4.1.2/../../../../nios2-elf/lib\libc.a(lib_a-malloc.o)
                0x0080a944                free
                0x0080a958                malloc
 .text          0x0080a96c      0x740 c:/altera/12.0sp2/nios2eds/bin/gnu/h-i686-mingw32/bin/../lib/gcc/nios2-elf/4.1.2/../../../../nios2-elf/lib\libc.a(lib_a-mallocr.o)
                0x0080a96c                _malloc_r
 .text          0x0080b0ac       0x78 c:/altera/12.0sp2/nios2eds/bin/gnu/h-i686-mingw32/bin/../lib/gcc/nios2-elf/4.1.2/../../../../nios2-elf/lib\libc.a(lib_a-printf.o)
                0x0080b0ac                printf
                0x0080b0f0                _printf_r
 .text          0x0080b124       0xb4 c:/altera/12.0sp2/nios2eds/bin/gnu/h-i686-mingw32/bin/../lib/gcc/nios2-elf/4.1.2/../../../../nios2-elf/lib\libc.a(lib_a-puts.o)
                0x0080b124                _puts_r
                0x0080b1c4                puts
 .text          0x0080b1d8       0x94 c:/altera/12.0sp2/nios2eds/bin/gnu/h-i686-mingw32/bin/../lib/gcc/nios2-elf/4.1.2/../../../../nios2-elf/lib\libc.a(lib_a-rand.o)
                0x0080b1d8                srand
                0x0080b1f4                rand
 .text          0x0080b26c       0x70 c:/altera/12.0sp2/nios2eds/bin/gnu/h-i686-mingw32/bin/../lib/gcc/nios2-elf/4.1.2/../../../../nios2-elf/lib\libc.a(lib_a-sbrkr.o)
                0x0080b26c                _sbrk_r
 .text          0x0080b2dc       0x74 c:/altera/12.0sp2/nios2eds/bin/gnu/h-i686-mingw32/bin/../lib/gcc/nios2-elf/4.1.2/../../../../nios2-elf/lib\libc.a(lib_a-strlen.o)
                0x0080b2dc                strlen
 .text          0x0080b350       0x5c c:/altera/12.0sp2/nios2eds/bin/gnu/h-i686-mingw32/bin/../lib/gcc/nios2-elf/4.1.2/../../../../nios2-elf/lib\libc.a(lib_a-time.o)
                0x0080b350                time
 .text          0x0080b3ac     0x1f28 c:/altera/12.0sp2/nios2eds/bin/gnu/h-i686-mingw32/bin/../lib/gcc/nios2-elf/4.1.2/../../../../nios2-elf/lib\libc.a(lib_a-vfprintf.o)
                0x0080b404                ___vfprintf_internal_r
                0x0080d2b0                __vfprintf_internal
 .text          0x0080d2d4      0x13c c:/altera/12.0sp2/nios2eds/bin/gnu/h-i686-mingw32/bin/../lib/gcc/nios2-elf/4.1.2/../../../../nios2-elf/lib\libc.a(lib_a-wsetup.o)
                0x0080d2d4                __swsetup_r
 .text          0x0080d410     0x17cc c:/altera/12.0sp2/nios2eds/bin/gnu/h-i686-mingw32/bin/../lib/gcc/nios2-elf/4.1.2/../../../../nios2-elf/lib\libc.a(lib_a-dtoa.o)
                0x0080d628                _dtoa_r
 .text          0x0080ebdc      0x230 c:/altera/12.0sp2/nios2eds/bin/gnu/h-i686-mingw32/bin/../lib/gcc/nios2-elf/4.1.2/../../../../nios2-elf/lib\libc.a(lib_a-fflush.o)
                0x0080ebdc                _fflush_r
                0x0080edd8                fflush
 .text          0x0080ee0c      0x2c0 c:/altera/12.0sp2/nios2eds/bin/gnu/h-i686-mingw32/bin/../lib/gcc/nios2-elf/4.1.2/../../../../nios2-elf/lib\libc.a(lib_a-findfp.o)
                0x0080ee64                __sfp_lock_acquire
                0x0080ee68                __sfp_lock_release
                0x0080ee6c                __sinit_lock_acquire
                0x0080ee70                __sinit_lock_release
                0x0080ee74                __sinit
                0x0080ef28                __fp_unlock_all
                0x0080ef40                __fp_lock_all
                0x0080ef58                _cleanup_r
                0x0080ef64                _cleanup
                0x0080ef74                __sfmoreglue
                0x0080efdc                __sfp
 .text          0x0080f0cc      0x440 c:/altera/12.0sp2/nios2eds/bin/gnu/h-i686-mingw32/bin/../lib/gcc/nios2-elf/4.1.2/../../../../nios2-elf/lib\libc.a(lib_a-freer.o)
                0x0080f0cc                _malloc_trim_r
                0x0080f1f8                _free_r
 .text          0x0080f50c      0x49c c:/altera/12.0sp2/nios2eds/bin/gnu/h-i686-mingw32/bin/../lib/gcc/nios2-elf/4.1.2/../../../../nios2-elf/lib\libc.a(lib_a-fvwrite.o)
                0x0080f50c                __sfvwrite_r
 .text          0x0080f9a8      0x180 c:/altera/12.0sp2/nios2eds/bin/gnu/h-i686-mingw32/bin/../lib/gcc/nios2-elf/4.1.2/../../../../nios2-elf/lib\libc.a(lib_a-fwalk.o)
                0x0080f9a8                _fwalk_reent
                0x0080fa70                _fwalk
 .text          0x0080fb28       0x74 c:/altera/12.0sp2/nios2eds/bin/gnu/h-i686-mingw32/bin/../lib/gcc/nios2-elf/4.1.2/../../../../nios2-elf/lib\libc.a(lib_a-gettimeofdayr.o)
                0x0080fb28                _gettimeofday_r
 .text          0x0080fb9c        0x0 c:/altera/12.0sp2/nios2eds/bin/gnu/h-i686-mingw32/bin/../lib/gcc/nios2-elf/4.1.2/../../../../nios2-elf/lib\libc.a(lib_a-int_errno.o)
 .text          0x0080fb9c       0xc4 c:/altera/12.0sp2/nios2eds/bin/gnu/h-i686-mingw32/bin/../lib/gcc/nios2-elf/4.1.2/../../../../nios2-elf/lib\libc.a(lib_a-locale.o)
                0x0080fb9c                __locale_charset
                0x0080fba4                _localeconv_r
                0x0080fbb0                localeconv
                0x0080fbc0                _setlocale_r
                0x0080fc44                setlocale
 .text          0x0080fc60      0x194 c:/altera/12.0sp2/nios2eds/bin/gnu/h-i686-mingw32/bin/../lib/gcc/nios2-elf/4.1.2/../../../../nios2-elf/lib\libc.a(lib_a-makebuf.o)
                0x0080fc60                __smakebuf_r
 .text          0x0080fdf4       0xe4 c:/altera/12.0sp2/nios2eds/bin/gnu/h-i686-mingw32/bin/../lib/gcc/nios2-elf/4.1.2/../../../../nios2-elf/lib\libc.a(lib_a-memchr.o)
                0x0080fdf4                memchr
 .text          0x0080fed8       0xa0 c:/altera/12.0sp2/nios2eds/bin/gnu/h-i686-mingw32/bin/../lib/gcc/nios2-elf/4.1.2/../../../../nios2-elf/lib\libc.a(lib_a-memcpy.o)
                0x0080fed8                memcpy
 .text          0x0080ff78       0xe0 c:/altera/12.0sp2/nios2eds/bin/gnu/h-i686-mingw32/bin/../lib/gcc/nios2-elf/4.1.2/../../../../nios2-elf/lib\libc.a(lib_a-memmove.o)
                0x0080ff78                memmove
 .text          0x00810058       0x98 c:/altera/12.0sp2/nios2eds/bin/gnu/h-i686-mingw32/bin/../lib/gcc/nios2-elf/4.1.2/../../../../nios2-elf/lib\libc.a(lib_a-memset.o)
                0x00810058                memset
 .text          0x008100f0      0xff4 c:/altera/12.0sp2/nios2eds/bin/gnu/h-i686-mingw32/bin/../lib/gcc/nios2-elf/4.1.2/../../../../nios2-elf/lib\libc.a(lib_a-mprec.o)
                0x008100f0                _Bfree
                0x00810118                __hi0bits
                0x00810188                __lo0bits
                0x0081024c                __mcmp
                0x008102ac                __ulp
                0x0081032c                __b2d
                0x0081044c                __ratio
                0x008104fc                _mprec_log10
                0x00810590                __copybits
                0x008105e8                __any_on
                0x00810670                _Balloc
                0x0081072c                __d2b
                0x008108a8                __mdiff
                0x00810a34                __lshift
                0x00810b80                __multiply
                0x00810d68                __i2b
                0x00810da4                __multadd
                0x00810ea4                __pow5mult
                0x00810fc4                __s2b
 .text          0x008110e4      0x5f4 c:/altera/12.0sp2/nios2eds/bin/gnu/h-i686-mingw32/bin/../lib/gcc/nios2-elf/4.1.2/../../../../nios2-elf/lib\libc.a(lib_a-reallocr.o)
                0x008110e4                _realloc_r
 .text          0x008116d8       0x40 c:/altera/12.0sp2/nios2eds/bin/gnu/h-i686-mingw32/bin/../lib/gcc/nios2-elf/4.1.2/../../../../nios2-elf/lib\libc.a(lib_a-s_isinfd.o)
                0x008116d8                __isinfd
 .text          0x00811718      0x14c c:/altera/12.0sp2/nios2eds/bin/gnu/h-i686-mingw32/bin/../lib/gcc/nios2-elf/4.1.2/../../../../nios2-elf/lib\libc.a(lib_a-stdio.o)
                0x00811718                __sclose
                0x00811720                __sseek
                0x00811788                __swrite
                0x00811804                __sread
 .text          0x00811864       0xbc c:/altera/12.0sp2/nios2eds/bin/gnu/h-i686-mingw32/bin/../lib/gcc/nios2-elf/4.1.2/../../../../nios2-elf/lib\libc.a(lib_a-strcmp.o)
                0x00811864                strcmp
 .text          0x00811920       0x78 c:/altera/12.0sp2/nios2eds/bin/gnu/h-i686-mingw32/bin/../lib/gcc/nios2-elf/4.1.2/../../../../nios2-elf/lib\libc.a(lib_a-writer.o)
                0x00811920                _write_r
 .text          0x00811998       0xb4 c:/altera/12.0sp2/nios2eds/bin/gnu/h-i686-mingw32/bin/../lib/gcc/nios2-elf/4.1.2/../../../../nios2-elf/lib\libc.a(lib_a-callocr.o)
                0x00811998                _calloc_r
 .text          0x00811a4c       0x70 c:/altera/12.0sp2/nios2eds/bin/gnu/h-i686-mingw32/bin/../lib/gcc/nios2-elf/4.1.2/../../../../nios2-elf/lib\libc.a(lib_a-closer.o)
                0x00811a4c                _close_r
 .text          0x00811abc      0x124 c:/altera/12.0sp2/nios2eds/bin/gnu/h-i686-mingw32/bin/../lib/gcc/nios2-elf/4.1.2/../../../../nios2-elf/lib\libc.a(lib_a-fclose.o)
                0x00811abc                _fclose_r
                0x00811bcc                fclose
 .text          0x00811be0       0x74 c:/altera/12.0sp2/nios2eds/bin/gnu/h-i686-mingw32/bin/../lib/gcc/nios2-elf/4.1.2/../../../../nios2-elf/lib\libc.a(lib_a-fstatr.o)
                0x00811be0                _fstat_r
 .text          0x00811c54       0x70 c:/altera/12.0sp2/nios2eds/bin/gnu/h-i686-mingw32/bin/../lib/gcc/nios2-elf/4.1.2/../../../../nios2-elf/lib\libc.a(lib_a-isattyr.o)
                0x00811c54                _isatty_r
 .text          0x00811cc4       0x78 c:/altera/12.0sp2/nios2eds/bin/gnu/h-i686-mingw32/bin/../lib/gcc/nios2-elf/4.1.2/../../../../nios2-elf/lib\libc.a(lib_a-lseekr.o)
                0x00811cc4                _lseek_r
 .text          0x00811d3c       0x78 c:/altera/12.0sp2/nios2eds/bin/gnu/h-i686-mingw32/bin/../lib/gcc/nios2-elf/4.1.2/../../../../nios2-elf/lib\libc.a(lib_a-readr.o)
                0x00811d3c                _read_r
 .text          0x00811db4      0x5dc c:/altera/12.0sp2/nios2eds/bin/gnu/h-i686-mingw32/bin/../lib/gcc/nios2-elf/4.1.2\libgcc.a(_udivdi3.o)
                0x00811db4                __udivdi3
 .text          0x00812390      0x5b0 c:/altera/12.0sp2/nios2eds/bin/gnu/h-i686-mingw32/bin/../lib/gcc/nios2-elf/4.1.2\libgcc.a(_umoddi3.o)
                0x00812390                __umoddi3
 .text          0x00812940       0x88 c:/altera/12.0sp2/nios2eds/bin/gnu/h-i686-mingw32/bin/../lib/gcc/nios2-elf/4.1.2\libgcc.a(_ge_df.o)
                0x00812940                __gedf2
 .text          0x008129c8      0x194 c:/altera/12.0sp2/nios2eds/bin/gnu/h-i686-mingw32/bin/../lib/gcc/nios2-elf/4.1.2\libgcc.a(_usi_to_df.o)
                0x008129c8                __floatunsidf
 .text          0x00812b5c      0x15c C:/Users/SarahLynn/Documents/School/School3/EECE381/LSN/LSN_bsp/\libhal_bsp.a(alt_close.o)
                0x00812b5c                close
 .text          0x00812cb8       0x2c C:/Users/SarahLynn/Documents/School/School3/EECE381/LSN/LSN_bsp/\libhal_bsp.a(alt_dev.o)
 .text          0x00812ce4        0x0 C:/Users/SarahLynn/Documents/School/School3/EECE381/LSN/LSN_bsp/\libhal_bsp.a(alt_errno.o)
 .text          0x00812ce4      0x134 C:/Users/SarahLynn/Documents/School/School3/EECE381/LSN/LSN_bsp/\libhal_bsp.a(alt_fstat.o)
                0x00812ce4                fstat
 .text          0x00812e18      0x21c C:/Users/SarahLynn/Documents/School/School3/EECE381/LSN/LSN_bsp/\libhal_bsp.a(alt_gettod.o)
                0x00812e18                gettimeofday
 .text          0x00813034      0x1c0 C:/Users/SarahLynn/Documents/School/School3/EECE381/LSN/LSN_bsp/\libhal_bsp.a(alt_irq_register.o)
                0x00813034                alt_irq_register
 .text          0x008131f4        0x0 C:/Users/SarahLynn/Documents/School/School3/EECE381/LSN/LSN_bsp/\libhal_bsp.a(alt_irq_vars.o)
 .text          0x008131f4      0x120 C:/Users/SarahLynn/Documents/School/School3/EECE381/LSN/LSN_bsp/\libhal_bsp.a(alt_isatty.o)
                0x008131f4                isatty
 .text          0x00813314       0xec C:/Users/SarahLynn/Documents/School/School3/EECE381/LSN/LSN_bsp/\libhal_bsp.a(alt_load.o)
                0x00813314                alt_load
 .text          0x00813400      0x150 C:/Users/SarahLynn/Documents/School/School3/EECE381/LSN/LSN_bsp/\libhal_bsp.a(alt_lseek.o)
                0x00813400                lseek
 .text          0x00813550       0x6c C:/Users/SarahLynn/Documents/School/School3/EECE381/LSN/LSN_bsp/\libhal_bsp.a(alt_main.o)
                0x00813550                alt_main
 .text          0x008135bc       0x40 C:/Users/SarahLynn/Documents/School/School3/EECE381/LSN/LSN_bsp/\libhal_bsp.a(alt_malloc_lock.o)
                0x008135bc                __malloc_lock
                0x008135dc                __malloc_unlock
 .text          0x008135fc      0x180 C:/Users/SarahLynn/Documents/School/School3/EECE381/LSN/LSN_bsp/\libhal_bsp.a(alt_read.o)
                0x008135fc                read
 .text          0x0081377c       0x60 C:/Users/SarahLynn/Documents/School/School3/EECE381/LSN/LSN_bsp/\libhal_bsp.a(alt_release_fd.o)
                0x0081377c                alt_release_fd
 .text          0x008137dc       0xbc C:/Users/SarahLynn/Documents/School/School3/EECE381/LSN/LSN_bsp/\libhal_bsp.a(alt_sbrk.o)
                0x008137dc                sbrk
 .text          0x00813898      0x1a4 C:/Users/SarahLynn/Documents/School/School3/EECE381/LSN/LSN_bsp/\libhal_bsp.a(alt_tick.o)
                0x00813898                alt_alarm_stop
                0x00813930                alt_tick
 .text          0x00813a3c       0x30 C:/Users/SarahLynn/Documents/School/School3/EECE381/LSN/LSN_bsp/\libhal_bsp.a(alt_usleep.o)
                0x00813a3c                usleep
 .text          0x00813a6c      0x180 C:/Users/SarahLynn/Documents/School/School3/EECE381/LSN/LSN_bsp/\libhal_bsp.a(alt_write.o)
                0x00813a6c                write
 .text          0x00813bec      0x3e0 C:/Users/SarahLynn/Documents/School/School3/EECE381/LSN/LSN_bsp/\libhal_bsp.a(alt_sys_init.o)
                0x00813bec                alt_irq_init
                0x00813c20                alt_sys_init
 .text          0x00813fcc      0x148 C:/Users/SarahLynn/Documents/School/School3/EECE381/LSN/LSN_bsp/\libhal_bsp.a(altera_avalon_jtag_uart_fd.o)
                0x00813fcc                altera_avalon_jtag_uart_read_fd
                0x00814024                altera_avalon_jtag_uart_write_fd
                0x0081407c                altera_avalon_jtag_uart_close_fd
                0x008140c4                altera_avalon_jtag_uart_ioctl_fd
 .text          0x00814114      0x408 C:/Users/SarahLynn/Documents/School/School3/EECE381/LSN/LSN_bsp/\libhal_bsp.a(altera_avalon_jtag_uart_init.o)
                0x00814114                altera_avalon_jtag_uart_init
                0x008144a8                altera_avalon_jtag_uart_close
 .text          0x0081451c       0xf4 C:/Users/SarahLynn/Documents/School/School3/EECE381/LSN/LSN_bsp/\libhal_bsp.a(altera_avalon_jtag_uart_ioctl.o)
                0x0081451c                altera_avalon_jtag_uart_ioctl
 .text          0x00814610      0x224 C:/Users/SarahLynn/Documents/School/School3/EECE381/LSN/LSN_bsp/\libhal_bsp.a(altera_avalon_jtag_uart_read.o)
                0x00814610                altera_avalon_jtag_uart_read
 .text          0x00814834      0x240 C:/Users/SarahLynn/Documents/School/School3/EECE381/LSN/LSN_bsp/\libhal_bsp.a(altera_avalon_jtag_uart_write.o)
                0x00814834                altera_avalon_jtag_uart_write
 .text          0x00814a74       0xfc C:/Users/SarahLynn/Documents/School/School3/EECE381/LSN/LSN_bsp/\libhal_bsp.a(altera_avalon_timer_sc.o)
                0x00814ae8                alt_avalon_timer_sc_init
 .text          0x00814b70      0x168 C:/Users/SarahLynn/Documents/School/School3/EECE381/LSN/LSN_bsp/\libhal_bsp.a(altera_avalon_timer_ts.o)
                0x00814b70                alt_timestamp_start
                0x00814c14                alt_timestamp
                0x00814cb0                alt_timestamp_freq
 .text          0x00814cd8        0x0 C:/Users/SarahLynn/Documents/School/School3/EECE381/LSN/LSN_bsp/\libhal_bsp.a(altera_avalon_timer_vars.o)
 .text          0x00814cd8      0x80c C:/Users/SarahLynn/Documents/School/School3/EECE381/LSN/LSN_bsp/\libhal_bsp.a(altera_up_avalon_audio.o)
                0x00814cd8                alt_up_audio_open_dev
                0x00814d18                alt_up_audio_enable_read_interrupt
                0x00814d64                alt_up_audio_disable_read_interrupt
                0x00814db4                alt_up_audio_enable_write_interrupt
                0x00814e00                alt_up_audio_disable_write_interrupt
                0x00814e50                alt_up_audio_read_interrupt_pending
                0x00814e8c                alt_up_audio_write_interrupt_pending
                0x00814ec8                alt_up_audio_reset_audio_core
                0x00814f50                alt_up_audio_read_fifo_avail
                0x00814fc0                alt_up_audio_record_r
                0x00815030                alt_up_audio_record_l
                0x008150a0                alt_up_audio_write_fifo_space
                0x00815114                alt_up_audio_play_r
                0x00815184                alt_up_audio_play_l
                0x008151f4                alt_up_audio_read_fifo
                0x008152f8                alt_up_audio_write_fifo
                0x00815424                alt_up_audio_read_fifo_head
                0x00815484                alt_up_audio_write_fifo_head
 .text          0x008154e4      0x788 C:/Users/SarahLynn/Documents/School/School3/EECE381/LSN/LSN_bsp/\libhal_bsp.a(altera_up_avalon_audio_and_video_config.o)
                0x008154e4                alt_up_av_config_open_dev
                0x00815548                alt_up_av_config_write_data
                0x008155ac                alt_up_av_config_read_data
                0x00815638                alt_up_av_config_reset
                0x00815670                alt_up_av_config_enable_interrupt
                0x008156a8                alt_up_av_config_disable_interrupt
                0x008156d8                alt_up_av_config_read_acknowledge
                0x00815740                alt_up_av_config_read_ready
                0x00815778                alt_up_av_config_write_audio_cfg_register
                0x00815824                alt_up_av_config_read_video_cfg_register
                0x0081591c                alt_up_av_config_write_video_cfg_register
                0x00815a14                alt_up_av_config_read_DC2_cfg_register
                0x00815a78                alt_up_av_config_write_DC2_cfg_register
                0x00815adc                alt_up_av_config_read_D5M_cfg_register
                0x00815b40                alt_up_av_config_write_D5M_cfg_register
                0x00815ba4                alt_up_av_config_read_LTM_cfg_register
                0x00815c08                alt_up_av_config_write_LTM_cfg_register
 .text          0x00815c6c      0x530 C:/Users/SarahLynn/Documents/School/School3/EECE381/LSN/LSN_bsp/\libhal_bsp.a(altera_up_avalon_character_lcd.o)
                0x00815c6c                get_DDRAM_addr
                0x00815ce8                alt_up_character_lcd_send_cmd
                0x00815d1c                alt_up_character_lcd_init
                0x00815d50                alt_up_character_lcd_open_dev
                0x00815d90                alt_up_character_lcd_write
                0x00815e08                alt_up_character_lcd_string
                0x00815e80                alt_up_character_lcd_write_fd
                0x00815ecc                alt_up_character_lcd_set_cursor_pos
                0x00815f44                alt_up_character_lcd_shift_cursor
                0x00815ff4                alt_up_character_lcd_shift_display
                0x008160a4                alt_up_character_lcd_erase_pos
                0x00816134                alt_up_character_lcd_cursor_off
                0x00816168                alt_up_character_lcd_cursor_blink_on
 .text          0x0081619c      0x304 C:/Users/SarahLynn/Documents/School/School3/EECE381/LSN/LSN_bsp/\libhal_bsp.a(altera_up_avalon_video_character_buffer_with_dma.o)
                0x0081619c                alt_up_char_buffer_init
                0x00816220                alt_up_char_buffer_open_dev
                0x00816260                alt_up_char_buffer_draw
                0x00816330                alt_up_char_buffer_string
                0x00816444                alt_up_char_buffer_clear
 .text          0x008164a0     0x156c C:/Users/SarahLynn/Documents/School/School3/EECE381/LSN/LSN_bsp/\libhal_bsp.a(altera_up_avalon_video_pixel_buffer_dma.o)
                0x008164a0                alt_up_pixel_buffer_dma_open_dev
                0x008164e0                alt_up_pixel_buffer_dma_draw
                0x00816680                alt_up_pixel_buffer_dma_change_back_buffer_address
                0x008166d8                alt_up_pixel_buffer_dma_swap_buffers
                0x00816730                alt_up_pixel_buffer_dma_check_swap_buffers_status
                0x00816764                alt_up_pixel_buffer_dma_clear_screen
                0x008168c8                alt_up_pixel_buffer_dma_draw_box
                0x00816dbc                alt_up_pixel_buffer_dma_draw_hline
                0x0081710c                alt_up_pixel_buffer_dma_draw_vline
                0x008174dc                alt_up_pixel_buffer_dma_draw_rectangle
                0x008175a0                helper_plot_pixel
                0x00817670                alt_up_pixel_buffer_dma_draw_line
 .text          0x00817a0c     0x45c0 C:/Users/SarahLynn/Documents/School/School3/EECE381/LSN/LSN_bsp/\libhal_bsp.a(altera_up_sd_card_avalon_interface.o)
                0x00817a0c                Write_Sector_Data
                0x00817ad4                Save_Modified_Sector
                0x00817b24                Read_Sector_Data
                0x00817c20                get_cluster_flag
                0x00817cd8                mark_cluster
                0x00817dbc                Check_for_Master_Boot_Record
                0x00817f6c                Read_File_Record_At_Offset
                0x008181f0                Write_File_Record_At_Offset
                0x008184a8                Check_for_DOS_FAT
                0x00818af0                Look_for_FAT16
                0x00818bf4                filename_to_upper_case
                0x00818cc4                check_file_name_for_FAT16_compliance
                0x00818f54                get_dir_divider_location
                0x00819014                match_file_record_to_name_ext
                0x00819300                get_home_directory_cluster_for_file
                0x00819814                find_file_in_directory
                0x00819c78                find_first_empty_cluster
                0x00819e1c                find_first_empty_record_in_a_subdirectory
                0x0081a068                find_first_empty_record_in_root_directory
                0x0081a194                convert_filename_to_name_extension
                0x0081a34c                create_file
                0x0081a620                copy_file_record_name_to_string
                0x0081a774                alt_up_sd_card_open_dev
                0x0081a838                alt_up_sd_card_is_Present
                0x0081a900                alt_up_sd_card_is_FAT16
                0x0081a974                alt_up_sd_card_find_first
                0x0081aa48                alt_up_sd_card_find_next
                0x0081adf8                alt_up_sd_card_fopen
                0x0081b1a0                alt_up_sd_card_set_attributes
                0x0081b230                alt_up_sd_card_get_attributes
                0x0081b2bc                alt_up_sd_card_read
                0x0081b650                alt_up_sd_card_write
                0x0081bc74                alt_up_sd_card_fclose
                0x0081be40                Read_Sector_Data_CRC
                0x0081bf3c                Read_Sector_Data_Attempt_CRC
 .text          0x0081bfcc      0x154 C:/Users/SarahLynn/Documents/School/School3/EECE381/LSN/LSN_bsp/\libhal_bsp.a(alt_alarm_start.o)
                0x0081bfcc                alt_alarm_start
 .text          0x0081c120      0x14c C:/Users/SarahLynn/Documents/School/School3/EECE381/LSN/LSN_bsp/\libhal_bsp.a(alt_busy_sleep.o)
                0x0081c120                alt_busy_sleep
 .text          0x0081c26c       0x44 C:/Users/SarahLynn/Documents/School/School3/EECE381/LSN/LSN_bsp/\libhal_bsp.a(alt_dcache_flush_all.o)
                0x0081c26c                alt_dcache_flush_all
 .text          0x0081c2b0      0x114 C:/Users/SarahLynn/Documents/School/School3/EECE381/LSN/LSN_bsp/\libhal_bsp.a(alt_dev_llist_insert.o)
                0x0081c2b0                alt_dev_llist_insert
 .text          0x0081c3c4       0x64 C:/Users/SarahLynn/Documents/School/School3/EECE381/LSN/LSN_bsp/\libhal_bsp.a(alt_do_ctors.o)
                0x0081c3c4                _do_ctors
 .text          0x0081c428       0x64 C:/Users/SarahLynn/Documents/School/School3/EECE381/LSN/LSN_bsp/\libhal_bsp.a(alt_do_dtors.o)
                0x0081c428                _do_dtors
 .text          0x0081c48c       0x94 C:/Users/SarahLynn/Documents/School/School3/EECE381/LSN/LSN_bsp/\libhal_bsp.a(alt_find_dev.o)
                0x0081c48c                alt_find_dev
 .text          0x0081c520       0x30 C:/Users/SarahLynn/Documents/School/School3/EECE381/LSN/LSN_bsp/\libhal_bsp.a(alt_icache_flush_all.o)
                0x0081c520                alt_icache_flush_all
 .text          0x0081c550      0x13c C:/Users/SarahLynn/Documents/School/School3/EECE381/LSN/LSN_bsp/\libhal_bsp.a(alt_io_redirect.o)
                0x0081c614                alt_io_redirect
 .text          0x0081c68c        0x0 C:/Users/SarahLynn/Documents/School/School3/EECE381/LSN/LSN_bsp/\libhal_bsp.a(alt_irq_entry.o)
 .text          0x0081c68c        0x0 C:/Users/SarahLynn/Documents/School/School3/EECE381/LSN/LSN_bsp/\libhal_bsp.a(alt_irq_handler.o)
 .text          0x0081c68c      0x2c4 C:/Users/SarahLynn/Documents/School/School3/EECE381/LSN/LSN_bsp/\libhal_bsp.a(alt_open.o)
                0x0081c768                open
 .text          0x0081c950       0x20 C:/Users/SarahLynn/Documents/School/School3/EECE381/LSN/LSN_bsp/\libhal_bsp.a(altera_nios2_qsys_irq.o)
                0x0081c950                altera_nios2_qsys_irq_init
 .text          0x0081c970        0x0 C:/Users/SarahLynn/Documents/School/School3/EECE381/LSN/LSN_bsp/\libhal_bsp.a(alt_exception_entry.o)
 .text          0x0081c970      0x120 C:/Users/SarahLynn/Documents/School/School3/EECE381/LSN/LSN_bsp/\libhal_bsp.a(alt_find_file.o)
                0x0081c970                alt_find_file
 .text          0x0081ca90       0xb8 C:/Users/SarahLynn/Documents/School/School3/EECE381/LSN/LSN_bsp/\libhal_bsp.a(alt_get_fd.o)
                0x0081ca90                alt_get_fd
 .text          0x0081cb48       0x90 C:/Users/SarahLynn/Documents/School/School3/EECE381/LSN/LSN_bsp/\libhal_bsp.a(alt_icache_flush.o)
                0x0081cb48                alt_icache_flush
 .text          0x0081cbd8       0x14 c:/altera/12.0sp2/nios2eds/bin/gnu/h-i686-mingw32/bin/../lib/gcc/nios2-elf/4.1.2/../../../../nios2-elf/lib\libc.a(lib_a-atexit.o)
                0x0081cbd8                atexit
 .text          0x0081cbec       0x38 c:/altera/12.0sp2/nios2eds/bin/gnu/h-i686-mingw32/bin/../lib/gcc/nios2-elf/4.1.2/../../../../nios2-elf/lib\libc.a(lib_a-exit.o)
                0x0081cbec                exit
 .text          0x0081cc24       0x74 c:/altera/12.0sp2/nios2eds/bin/gnu/h-i686-mingw32/bin/../lib/gcc/nios2-elf/4.1.2/../../../../nios2-elf/lib\libc.a(lib_a-memcmp.o)
                0x0081cc24                memcmp
 .text          0x0081cc98      0x134 c:/altera/12.0sp2/nios2eds/bin/gnu/h-i686-mingw32/bin/../lib/gcc/nios2-elf/4.1.2/../../../../nios2-elf/lib\libc.a(lib_a-__atexit.o)
                0x0081cc98                __register_exitproc
 .text          0x0081cdcc      0x1b4 c:/altera/12.0sp2/nios2eds/bin/gnu/h-i686-mingw32/bin/../lib/gcc/nios2-elf/4.1.2/../../../../nios2-elf/lib\libc.a(lib_a-__call_atexit.o)
                0x0081cdd0                __call_exitprocs
 .text          0x0081cf80       0x60 C:/Users/SarahLynn/Documents/School/School3/EECE381/LSN/LSN_bsp/\libhal_bsp.a(alt_exit.o)
                0x0081cfc0                _exit
 *(.gnu.warning.*)
 *(.fini)
                0x0081cfe0                PROVIDE (__etext, ABSOLUTE (.))
                0x0081cfe0                PROVIDE (_etext, ABSOLUTE (.))
                0x0081cfe0                PROVIDE (etext, ABSOLUTE (.))
 *(.eh_frame_hdr)
                0x0081cfe0                . = ALIGN (0x4)
                0x0081cfe0                PROVIDE (__preinit_array_start, ABSOLUTE (.))
 *(.preinit_array)
                0x0081cfe0                PROVIDE (__preinit_array_end, ABSOLUTE (.))
                0x0081cfe0                PROVIDE (__init_array_start, ABSOLUTE (.))
 *(.init_array)
                0x0081cfe0                PROVIDE (__init_array_end, ABSOLUTE (.))
                0x0081cfe0                PROVIDE (__fini_array_start, ABSOLUTE (.))
 *(.fini_array)
                0x0081cfe0                PROVIDE (__fini_array_end, ABSOLUTE (.))
 *(.eh_frame)
 .eh_frame      0x0081cfe0       0x40 c:/altera/12.0sp2/nios2eds/bin/gnu/h-i686-mingw32/bin/../lib/gcc/nios2-elf/4.1.2\libgcc.a(_udivdi3.o)
 .eh_frame      0x0081d020       0x2c c:/altera/12.0sp2/nios2eds/bin/gnu/h-i686-mingw32/bin/../lib/gcc/nios2-elf/4.1.2\libgcc.a(_umoddi3.o)
                                 0x40 (size before relaxing)
 *(.gcc_except_table)
 *(.dynamic)
                0x0081d04c                PROVIDE (__CTOR_LIST__, ABSOLUTE (.))
 *(.ctors)
 *(SORT(.ctors.*))
 .ctors.65535   0x0081d04c        0x4 c:/altera/12.0sp2/nios2eds/bin/gnu/h-i686-mingw32/bin/../lib/gcc/nios2-elf/4.1.2/../../../../nios2-elf/lib\libc.a(lib_a-__call_atexit.o)
                0x0081d050                PROVIDE (__CTOR_END__, ABSOLUTE (.))
                0x0081d050                PROVIDE (__DTOR_LIST__, ABSOLUTE (.))
 *(.dtors)
 *(SORT(.dtors.*))
                0x0081d050                PROVIDE (__DTOR_END__, ABSOLUTE (.))
 *(.jcr)
                0x0081d050                . = ALIGN (0x4)

.rodata         0x0081d050      0xd80
                0x0081d050                PROVIDE (__ram_rodata_start, ABSOLUTE (.))
                0x0081d050                . = ALIGN (0x4)
 *(.rodata .rodata.* .gnu.linkonce.r.*)
 .rodata        0x0081d050      0x24c obj/default/audio.o
 .rodata        0x0081d29c       0x60 obj/default/bmp.o
 .rodata        0x0081d2fc       0x68 obj/default/bullet.o
 .rodata        0x0081d364       0x98 obj/default/collision.o
 .rodata        0x0081d3fc       0x20 obj/default/displacement.o
 .rodata        0x0081d41c       0x30 obj/default/main.o
 .rodata        0x0081d44c      0x1c8 obj/default/score.o
 .rodata        0x0081d614       0x94 obj/default/sd_card.o
 .rodata        0x0081d6a8       0xa4 obj/default/shark.o
 .rodata        0x0081d74c      0x1ec obj/default/timer.o
 .rodata        0x0081d938       0x2c obj/default/vga.o
 .rodata.str1.4
                0x0081d964        0x4 c:/altera/12.0sp2/nios2eds/bin/gnu/h-i686-mingw32/bin/../lib/gcc/nios2-elf/4.1.2/../../../../nios2-elf/lib\libm.a(lib_a-w_pow.o)
 .rodata.str1.4
                0x00000000        0x4 c:/altera/12.0sp2/nios2eds/bin/gnu/h-i686-mingw32/bin/../lib/gcc/nios2-elf/4.1.2/../../../../nios2-elf/lib\libm.a(lib_a-e_pow.o)
 .rodata        0x0081d968       0x30 c:/altera/12.0sp2/nios2eds/bin/gnu/h-i686-mingw32/bin/../lib/gcc/nios2-elf/4.1.2/../../../../nios2-elf/lib\libm.a(lib_a-e_pow.o)
 .rodata        0x0081d998       0x10 c:/altera/12.0sp2/nios2eds/bin/gnu/h-i686-mingw32/bin/../lib/gcc/nios2-elf/4.1.2/../../../../nios2-elf/lib\libm.a(lib_a-s_rint.o)
 .rodata        0x0081d9a8       0x10 c:/altera/12.0sp2/nios2eds/bin/gnu/h-i686-mingw32/bin/../lib/gcc/nios2-elf/4.1.2\libgcc.a(_thenan_sf.o)
                0x0081d9a8                __thenan_sf
 .rodata        0x0081d9b8       0x14 c:/altera/12.0sp2/nios2eds/bin/gnu/h-i686-mingw32/bin/../lib/gcc/nios2-elf/4.1.2\libgcc.a(_thenan_df.o)
                0x0081d9b8                __thenan_df
 .rodata        0x0081d9cc      0x100 c:/altera/12.0sp2/nios2eds/bin/gnu/h-i686-mingw32/bin/../lib/gcc/nios2-elf/4.1.2\libgcc.a(_clz.o)
                0x0081d9cc                __clz_tab
 .rodata.str1.4
                0x0081dacc        0x2 c:/altera/12.0sp2/nios2eds/bin/gnu/h-i686-mingw32/bin/../lib/gcc/nios2-elf/4.1.2/../../../../nios2-elf/lib\libc.a(lib_a-impure.o)
                                  0x4 (size before relaxing)
 *fill*         0x0081dace        0x2 00
 .rodata.str1.4
                0x0081dad0        0x2 c:/altera/12.0sp2/nios2eds/bin/gnu/h-i686-mingw32/bin/../lib/gcc/nios2-elf/4.1.2/../../../../nios2-elf/lib\libc.a(lib_a-puts.o)
                                  0x4 (size before relaxing)
 *fill*         0x0081dad2        0x2 00
 .rodata.str1.4
                0x0081dad4       0x5e c:/altera/12.0sp2/nios2eds/bin/gnu/h-i686-mingw32/bin/../lib/gcc/nios2-elf/4.1.2/../../../../nios2-elf/lib\libc.a(lib_a-vfprintf.o)
                                 0x60 (size before relaxing)
 .rodata        0x0081db32       0x20 c:/altera/12.0sp2/nios2eds/bin/gnu/h-i686-mingw32/bin/../lib/gcc/nios2-elf/4.1.2/../../../../nios2-elf/lib\libc.a(lib_a-vfprintf.o)
 *fill*         0x0081db52        0x2 00
 .rodata.str1.4
                0x0081db54       0x10 c:/altera/12.0sp2/nios2eds/bin/gnu/h-i686-mingw32/bin/../lib/gcc/nios2-elf/4.1.2/../../../../nios2-elf/lib\libc.a(lib_a-dtoa.o)
                                 0x14 (size before relaxing)
 .rodata.str1.4
                0x0081db64       0x10 c:/altera/12.0sp2/nios2eds/bin/gnu/h-i686-mingw32/bin/../lib/gcc/nios2-elf/4.1.2/../../../../nios2-elf/lib\libc.a(lib_a-locale.o)
                                 0x18 (size before relaxing)
 .rodata        0x0081db74       0x30 c:/altera/12.0sp2/nios2eds/bin/gnu/h-i686-mingw32/bin/../lib/gcc/nios2-elf/4.1.2/../../../../nios2-elf/lib\libc.a(lib_a-locale.o)
 .rodata        0x0081dba4      0x124 c:/altera/12.0sp2/nios2eds/bin/gnu/h-i686-mingw32/bin/../lib/gcc/nios2-elf/4.1.2/../../../../nios2-elf/lib\libc.a(lib_a-mprec.o)
                0x0081dba4                __mprec_tens
                0x0081dc6c                __mprec_bigtens
                0x0081dc94                __mprec_tinytens
 .rodata        0x0081dcc8        0xc C:/Users/SarahLynn/Documents/School/School3/EECE381/LSN/LSN_bsp/\libhal_bsp.a(alt_dev.o)
 .rodata        0x0081dcd4       0x14 C:/Users/SarahLynn/Documents/School/School3/EECE381/LSN/LSN_bsp/\libhal_bsp.a(alt_main.o)
 .rodata        0x0081dce8       0xcc C:/Users/SarahLynn/Documents/School/School3/EECE381/LSN/LSN_bsp/\libhal_bsp.a(alt_sys_init.o)
 .rodata        0x0081ddb4       0x1c C:/Users/SarahLynn/Documents/School/School3/EECE381/LSN/LSN_bsp/\libhal_bsp.a(altera_up_avalon_video_character_buffer_with_dma.o)
 *(.rodata1)
                0x0081ddd0                . = ALIGN (0x4)
                0x0081ddd0                PROVIDE (__ram_rodata_end, ABSOLUTE (.))
                0x0081d050                PROVIDE (__flash_rodata_start, LOADADDR (.rodata))

.rwdata         0x0081ddd0     0x1bcc load address 0x0081f99c
                0x0081ddd0                PROVIDE (__ram_rwdata_start, ABSOLUTE (.))
                0x0081ddd0                . = ALIGN (0x4)
 *(.got.plt)
 *(.got)
 *(.data1)
 *(.data .data.* .gnu.linkonce.d.*)
 .data          0x0081ddd0        0x0 C:/Users/SarahLynn/Documents/School/School3/EECE381/LSN/LSN_bsp//obj/HAL/src/crt0.o
 .data          0x0081ddd0        0x0 obj/default/audio.o
 .data          0x0081ddd0        0x0 obj/default/bmp.o
 .data          0x0081ddd0        0x0 obj/default/bullet.o
 .data          0x0081ddd0        0x0 obj/default/collision.o
 .data          0x0081ddd0        0x0 obj/default/displacement.o
 .data          0x0081ddd0        0x0 obj/default/gameEnd.o
 .data          0x0081ddd0        0x0 obj/default/input.o
 .data          0x0081ddd0        0x0 obj/default/main.o
 .data          0x0081ddd0        0x0 obj/default/nado.o
 .data          0x0081ddd0        0x0 obj/default/player.o
 .data          0x0081ddd0        0x0 obj/default/score.o
 .data          0x0081ddd0        0x0 obj/default/sd_card.o
 .data          0x0081ddd0        0x0 obj/default/shark.o
 .data          0x0081ddd0        0x0 obj/default/splash.o
 .data          0x0081ddd0        0x0 obj/default/timer.o
 .data          0x0081ddd0        0x0 obj/default/vga.o
 .data          0x0081ddd0        0x0 c:/altera/12.0sp2/nios2eds/bin/gnu/h-i686-mingw32/bin/../lib/gcc/nios2-elf/4.1.2/../../../../nios2-elf/lib\libm.a(lib_a-w_pow.o)
 .data          0x0081ddd0        0x0 c:/altera/12.0sp2/nios2eds/bin/gnu/h-i686-mingw32/bin/../lib/gcc/nios2-elf/4.1.2/../../../../nios2-elf/lib\libm.a(lib_a-e_pow.o)
 .data          0x0081ddd0        0x0 c:/altera/12.0sp2/nios2eds/bin/gnu/h-i686-mingw32/bin/../lib/gcc/nios2-elf/4.1.2/../../../../nios2-elf/lib\libm.a(lib_a-e_sqrt.o)
 .data          0x0081ddd0        0x0 c:/altera/12.0sp2/nios2eds/bin/gnu/h-i686-mingw32/bin/../lib/gcc/nios2-elf/4.1.2/../../../../nios2-elf/lib\libm.a(lib_a-s_fabs.o)
 .data          0x0081ddd0        0x0 c:/altera/12.0sp2/nios2eds/bin/gnu/h-i686-mingw32/bin/../lib/gcc/nios2-elf/4.1.2/../../../../nios2-elf/lib\libm.a(lib_a-s_finite.o)
 .data          0x0081ddd0        0x0 c:/altera/12.0sp2/nios2eds/bin/gnu/h-i686-mingw32/bin/../lib/gcc/nios2-elf/4.1.2/../../../../nios2-elf/lib\libm.a(lib_a-s_isnand.o)
 .data          0x0081ddd0        0x0 c:/altera/12.0sp2/nios2eds/bin/gnu/h-i686-mingw32/bin/../lib/gcc/nios2-elf/4.1.2/../../../../nios2-elf/lib\libm.a(lib_a-s_lib_ver.o)
 .data          0x0081ddd0        0x0 c:/altera/12.0sp2/nios2eds/bin/gnu/h-i686-mingw32/bin/../lib/gcc/nios2-elf/4.1.2/../../../../nios2-elf/lib\libm.a(lib_a-s_matherr.o)
 .data          0x0081ddd0        0x0 c:/altera/12.0sp2/nios2eds/bin/gnu/h-i686-mingw32/bin/../lib/gcc/nios2-elf/4.1.2/../../../../nios2-elf/lib\libm.a(lib_a-s_nan.o)
 .data          0x0081ddd0        0x0 c:/altera/12.0sp2/nios2eds/bin/gnu/h-i686-mingw32/bin/../lib/gcc/nios2-elf/4.1.2/../../../../nios2-elf/lib\libm.a(lib_a-s_rint.o)
 .data          0x0081ddd0        0x0 c:/altera/12.0sp2/nios2eds/bin/gnu/h-i686-mingw32/bin/../lib/gcc/nios2-elf/4.1.2/../../../../nios2-elf/lib\libm.a(lib_a-s_scalbn.o)
 .data          0x0081ddd0        0x0 c:/altera/12.0sp2/nios2eds/bin/gnu/h-i686-mingw32/bin/../lib/gcc/nios2-elf/4.1.2/../../../../nios2-elf/lib\libm.a(lib_a-s_copysign.o)
 .data          0x0081ddd0        0x0 c:/altera/12.0sp2/nios2eds/bin/gnu/h-i686-mingw32/bin/../lib/gcc/nios2-elf/4.1.2\libgcc.a(_fixunssfsi.o)
 .data          0x0081ddd0        0x0 c:/altera/12.0sp2/nios2eds/bin/gnu/h-i686-mingw32/bin/../lib/gcc/nios2-elf/4.1.2\libgcc.a(_addsub_sf.o)
 .data          0x0081ddd0        0x0 c:/altera/12.0sp2/nios2eds/bin/gnu/h-i686-mingw32/bin/../lib/gcc/nios2-elf/4.1.2\libgcc.a(_mul_sf.o)
 .data          0x0081ddd0        0x0 c:/altera/12.0sp2/nios2eds/bin/gnu/h-i686-mingw32/bin/../lib/gcc/nios2-elf/4.1.2\libgcc.a(_div_sf.o)
 .data          0x0081ddd0        0x0 c:/altera/12.0sp2/nios2eds/bin/gnu/h-i686-mingw32/bin/../lib/gcc/nios2-elf/4.1.2\libgcc.a(_ge_sf.o)
 .data          0x0081ddd0        0x0 c:/altera/12.0sp2/nios2eds/bin/gnu/h-i686-mingw32/bin/../lib/gcc/nios2-elf/4.1.2\libgcc.a(_le_sf.o)
 .data          0x0081ddd0        0x0 c:/altera/12.0sp2/nios2eds/bin/gnu/h-i686-mingw32/bin/../lib/gcc/nios2-elf/4.1.2\libgcc.a(_si_to_sf.o)
 .data          0x0081ddd0        0x0 c:/altera/12.0sp2/nios2eds/bin/gnu/h-i686-mingw32/bin/../lib/gcc/nios2-elf/4.1.2\libgcc.a(_sf_to_si.o)
 .data          0x0081ddd0        0x0 c:/altera/12.0sp2/nios2eds/bin/gnu/h-i686-mingw32/bin/../lib/gcc/nios2-elf/4.1.2\libgcc.a(_sf_to_df.o)
 .data          0x0081ddd0        0x0 c:/altera/12.0sp2/nios2eds/bin/gnu/h-i686-mingw32/bin/../lib/gcc/nios2-elf/4.1.2\libgcc.a(_thenan_sf.o)
 .data          0x0081ddd0        0x0 c:/altera/12.0sp2/nios2eds/bin/gnu/h-i686-mingw32/bin/../lib/gcc/nios2-elf/4.1.2\libgcc.a(_addsub_df.o)
 .data          0x0081ddd0        0x0 c:/altera/12.0sp2/nios2eds/bin/gnu/h-i686-mingw32/bin/../lib/gcc/nios2-elf/4.1.2\libgcc.a(_mul_df.o)
 .data          0x0081ddd0        0x0 c:/altera/12.0sp2/nios2eds/bin/gnu/h-i686-mingw32/bin/../lib/gcc/nios2-elf/4.1.2\libgcc.a(_div_df.o)
 .data          0x0081ddd0        0x0 c:/altera/12.0sp2/nios2eds/bin/gnu/h-i686-mingw32/bin/../lib/gcc/nios2-elf/4.1.2\libgcc.a(_eq_df.o)
 .data          0x0081ddd0        0x0 c:/altera/12.0sp2/nios2eds/bin/gnu/h-i686-mingw32/bin/../lib/gcc/nios2-elf/4.1.2\libgcc.a(_ne_df.o)
 .data          0x0081ddd0        0x0 c:/altera/12.0sp2/nios2eds/bin/gnu/h-i686-mingw32/bin/../lib/gcc/nios2-elf/4.1.2\libgcc.a(_gt_df.o)
 .data          0x0081ddd0        0x0 c:/altera/12.0sp2/nios2eds/bin/gnu/h-i686-mingw32/bin/../lib/gcc/nios2-elf/4.1.2\libgcc.a(_lt_df.o)
 .data          0x0081ddd0        0x0 c:/altera/12.0sp2/nios2eds/bin/gnu/h-i686-mingw32/bin/../lib/gcc/nios2-elf/4.1.2\libgcc.a(_le_df.o)
 .data          0x0081ddd0        0x0 c:/altera/12.0sp2/nios2eds/bin/gnu/h-i686-mingw32/bin/../lib/gcc/nios2-elf/4.1.2\libgcc.a(_si_to_df.o)
 .data          0x0081ddd0        0x0 c:/altera/12.0sp2/nios2eds/bin/gnu/h-i686-mingw32/bin/../lib/gcc/nios2-elf/4.1.2\libgcc.a(_df_to_si.o)
 .data          0x0081ddd0        0x0 c:/altera/12.0sp2/nios2eds/bin/gnu/h-i686-mingw32/bin/../lib/gcc/nios2-elf/4.1.2\libgcc.a(_make_df.o)
 .data          0x0081ddd0        0x0 c:/altera/12.0sp2/nios2eds/bin/gnu/h-i686-mingw32/bin/../lib/gcc/nios2-elf/4.1.2\libgcc.a(_df_to_sf.o)
 .data          0x0081ddd0        0x0 c:/altera/12.0sp2/nios2eds/bin/gnu/h-i686-mingw32/bin/../lib/gcc/nios2-elf/4.1.2\libgcc.a(_thenan_df.o)
 .data          0x0081ddd0        0x0 c:/altera/12.0sp2/nios2eds/bin/gnu/h-i686-mingw32/bin/../lib/gcc/nios2-elf/4.1.2\libgcc.a(lib2-divmod.o)
 .data          0x0081ddd0        0x0 c:/altera/12.0sp2/nios2eds/bin/gnu/h-i686-mingw32/bin/../lib/gcc/nios2-elf/4.1.2\libgcc.a(_muldi3.o)
 .data          0x0081ddd0        0x0 c:/altera/12.0sp2/nios2eds/bin/gnu/h-i686-mingw32/bin/../lib/gcc/nios2-elf/4.1.2\libgcc.a(_clzsi2.o)
 .data          0x0081ddd0        0x0 c:/altera/12.0sp2/nios2eds/bin/gnu/h-i686-mingw32/bin/../lib/gcc/nios2-elf/4.1.2\libgcc.a(_pack_sf.o)
 .data          0x0081ddd0        0x0 c:/altera/12.0sp2/nios2eds/bin/gnu/h-i686-mingw32/bin/../lib/gcc/nios2-elf/4.1.2\libgcc.a(_unpack_sf.o)
 .data          0x0081ddd0        0x0 c:/altera/12.0sp2/nios2eds/bin/gnu/h-i686-mingw32/bin/../lib/gcc/nios2-elf/4.1.2\libgcc.a(_fpcmp_parts_sf.o)
 .data          0x0081ddd0        0x0 c:/altera/12.0sp2/nios2eds/bin/gnu/h-i686-mingw32/bin/../lib/gcc/nios2-elf/4.1.2\libgcc.a(_make_sf.o)
 .data          0x0081ddd0        0x0 c:/altera/12.0sp2/nios2eds/bin/gnu/h-i686-mingw32/bin/../lib/gcc/nios2-elf/4.1.2\libgcc.a(_pack_df.o)
 .data          0x0081ddd0        0x0 c:/altera/12.0sp2/nios2eds/bin/gnu/h-i686-mingw32/bin/../lib/gcc/nios2-elf/4.1.2\libgcc.a(_unpack_df.o)
 .data          0x0081ddd0        0x0 c:/altera/12.0sp2/nios2eds/bin/gnu/h-i686-mingw32/bin/../lib/gcc/nios2-elf/4.1.2\libgcc.a(_fpcmp_parts_df.o)
 .data          0x0081ddd0        0x0 c:/altera/12.0sp2/nios2eds/bin/gnu/h-i686-mingw32/bin/../lib/gcc/nios2-elf/4.1.2\libgcc.a(_clz.o)
 .data          0x0081ddd0        0x0 c:/altera/12.0sp2/nios2eds/bin/gnu/h-i686-mingw32/bin/../lib/gcc/nios2-elf/4.1.2/../../../../nios2-elf/lib\libc.a(lib_a-errno.o)
 .data          0x0081ddd0      0x400 c:/altera/12.0sp2/nios2eds/bin/gnu/h-i686-mingw32/bin/../lib/gcc/nios2-elf/4.1.2/../../../../nios2-elf/lib\libc.a(lib_a-impure.o)
 .data          0x0081e1d0        0x0 c:/altera/12.0sp2/nios2eds/bin/gnu/h-i686-mingw32/bin/../lib/gcc/nios2-elf/4.1.2/../../../../nios2-elf/lib\libc.a(lib_a-malloc.o)
 .data          0x0081e1d0      0x408 c:/altera/12.0sp2/nios2eds/bin/gnu/h-i686-mingw32/bin/../lib/gcc/nios2-elf/4.1.2/../../../../nios2-elf/lib\libc.a(lib_a-mallocr.o)
                0x0081e1d0                __malloc_av_
 .data          0x0081e5d8        0x0 c:/altera/12.0sp2/nios2eds/bin/gnu/h-i686-mingw32/bin/../lib/gcc/nios2-elf/4.1.2/../../../../nios2-elf/lib\libc.a(lib_a-printf.o)
 .data          0x0081e5d8        0x0 c:/altera/12.0sp2/nios2eds/bin/gnu/h-i686-mingw32/bin/../lib/gcc/nios2-elf/4.1.2/../../../../nios2-elf/lib\libc.a(lib_a-puts.o)
 .data          0x0081e5d8        0x0 c:/altera/12.0sp2/nios2eds/bin/gnu/h-i686-mingw32/bin/../lib/gcc/nios2-elf/4.1.2/../../../../nios2-elf/lib\libc.a(lib_a-rand.o)
 .data          0x0081e5d8        0x0 c:/altera/12.0sp2/nios2eds/bin/gnu/h-i686-mingw32/bin/../lib/gcc/nios2-elf/4.1.2/../../../../nios2-elf/lib\libc.a(lib_a-sbrkr.o)
 .data          0x0081e5d8        0x0 c:/altera/12.0sp2/nios2eds/bin/gnu/h-i686-mingw32/bin/../lib/gcc/nios2-elf/4.1.2/../../../../nios2-elf/lib\libc.a(lib_a-strlen.o)
 .data          0x0081e5d8        0x0 c:/altera/12.0sp2/nios2eds/bin/gnu/h-i686-mingw32/bin/../lib/gcc/nios2-elf/4.1.2/../../../../nios2-elf/lib\libc.a(lib_a-time.o)
 .data          0x0081e5d8        0x0 c:/altera/12.0sp2/nios2eds/bin/gnu/h-i686-mingw32/bin/../lib/gcc/nios2-elf/4.1.2/../../../../nios2-elf/lib\libc.a(lib_a-vfprintf.o)
 .data          0x0081e5d8        0x0 c:/altera/12.0sp2/nios2eds/bin/gnu/h-i686-mingw32/bin/../lib/gcc/nios2-elf/4.1.2/../../../../nios2-elf/lib\libc.a(lib_a-wsetup.o)
 .data          0x0081e5d8        0x0 c:/altera/12.0sp2/nios2eds/bin/gnu/h-i686-mingw32/bin/../lib/gcc/nios2-elf/4.1.2/../../../../nios2-elf/lib\libc.a(lib_a-dtoa.o)
 .data          0x0081e5d8        0x0 c:/altera/12.0sp2/nios2eds/bin/gnu/h-i686-mingw32/bin/../lib/gcc/nios2-elf/4.1.2/../../../../nios2-elf/lib\libc.a(lib_a-fflush.o)
 .data          0x0081e5d8        0x0 c:/altera/12.0sp2/nios2eds/bin/gnu/h-i686-mingw32/bin/../lib/gcc/nios2-elf/4.1.2/../../../../nios2-elf/lib\libc.a(lib_a-findfp.o)
 .data          0x0081e5d8        0x0 c:/altera/12.0sp2/nios2eds/bin/gnu/h-i686-mingw32/bin/../lib/gcc/nios2-elf/4.1.2/../../../../nios2-elf/lib\libc.a(lib_a-freer.o)
 .data          0x0081e5d8        0x0 c:/altera/12.0sp2/nios2eds/bin/gnu/h-i686-mingw32/bin/../lib/gcc/nios2-elf/4.1.2/../../../../nios2-elf/lib\libc.a(lib_a-fvwrite.o)
 .data          0x0081e5d8        0x0 c:/altera/12.0sp2/nios2eds/bin/gnu/h-i686-mingw32/bin/../lib/gcc/nios2-elf/4.1.2/../../../../nios2-elf/lib\libc.a(lib_a-fwalk.o)
 .data          0x0081e5d8        0x0 c:/altera/12.0sp2/nios2eds/bin/gnu/h-i686-mingw32/bin/../lib/gcc/nios2-elf/4.1.2/../../../../nios2-elf/lib\libc.a(lib_a-gettimeofdayr.o)
 .data          0x0081e5d8        0x0 c:/altera/12.0sp2/nios2eds/bin/gnu/h-i686-mingw32/bin/../lib/gcc/nios2-elf/4.1.2/../../../../nios2-elf/lib\libc.a(lib_a-int_errno.o)
 .data          0x0081e5d8        0xc c:/altera/12.0sp2/nios2eds/bin/gnu/h-i686-mingw32/bin/../lib/gcc/nios2-elf/4.1.2/../../../../nios2-elf/lib\libc.a(lib_a-locale.o)
                0x0081e5d8                __lc_ctype
 .data          0x0081e5e4        0x0 c:/altera/12.0sp2/nios2eds/bin/gnu/h-i686-mingw32/bin/../lib/gcc/nios2-elf/4.1.2/../../../../nios2-elf/lib\libc.a(lib_a-makebuf.o)
 .data          0x0081e5e4        0x0 c:/altera/12.0sp2/nios2eds/bin/gnu/h-i686-mingw32/bin/../lib/gcc/nios2-elf/4.1.2/../../../../nios2-elf/lib\libc.a(lib_a-memchr.o)
 .data          0x0081e5e4        0x0 c:/altera/12.0sp2/nios2eds/bin/gnu/h-i686-mingw32/bin/../lib/gcc/nios2-elf/4.1.2/../../../../nios2-elf/lib\libc.a(lib_a-memcpy.o)
 .data          0x0081e5e4        0x0 c:/altera/12.0sp2/nios2eds/bin/gnu/h-i686-mingw32/bin/../lib/gcc/nios2-elf/4.1.2/../../../../nios2-elf/lib\libc.a(lib_a-memmove.o)
 .data          0x0081e5e4        0x0 c:/altera/12.0sp2/nios2eds/bin/gnu/h-i686-mingw32/bin/../lib/gcc/nios2-elf/4.1.2/../../../../nios2-elf/lib\libc.a(lib_a-memset.o)
 .data          0x0081e5e4        0x0 c:/altera/12.0sp2/nios2eds/bin/gnu/h-i686-mingw32/bin/../lib/gcc/nios2-elf/4.1.2/../../../../nios2-elf/lib\libc.a(lib_a-mprec.o)
 .data          0x0081e5e4        0x0 c:/altera/12.0sp2/nios2eds/bin/gnu/h-i686-mingw32/bin/../lib/gcc/nios2-elf/4.1.2/../../../../nios2-elf/lib\libc.a(lib_a-reallocr.o)
 .data          0x0081e5e4        0x0 c:/altera/12.0sp2/nios2eds/bin/gnu/h-i686-mingw32/bin/../lib/gcc/nios2-elf/4.1.2/../../../../nios2-elf/lib\libc.a(lib_a-s_isinfd.o)
 .data          0x0081e5e4        0x0 c:/altera/12.0sp2/nios2eds/bin/gnu/h-i686-mingw32/bin/../lib/gcc/nios2-elf/4.1.2/../../../../nios2-elf/lib\libc.a(lib_a-stdio.o)
 .data          0x0081e5e4        0x0 c:/altera/12.0sp2/nios2eds/bin/gnu/h-i686-mingw32/bin/../lib/gcc/nios2-elf/4.1.2/../../../../nios2-elf/lib\libc.a(lib_a-strcmp.o)
 .data          0x0081e5e4        0x0 c:/altera/12.0sp2/nios2eds/bin/gnu/h-i686-mingw32/bin/../lib/gcc/nios2-elf/4.1.2/../../../../nios2-elf/lib\libc.a(lib_a-writer.o)
 .data          0x0081e5e4        0x0 c:/altera/12.0sp2/nios2eds/bin/gnu/h-i686-mingw32/bin/../lib/gcc/nios2-elf/4.1.2/../../../../nios2-elf/lib\libc.a(lib_a-callocr.o)
 .data          0x0081e5e4        0x0 c:/altera/12.0sp2/nios2eds/bin/gnu/h-i686-mingw32/bin/../lib/gcc/nios2-elf/4.1.2/../../../../nios2-elf/lib\libc.a(lib_a-closer.o)
 .data          0x0081e5e4        0x0 c:/altera/12.0sp2/nios2eds/bin/gnu/h-i686-mingw32/bin/../lib/gcc/nios2-elf/4.1.2/../../../../nios2-elf/lib\libc.a(lib_a-fclose.o)
 .data          0x0081e5e4        0x0 c:/altera/12.0sp2/nios2eds/bin/gnu/h-i686-mingw32/bin/../lib/gcc/nios2-elf/4.1.2/../../../../nios2-elf/lib\libc.a(lib_a-fstatr.o)
 .data          0x0081e5e4        0x0 c:/altera/12.0sp2/nios2eds/bin/gnu/h-i686-mingw32/bin/../lib/gcc/nios2-elf/4.1.2/../../../../nios2-elf/lib\libc.a(lib_a-isattyr.o)
 .data          0x0081e5e4        0x0 c:/altera/12.0sp2/nios2eds/bin/gnu/h-i686-mingw32/bin/../lib/gcc/nios2-elf/4.1.2/../../../../nios2-elf/lib\libc.a(lib_a-lseekr.o)
 .data          0x0081e5e4        0x0 c:/altera/12.0sp2/nios2eds/bin/gnu/h-i686-mingw32/bin/../lib/gcc/nios2-elf/4.1.2/../../../../nios2-elf/lib\libc.a(lib_a-readr.o)
 .data          0x0081e5e4        0x0 c:/altera/12.0sp2/nios2eds/bin/gnu/h-i686-mingw32/bin/../lib/gcc/nios2-elf/4.1.2\libgcc.a(_udivdi3.o)
 .data          0x0081e5e4        0x0 c:/altera/12.0sp2/nios2eds/bin/gnu/h-i686-mingw32/bin/../lib/gcc/nios2-elf/4.1.2\libgcc.a(_umoddi3.o)
 .data          0x0081e5e4        0x0 c:/altera/12.0sp2/nios2eds/bin/gnu/h-i686-mingw32/bin/../lib/gcc/nios2-elf/4.1.2\libgcc.a(_ge_df.o)
 .data          0x0081e5e4        0x0 c:/altera/12.0sp2/nios2eds/bin/gnu/h-i686-mingw32/bin/../lib/gcc/nios2-elf/4.1.2\libgcc.a(_usi_to_df.o)
 .data          0x0081e5e4        0x0 C:/Users/SarahLynn/Documents/School/School3/EECE381/LSN/LSN_bsp/\libhal_bsp.a(alt_close.o)
 .data          0x0081e5e4      0x1a8 C:/Users/SarahLynn/Documents/School/School3/EECE381/LSN/LSN_bsp/\libhal_bsp.a(alt_dev.o)
                0x0081e5e4                alt_dev_null
                0x0081e60c                alt_fd_list
 .data          0x0081e78c        0x0 C:/Users/SarahLynn/Documents/School/School3/EECE381/LSN/LSN_bsp/\libhal_bsp.a(alt_errno.o)
 .data          0x0081e78c        0x0 C:/Users/SarahLynn/Documents/School/School3/EECE381/LSN/LSN_bsp/\libhal_bsp.a(alt_fstat.o)
 .data          0x0081e78c        0x0 C:/Users/SarahLynn/Documents/School/School3/EECE381/LSN/LSN_bsp/\libhal_bsp.a(alt_gettod.o)
 .data          0x0081e78c        0x0 C:/Users/SarahLynn/Documents/School/School3/EECE381/LSN/LSN_bsp/\libhal_bsp.a(alt_irq_register.o)
 .data          0x0081e78c        0x0 C:/Users/SarahLynn/Documents/School/School3/EECE381/LSN/LSN_bsp/\libhal_bsp.a(alt_irq_vars.o)
 .data          0x0081e78c        0x0 C:/Users/SarahLynn/Documents/School/School3/EECE381/LSN/LSN_bsp/\libhal_bsp.a(alt_isatty.o)
 .data          0x0081e78c        0x0 C:/Users/SarahLynn/Documents/School/School3/EECE381/LSN/LSN_bsp/\libhal_bsp.a(alt_load.o)
 .data          0x0081e78c        0x0 C:/Users/SarahLynn/Documents/School/School3/EECE381/LSN/LSN_bsp/\libhal_bsp.a(alt_lseek.o)
 .data          0x0081e78c        0x0 C:/Users/SarahLynn/Documents/School/School3/EECE381/LSN/LSN_bsp/\libhal_bsp.a(alt_main.o)
 .data          0x0081e78c        0x0 C:/Users/SarahLynn/Documents/School/School3/EECE381/LSN/LSN_bsp/\libhal_bsp.a(alt_malloc_lock.o)
 .data          0x0081e78c        0x0 C:/Users/SarahLynn/Documents/School/School3/EECE381/LSN/LSN_bsp/\libhal_bsp.a(alt_read.o)
 .data          0x0081e78c        0x0 C:/Users/SarahLynn/Documents/School/School3/EECE381/LSN/LSN_bsp/\libhal_bsp.a(alt_release_fd.o)
 .data          0x0081e78c        0x0 C:/Users/SarahLynn/Documents/School/School3/EECE381/LSN/LSN_bsp/\libhal_bsp.a(alt_sbrk.o)
 .data          0x0081e78c        0x0 C:/Users/SarahLynn/Documents/School/School3/EECE381/LSN/LSN_bsp/\libhal_bsp.a(alt_tick.o)
 .data          0x0081e78c        0x0 C:/Users/SarahLynn/Documents/School/School3/EECE381/LSN/LSN_bsp/\libhal_bsp.a(alt_usleep.o)
 .data          0x0081e78c        0x0 C:/Users/SarahLynn/Documents/School/School3/EECE381/LSN/LSN_bsp/\libhal_bsp.a(alt_write.o)
 .data          0x0081e78c     0x11b4 C:/Users/SarahLynn/Documents/School/School3/EECE381/LSN/LSN_bsp/\libhal_bsp.a(alt_sys_init.o)
 .data          0x0081f940        0x0 C:/Users/SarahLynn/Documents/School/School3/EECE381/LSN/LSN_bsp/\libhal_bsp.a(altera_avalon_jtag_uart_fd.o)
 .data          0x0081f940        0x0 C:/Users/SarahLynn/Documents/School/School3/EECE381/LSN/LSN_bsp/\libhal_bsp.a(altera_avalon_jtag_uart_init.o)
 .data          0x0081f940        0x0 C:/Users/SarahLynn/Documents/School/School3/EECE381/LSN/LSN_bsp/\libhal_bsp.a(altera_avalon_jtag_uart_ioctl.o)
 .data          0x0081f940        0x0 C:/Users/SarahLynn/Documents/School/School3/EECE381/LSN/LSN_bsp/\libhal_bsp.a(altera_avalon_jtag_uart_read.o)
 .data          0x0081f940        0x0 C:/Users/SarahLynn/Documents/School/School3/EECE381/LSN/LSN_bsp/\libhal_bsp.a(altera_avalon_jtag_uart_write.o)
 .data          0x0081f940        0x0 C:/Users/SarahLynn/Documents/School/School3/EECE381/LSN/LSN_bsp/\libhal_bsp.a(altera_avalon_timer_sc.o)
 .data          0x0081f940        0x0 C:/Users/SarahLynn/Documents/School/School3/EECE381/LSN/LSN_bsp/\libhal_bsp.a(altera_avalon_timer_ts.o)
 .data          0x0081f940        0x0 C:/Users/SarahLynn/Documents/School/School3/EECE381/LSN/LSN_bsp/\libhal_bsp.a(altera_avalon_timer_vars.o)
 .data          0x0081f940        0x0 C:/Users/SarahLynn/Documents/School/School3/EECE381/LSN/LSN_bsp/\libhal_bsp.a(altera_up_avalon_audio.o)
 .data          0x0081f940        0x0 C:/Users/SarahLynn/Documents/School/School3/EECE381/LSN/LSN_bsp/\libhal_bsp.a(altera_up_avalon_audio_and_video_config.o)
 .data          0x0081f940        0x0 C:/Users/SarahLynn/Documents/School/School3/EECE381/LSN/LSN_bsp/\libhal_bsp.a(altera_up_avalon_character_lcd.o)
 .data          0x0081f940        0x0 C:/Users/SarahLynn/Documents/School/School3/EECE381/LSN/LSN_bsp/\libhal_bsp.a(altera_up_avalon_video_character_buffer_with_dma.o)
 .data          0x0081f940        0x0 C:/Users/SarahLynn/Documents/School/School3/EECE381/LSN/LSN_bsp/\libhal_bsp.a(altera_up_avalon_video_pixel_buffer_dma.o)
 .data          0x0081f940        0x0 C:/Users/SarahLynn/Documents/School/School3/EECE381/LSN/LSN_bsp/\libhal_bsp.a(altera_up_sd_card_avalon_interface.o)
 .data          0x0081f940        0x0 C:/Users/SarahLynn/Documents/School/School3/EECE381/LSN/LSN_bsp/\libhal_bsp.a(alt_alarm_start.o)
 .data          0x0081f940        0x0 C:/Users/SarahLynn/Documents/School/School3/EECE381/LSN/LSN_bsp/\libhal_bsp.a(alt_busy_sleep.o)
 .data          0x0081f940        0x0 C:/Users/SarahLynn/Documents/School/School3/EECE381/LSN/LSN_bsp/\libhal_bsp.a(alt_dcache_flush_all.o)
 .data          0x0081f940        0x0 C:/Users/SarahLynn/Documents/School/School3/EECE381/LSN/LSN_bsp/\libhal_bsp.a(alt_dev_llist_insert.o)
 .data          0x0081f940        0x0 C:/Users/SarahLynn/Documents/School/School3/EECE381/LSN/LSN_bsp/\libhal_bsp.a(alt_do_ctors.o)
 .data          0x0081f940        0x0 C:/Users/SarahLynn/Documents/School/School3/EECE381/LSN/LSN_bsp/\libhal_bsp.a(alt_do_dtors.o)
 .data          0x0081f940        0x0 C:/Users/SarahLynn/Documents/School/School3/EECE381/LSN/LSN_bsp/\libhal_bsp.a(alt_find_dev.o)
 .data          0x0081f940        0x0 C:/Users/SarahLynn/Documents/School/School3/EECE381/LSN/LSN_bsp/\libhal_bsp.a(alt_icache_flush_all.o)
 .data          0x0081f940        0x0 C:/Users/SarahLynn/Documents/School/School3/EECE381/LSN/LSN_bsp/\libhal_bsp.a(alt_io_redirect.o)
 .data          0x0081f940        0x0 C:/Users/SarahLynn/Documents/School/School3/EECE381/LSN/LSN_bsp/\libhal_bsp.a(alt_irq_entry.o)
 .data          0x0081f940        0x0 C:/Users/SarahLynn/Documents/School/School3/EECE381/LSN/LSN_bsp/\libhal_bsp.a(alt_irq_handler.o)
 .data          0x0081f940        0x0 C:/Users/SarahLynn/Documents/School/School3/EECE381/LSN/LSN_bsp/\libhal_bsp.a(alt_open.o)
 .data          0x0081f940        0x0 C:/Users/SarahLynn/Documents/School/School3/EECE381/LSN/LSN_bsp/\libhal_bsp.a(altera_nios2_qsys_irq.o)
 .data          0x0081f940        0x0 C:/Users/SarahLynn/Documents/School/School3/EECE381/LSN/LSN_bsp/\libhal_bsp.a(alt_exception_entry.o)
 .data          0x0081f940        0x0 C:/Users/SarahLynn/Documents/School/School3/EECE381/LSN/LSN_bsp/\libhal_bsp.a(alt_find_file.o)
 .data          0x0081f940        0x0 C:/Users/SarahLynn/Documents/School/School3/EECE381/LSN/LSN_bsp/\libhal_bsp.a(alt_get_fd.o)
 .data          0x0081f940        0x0 C:/Users/SarahLynn/Documents/School/School3/EECE381/LSN/LSN_bsp/\libhal_bsp.a(alt_icache_flush.o)
 .data          0x0081f940        0x0 c:/altera/12.0sp2/nios2eds/bin/gnu/h-i686-mingw32/bin/../lib/gcc/nios2-elf/4.1.2/../../../../nios2-elf/lib\libc.a(lib_a-atexit.o)
 .data          0x0081f940        0x0 c:/altera/12.0sp2/nios2eds/bin/gnu/h-i686-mingw32/bin/../lib/gcc/nios2-elf/4.1.2/../../../../nios2-elf/lib\libc.a(lib_a-exit.o)
 .data          0x0081f940        0x0 c:/altera/12.0sp2/nios2eds/bin/gnu/h-i686-mingw32/bin/../lib/gcc/nios2-elf/4.1.2/../../../../nios2-elf/lib\libc.a(lib_a-memcmp.o)
 .data          0x0081f940        0x0 c:/altera/12.0sp2/nios2eds/bin/gnu/h-i686-mingw32/bin/../lib/gcc/nios2-elf/4.1.2/../../../../nios2-elf/lib\libc.a(lib_a-__atexit.o)
 .data          0x0081f940        0x0 c:/altera/12.0sp2/nios2eds/bin/gnu/h-i686-mingw32/bin/../lib/gcc/nios2-elf/4.1.2/../../../../nios2-elf/lib\libc.a(lib_a-__call_atexit.o)
 .data          0x0081f940        0x0 C:/Users/SarahLynn/Documents/School/School3/EECE381/LSN/LSN_bsp/\libhal_bsp.a(alt_exit.o)
                0x00827940                _gp = ABSOLUTE ((. + 0x8000))
                0x00827940                PROVIDE (gp, _gp)
 *(.rwdata .rwdata.*)
 *(.sdata .sdata.* .gnu.linkonce.s.*)
 .sdata         0x0081f940        0xc obj/default/audio.o
                0x0081f940                CONFIG_NAME
                0x0081f944                AUDIO_NAME
                0x0081f948                numSounds
 .sdata         0x0081f94c        0x1 obj/default/input.o
 *fill*         0x0081f94d        0x3 00
 .sdata         0x0081f950        0x4 obj/default/nado.o
                0x0081f950                nadoDrawX
 .sdata         0x0081f954        0x4 obj/default/score.o
                0x0081f954                scoreFileName
 .sdata         0x0081f958        0x4 c:/altera/12.0sp2/nios2eds/bin/gnu/h-i686-mingw32/bin/../lib/gcc/nios2-elf/4.1.2/../../../../nios2-elf/lib\libm.a(lib_a-s_lib_ver.o)
                0x0081f958                __fdlib_version
 .sdata         0x0081f95c        0x8 c:/altera/12.0sp2/nios2eds/bin/gnu/h-i686-mingw32/bin/../lib/gcc/nios2-elf/4.1.2/../../../../nios2-elf/lib\libc.a(lib_a-impure.o)
                0x0081f95c                _impure_ptr
                0x0081f960                _global_impure_ptr
 .sdata         0x0081f964        0x8 c:/altera/12.0sp2/nios2eds/bin/gnu/h-i686-mingw32/bin/../lib/gcc/nios2-elf/4.1.2/../../../../nios2-elf/lib\libc.a(lib_a-mallocr.o)
                0x0081f964                __malloc_trim_threshold
                0x0081f968                __malloc_sbrk_base
 .sdata         0x0081f96c        0x8 c:/altera/12.0sp2/nios2eds/bin/gnu/h-i686-mingw32/bin/../lib/gcc/nios2-elf/4.1.2/../../../../nios2-elf/lib\libc.a(lib_a-locale.o)
                0x0081f96c                __mb_cur_max
 .sdata         0x0081f974       0x14 C:/Users/SarahLynn/Documents/School/School3/EECE381/LSN/LSN_bsp/\libhal_bsp.a(alt_dev.o)
                0x0081f974                alt_fs_list
                0x0081f97c                alt_dev_list
                0x0081f984                alt_max_fd
 .sdata         0x0081f988        0x4 C:/Users/SarahLynn/Documents/School/School3/EECE381/LSN/LSN_bsp/\libhal_bsp.a(alt_errno.o)
                0x0081f988                alt_errno
 .sdata         0x0081f98c        0x4 C:/Users/SarahLynn/Documents/School/School3/EECE381/LSN/LSN_bsp/\libhal_bsp.a(alt_irq_vars.o)
                0x0081f98c                alt_priority_mask
 .sdata         0x0081f990        0x4 C:/Users/SarahLynn/Documents/School/School3/EECE381/LSN/LSN_bsp/\libhal_bsp.a(alt_sbrk.o)
 .sdata         0x0081f994        0x8 C:/Users/SarahLynn/Documents/School/School3/EECE381/LSN/LSN_bsp/\libhal_bsp.a(alt_tick.o)
                0x0081f994                alt_alarm_list
 *(.sdata2 .sdata2.* .gnu.linkonce.s2.*)
                0x0081f99c                . = ALIGN (0x4)
                0x0081f99c                _edata = ABSOLUTE (.)
                0x0081f99c                PROVIDE (edata, ABSOLUTE (.))
                0x0081f99c                PROVIDE (__ram_rwdata_end, ABSOLUTE (.))
                0x0081f99c                PROVIDE (__flash_rwdata_start, LOADADDR (.rwdata))

.bss            0x00821568     0xaad0
                0x00821568                __bss_start = ABSOLUTE (.)
                0x00821568                PROVIDE (__sbss_start, ABSOLUTE (.))
                0x00821568                PROVIDE (___sbss_start, ABSOLUTE (.))
 *(.dynsbss)
 *(.sbss .sbss.* .gnu.linkonce.sb.*)
 .sbss          0x00821568        0xc obj/default/audio.o
                0x00821568                audio
                0x0082156c                config
                0x00821570                DEBUG
 .sbss          0x00821574       0x1a obj/default/audio.o
                0x00821574                loaded
                0x00821578                audioFileWordLength
                0x0082157c                sdDev
                0x00821580                somethingForIrq
                0x00821584                playedWords
                0x00821588                playCursor
                0x0082158c                status
 *fill*         0x0082158e        0x2 00
 .sbss          0x00821590       0x38 obj/default/bmp.o
                0x00821590                nnadobBmp
                0x00821594                pixel_buffer_addr1
                0x00821598                char_buffer
                0x0082159c                loadBmp
                0x008215a0                pressBmp
                0x008215a4                pnadoaBmp
                0x008215a8                pixel_buffer_addr2
                0x008215ac                sharkBmp
                0x008215b0                splashBmp
                0x008215b4                nnadoaBmp
                0x008215b8                pnadobBmp
                0x008215bc                pixel_buffer
                0x008215c0                cnadoBmp
                0x008215c4                playerBmp
 .sbss          0x008215c8       0x10 obj/default/bullet.o
                0x008215c8                playerBulletList
                0x008215cc                sharkBulletList
                0x008215d0                sharkLaserColor
                0x008215d4                playerLaserColor
 .sbss          0x008215d8       0x20 obj/default/displacement.o
 .sbss          0x008215f8       0x16 obj/default/input.o
 *fill*         0x0082160e        0x2 00
 .sbss          0x00821610        0x4 obj/default/nado.o
                0x00821610                nadoDrawY
 .sbss          0x00821614        0x8 obj/default/score.o
                0x00821618                gameScores
 .sbss          0x0082161c        0xc obj/default/shark.o
                0x0082161c                sharkList
                0x00821620                deadSharkList
                0x00821624                sharkCount
 .sbss          0x00821628        0xc c:/altera/12.0sp2/nios2eds/bin/gnu/h-i686-mingw32/bin/../lib/gcc/nios2-elf/4.1.2/../../../../nios2-elf/lib\libc.a(lib_a-mallocr.o)
                0x00821628                __malloc_top_pad
                0x0082162c                __malloc_max_sbrked_mem
                0x00821630                __malloc_max_total_mem
 .sbss          0x00821634        0x4 c:/altera/12.0sp2/nios2eds/bin/gnu/h-i686-mingw32/bin/../lib/gcc/nios2-elf/4.1.2/../../../../nios2-elf/lib\libc.a(lib_a-int_errno.o)
                0x00821634                errno
 .sbss          0x00821638        0xc c:/altera/12.0sp2/nios2eds/bin/gnu/h-i686-mingw32/bin/../lib/gcc/nios2-elf/4.1.2/../../../../nios2-elf/lib\libc.a(lib_a-locale.o)
                0x00821638                __nlocale_changed
                0x0082163c                __mlocale_changed
                0x00821640                _PathLocale
 .sbss          0x00821644       0x10 C:/Users/SarahLynn/Documents/School/School3/EECE381/LSN/LSN_bsp/\libhal_bsp.a(alt_gettod.o)
                0x00821644                alt_timezone
                0x0082164c                alt_resettime
 .sbss          0x00821654        0x4 C:/Users/SarahLynn/Documents/School/School3/EECE381/LSN/LSN_bsp/\libhal_bsp.a(alt_irq_vars.o)
                0x00821654                alt_irq_active
 .sbss          0x00821658        0xc C:/Users/SarahLynn/Documents/School/School3/EECE381/LSN/LSN_bsp/\libhal_bsp.a(alt_main.o)
                0x00821658                alt_argc
                0x0082165c                alt_argv
                0x00821660                alt_envp
 .sbss          0x00821664        0x8 C:/Users/SarahLynn/Documents/School/School3/EECE381/LSN/LSN_bsp/\libhal_bsp.a(alt_tick.o)
                0x00821664                _alt_tick_rate
                0x00821668                _alt_nticks
 .sbss          0x0082166c        0x8 C:/Users/SarahLynn/Documents/School/School3/EECE381/LSN/LSN_bsp/\libhal_bsp.a(altera_avalon_timer_vars.o)
                0x0082166c                altera_avalon_timer_ts_base
                0x00821670                altera_avalon_timer_ts_freq
 .sbss          0x00821674       0x34 C:/Users/SarahLynn/Documents/School/School3/EECE381/LSN/LSN_bsp/\libhal_bsp.a(altera_up_sd_card_avalon_interface.o)
                0x00821674                initialized
                0x00821678                is_sd_card_formated_as_FAT16
                0x0082167c                aux_status_register
                0x00821680                status_register
                0x00821684                CSD_register_w0
                0x00821688                command_register
                0x0082168c                command_argument_register
                0x00821690                buffer_memory
                0x00821694                fat_partition_offset_in_512_byte_sectors
                0x00821698                fat_partition_size_in_512_byte_sectors
                0x0082169c                device_pointer
                0x008216a0                current_sector_modified
                0x008216a4                current_sector_index
 *(.sbss2 .sbss2.* .gnu.linkonce.sb2.*)
 *(.scommon)
                0x008216a8                PROVIDE (__sbss_end, ABSOLUTE (.))
                0x008216a8                PROVIDE (___sbss_end, ABSOLUTE (.))
 *(.dynbss)
 *(.bss .bss.* .gnu.linkonce.b.*)
 .bss           0x008216a8        0x0 C:/Users/SarahLynn/Documents/School/School3/EECE381/LSN/LSN_bsp//obj/HAL/src/crt0.o
 .bss           0x008216a8      0x200 obj/default/audio.o
 .bss           0x008218a8        0x0 obj/default/bmp.o
 .bss           0x008218a8        0x0 obj/default/bullet.o
 .bss           0x008218a8        0x0 obj/default/collision.o
 .bss           0x008218a8        0x0 obj/default/displacement.o
 .bss           0x008218a8        0x0 obj/default/gameEnd.o
 .bss           0x008218a8        0x0 obj/default/input.o
 .bss           0x008218a8        0x0 obj/default/main.o
 .bss           0x008218a8        0x0 obj/default/nado.o
 .bss           0x008218a8        0x0 obj/default/player.o
 .bss           0x008218a8        0x0 obj/default/score.o
 .bss           0x008218a8        0x0 obj/default/sd_card.o
 .bss           0x008218a8        0x0 obj/default/shark.o
 .bss           0x008218a8        0x0 obj/default/splash.o
 .bss           0x008218a8        0x0 obj/default/timer.o
 .bss           0x008218a8        0x0 obj/default/vga.o
 .bss           0x008218a8        0x0 c:/altera/12.0sp2/nios2eds/bin/gnu/h-i686-mingw32/bin/../lib/gcc/nios2-elf/4.1.2/../../../../nios2-elf/lib\libm.a(lib_a-w_pow.o)
 .bss           0x008218a8        0x0 c:/altera/12.0sp2/nios2eds/bin/gnu/h-i686-mingw32/bin/../lib/gcc/nios2-elf/4.1.2/../../../../nios2-elf/lib\libm.a(lib_a-e_pow.o)
 .bss           0x008218a8        0x0 c:/altera/12.0sp2/nios2eds/bin/gnu/h-i686-mingw32/bin/../lib/gcc/nios2-elf/4.1.2/../../../../nios2-elf/lib\libm.a(lib_a-e_sqrt.o)
 .bss           0x008218a8        0x0 c:/altera/12.0sp2/nios2eds/bin/gnu/h-i686-mingw32/bin/../lib/gcc/nios2-elf/4.1.2/../../../../nios2-elf/lib\libm.a(lib_a-s_fabs.o)