Archive member included because of file (symbol)

f:/windowsstuff/12.0/nios2eds/bin/gnu/h-i686-mingw32/bin/../lib/gcc/nios2-elf/4.1.2/../../../../nios2-elf/lib\libm.a(lib_a-s_sin.o)
                              obj/default/audio.o (sin)
f:/windowsstuff/12.0/nios2eds/bin/gnu/h-i686-mingw32/bin/../lib/gcc/nios2-elf/4.1.2/../../../../nios2-elf/lib\libm.a(lib_a-e_rem_pio2.o)
                              f:/windowsstuff/12.0/nios2eds/bin/gnu/h-i686-mingw32/bin/../lib/gcc/nios2-elf/4.1.2/../../../../nios2-elf/lib\libm.a(lib_a-s_sin.o) (__ieee754_rem_pio2)
f:/windowsstuff/12.0/nios2eds/bin/gnu/h-i686-mingw32/bin/../lib/gcc/nios2-elf/4.1.2/../../../../nios2-elf/lib\libm.a(lib_a-k_cos.o)
                              f:/windowsstuff/12.0/nios2eds/bin/gnu/h-i686-mingw32/bin/../lib/gcc/nios2-elf/4.1.2/../../../../nios2-elf/lib\libm.a(lib_a-s_sin.o) (__kernel_cos)
f:/windowsstuff/12.0/nios2eds/bin/gnu/h-i686-mingw32/bin/../lib/gcc/nios2-elf/4.1.2/../../../../nios2-elf/lib\libm.a(lib_a-k_rem_pio2.o)
                              f:/windowsstuff/12.0/nios2eds/bin/gnu/h-i686-mingw32/bin/../lib/gcc/nios2-elf/4.1.2/../../../../nios2-elf/lib\libm.a(lib_a-e_rem_pio2.o) (__kernel_rem_pio2)
f:/windowsstuff/12.0/nios2eds/bin/gnu/h-i686-mingw32/bin/../lib/gcc/nios2-elf/4.1.2/../../../../nios2-elf/lib\libm.a(lib_a-k_sin.o)
                              f:/windowsstuff/12.0/nios2eds/bin/gnu/h-i686-mingw32/bin/../lib/gcc/nios2-elf/4.1.2/../../../../nios2-elf/lib\libm.a(lib_a-s_sin.o) (__kernel_sin)
f:/windowsstuff/12.0/nios2eds/bin/gnu/h-i686-mingw32/bin/../lib/gcc/nios2-elf/4.1.2/../../../../nios2-elf/lib\libm.a(lib_a-s_fabs.o)
                              f:/windowsstuff/12.0/nios2eds/bin/gnu/h-i686-mingw32/bin/../lib/gcc/nios2-elf/4.1.2/../../../../nios2-elf/lib\libm.a(lib_a-e_rem_pio2.o) (fabs)
f:/windowsstuff/12.0/nios2eds/bin/gnu/h-i686-mingw32/bin/../lib/gcc/nios2-elf/4.1.2/../../../../nios2-elf/lib\libm.a(lib_a-s_floor.o)
                              f:/windowsstuff/12.0/nios2eds/bin/gnu/h-i686-mingw32/bin/../lib/gcc/nios2-elf/4.1.2/../../../../nios2-elf/lib\libm.a(lib_a-k_rem_pio2.o) (floor)
f:/windowsstuff/12.0/nios2eds/bin/gnu/h-i686-mingw32/bin/../lib/gcc/nios2-elf/4.1.2/../../../../nios2-elf/lib\libm.a(lib_a-s_scalbn.o)
                              f:/windowsstuff/12.0/nios2eds/bin/gnu/h-i686-mingw32/bin/../lib/gcc/nios2-elf/4.1.2/../../../../nios2-elf/lib\libm.a(lib_a-k_rem_pio2.o) (scalbn)
f:/windowsstuff/12.0/nios2eds/bin/gnu/h-i686-mingw32/bin/../lib/gcc/nios2-elf/4.1.2/../../../../nios2-elf/lib\libm.a(lib_a-s_copysign.o)
                              f:/windowsstuff/12.0/nios2eds/bin/gnu/h-i686-mingw32/bin/../lib/gcc/nios2-elf/4.1.2/../../../../nios2-elf/lib\libm.a(lib_a-s_scalbn.o) (copysign)
f:/windowsstuff/12.0/nios2eds/bin/gnu/h-i686-mingw32/bin/../lib/gcc/nios2-elf/4.1.2\libgcc.a(_fixunsdfsi.o)
                              obj/default/audio.o (__fixunsdfsi)
f:/windowsstuff/12.0/nios2eds/bin/gnu/h-i686-mingw32/bin/../lib/gcc/nios2-elf/4.1.2\libgcc.a(_div_sf.o)
                              obj/default/timer.o (__divsf3)
f:/windowsstuff/12.0/nios2eds/bin/gnu/h-i686-mingw32/bin/../lib/gcc/nios2-elf/4.1.2\libgcc.a(_si_to_sf.o)
                              obj/default/audio.o (__floatsisf)
f:/windowsstuff/12.0/nios2eds/bin/gnu/h-i686-mingw32/bin/../lib/gcc/nios2-elf/4.1.2\libgcc.a(_sf_to_df.o)
                              obj/default/audio.o (__extendsfdf2)
f:/windowsstuff/12.0/nios2eds/bin/gnu/h-i686-mingw32/bin/../lib/gcc/nios2-elf/4.1.2\libgcc.a(_thenan_sf.o)
                              f:/windowsstuff/12.0/nios2eds/bin/gnu/h-i686-mingw32/bin/../lib/gcc/nios2-elf/4.1.2\libgcc.a(_div_sf.o) (__thenan_sf)
f:/windowsstuff/12.0/nios2eds/bin/gnu/h-i686-mingw32/bin/../lib/gcc/nios2-elf/4.1.2\libgcc.a(_addsub_df.o)
                              f:/windowsstuff/12.0/nios2eds/bin/gnu/h-i686-mingw32/bin/../lib/gcc/nios2-elf/4.1.2/../../../../nios2-elf/lib\libm.a(lib_a-s_sin.o) (__subdf3)
f:/windowsstuff/12.0/nios2eds/bin/gnu/h-i686-mingw32/bin/../lib/gcc/nios2-elf/4.1.2\libgcc.a(_mul_df.o)
                              obj/default/audio.o (__muldf3)
f:/windowsstuff/12.0/nios2eds/bin/gnu/h-i686-mingw32/bin/../lib/gcc/nios2-elf/4.1.2\libgcc.a(_div_df.o)
                              obj/default/audio.o (__divdf3)
f:/windowsstuff/12.0/nios2eds/bin/gnu/h-i686-mingw32/bin/../lib/gcc/nios2-elf/4.1.2\libgcc.a(_eq_df.o)
                              f:/windowsstuff/12.0/nios2eds/bin/gnu/h-i686-mingw32/bin/../lib/gcc/nios2-elf/4.1.2/../../../../nios2-elf/lib\libm.a(lib_a-e_rem_pio2.o) (__eqdf2)
f:/windowsstuff/12.0/nios2eds/bin/gnu/h-i686-mingw32/bin/../lib/gcc/nios2-elf/4.1.2\libgcc.a(_gt_df.o)
                              f:/windowsstuff/12.0/nios2eds/bin/gnu/h-i686-mingw32/bin/../lib/gcc/nios2-elf/4.1.2/../../../../nios2-elf/lib\libm.a(lib_a-s_floor.o) (__gtdf2)
f:/windowsstuff/12.0/nios2eds/bin/gnu/h-i686-mingw32/bin/../lib/gcc/nios2-elf/4.1.2\libgcc.a(_ge_df.o)
[...]
Memory Configuration

Name             Origin             Length             Attributes
reset            0x00800000         0x00000020
sdram_0          0x00800020         0x007fffe0
*default*        0x00000000         0xffffffff

Linker script and memory map

LOAD C:/Users/jorde_000/Documents/GitHub/LSN//obj/HAL/src/crt0.o
LOAD obj/default/audio.o
LOAD obj/default/audio_up_hack.o
LOAD obj/default/bullet.o
LOAD obj/default/collision.o
LOAD obj/default/displacement.o
LOAD obj/default/hello_world.o
LOAD obj/default/player.o
LOAD obj/default/sd_card.o
LOAD obj/default/timer.o
LOAD obj/default/vga.o
LOAD f:/windowsstuff/12.0/nios2eds/bin/gnu/h-i686-mingw32/bin/../lib/gcc/nios2-elf/4.1.2/../../../../nios2-elf/lib\libstdc++.a
LOAD f:/windowsstuff/12.0/nios2eds/bin/gnu/h-i686-mingw32/bin/../lib/gcc/nios2-elf/4.1.2/../../../../nios2-elf/lib\libm.a
LOAD f:/windowsstuff/12.0/nios2eds/bin/gnu/h-i686-mingw32/bin/../lib/gcc/nios2-elf/4.1.2\libgcc.a
START GROUP
LOAD f:/windowsstuff/12.0/nios2eds/bin/gnu/h-i686-mingw32/bin/../lib/gcc/nios2-elf/4.1.2/../../../../nios2-elf/lib\libc.a
LOAD f:/windowsstuff/12.0/nios2eds/bin/gnu/h-i686-mingw32/bin/../lib/gcc/nios2-elf/4.1.2\libgcc.a
LOAD C:/Users/jorde_000/Documents/GitHub/LSN/\libhal_bsp.a
END GROUP
LOAD f:/windowsstuff/12.0/nios2eds/bin/gnu/h-i686-mingw32/bin/../lib/gcc/nios2-elf/4.1.2\libgcc.a
                0x00800000                __alt_mem_sdram_0 = 0x800000

.entry          0x00800000       0x20
 *(.entry)
 .entry         0x00800000       0x20 C:/Users/jorde_000/Documents/GitHub/LSN//obj/HAL/src/crt0.o
                0x00800000                __reset

.exceptions     0x00800020      0x198
                0x00800020                PROVIDE (__ram_exceptions_start, ABSOLUTE (.))
                0x00800020                . = ALIGN (0x20)
 *(.irq)
 *(.exceptions.entry.label)
 .exceptions.entry.label
                0x00800020        0x0 C:/Users/jorde_000/Documents/GitHub/LSN/\libhal_bsp.a(alt_irq_entry.o)
                0x00800020                alt_irq_entry
 .exceptions.entry.label
                0x00800020        0x0 C:/Users/jorde_000/Documents/GitHub/LSN/\libhal_bsp.a(alt_exception_entry.o)
                0x00800020                alt_exception
 *(.exceptions.entry.user)
 *(.exceptions.entry)
 .exceptions.entry
                0x00800020       0x54 C:/Users/jorde_000/Documents/GitHub/LSN/\libhal_bsp.a(alt_exception_entry.o)
 *(.exceptions.irqtest.user)
 *(.exceptions.irqtest)
 .exceptions.irqtest
                0x00800074       0x10 C:/Users/jorde_000/Documents/GitHub/LSN/\libhal_bsp.a(alt_irq_entry.o)
 *(.exceptions.irqhandler.user)
 *(.exceptions.irqhandler)
 .exceptions.irqhandler
                0x00800084        0x4 C:/Users/jorde_000/Documents/GitHub/LSN/\libhal_bsp.a(alt_irq_entry.o)
 *(.exceptions.irqreturn.user)
 *(.exceptions.irqreturn)
 .exceptions.irqreturn
                0x00800088        0x4 C:/Users/jorde_000/Documents/GitHub/LSN/\libhal_bsp.a(alt_irq_entry.o)
 *(.exceptions.notirq.label)
 .exceptions.notirq.label
                0x0080008c        0x0 C:/Users/jorde_000/Documents/GitHub/LSN/\libhal_bsp.a(alt_irq_entry.o)
 *(.exceptions.notirq.user)
 *(.exceptions.notirq)
 .exceptions.notirq
                0x0080008c        0x8 C:/Users/jorde_000/Documents/GitHub/LSN/\libhal_bsp.a(alt_exception_entry.o)
 *(.exceptions.soft.user)
 *(.exceptions.soft)
 *(.exceptions.unknown.user)
 *(.exceptions.unknown)
 .exceptions.unknown
                0x00800094        0x4 C:/Users/jorde_000/Documents/GitHub/LSN/\libhal_bsp.a(alt_exception_entry.o)
 *(.exceptions.exit.label)
 .exceptions.exit.label
                0x00800098        0x0 C:/Users/jorde_000/Documents/GitHub/LSN/\libhal_bsp.a(alt_irq_entry.o)
 .exceptions.exit.label
                0x00800098        0x0 C:/Users/jorde_000/Documents/GitHub/LSN/\libhal_bsp.a(alt_exception_entry.o)
 *(.exceptions.exit.user)
 *(.exceptions.exit)
 .exceptions.exit
                0x00800098       0x54 C:/Users/jorde_000/Documents/GitHub/LSN/\libhal_bsp.a(alt_exception_entry.o)
 *(.exceptions)
 .exceptions    0x008000ec       0xcc C:/Users/jorde_000/Documents/GitHub/LSN/\libhal_bsp.a(alt_irq_handler.o)
                0x008000ec                alt_irq_handler
                0x008001b8                PROVIDE (__ram_exceptions_end, ABSOLUTE (.))
                0x00800020                PROVIDE (__flash_exceptions_start, LOADADDR (.exceptions))

.text           0x008001b8    0x187f4
                0x008001b8                PROVIDE (stext, ABSOLUTE (.))
 *(.interp)
 *(.hash)
 *(.dynsym)
 *(.dynstr)
 *(.gnu.version)
 *(.gnu.version_d)
 *(.gnu.version_r)
 *(.rel.init)
 *(.rela.init)
 *(.rel.text .rel.text.* .rel.gnu.linkonce.t.*)
 *(.rela.text .rela.text.* .rela.gnu.linkonce.t.*)
 *(.rel.fini)
 *(.rela.fini)
 *(.rel.rodata .rel.rodata.* .rel.gnu.linkonce.r.*)
 *(.rela.rodata .rela.rodata.* .rela.gnu.linkonce.r.*)
 *(.rel.data .rel.data.* .rel.gnu.linkonce.d.*)
 *(.rela.data .rela.data.* .rela.gnu.linkonce.d.*)
 *(.rel.tdata .rel.tdata.* .rel.gnu.linkonce.td.*)
 *(.rela.tdata .rela.tdata.* .rela.gnu.linkonce.td.*)
 *(.rel.tbss .rel.tbss.* .rel.gnu.linkonce.tb.*)
 *(.rela.tbss .rela.tbss.* .rela.gnu.linkonce.tb.*)
 *(.rel.ctors)
 *(.rela.ctors)
 *(.rel.dtors)
 *(.rela.dtors)
 *(.rel.got)
 *(.rela.got)
 *(.rel.sdata .rel.sdata.* .rel.gnu.linkonce.s.*)
 *(.rela.sdata .rela.sdata.* .rela.gnu.linkonce.s.*)
 *(.rel.sbss .rel.sbss.* .rel.gnu.linkonce.sb.*)
 *(.rela.sbss .rela.sbss.* .rela.gnu.linkonce.sb.*)
 *(.rel.sdata2 .rel.sdata2.* .rel.gnu.linkonce.s2.*)
 *(.rela.sdata2 .rela.sdata2.* .rela.gnu.linkonce.s2.*)
 *(.rel.sbss2 .rel.sbss2.* .rel.gnu.linkonce.sb2.*)
 *(.rela.sbss2 .rela.sbss2.* .rela.gnu.linkonce.sb2.*)
 *(.rel.bss .rel.bss.* .rel.gnu.linkonce.b.*)
 *(.rela.bss .rela.bss.* .rela.gnu.linkonce.b.*)
 *(.rel.plt)
 *(.rela.plt)
 *(.rel.dyn)
 *(.init)
 *(.plt)
 *(.text .stub .text.* .gnu.linkonce.t.*)
 .text          0x008001b8       0x4c C:/Users/jorde_000/Documents/GitHub/LSN//obj/HAL/src/crt0.o
                0x008001b8                _start
 .text          0x00800204      0x940 obj/default/audio.o
                0x00800204                setupAudio
                0x00800470                setupAudioInterrupt
                0x008004c8                playAudioMono
                0x0080051c                playAudio
                0x008005ac                audioTest
                0x0080074c                testTone
                0x00800820                playLaser1
                0x0080092c                readWavFile
                0x00800a38                playLaser
 .text          0x00800b44        0x0 obj/default/audio_up_hack.o
 .text          0x00800b44      0x118 obj/default/bullet.o
                0x00800b44                drawBullet
                0x00800b9c                eraseBullet
                0x00800bf0                moveRight
 .text          0x00800c5c      0x150 obj/default/collision.o
                0x00800c5c                isBulletCollidingWithShark
                0x00800d04                isBulletCollidingWithPlayer
 .text          0x00800dac      0x660 obj/default/displacement.o
                0x00800dac                setupDisplacement
                0x00800e38                setupHorizontalDisplacementFunction
                0x00800f3c                setupCircularDisplacementFunction
                0x0080102c                setupArcDisplacementFunction
                0x008010e8                makeRight
                0x00801128                makeLeft
                0x00801168                makeUp
                0x008011a8                makeDown
                0x008011e8                makeDownRight
                0x00801228                makeDownLeft
                0x00801268                makeUpRight
                0x008012a8                makeUpLeft
                0x008012e8                setToRandomDisplacement
 .text          0x0080140c      0x3fc obj/default/hello_world.o
                0x0080140c                main
 .text          0x00801808      0x16c obj/default/player.o
                0x00801808                drawPlayer
                0x00801864                erasePlayer
                0x008018bc                moveUp
                0x00801918                moveDown
 .text          0x00801974      0x374 obj/default/sd_card.o
                0x00801974                openSdCard
                0x008019d4                openFile
                0x00801a14                closeFile
                0x00801a44                readByte
                0x00801a78                readWord
                0x00801b0c                readDWord
                0x00801be0                getWavFileLength
                0x00801c98                readPastWavHeader
 .text          0x00801ce8      0x360 obj/default/timer.o
                0x00801ce8                timer_test
                0x00801f78                setHardwareTimerPeriod
                0x00801fc0                isHardwareTimerRunning
                0x00801ff4                hasHardwareTimerExpired
                0x0080201c                startHardwareTimer
 .text          0x00802048      0x1a8 obj/default/vga.o
                0x00802048                setupVga
                0x008020c0                clearScreen
                0x008020fc                drawLine
                0x00802158                printLine
                0x00802194                drawBox
 .text          0x008021f0      0x16c f:/windowsstuff/12.0/nios2eds/bin/gnu/h-i686-mingw32/bin/../lib/gcc/nios2-elf/4.1.2/../../../../nios2-elf/lib\libm.a(lib_a-s_sin.o)
                0x008021f0                sin
 .text          0x0080235c      0x828 f:/windowsstuff/12.0/nios2eds/bin/gnu/h-i686-mingw32/bin/../lib/gcc/nios2-elf/4.1.2/../../../../nios2-elf/lib\libm.a(lib_a-e_rem_pio2.o)
                0x0080235c                __ieee754_rem_pio2
 .text          0x00802b84      0x52c f:/windowsstuff/12.0/nios2eds/bin/gnu/h-i686-mingw32/bin/../lib/gcc/nios2-elf/4.1.2/../../../../nios2-elf/lib\libm.a(lib_a-k_cos.o)
                0x00802b84                __kernel_cos
 .text          0x008030b0      0xe7c f:/windowsstuff/12.0/nios2eds/bin/gnu/h-i686-mingw32/bin/../lib/gcc/nios2-elf/4.1.2/../../../../nios2-elf/lib\libm.a(lib_a-k_rem_pio2.o)
                0x008030b0                __kernel_rem_pio2
 .text          0x00803f2c      0x318 f:/windowsstuff/12.0/nios2eds/bin/gnu/h-i686-mingw32/bin/../lib/gcc/nios2-elf/4.1.2/../../../../nios2-elf/lib\libm.a(lib_a-k_sin.o)
                0x00803f2c                __kernel_sin
 .text          0x00804244       0x18 f:/windowsstuff/12.0/nios2eds/bin/gnu/h-i686-mingw32/bin/../lib/gcc/nios2-elf/4.1.2/../../../../nios2-elf/lib\libm.a(lib_a-s_fabs.o)
                0x00804244                fabs
 .text          0x0080425c      0x224 f:/windowsstuff/12.0/nios2eds/bin/gnu/h-i686-mingw32/bin/../lib/gcc/nios2-elf/4.1.2/../../../../nios2-elf/lib\libm.a(lib_a-s_floor.o)
                0x0080425c                floor
 .text          0x00804480      0x1e0 f:/windowsstuff/12.0/nios2eds/bin/gnu/h-i686-mingw32/bin/../lib/gcc/nios2-elf/4.1.2/../../../../nios2-elf/lib\libm.a(lib_a-s_scalbn.o)
                0x00804480                scalbn
 .text          0x00804660       0x24 f:/windowsstuff/12.0/nios2eds/bin/gnu/h-i686-mingw32/bin/../lib/gcc/nios2-elf/4.1.2/../../../../nios2-elf/lib\libm.a(lib_a-s_copysign.o)
                0x00804660                copysign
 .text          0x00804684       0xa4 f:/windowsstuff/12.0/nios2eds/bin/gnu/h-i686-mingw32/bin/../lib/gcc/nios2-elf/4.1.2\libgcc.a(_fixunsdfsi.o)
                0x00804684                __fixunsdfsi
 .text          0x00804728      0x174 f:/windowsstuff/12.0/nios2eds/bin/gnu/h-i686-mingw32/bin/../lib/gcc/nios2-elf/4.1.2\libgcc.a(_div_sf.o)
                0x00804728                __divsf3
 .text          0x0080489c       0x98 f:/windowsstuff/12.0/nios2eds/bin/gnu/h-i686-mingw32/bin/../lib/gcc/nios2-elf/4.1.2\libgcc.a(_si_to_sf.o)
                0x0080489c                __floatsisf
 .text          0x00804934       0x54 f:/windowsstuff/12.0/nios2eds/bin/gnu/h-i686-mingw32/bin/../lib/gcc/nios2-elf/4.1.2\libgcc.a(_sf_to_df.o)
                0x00804934                __extendsfdf2
 .text          0x00804988        0x0 f:/windowsstuff/12.0/nios2eds/bin/gnu/h-i686-mingw32/bin/../lib/gcc/nios2-elf/4.1.2\libgcc.a(_thenan_sf.o)
 .text          0x00804988      0x504 f:/windowsstuff/12.0/nios2eds/bin/gnu/h-i686-mingw32/bin/../lib/gcc/nios2-elf/4.1.2\libgcc.a(_addsub_df.o)
                0x00804d98                __subdf3
                0x00804e18                __adddf3
 .text          0x00804e8c      0x3c4 f:/windowsstuff/12.0/nios2eds/bin/gnu/h-i686-mingw32/bin/../lib/gcc/nios2-elf/4.1.2\libgcc.a(_mul_df.o)
                0x00804e8c                __muldf3
 .text          0x00805250      0x258 f:/windowsstuff/12.0/nios2eds/bin/gnu/h-i686-mingw32/bin/../lib/gcc/nios2-elf/4.1.2\libgcc.a(_div_df.o)
                0x00805250                __divdf3
 .text          0x008054a8       0x88 f:/windowsstuff/12.0/nios2eds/bin/gnu/h-i686-mingw32/bin/../lib/gcc/nios2-elf/4.1.2\libgcc.a(_eq_df.o)
                0x008054a8                __eqdf2
 .text          0x00805530       0x88 f:/windowsstuff/12.0/nios2eds/bin/gnu/h-i686-mingw32/bin/../lib/gcc/nios2-elf/4.1.2\libgcc.a(_gt_df.o)
                0x00805530                __gtdf2
 .text          0x008055b8       0x88 f:/windowsstuff/12.0/nios2eds/bin/gnu/h-i686-mingw32/bin/../lib/gcc/nios2-elf/4.1.2\libgcc.a(_ge_df.o)
                0x008055b8                __gedf2
 .text          0x00805640       0xf8 f:/windowsstuff/12.0/nios2eds/bin/gnu/h-i686-mingw32/bin/../lib/gcc/nios2-elf/4.1.2\libgcc.a(_si_to_df.o)
                0x00805640                __floatsidf
 .text          0x00805738       0xd8 f:/windowsstuff/12.0/nios2eds/bin/gnu/h-i686-mingw32/bin/../lib/gcc/nios2-elf/4.1.2\libgcc.a(_df_to_si.o)
                0x00805738                __fixdfsi
 .text          0x00805810       0x38 f:/windowsstuff/12.0/nios2eds/bin/gnu/h-i686-mingw32/bin/../lib/gcc/nios2-elf/4.1.2\libgcc.a(_make_df.o)
                0x00805810                __make_dp
 .text          0x00805848        0x0 f:/windowsstuff/12.0/nios2eds/bin/gnu/h-i686-mingw32/bin/../lib/gcc/nios2-elf/4.1.2\libgcc.a(_thenan_df.o)
 .text          0x00805848      0x14c f:/windowsstuff/12.0/nios2eds/bin/gnu/h-i686-mingw32/bin/../lib/gcc/nios2-elf/4.1.2\libgcc.a(lib2-divmod.o)
                0x008058c4                __divsi3
                0x00805924                __modsi3
                0x00805984                __udivsi3
                0x0080598c                __umodsi3
 .text          0x00805994       0x98 f:/windowsstuff/12.0/nios2eds/bin/gnu/h-i686-mingw32/bin/../lib/gcc/nios2-elf/4.1.2\libgcc.a(_muldi3.o)
                0x00805994                __muldi3
 .text          0x00805a2c       0x80 f:/windowsstuff/12.0/nios2eds/bin/gnu/h-i686-mingw32/bin/../lib/gcc/nios2-elf/4.1.2\libgcc.a(_clzsi2.o)
                0x00805a2c                __clzsi2
 .text          0x00805aac      0x160 f:/windowsstuff/12.0/nios2eds/bin/gnu/h-i686-mingw32/bin/../lib/gcc/nios2-elf/4.1.2\libgcc.a(_pack_sf.o)
                0x00805aac                __pack_f
 .text          0x00805c0c       0xc8 f:/windowsstuff/12.0/nios2eds/bin/gnu/h-i686-mingw32/bin/../lib/gcc/nios2-elf/4.1.2\libgcc.a(_unpack_sf.o)
                0x00805c0c                __unpack_f
 .text          0x00805cd4      0x314 f:/windowsstuff/12.0/nios2eds/bin/gnu/h-i686-mingw32/bin/../lib/gcc/nios2-elf/4.1.2\libgcc.a(_pack_df.o)
                0x00805cd4                __pack_d
 .text          0x00805fe8      0x138 f:/windowsstuff/12.0/nios2eds/bin/gnu/h-i686-mingw32/bin/../lib/gcc/nios2-elf/4.1.2\libgcc.a(_unpack_df.o)
                0x00805fe8                __unpack_d
 .text          0x00806120       0xc8 f:/windowsstuff/12.0/nios2eds/bin/gnu/h-i686-mingw32/bin/../lib/gcc/nios2-elf/4.1.2\libgcc.a(_fpcmp_parts_df.o)
                0x00806120                __fpcmp_parts_d
 .text          0x008061e8        0x0 f:/windowsstuff/12.0/nios2eds/bin/gnu/h-i686-mingw32/bin/../lib/gcc/nios2-elf/4.1.2\libgcc.a(_clz.o)
 .text          0x008061e8       0x28 f:/windowsstuff/12.0/nios2eds/bin/gnu/h-i686-mingw32/bin/../lib/gcc/nios2-elf/4.1.2/../../../../nios2-elf/lib\libc.a(lib_a-malloc.o)
                0x008061e8                free
                0x008061fc                malloc
 .text          0x00806210      0x740 f:/windowsstuff/12.0/nios2eds/bin/gnu/h-i686-mingw32/bin/../lib/gcc/nios2-elf/4.1.2/../../../../nios2-elf/lib\libc.a(lib_a-mallocr.o)
                0x00806210                _malloc_r
 .text          0x00806950       0x78 f:/windowsstuff/12.0/nios2eds/bin/gnu/h-i686-mingw32/bin/../lib/gcc/nios2-elf/4.1.2/../../../../nios2-elf/lib\libc.a(lib_a-printf.o)
                0x00806950                printf
                0x00806994                _printf_r
 .text          0x008069c8       0xb4 f:/windowsstuff/12.0/nios2eds/bin/gnu/h-i686-mingw32/bin/../lib/gcc/nios2-elf/4.1.2/../../../../nios2-elf/lib\libc.a(lib_a-puts.o)
                0x008069c8                _puts_r
                0x00806a68                puts
 .text          0x00806a7c       0x94 f:/windowsstuff/12.0/nios2eds/bin/gnu/h-i686-mingw32/bin/../lib/gcc/nios2-elf/4.1.2/../../../../nios2-elf/lib\libc.a(lib_a-rand.o)
                0x00806a7c                srand
                0x00806a98                rand
 .text          0x00806b10       0x70 f:/windowsstuff/12.0/nios2eds/bin/gnu/h-i686-mingw32/bin/../lib/gcc/nios2-elf/4.1.2/../../../../nios2-elf/lib\libc.a(lib_a-sbrkr.o)
                0x00806b10                _sbrk_r
 .text          0x00806b80       0x74 f:/windowsstuff/12.0/nios2eds/bin/gnu/h-i686-mingw32/bin/../lib/gcc/nios2-elf/4.1.2/../../../../nios2-elf/lib\libc.a(lib_a-strlen.o)
                0x00806b80                strlen
 .text          0x00806bf4       0x5c f:/windowsstuff/12.0/nios2eds/bin/gnu/h-i686-mingw32/bin/../lib/gcc/nios2-elf/4.1.2/../../../../nios2-elf/lib\libc.a(lib_a-time.o)
                0x00806bf4                time
 .text          0x00806c50     0x1f28 f:/windowsstuff/12.0/nios2eds/bin/gnu/h-i686-mingw32/bin/../lib/gcc/nios2-elf/4.1.2/../../../../nios2-elf/lib\libc.a(lib_a-vfprintf.o)
                0x00806ca8                ___vfprintf_internal_r
                0x00808b54                __vfprintf_internal
 .text          0x00808b78      0x13c f:/windowsstuff/12.0/nios2eds/bin/gnu/h-i686-mingw32/bin/../lib/gcc/nios2-elf/4.1.2/../../../../nios2-elf/lib\libc.a(lib_a-wsetup.o)
                0x00808b78                __swsetup_r
 .text          0x00808cb4     0x17cc f:/windowsstuff/12.0/nios2eds/bin/gnu/h-i686-mingw32/bin/../lib/gcc/nios2-elf/4.1.2/../../../../nios2-elf/lib\libc.a(lib_a-dtoa.o)
                0x00808ecc                _dtoa_r
 .text          0x0080a480      0x230 f:/windowsstuff/12.0/nios2eds/bin/gnu/h-i686-mingw32/bin/../lib/gcc/nios2-elf/4.1.2/../../../../nios2-elf/lib\libc.a(lib_a-fflush.o)
                0x0080a480                _fflush_r
                0x0080a67c                fflush
 .text          0x0080a6b0      0x2c0 f:/windowsstuff/12.0/nios2eds/bin/gnu/h-i686-mingw32/bin/../lib/gcc/nios2-elf/4.1.2/../../../../nios2-elf/lib\libc.a(lib_a-findfp.o)
                0x0080a708                __sfp_lock_acquire
                0x0080a70c                __sfp_lock_release
                0x0080a710                __sinit_lock_acquire
                0x0080a714                __sinit_lock_release
                0x0080a718                __sinit
                0x0080a7cc                __fp_unlock_all
                0x0080a7e4                __fp_lock_all
                0x0080a7fc                _cleanup_r
                0x0080a808                _cleanup
                0x0080a818                __sfmoreglue
                0x0080a880                __sfp
 .text          0x0080a970      0x440 f:/windowsstuff/12.0/nios2eds/bin/gnu/h-i686-mingw32/bin/../lib/gcc/nios2-elf/4.1.2/../../../../nios2-elf/lib\libc.a(lib_a-freer.o)
                0x0080a970                _malloc_trim_r
                0x0080aa9c                _free_r
 .text          0x0080adb0      0x49c f:/windowsstuff/12.0/nios2eds/bin/gnu/h-i686-mingw32/bin/../lib/gcc/nios2-elf/4.1.2/../../../../nios2-elf/lib\libc.a(lib_a-fvwrite.o)
                0x0080adb0                __sfvwrite_r
 .text          0x0080b24c      0x180 f:/windowsstuff/12.0/nios2eds/bin/gnu/h-i686-mingw32/bin/../lib/gcc/nios2-elf/4.1.2/../../../../nios2-elf/lib\libc.a(lib_a-fwalk.o)
                0x0080b24c                _fwalk_reent
                0x0080b314                _fwalk
 .text          0x0080b3cc       0x74 f:/windowsstuff/12.0/nios2eds/bin/gnu/h-i686-mingw32/bin/../lib/gcc/nios2-elf/4.1.2/../../../../nios2-elf/lib\libc.a(lib_a-gettimeofdayr.o)
                0x0080b3cc                _gettimeofday_r
 .text          0x0080b440        0x0 f:/windowsstuff/12.0/nios2eds/bin/gnu/h-i686-mingw32/bin/../lib/gcc/nios2-elf/4.1.2/../../../../nios2-elf/lib\libc.a(lib_a-impure.o)
 .text          0x0080b440        0x0 f:/windowsstuff/12.0/nios2eds/bin/gnu/h-i686-mingw32/bin/../lib/gcc/nios2-elf/4.1.2/../../../../nios2-elf/lib\libc.a(lib_a-int_errno.o)
 .text          0x0080b440       0xc4 f:/windowsstuff/12.0/nios2eds/bin/gnu/h-i686-mingw32/bin/../lib/gcc/nios2-elf/4.1.2/../../../../nios2-elf/lib\libc.a(lib_a-locale.o)
                0x0080b440                __locale_charset
                0x0080b448                _localeconv_r
                0x0080b454                localeconv
                0x0080b464                _setlocale_r
                0x0080b4e8                setlocale
 .text          0x0080b504      0x194 f:/windowsstuff/12.0/nios2eds/bin/gnu/h-i686-mingw32/bin/../lib/gcc/nios2-elf/4.1.2/../../../../nios2-elf/lib\libc.a(lib_a-makebuf.o)
                0x0080b504                __smakebuf_r
 .text          0x0080b698       0xe4 f:/windowsstuff/12.0/nios2eds/bin/gnu/h-i686-mingw32/bin/../lib/gcc/nios2-elf/4.1.2/../../../../nios2-elf/lib\libc.a(lib_a-memchr.o)
                0x0080b698                memchr
 .text          0x0080b77c       0xa0 f:/windowsstuff/12.0/nios2eds/bin/gnu/h-i686-mingw32/bin/../lib/gcc/nios2-elf/4.1.2/../../../../nios2-elf/lib\libc.a(lib_a-memcpy.o)
                0x0080b77c                memcpy
 .text          0x0080b81c       0xe0 f:/windowsstuff/12.0/nios2eds/bin/gnu/h-i686-mingw32/bin/../lib/gcc/nios2-elf/4.1.2/../../../../nios2-elf/lib\libc.a(lib_a-memmove.o)
                0x0080b81c                memmove
 .text          0x0080b8fc       0x98 f:/windowsstuff/12.0/nios2eds/bin/gnu/h-i686-mingw32/bin/../lib/gcc/nios2-elf/4.1.2/../../../../nios2-elf/lib\libc.a(lib_a-memset.o)
                0x0080b8fc                memset
 .text          0x0080b994      0xff4 f:/windowsstuff/12.0/nios2eds/bin/gnu/h-i686-mingw32/bin/../lib/gcc/nios2-elf/4.1.2/../../../../nios2-elf/lib\libc.a(lib_a-mprec.o)
                0x0080b994                _Bfree
                0x0080b9bc                __hi0bits
                0x0080ba2c                __lo0bits
                0x0080baf0                __mcmp
                0x0080bb50                __ulp
                0x0080bbd0                __b2d
                0x0080bcf0                __ratio
                0x0080bda0                _mprec_log10
                0x0080be34                __copybits
                0x0080be8c                __any_on
                0x0080bf14                _Balloc
                0x0080bfd0                __d2b
                0x0080c14c                __mdiff
                0x0080c2d8                __lshift
                0x0080c424                __multiply
                0x0080c60c                __i2b
                0x0080c648                __multadd
                0x0080c748                __pow5mult
                0x0080c868                __s2b
 .text          0x0080c988      0x5f4 f:/windowsstuff/12.0/nios2eds/bin/gnu/h-i686-mingw32/bin/../lib/gcc/nios2-elf/4.1.2/../../../../nios2-elf/lib\libc.a(lib_a-reallocr.o)
                0x0080c988                _realloc_r
 .text          0x0080cf7c       0x40 f:/windowsstuff/12.0/nios2eds/bin/gnu/h-i686-mingw32/bin/../lib/gcc/nios2-elf/4.1.2/../../../../nios2-elf/lib\libc.a(lib_a-s_isinfd.o)
                0x0080cf7c                __isinfd
 .text          0x0080cfbc       0x30 f:/windowsstuff/12.0/nios2eds/bin/gnu/h-i686-mingw32/bin/../lib/gcc/nios2-elf/4.1.2/../../../../nios2-elf/lib\libc.a(lib_a-s_isnand.o)
                0x0080cfbc                __isnand
 .text          0x0080cfec      0x14c f:/windowsstuff/12.0/nios2eds/bin/gnu/h-i686-mingw32/bin/../lib/gcc/nios2-elf/4.1.2/../../../../nios2-elf/lib\libc.a(lib_a-stdio.o)
                0x0080cfec                __sclose
                0x0080cff4                __sseek
                0x0080d05c                __swrite
                0x0080d0d8                __sread
 .text          0x0080d138       0xbc f:/windowsstuff/12.0/nios2eds/bin/gnu/h-i686-mingw32/bin/../lib/gcc/nios2-elf/4.1.2/../../../../nios2-elf/lib\libc.a(lib_a-strcmp.o)
                0x0080d138                strcmp
 .text          0x0080d1f4       0x78 f:/windowsstuff/12.0/nios2eds/bin/gnu/h-i686-mingw32/bin/../lib/gcc/nios2-elf/4.1.2/../../../../nios2-elf/lib\libc.a(lib_a-writer.o)
                0x0080d1f4                _write_r
 .text          0x0080d26c       0xb4 f:/windowsstuff/12.0/nios2eds/bin/gnu/h-i686-mingw32/bin/../lib/gcc/nios2-elf/4.1.2/../../../../nios2-elf/lib\libc.a(lib_a-callocr.o)
                0x0080d26c                _calloc_r
 .text          0x0080d320       0x70 f:/windowsstuff/12.0/nios2eds/bin/gnu/h-i686-mingw32/bin/../lib/gcc/nios2-elf/4.1.2/../../../../nios2-elf/lib\libc.a(lib_a-closer.o)
                0x0080d320                _close_r
 .text          0x0080d390      0x124 f:/windowsstuff/12.0/nios2eds/bin/gnu/h-i686-mingw32/bin/../lib/gcc/nios2-elf/4.1.2/../../../../nios2-elf/lib\libc.a(lib_a-fclose.o)
                0x0080d390                _fclose_r
                0x0080d4a0                fclose
 .text          0x0080d4b4       0x74 f:/windowsstuff/12.0/nios2eds/bin/gnu/h-i686-mingw32/bin/../lib/gcc/nios2-elf/4.1.2/../../../../nios2-elf/lib\libc.a(lib_a-fstatr.o)
                0x0080d4b4                _fstat_r
 .text          0x0080d528       0x70 f:/windowsstuff/12.0/nios2eds/bin/gnu/h-i686-mingw32/bin/../lib/gcc/nios2-elf/4.1.2/../../../../nios2-elf/lib\libc.a(lib_a-isattyr.o)
                0x0080d528                _isatty_r
 .text          0x0080d598       0x78 f:/windowsstuff/12.0/nios2eds/bin/gnu/h-i686-mingw32/bin/../lib/gcc/nios2-elf/4.1.2/../../../../nios2-elf/lib\libc.a(lib_a-lseekr.o)
                0x0080d598                _lseek_r
 .text          0x0080d610       0x78 f:/windowsstuff/12.0/nios2eds/bin/gnu/h-i686-mingw32/bin/../lib/gcc/nios2-elf/4.1.2/../../../../nios2-elf/lib\libc.a(lib_a-readr.o)
                0x0080d610                _read_r
 .text          0x0080d688      0x5dc f:/windowsstuff/12.0/nios2eds/bin/gnu/h-i686-mingw32/bin/../lib/gcc/nios2-elf/4.1.2\libgcc.a(_udivdi3.o)
                0x0080d688                __udivdi3
 .text          0x0080dc64      0x5b0 f:/windowsstuff/12.0/nios2eds/bin/gnu/h-i686-mingw32/bin/../lib/gcc/nios2-elf/4.1.2\libgcc.a(_umoddi3.o)
                0x0080dc64                __umoddi3
 .text          0x0080e214       0x88 f:/windowsstuff/12.0/nios2eds/bin/gnu/h-i686-mingw32/bin/../lib/gcc/nios2-elf/4.1.2\libgcc.a(_ne_df.o)
                0x0080e214                __nedf2
 .text          0x0080e29c       0x88 f:/windowsstuff/12.0/nios2eds/bin/gnu/h-i686-mingw32/bin/../lib/gcc/nios2-elf/4.1.2\libgcc.a(_lt_df.o)
                0x0080e29c                __ltdf2
 .text          0x0080e324      0x194 f:/windowsstuff/12.0/nios2eds/bin/gnu/h-i686-mingw32/bin/../lib/gcc/nios2-elf/4.1.2\libgcc.a(_usi_to_df.o)
                0x0080e324                __floatunsidf
 .text          0x0080e4b8      0x15c C:/Users/jorde_000/Documents/GitHub/LSN/\libhal_bsp.a(alt_close.o)
                0x0080e4b8                close
 .text          0x0080e614       0x2c C:/Users/jorde_000/Documents/GitHub/LSN/\libhal_bsp.a(alt_dev.o)
 .text          0x0080e640        0x0 C:/Users/jorde_000/Documents/GitHub/LSN/\libhal_bsp.a(alt_errno.o)
 .text          0x0080e640      0x134 C:/Users/jorde_000/Documents/GitHub/LSN/\libhal_bsp.a(alt_fstat.o)
                0x0080e640                fstat
 .text          0x0080e774      0x21c C:/Users/jorde_000/Documents/GitHub/LSN/\libhal_bsp.a(alt_gettod.o)
                0x0080e774                gettimeofday
 .text          0x0080e990      0x1c0 C:/Users/jorde_000/Documents/GitHub/LSN/\libhal_bsp.a(alt_irq_register.o)
                0x0080e990                alt_irq_register
 .text          0x0080eb50        0x0 C:/Users/jorde_000/Documents/GitHub/LSN/\libhal_bsp.a(alt_irq_vars.o)
 .text          0x0080eb50      0x120 C:/Users/jorde_000/Documents/GitHub/LSN/\libhal_bsp.a(alt_isatty.o)
                0x0080eb50                isatty
 .text          0x0080ec70       0xec C:/Users/jorde_000/Documents/GitHub/LSN/\libhal_bsp.a(alt_load.o)
                0x0080ec70                alt_load
 .text          0x0080ed5c      0x150 C:/Users/jorde_000/Documents/GitHub/LSN/\libhal_bsp.a(alt_lseek.o)
                0x0080ed5c                lseek
 .text          0x0080eeac       0x6c C:/Users/jorde_000/Documents/GitHub/LSN/\libhal_bsp.a(alt_main.o)
                0x0080eeac                alt_main
 .text          0x0080ef18       0x40 C:/Users/jorde_000/Documents/GitHub/LSN/\libhal_bsp.a(alt_malloc_lock.o)
                0x0080ef18                __malloc_lock
                0x0080ef38                __malloc_unlock
 .text          0x0080ef58      0x180 C:/Users/jorde_000/Documents/GitHub/LSN/\libhal_bsp.a(alt_read.o)
                0x0080ef58                read
 .text          0x0080f0d8       0x60 C:/Users/jorde_000/Documents/GitHub/LSN/\libhal_bsp.a(alt_release_fd.o)
                0x0080f0d8                alt_release_fd
 .text          0x0080f138       0xbc C:/Users/jorde_000/Documents/GitHub/LSN/\libhal_bsp.a(alt_sbrk.o)
                0x0080f138                sbrk
 .text          0x0080f1f4      0x1a4 C:/Users/jorde_000/Documents/GitHub/LSN/\libhal_bsp.a(alt_tick.o)
                0x0080f1f4                alt_alarm_stop
                0x0080f28c                alt_tick
 .text          0x0080f398       0x30 C:/Users/jorde_000/Documents/GitHub/LSN/\libhal_bsp.a(alt_usleep.o)
                0x0080f398                usleep
 .text          0x0080f3c8      0x180 C:/Users/jorde_000/Documents/GitHub/LSN/\libhal_bsp.a(alt_write.o)
                0x0080f3c8                write
 .text          0x0080f548      0x3e0 C:/Users/jorde_000/Documents/GitHub/LSN/\libhal_bsp.a(alt_sys_init.o)
                0x0080f548                alt_irq_init
                0x0080f57c                alt_sys_init
 .text          0x0080f928      0x148 C:/Users/jorde_000/Documents/GitHub/LSN/\libhal_bsp.a(altera_avalon_jtag_uart_fd.o)
                0x0080f928                altera_avalon_jtag_uart_read_fd
                0x0080f980                altera_avalon_jtag_uart_write_fd
                0x0080f9d8                altera_avalon_jtag_uart_close_fd
                0x0080fa20                altera_avalon_jtag_uart_ioctl_fd
 .text          0x0080fa70      0x408 C:/Users/jorde_000/Documents/GitHub/LSN/\libhal_bsp.a(altera_avalon_jtag_uart_init.o)
                0x0080fa70                altera_avalon_jtag_uart_init
                0x0080fe04                altera_avalon_jtag_uart_close
 .text          0x0080fe78       0xf4 C:/Users/jorde_000/Documents/GitHub/LSN/\libhal_bsp.a(altera_avalon_jtag_uart_ioctl.o)
                0x0080fe78                altera_avalon_jtag_uart_ioctl
 .text          0x0080ff6c      0x224 C:/Users/jorde_000/Documents/GitHub/LSN/\libhal_bsp.a(altera_avalon_jtag_uart_read.o)
                0x0080ff6c                altera_avalon_jtag_uart_read
 .text          0x00810190      0x240 C:/Users/jorde_000/Documents/GitHub/LSN/\libhal_bsp.a(altera_avalon_jtag_uart_write.o)
                0x00810190                altera_avalon_jtag_uart_write
 .text          0x008103d0       0xfc C:/Users/jorde_000/Documents/GitHub/LSN/\libhal_bsp.a(altera_avalon_timer_sc.o)
                0x00810444                alt_avalon_timer_sc_init
 .text          0x008104cc      0x168 C:/Users/jorde_000/Documents/GitHub/LSN/\libhal_bsp.a(altera_avalon_timer_ts.o)
                0x008104cc                alt_timestamp_start
                0x00810570                alt_timestamp
                0x0081060c                alt_timestamp_freq
 .text          0x00810634        0x0 C:/Users/jorde_000/Documents/GitHub/LSN/\libhal_bsp.a(altera_avalon_timer_vars.o)
 .text          0x00810634      0x80c C:/Users/jorde_000/Documents/GitHub/LSN/\libhal_bsp.a(altera_up_avalon_audio.o)
                0x00810634                alt_up_audio_open_dev
                0x00810674                alt_up_audio_enable_read_interrupt
                0x008106c0                alt_up_audio_disable_read_interrupt
                0x00810710                alt_up_audio_enable_write_interrupt
                0x0081075c                alt_up_audio_disable_write_interrupt
                0x008107ac                alt_up_audio_read_interrupt_pending
                0x008107e8                alt_up_audio_write_interrupt_pending
                0x00810824                alt_up_audio_reset_audio_core
                0x008108ac                alt_up_audio_read_fifo_avail
                0x0081091c                alt_up_audio_record_r
                0x0081098c                alt_up_audio_record_l
                0x008109fc                alt_up_audio_write_fifo_space
                0x00810a70                alt_up_audio_play_r
                0x00810ae0                alt_up_audio_play_l
                0x00810b50                alt_up_audio_read_fifo
                0x00810c54                alt_up_audio_write_fifo
                0x00810d80                alt_up_audio_read_fifo_head
                0x00810de0                alt_up_audio_write_fifo_head
 .text          0x00810e40      0x788 C:/Users/jorde_000/Documents/GitHub/LSN/\libhal_bsp.a(altera_up_avalon_audio_and_video_config.o)
                0x00810e40                alt_up_av_config_open_dev
                0x00810ea4                alt_up_av_config_write_data
                0x00810f08                alt_up_av_config_read_data
                0x00810f94                alt_up_av_config_reset
                0x00810fcc                alt_up_av_config_enable_interrupt
                0x00811004                alt_up_av_config_disable_interrupt
                0x00811034                alt_up_av_config_read_acknowledge
                0x0081109c                alt_up_av_config_read_ready
                0x008110d4                alt_up_av_config_write_audio_cfg_register
                0x00811180                alt_up_av_config_read_video_cfg_register
                0x00811278                alt_up_av_config_write_video_cfg_register
                0x00811370                alt_up_av_config_read_DC2_cfg_register
                0x008113d4                alt_up_av_config_write_DC2_cfg_register
                0x00811438                alt_up_av_config_read_D5M_cfg_register
                0x0081149c                alt_up_av_config_write_D5M_cfg_register
                0x00811500                alt_up_av_config_read_LTM_cfg_register
                0x00811564                alt_up_av_config_write_LTM_cfg_register
 .text          0x008115c8      0x530 C:/Users/jorde_000/Documents/GitHub/LSN/\libhal_bsp.a(altera_up_avalon_character_lcd.o)
                0x008115c8                get_DDRAM_addr
                0x00811644                alt_up_character_lcd_send_cmd
                0x00811678                alt_up_character_lcd_init
                0x008116ac                alt_up_character_lcd_open_dev
                0x008116ec                alt_up_character_lcd_write
                0x00811764                alt_up_character_lcd_string
                0x008117dc                alt_up_character_lcd_write_fd
                0x00811828                alt_up_character_lcd_set_cursor_pos
                0x008118a0                alt_up_character_lcd_shift_cursor
                0x00811950                alt_up_character_lcd_shift_display
                0x00811a00                alt_up_character_lcd_erase_pos
                0x00811a90                alt_up_character_lcd_cursor_off
                0x00811ac4                alt_up_character_lcd_cursor_blink_on
 .text          0x00811af8      0x304 C:/Users/jorde_000/Documents/GitHub/LSN/\libhal_bsp.a(altera_up_avalon_video_character_buffer_with_dma.o)
                0x00811af8                alt_up_char_buffer_init
                0x00811b7c                alt_up_char_buffer_open_dev
                0x00811bbc                alt_up_char_buffer_draw
                0x00811c8c                alt_up_char_buffer_string
                0x00811da0                alt_up_char_buffer_clear
 .text          0x00811dfc     0x156c C:/Users/jorde_000/Documents/GitHub/LSN/\libhal_bsp.a(altera_up_avalon_video_pixel_buffer_dma.o)
                0x00811dfc                alt_up_pixel_buffer_dma_open_dev
                0x00811e3c                alt_up_pixel_buffer_dma_draw
                0x00811fdc                alt_up_pixel_buffer_dma_change_back_buffer_address
                0x00812034                alt_up_pixel_buffer_dma_swap_buffers
                0x0081208c                alt_up_pixel_buffer_dma_check_swap_buffers_status
                0x008120c0                alt_up_pixel_buffer_dma_clear_screen
                0x00812224                alt_up_pixel_buffer_dma_draw_box
                0x00812718                alt_up_pixel_buffer_dma_draw_hline
                0x00812a68                alt_up_pixel_buffer_dma_draw_vline
                0x00812e38                alt_up_pixel_buffer_dma_draw_rectangle
                0x00812efc                helper_plot_pixel
                0x00812fcc                alt_up_pixel_buffer_dma_draw_line
 .text          0x00813368     0x45c0 C:/Users/jorde_000/Documents/GitHub/LSN/\libhal_bsp.a(altera_up_sd_card_avalon_interface.o)
                0x00813368                Write_Sector_Data
                0x00813430                Save_Modified_Sector
                0x00813480                Read_Sector_Data
                0x0081357c                get_cluster_flag
                0x00813634                mark_cluster
                0x00813718                Check_for_Master_Boot_Record
                0x008138c8                Read_File_Record_At_Offset
                0x00813b4c                Write_File_Record_At_Offset
                0x00813e04                Check_for_DOS_FAT
                0x0081444c                Look_for_FAT16
                0x00814550                filename_to_upper_case
                0x00814620                check_file_name_for_FAT16_compliance
                0x008148b0                get_dir_divider_location
                0x00814970                match_file_record_to_name_ext
                0x00814c5c                get_home_directory_cluster_for_file
                0x00815170                find_file_in_directory
                0x008155d4                find_first_empty_cluster
                0x00815778                find_first_empty_record_in_a_subdirectory
                0x008159c4                find_first_empty_record_in_root_directory
                0x00815af0                convert_filename_to_name_extension
                0x00815ca8                create_file
                0x00815f7c                copy_file_record_name_to_string
                0x008160d0                alt_up_sd_card_open_dev
                0x00816194                alt_up_sd_card_is_Present
                0x0081625c                alt_up_sd_card_is_FAT16
                0x008162d0                alt_up_sd_card_find_first
                0x008163a4                alt_up_sd_card_find_next
                0x00816754                alt_up_sd_card_fopen
                0x00816afc                alt_up_sd_card_set_attributes
                0x00816b8c                alt_up_sd_card_get_attributes
                0x00816c18                alt_up_sd_card_read
                0x00816fac                alt_up_sd_card_write
                0x008175d0                alt_up_sd_card_fclose
                0x0081779c                Read_Sector_Data_CRC
                0x00817898                Read_Sector_Data_Attempt_CRC
 .text          0x00817928      0x154 C:/Users/jorde_000/Documents/GitHub/LSN/\libhal_bsp.a(alt_alarm_start.o)
                0x00817928                alt_alarm_start
 .text          0x00817a7c      0x14c C:/Users/jorde_000/Documents/GitHub/LSN/\libhal_bsp.a(alt_busy_sleep.o)
                0x00817a7c                alt_busy_sleep
 .text          0x00817bc8       0x44 C:/Users/jorde_000/Documents/GitHub/LSN/\libhal_bsp.a(alt_dcache_flush_all.o)
                0x00817bc8                alt_dcache_flush_all
 .text          0x00817c0c      0x114 C:/Users/jorde_000/Documents/GitHub/LSN/\libhal_bsp.a(alt_dev_llist_insert.o)
                0x00817c0c                alt_dev_llist_insert
 .text          0x00817d20       0x64 C:/Users/jorde_000/Documents/GitHub/LSN/\libhal_bsp.a(alt_do_ctors.o)
                0x00817d20                _do_ctors
 .text          0x00817d84       0x64 C:/Users/jorde_000/Documents/GitHub/LSN/\libhal_bsp.a(alt_do_dtors.o)
                0x00817d84                _do_dtors
 .text          0x00817de8       0x94 C:/Users/jorde_000/Documents/GitHub/LSN/\libhal_bsp.a(alt_find_dev.o)
                0x00817de8                alt_find_dev
 .text          0x00817e7c       0x30 C:/Users/jorde_000/Documents/GitHub/LSN/\libhal_bsp.a(alt_icache_flush_all.o)
                0x00817e7c                alt_icache_flush_all
 .text          0x00817eac      0x13c C:/Users/jorde_000/Documents/GitHub/LSN/\libhal_bsp.a(alt_io_redirect.o)
                0x00817f70                alt_io_redirect
 .text          0x00817fe8        0x0 C:/Users/jorde_000/Documents/GitHub/LSN/\libhal_bsp.a(alt_irq_entry.o)
 .text          0x00817fe8        0x0 C:/Users/jorde_000/Documents/GitHub/LSN/\libhal_bsp.a(alt_irq_handler.o)
 .text          0x00817fe8      0x2c4 C:/Users/jorde_000/Documents/GitHub/LSN/\libhal_bsp.a(alt_open.o)
                0x008180c4                open
 .text          0x008182ac       0x20 C:/Users/jorde_000/Documents/GitHub/LSN/\libhal_bsp.a(altera_nios2_qsys_irq.o)
                0x008182ac                altera_nios2_qsys_irq_init
 .text          0x008182cc        0x0 C:/Users/jorde_000/Documents/GitHub/LSN/\libhal_bsp.a(alt_exception_entry.o)
 .text          0x008182cc      0x120 C:/Users/jorde_000/Documents/GitHub/LSN/\libhal_bsp.a(alt_find_file.o)
                0x008182cc                alt_find_file
 .text          0x008183ec       0xb8 C:/Users/jorde_000/Documents/GitHub/LSN/\libhal_bsp.a(alt_get_fd.o)
                0x008183ec                alt_get_fd
 .text          0x008184a4       0x90 C:/Users/jorde_000/Documents/GitHub/LSN/\libhal_bsp.a(alt_icache_flush.o)
                0x008184a4                alt_icache_flush
 .text          0x00818534       0x14 f:/windowsstuff/12.0/nios2eds/bin/gnu/h-i686-mingw32/bin/../lib/gcc/nios2-elf/4.1.2/../../../../nios2-elf/lib\libc.a(lib_a-atexit.o)
                0x00818534                atexit
 .text          0x00818548       0x38 f:/windowsstuff/12.0/nios2eds/bin/gnu/h-i686-mingw32/bin/../lib/gcc/nios2-elf/4.1.2/../../../../nios2-elf/lib\libc.a(lib_a-exit.o)
                0x00818548                exit
 .text          0x00818580       0x74 f:/windowsstuff/12.0/nios2eds/bin/gnu/h-i686-mingw32/bin/../lib/gcc/nios2-elf/4.1.2/../../../../nios2-elf/lib\libc.a(lib_a-memcmp.o)
                0x00818580                memcmp
 .text          0x008185f4      0x134 f:/windowsstuff/12.0/nios2eds/bin/gnu/h-i686-mingw32/bin/../lib/gcc/nios2-elf/4.1.2/../../../../nios2-elf/lib\libc.a(lib_a-__atexit.o)
                0x008185f4                __register_exitproc
 .text          0x00818728      0x1b4 f:/windowsstuff/12.0/nios2eds/bin/gnu/h-i686-mingw32/bin/../lib/gcc/nios2-elf/4.1.2/../../../../nios2-elf/lib\libc.a(lib_a-__call_atexit.o)
                0x0081872c                __call_exitprocs
 .text          0x008188dc       0x60 C:/Users/jorde_000/Documents/GitHub/LSN/\libhal_bsp.a(alt_exit.o)
                0x0081891c                _exit
 *(.gnu.warning.*)
 *(.fini)
                0x0081893c                PROVIDE (__etext, ABSOLUTE (.))
                0x0081893c                PROVIDE (_etext, ABSOLUTE (.))
                0x0081893c                PROVIDE (etext, ABSOLUTE (.))
 *(.eh_frame_hdr)
                0x0081893c                . = ALIGN (0x4)
                0x0081893c                PROVIDE (__preinit_array_start, ABSOLUTE (.))
 *(.preinit_array)
                0x0081893c                PROVIDE (__preinit_array_end, ABSOLUTE (.))
                0x0081893c                PROVIDE (__init_array_start, ABSOLUTE (.))
 *(.init_array)
                0x0081893c                PROVIDE (__init_array_end, ABSOLUTE (.))
                0x0081893c                PROVIDE (__fini_array_start, ABSOLUTE (.))
 *(.fini_array)
                0x0081893c                PROVIDE (__fini_array_end, ABSOLUTE (.))
 *(.eh_frame)
 .eh_frame      0x0081893c       0x40 f:/windowsstuff/12.0/nios2eds/bin/gnu/h-i686-mingw32/bin/../lib/gcc/nios2-elf/4.1.2\libgcc.a(_udivdi3.o)
 .eh_frame      0x0081897c       0x2c f:/windowsstuff/12.0/nios2eds/bin/gnu/h-i686-mingw32/bin/../lib/gcc/nios2-elf/4.1.2\libgcc.a(_umoddi3.o)
                                 0x40 (size before relaxing)
 *(.gcc_except_table)
 *(.dynamic)
                0x008189a8                PROVIDE (__CTOR_LIST__, ABSOLUTE (.))
 *(.ctors)
 *(SORT(.ctors.*))
 .ctors.65535   0x008189a8        0x4 f:/windowsstuff/12.0/nios2eds/bin/gnu/h-i686-mingw32/bin/../lib/gcc/nios2-elf/4.1.2/../../../../nios2-elf/lib\libc.a(lib_a-__call_atexit.o)
                0x008189ac                PROVIDE (__CTOR_END__, ABSOLUTE (.))
                0x008189ac                PROVIDE (__DTOR_LIST__, ABSOLUTE (.))
 *(.dtors)
 *(SORT(.dtors.*))
                0x008189ac                PROVIDE (__DTOR_END__, ABSOLUTE (.))
 *(.jcr)
                0x008189ac                . = ALIGN (0x4)

.rodata         0x008189ac      0xba4
                0x008189ac                PROVIDE (__ram_rodata_start, ABSOLUTE (.))
                0x008189ac                . = ALIGN (0x4)
 *(.rodata .rodata.* .gnu.linkonce.r.*)
 .rodata        0x008189ac      0x210 obj/default/audio.o
 .rodata        0x00818bbc       0x20 obj/default/displacement.o
 .rodata        0x00818bdc       0xa4 obj/default/hello_world.o
 .rodata        0x00818c80       0x94 obj/default/sd_card.o
 .rodata        0x00818d14      0x1ec obj/default/timer.o
 .rodata        0x00818f00       0x50 obj/default/vga.o
 .rodata        0x00818f50      0x188 f:/windowsstuff/12.0/nios2eds/bin/gnu/h-i686-mingw32/bin/../lib/gcc/nios2-elf/4.1.2/../../../../nios2-elf/lib\libm.a(lib_a-e_rem_pio2.o)
 .rodata        0x008190d8       0x50 f:/windowsstuff/12.0/nios2eds/bin/gnu/h-i686-mingw32/bin/../lib/gcc/nios2-elf/4.1.2/../../../../nios2-elf/lib\libm.a(lib_a-k_rem_pio2.o)
 .rodata        0x00819128       0x10 f:/windowsstuff/12.0/nios2eds/bin/gnu/h-i686-mingw32/bin/../lib/gcc/nios2-elf/4.1.2\libgcc.a(_thenan_sf.o)
                0x00819128                __thenan_sf
 .rodata        0x00819138       0x14 f:/windowsstuff/12.0/nios2eds/bin/gnu/h-i686-mingw32/bin/../lib/gcc/nios2-elf/4.1.2\libgcc.a(_thenan_df.o)
                0x00819138                __thenan_df
 .rodata        0x0081914c      0x100 f:/windowsstuff/12.0/nios2eds/bin/gnu/h-i686-mingw32/bin/../lib/gcc/nios2-elf/4.1.2\libgcc.a(_clz.o)
                0x0081914c                __clz_tab
 .rodata.str1.4
                0x0081924c        0x2 f:/windowsstuff/12.0/nios2eds/bin/gnu/h-i686-mingw32/bin/../lib/gcc/nios2-elf/4.1.2/../../../../nios2-elf/lib\libc.a(lib_a-puts.o)
                                  0x4 (size before relaxing)
 *fill*         0x0081924e        0x2 00
 .rodata.str1.4
                0x00819250       0x5e f:/windowsstuff/12.0/nios2eds/bin/gnu/h-i686-mingw32/bin/../lib/gcc/nios2-elf/4.1.2/../../../../nios2-elf/lib\libc.a(lib_a-vfprintf.o)
                                 0x60 (size before relaxing)
 .rodata        0x008192ae       0x20 f:/windowsstuff/12.0/nios2eds/bin/gnu/h-i686-mingw32/bin/../lib/gcc/nios2-elf/4.1.2/../../../../nios2-elf/lib\libc.a(lib_a-vfprintf.o)
 *fill*         0x008192ce        0x2 00
 .rodata.str1.4
                0x008192d0       0x10 f:/windowsstuff/12.0/nios2eds/bin/gnu/h-i686-mingw32/bin/../lib/gcc/nios2-elf/4.1.2/../../../../nios2-elf/lib\libc.a(lib_a-dtoa.o)
                                 0x14 (size before relaxing)
 .rodata.str1.4
                0x008192e0        0x2 f:/windowsstuff/12.0/nios2eds/bin/gnu/h-i686-mingw32/bin/../lib/gcc/nios2-elf/4.1.2/../../../../nios2-elf/lib\libc.a(lib_a-impure.o)
                                  0x4 (size before relaxing)
 *fill*         0x008192e2        0x2 00
 .rodata.str1.4
                0x008192e4       0x10 f:/windowsstuff/12.0/nios2eds/bin/gnu/h-i686-mingw32/bin/../lib/gcc/nios2-elf/4.1.2/../../../../nios2-elf/lib\libc.a(lib_a-locale.o)
                                 0x18 (size before relaxing)
 .rodata        0x008192f4       0x30 f:/windowsstuff/12.0/nios2eds/bin/gnu/h-i686-mingw32/bin/../lib/gcc/nios2-elf/4.1.2/../../../../nios2-elf/lib\libc.a(lib_a-locale.o)
 .rodata        0x00819324      0x124 f:/windowsstuff/12.0/nios2eds/bin/gnu/h-i686-mingw32/bin/../lib/gcc/nios2-elf/4.1.2/../../../../nios2-elf/lib\libc.a(lib_a-mprec.o)
                0x00819324                __mprec_tens
                0x008193ec                __mprec_bigtens
                0x00819414                __mprec_tinytens
 .rodata        0x00819448        0xc C:/Users/jorde_000/Documents/GitHub/LSN/\libhal_bsp.a(alt_dev.o)
 .rodata        0x00819454       0x14 C:/Users/jorde_000/Documents/GitHub/LSN/\libhal_bsp.a(alt_main.o)
 .rodata        0x00819468       0xcc C:/Users/jorde_000/Documents/GitHub/LSN/\libhal_bsp.a(alt_sys_init.o)
 .rodata        0x00819534       0x1c C:/Users/jorde_000/Documents/GitHub/LSN/\libhal_bsp.a(altera_up_avalon_video_character_buffer_with_dma.o)
 *(.rodata1)
                0x00819550                . = ALIGN (0x4)
                0x00819550                PROVIDE (__ram_rodata_end, ABSOLUTE (.))
                0x008189ac                PROVIDE (__flash_rodata_start, LOADADDR (.rodata))

.rwdata         0x00819550     0x1bbc load address 0x0081b10c
                0x00819550                PROVIDE (__ram_rwdata_start, ABSOLUTE (.))
                0x00819550                . = ALIGN (0x4)
 *(.got.plt)
 *(.got)
 *(.data1)
 *(.data .data.* .gnu.linkonce.d.*)
 .data          0x00819550        0x0 C:/Users/jorde_000/Documents/GitHub/LSN//obj/HAL/src/crt0.o
 .data          0x00819550        0x0 obj/default/audio.o
 .data          0x00819550        0x0 obj/default/audio_up_hack.o
 .data          0x00819550        0x0 obj/default/bullet.o
 .data          0x00819550        0x0 obj/default/collision.o
 .data          0x00819550        0x0 obj/default/displacement.o
 .data          0x00819550        0x0 obj/default/hello_world.o
 .data          0x00819550        0x0 obj/default/player.o
 .data          0x00819550        0x0 obj/default/sd_card.o
 .data          0x00819550        0x0 obj/default/timer.o
 .data          0x00819550        0x0 obj/default/vga.o
 .data          0x00819550        0x0 f:/windowsstuff/12.0/nios2eds/bin/gnu/h-i686-mingw32/bin/../lib/gcc/nios2-elf/4.1.2/../../../../nios2-elf/lib\libm.a(lib_a-s_sin.o)
 .data          0x00819550        0x0 f:/windowsstuff/12.0/nios2eds/bin/gnu/h-i686-mingw32/bin/../lib/gcc/nios2-elf/4.1.2/../../../../nios2-elf/lib\libm.a(lib_a-e_rem_pio2.o)
 .data          0x00819550        0x0 f:/windowsstuff/12.0/nios2eds/bin/gnu/h-i686-mingw32/bin/../lib/gcc/nios2-elf/4.1.2/../../../../nios2-elf/lib\libm.a(lib_a-k_cos.o)
 .data          0x00819550        0x0 f:/windowsstuff/12.0/nios2eds/bin/gnu/h-i686-mingw32/bin/../lib/gcc/nios2-elf/4.1.2/../../../../nios2-elf/lib\libm.a(lib_a-k_rem_pio2.o)
 .data          0x00819550        0x0 f:/windowsstuff/12.0/nios2eds/bin/gnu/h-i686-mingw32/bin/../lib/gcc/nios2-elf/4.1.2/../../../../nios2-elf/lib\libm.a(lib_a-k_sin.o)
 .data          0x00819550        0x0 f:/windowsstuff/12.0/nios2eds/bin/gnu/h-i686-mingw32/bin/../lib/gcc/nios2-elf/4.1.2/../../../../nios2-elf/lib\libm.a(lib_a-s_fabs.o)
 .data          0x00819550        0x0 f:/windowsstuff/12.0/nios2eds/bin/gnu/h-i686-mingw32/bin/../lib/gcc/nios2-elf/4.1.2/../../../../nios2-elf/lib\libm.a(lib_a-s_floor.o)
 .data          0x00819550        0x0 f:/windowsstuff/12.0/nios2eds/bin/gnu/h-i686-mingw32/bin/../lib/gcc/nios2-elf/4.1.2/../../../../nios2-elf/lib\libm.a(lib_a-s_scalbn.o)
 .data          0x00819550        0x0 f:/windowsstuff/12.0/nios2eds/bin/gnu/h-i686-mingw32/bin/../lib/gcc/nios2-elf/4.1.2/../../../../nios2-elf/lib\libm.a(lib_a-s_copysign.o)
 .data          0x00819550        0x0 f:/windowsstuff/12.0/nios2eds/bin/gnu/h-i686-mingw32/bin/../lib/gcc/nios2-elf/4.1.2\libgcc.a(_fixunsdfsi.o)
 .data          0x00819550        0x0 f:/windowsstuff/12.0/nios2eds/bin/gnu/h-i686-mingw32/bin/../lib/gcc/nios2-elf/4.1.2\libgcc.a(_div_sf.o)
 .data          0x00819550        0x0 f:/windowsstuff/12.0/nios2eds/bin/gnu/h-i686-mingw32/bin/../lib/gcc/nios2-elf/4.1.2\libgcc.a(_si_to_sf.o)
 .data          0x00819550        0x0 f:/windowsstuff/12.0/nios2eds/bin/gnu/h-i686-mingw32/bin/../lib/gcc/nios2-elf/4.1.2\libgcc.a(_sf_to_df.o)
 .data          0x00819550        0x0 f:/windowsstuff/12.0/nios2eds/bin/gnu/h-i686-mingw32/bin/../lib/gcc/nios2-elf/4.1.2\libgcc.a(_thenan_sf.o)
 .data          0x00819550        0x0 f:/windowsstuff/12.0/nios2eds/bin/gnu/h-i686-mingw32/bin/../lib/gcc/nios2-elf/4.1.2\libgcc.a(_addsub_df.o)
 .data          0x00819550        0x0 f:/windowsstuff/12.0/nios2eds/bin/gnu/h-i686-mingw32/bin/../lib/gcc/nios2-elf/4.1.2\libgcc.a(_mul_df.o)
 .data          0x00819550        0x0 f:/windowsstuff/12.0/nios2eds/bin/gnu/h-i686-mingw32/bin/../lib/gcc/nios2-elf/4.1.2\libgcc.a(_div_df.o)
 .data          0x00819550        0x0 f:/windowsstuff/12.0/nios2eds/bin/gnu/h-i686-mingw32/bin/../lib/gcc/nios2-elf/4.1.2\libgcc.a(_eq_df.o)
 .data          0x00819550        0x0 f:/windowsstuff/12.0/nios2eds/bin/gnu/h-i686-mingw32/bin/../lib/gcc/nios2-elf/4.1.2\libgcc.a(_gt_df.o)
 .data          0x00819550        0x0 f:/windowsstuff/12.0/nios2eds/bin/gnu/h-i686-mingw32/bin/../lib/gcc/nios2-elf/4.1.2\libgcc.a(_ge_df.o)
 .data          0x00819550        0x0 f:/windowsstuff/12.0/nios2eds/bin/gnu/h-i686-mingw32/bin/../lib/gcc/nios2-elf/4.1.2\libgcc.a(_si_to_df.o)
 .data          0x00819550        0x0 f:/windowsstuff/12.0/nios2eds/bin/gnu/h-i686-mingw32/bin/../lib/gcc/nios2-elf/4.1.2\libgcc.a(_df_to_si.o)
 .data          0x00819550        0x0 f:/windowsstuff/12.0/nios2eds/bin/gnu/h-i686-mingw32/bin/../lib/gcc/nios2-elf/4.1.2\libgcc.a(_make_df.o)
 .data          0x00819550        0x0 f:/windowsstuff/12.0/nios2eds/bin/gnu/h-i686-mingw32/bin/../lib/gcc/nios2-elf/4.1.2\libgcc.a(_thenan_df.o)
 .data          0x00819550        0x0 f:/windowsstuff/12.0/nios2eds/bin/gnu/h-i686-mingw32/bin/../lib/gcc/nios2-elf/4.1.2\libgcc.a(lib2-divmod.o)
 .data          0x00819550        0x0 f:/windowsstuff/12.0/nios2eds/bin/gnu/h-i686-mingw32/bin/../lib/gcc/nios2-elf/4.1.2\libgcc.a(_muldi3.o)
 .data          0x00819550        0x0 f:/windowsstuff/12.0/nios2eds/bin/gnu/h-i686-mingw32/bin/../lib/gcc/nios2-elf/4.1.2\libgcc.a(_clzsi2.o)
 .data          0x00819550        0x0 f:/windowsstuff/12.0/nios2eds/bin/gnu/h-i686-mingw32/bin/../lib/gcc/nios2-elf/4.1.2\libgcc.a(_pack_sf.o)
 .data          0x00819550        0x0 f:/windowsstuff/12.0/nios2eds/bin/gnu/h-i686-mingw32/bin/../lib/gcc/nios2-elf/4.1.2\libgcc.a(_unpack_sf.o)
 .data          0x00819550        0x0 f:/windowsstuff/12.0/nios2eds/bin/gnu/h-i686-mingw32/bin/../lib/gcc/nios2-elf/4.1.2\libgcc.a(_pack_df.o)
 .data          0x00819550        0x0 f:/windowsstuff/12.0/nios2eds/bin/gnu/h-i686-mingw32/bin/../lib/gcc/nios2-elf/4.1.2\libgcc.a(_unpack_df.o)
 .data          0x00819550        0x0 f:/windowsstuff/12.0/nios2eds/bin/gnu/h-i686-mingw32/bin/../lib/gcc/nios2-elf/4.1.2\libgcc.a(_fpcmp_parts_df.o)
 .data          0x00819550        0x0 f:/windowsstuff/12.0/nios2eds/bin/gnu/h-i686-mingw32/bin/../lib/gcc/nios2-elf/4.1.2\libgcc.a(_clz.o)
 .data          0x00819550        0x0 f:/windowsstuff/12.0/nios2eds/bin/gnu/h-i686-mingw32/bin/../lib/gcc/nios2-elf/4.1.2/../../../../nios2-elf/lib\libc.a(lib_a-malloc.o)
 .data          0x00819550      0x408 f:/windowsstuff/12.0/nios2eds/bin/gnu/h-i686-mingw32/bin/../lib/gcc/nios2-elf/4.1.2/../../../../nios2-elf/lib\libc.a(lib_a-mallocr.o)
                0x00819550                __malloc_av_
 .data          0x00819958        0x0 f:/windowsstuff/12.0/nios2eds/bin/gnu/h-i686-mingw32/bin/../lib/gcc/nios2-elf/4.1.2/../../../../nios2-elf/lib\libc.a(lib_a-printf.o)
 .data          0x00819958        0x0 f:/windowsstuff/12.0/nios2eds/bin/gnu/h-i686-mingw32/bin/../lib/gcc/nios2-elf/4.1.2/../../../../nios2-elf/lib\libc.a(lib_a-puts.o)
 .data          0x00819958        0x0 f:/windowsstuff/12.0/nios2eds/bin/gnu/h-i686-mingw32/bin/../lib/gcc/nios2-elf/4.1.2/../../../../nios2-elf/lib\libc.a(lib_a-rand.o)
 .data          0x00819958        0x0 f:/windowsstuff/12.0/nios2eds/bin/gnu/h-i686-mingw32/bin/../lib/gcc/nios2-elf/4.1.2/../../../../nios2-elf/lib\libc.a(lib_a-sbrkr.o)
 .data          0x00819958        0x0 f:/windowsstuff/12.0/nios2eds/bin/gnu/h-i686-mingw32/bin/../lib/gcc/nios2-elf/4.1.2/../../../../nios2-elf/lib\libc.a(lib_a-strlen.o)
 .data          0x00819958        0x0 f:/windowsstuff/12.0/nios2eds/bin/gnu/h-i686-mingw32/bin/../lib/gcc/nios2-elf/4.1.2/../../../../nios2-elf/lib\libc.a(lib_a-time.o)
 .data          0x00819958        0x0 f:/windowsstuff/12.0/nios2eds/bin/gnu/h-i686-mingw32/bin/../lib/gcc/nios2-elf/4.1.2/../../../../nios2-elf/lib\libc.a(lib_a-vfprintf.o)
 .data          0x00819958        0x0 f:/windowsstuff/12.0/nios2eds/bin/gnu/h-i686-mingw32/bin/../lib/gcc/nios2-elf/4.1.2/../../../../nios2-elf/lib\libc.a(lib_a-wsetup.o)
 .data          0x00819958        0x0 f:/windowsstuff/12.0/nios2eds/bin/gnu/h-i686-mingw32/bin/../lib/gcc/nios2-elf/4.1.2/../../../../nios2-elf/lib\libc.a(lib_a-dtoa.o)
 .data          0x00819958        0x0 f:/windowsstuff/12.0/nios2eds/bin/gnu/h-i686-mingw32/bin/../lib/gcc/nios2-elf/4.1.2/../../../../nios2-elf/lib\libc.a(lib_a-fflush.o)
 .data          0x00819958        0x0 f:/windowsstuff/12.0/nios2eds/bin/gnu/h-i686-mingw32/bin/../lib/gcc/nios2-elf/4.1.2/../../../../nios2-elf/lib\libc.a(lib_a-findfp.o)
 .data          0x00819958        0x0 f:/windowsstuff/12.0/nios2eds/bin/gnu/h-i686-mingw32/bin/../lib/gcc/nios2-elf/4.1.2/../../../../nios2-elf/lib\libc.a(lib_a-freer.o)
 .data          0x00819958        0x0 f:/windowsstuff/12.0/nios2eds/bin/gnu/h-i686-mingw32/bin/../lib/gcc/nios2-elf/4.1.2/../../../../nios2-elf/lib\libc.a(lib_a-fvwrite.o)
 .data          0x00819958        0x0 f:/windowsstuff/12.0/nios2eds/bin/gnu/h-i686-mingw32/bin/../lib/gcc/nios2-elf/4.1.2/../../../../nios2-elf/lib\libc.a(lib_a-fwalk.o)
 .data          0x00819958        0x0 f:/windowsstuff/12.0/nios2eds/bin/gnu/h-i686-mingw32/bin/../lib/gcc/nios2-elf/4.1.2/../../../../nios2-elf/lib\libc.a(lib_a-gettimeofdayr.o)
 .data          0x00819958      0x400 f:/windowsstuff/12.0/nios2eds/bin/gnu/h-i686-mingw32/bin/../lib/gcc/nios2-elf/4.1.2/../../../../nios2-elf/lib\libc.a(lib_a-impure.o)
 .data          0x00819d58        0x0 f:/windowsstuff/12.0/nios2eds/bin/gnu/h-i686-mingw32/bin/../lib/gcc/nios2-elf/4.1.2/../../../../nios2-elf/lib\libc.a(lib_a-int_errno.o)
 .data          0x00819d58        0xc f:/windowsstuff/12.0/nios2eds/bin/gnu/h-i686-mingw32/bin/../lib/gcc/nios2-elf/4.1.2/../../../../nios2-elf/lib\libc.a(lib_a-locale.o)
                0x00819d58                __lc_ctype
 .data          0x00819d64        0x0 f:/windowsstuff/12.0/nios2eds/bin/gnu/h-i686-mingw32/bin/../lib/gcc/nios2-elf/4.1.2/../../../../nios2-elf/lib\libc.a(lib_a-makebuf.o)
 .data          0x00819d64        0x0 f:/windowsstuff/12.0/nios2eds/bin/gnu/h-i686-mingw32/bin/../lib/gcc/nios2-elf/4.1.2/../../../../nios2-elf/lib\libc.a(lib_a-memchr.o)
 .data          0x00819d64        0x0 f:/windowsstuff/12.0/nios2eds/bin/gnu/h-i686-mingw32/bin/../lib/gcc/nios2-elf/4.1.2/../../../../nios2-elf/lib\libc.a(lib_a-memcpy.o)
 .data          0x00819d64        0x0 f:/windowsstuff/12.0/nios2eds/bin/gnu/h-i686-mingw32/bin/../lib/gcc/nios2-elf/4.1.2/../../../../nios2-elf/lib\libc.a(lib_a-memmove.o)
 .data          0x00819d64        0x0 f:/windowsstuff/12.0/nios2eds/bin/gnu/h-i686-mingw32/bin/../lib/gcc/nios2-elf/4.1.2/../../../../nios2-elf/lib\libc.a(lib_a-memset.o)
 .data          0x00819d64        0x0 f:/windowsstuff/12.0/nios2eds/bin/gnu/h-i686-mingw32/bin/../lib/gcc/nios2-elf/4.1.2/../../../../nios2-elf/lib\libc.a(lib_a-mprec.o)
 .data          0x00819d64        0x0 f:/windowsstuff/12.0/nios2eds/bin/gnu/h-i686-mingw32/bin/../lib/gcc/nios2-elf/4.1.2/../../../../nios2-elf/lib\libc.a(lib_a-reallocr.o)
 .data          0x00819d64        0x0 f:/windowsstuff/12.0/nios2eds/bin/gnu/h-i686-mingw32/bin/../lib/gcc/nios2-elf/4.1.2/../../../../nios2-elf/lib\libc.a(lib_a-s_isinfd.o)
 .data          0x00819d64        0x0 f:/windowsstuff/12.0/nios2eds/bin/gnu/h-i686-mingw32/bin/../lib/gcc/nios2-elf/4.1.2/../../../../nios2-elf/lib\libc.a(lib_a-s_isnand.o)
 .data          0x00819d64        0x0 f:/windowsstuff/12.0/nios2eds/bin/gnu/h-i686-mingw32/bin/../lib/gcc/nios2-elf/4.1.2/../../../../nios2-elf/lib\libc.a(lib_a-stdio.o)
 .data          0x00819d64        0x0 f:/windowsstuff/12.0/nios2eds/bin/gnu/h-i686-mingw32/bin/../lib/gcc/nios2-elf/4.1.2/../../../../nios2-elf/lib\libc.a(lib_a-strcmp.o)
 .data          0x00819d64        0x0 f:/windowsstuff/12.0/nios2eds/bin/gnu/h-i686-mingw32/bin/../lib/gcc/nios2-elf/4.1.2/../../../../nios2-elf/lib\libc.a(lib_a-writer.o)
 .data          0x00819d64        0x0 f:/windowsstuff/12.0/nios2eds/bin/gnu/h-i686-mingw32/bin/../lib/gcc/nios2-elf/4.1.2/../../../../nios2-elf/lib\libc.a(lib_a-callocr.o)
 .data          0x00819d64        0x0 f:/windowsstuff/12.0/nios2eds/bin/gnu/h-i686-mingw32/bin/../lib/gcc/nios2-elf/4.1.2/../../../../nios2-elf/lib\libc.a(lib_a-closer.o)
 .data          0x00819d64        0x0 f:/windowsstuff/12.0/nios2eds/bin/gnu/h-i686-mingw32/bin/../lib/gcc/nios2-elf/4.1.2/../../../../nios2-elf/lib\libc.a(lib_a-fclose.o)
 .data          0x00819d64        0x0 f:/windowsstuff/12.0/nios2eds/bin/gnu/h-i686-mingw32/bin/../lib/gcc/nios2-elf/4.1.2/../../../../nios2-elf/lib\libc.a(lib_a-fstatr.o)
 .data          0x00819d64        0x0 f:/windowsstuff/12.0/nios2eds/bin/gnu/h-i686-mingw32/bin/../lib/gcc/nios2-elf/4.1.2/../../../../nios2-elf/lib\libc.a(lib_a-isattyr.o)
 .data          0x00819d64        0x0 f:/windowsstuff/12.0/nios2eds/bin/gnu/h-i686-mingw32/bin/../lib/gcc/nios2-elf/4.1.2/../../../../nios2-elf/lib\libc.a(lib_a-lseekr.o)
 .data          0x00819d64        0x0 f:/windowsstuff/12.0/nios2eds/bin/gnu/h-i686-mingw32/bin/../lib/gcc/nios2-elf/4.1.2/../../../../nios2-elf/lib\libc.a(lib_a-readr.o)
 .data          0x00819d64        0x0 f:/windowsstuff/12.0/nios2eds/bin/gnu/h-i686-mingw32/bin/../lib/gcc/nios2-elf/4.1.2\libgcc.a(_udivdi3.o)
 .data          0x00819d64        0x0 f:/windowsstuff/12.0/nios2eds/bin/gnu/h-i686-mingw32/bin/../lib/gcc/nios2-elf/4.1.2\libgcc.a(_umoddi3.o)
 .data          0x00819d64        0x0 f:/windowsstuff/12.0/nios2eds/bin/gnu/h-i686-mingw32/bin/../lib/gcc/nios2-elf/4.1.2\libgcc.a(_ne_df.o)
 .data          0x00819d64        0x0 f:/windowsstuff/12.0/nios2eds/bin/gnu/h-i686-mingw32/bin/../lib/gcc/nios2-elf/4.1.2\libgcc.a(_lt_df.o)
 .data          0x00819d64        0x0 f:/windowsstuff/12.0/nios2eds/bin/gnu/h-i686-mingw32/bin/../lib/gcc/nios2-elf/4.1.2\libgcc.a(_usi_to_df.o)
 .data          0x00819d64        0x0 C:/Users/jorde_000/Documents/GitHub/LSN/\libhal_bsp.a(alt_close.o)
 .data          0x00819d64      0x1a8 C:/Users/jorde_000/Documents/GitHub/LSN/\libhal_bsp.a(alt_dev.o)
                0x00819d64                alt_dev_null
                0x00819d8c                alt_fd_list
 .data          0x00819f0c        0x0 C:/Users/jorde_000/Documents/GitHub/LSN/\libhal_bsp.a(alt_errno.o)
 .data          0x00819f0c        0x0 C:/Users/jorde_000/Documents/GitHub/LSN/\libhal_bsp.a(alt_fstat.o)
 .data          0x00819f0c        0x0 C:/Users/jorde_000/Documents/GitHub/LSN/\libhal_bsp.a(alt_gettod.o)
 .data          0x00819f0c        0x0 C:/Users/jorde_000/Documents/GitHub/LSN/\libhal_bsp.a(alt_irq_register.o)
 .data          0x00819f0c        0x0 C:/Users/jorde_000/Documents/GitHub/LSN/\libhal_bsp.a(alt_irq_vars.o)
 .data          0x00819f0c        0x0 C:/Users/jorde_000/Documents/GitHub/LSN/\libhal_bsp.a(alt_isatty.o)
 .data          0x00819f0c        0x0 C:/Users/jorde_000/Documents/GitHub/LSN/\libhal_bsp.a(alt_load.o)
 .data          0x00819f0c        0x0 C:/Users/jorde_000/Documents/GitHub/LSN/\libhal_bsp.a(alt_lseek.o)
 .data          0x00819f0c        0x0 C:/Users/jorde_000/Documents/GitHub/LSN/\libhal_bsp.a(alt_main.o)
 .data          0x00819f0c        0x0 C:/Users/jorde_000/Documents/GitHub/LSN/\libhal_bsp.a(alt_malloc_lock.o)
 .data          0x00819f0c        0x0 C:/Users/jorde_000/Documents/GitHub/LSN/\libhal_bsp.a(alt_read.o)
 .data          0x00819f0c        0x0 C:/Users/jorde_000/Documents/GitHub/LSN/\libhal_bsp.a(alt_release_fd.o)
 .data          0x00819f0c        0x0 C:/Users/jorde_000/Documents/GitHub/LSN/\libhal_bsp.a(alt_sbrk.o)
 .data          0x00819f0c        0x0 C:/Users/jorde_000/Documents/GitHub/LSN/\libhal_bsp.a(alt_tick.o)
 .data          0x00819f0c        0x0 C:/Users/jorde_000/Documents/GitHub/LSN/\libhal_bsp.a(alt_usleep.o)
 .data          0x00819f0c        0x0 C:/Users/jorde_000/Documents/GitHub/LSN/\libhal_bsp.a(alt_write.o)
 .data          0x00819f0c     0x11b4 C:/Users/jorde_000/Documents/GitHub/LSN/\libhal_bsp.a(alt_sys_init.o)
 .data          0x0081b0c0        0x0 C:/Users/jorde_000/Documents/GitHub/LSN/\libhal_bsp.a(altera_avalon_jtag_uart_fd.o)
 .data          0x0081b0c0        0x0 C:/Users/jorde_000/Documents/GitHub/LSN/\libhal_bsp.a(altera_avalon_jtag_uart_init.o)
 .data          0x0081b0c0        0x0 C:/Users/jorde_000/Documents/GitHub/LSN/\libhal_bsp.a(altera_avalon_jtag_uart_ioctl.o)
 .data          0x0081b0c0        0x0 C:/Users/jorde_000/Documents/GitHub/LSN/\libhal_bsp.a(altera_avalon_jtag_uart_read.o)
 .data          0x0081b0c0        0x0 C:/Users/jorde_000/Documents/GitHub/LSN/\libhal_bsp.a(altera_avalon_jtag_uart_write.o)
 .data          0x0081b0c0        0x0 C:/Users/jorde_000/Documents/GitHub/LSN/\libhal_bsp.a(altera_avalon_timer_sc.o)
 .data          0x0081b0c0        0x0 C:/Users/jorde_000/Documents/GitHub/LSN/\libhal_bsp.a(altera_avalon_timer_ts.o)
 .data          0x0081b0c0        0x0 C:/Users/jorde_000/Documents/GitHub/LSN/\libhal_bsp.a(altera_avalon_timer_vars.o)
 .data          0x0081b0c0        0x0 C:/Users/jorde_000/Documents/GitHub/LSN/\libhal_bsp.a(altera_up_avalon_audio.o)
 .data          0x0081b0c0        0x0 C:/Users/jorde_000/Documents/GitHub/LSN/\libhal_bsp.a(altera_up_avalon_audio_and_video_config.o)
 .data          0x0081b0c0        0x0 C:/Users/jorde_000/Documents/GitHub/LSN/\libhal_bsp.a(altera_up_avalon_character_lcd.o)
 .data          0x0081b0c0        0x0 C:/Users/jorde_000/Documents/GitHub/LSN/\libhal_bsp.a(altera_up_avalon_video_character_buffer_with_dma.o)
 .data          0x0081b0c0        0x0 C:/Users/jorde_000/Documents/GitHub/LSN/\libhal_bsp.a(altera_up_avalon_video_pixel_buffer_dma.o)
 .data          0x0081b0c0        0x0 C:/Users/jorde_000/Documents/GitHub/LSN/\libhal_bsp.a(altera_up_sd_card_avalon_interface.o)
 .data          0x0081b0c0        0x0 C:/Users/jorde_000/Documents/GitHub/LSN/\libhal_bsp.a(alt_alarm_start.o)
 .data          0x0081b0c0        0x0 C:/Users/jorde_000/Documents/GitHub/LSN/\libhal_bsp.a(alt_busy_sleep.o)
 .data          0x0081b0c0        0x0 C:/Users/jorde_000/Documents/GitHub/LSN/\libhal_bsp.a(alt_dcache_flush_all.o)
 .data          0x0081b0c0        0x0 C:/Users/jorde_000/Documents/GitHub/LSN/\libhal_bsp.a(alt_dev_llist_insert.o)
 .data          0x0081b0c0        0x0 C:/Users/jorde_000/Documents/GitHub/LSN/\libhal_bsp.a(alt_do_ctors.o)
 .data          0x0081b0c0        0x0 C:/Users/jorde_000/Documents/GitHub/LSN/\libhal_bsp.a(alt_do_dtors.o)
 .data          0x0081b0c0        0x0 C:/Users/jorde_000/Documents/GitHub/LSN/\libhal_bsp.a(alt_find_dev.o)
 .data          0x0081b0c0        0x0 C:/Users/jorde_000/Documents/GitHub/LSN/\libhal_bsp.a(alt_icache_flush_all.o)
 .data          0x0081b0c0        0x0 C:/Users/jorde_000/Documents/GitHub/LSN/\libhal_bsp.a(alt_io_redirect.o)
 .data          0x0081b0c0        0x0 C:/Users/jorde_000/Documents/GitHub/LSN/\libhal_bsp.a(alt_irq_entry.o)
 .data          0x0081b0c0        0x0 C:/Users/jorde_000/Documents/GitHub/LSN/\libhal_bsp.a(alt_irq_handler.o)
 .data          0x0081b0c0        0x0 C:/Users/jorde_000/Documents/GitHub/LSN/\libhal_bsp.a(alt_open.o)
 .data          0x0081b0c0        0x0 C:/Users/jorde_000/Documents/GitHub/LSN/\libhal_bsp.a(altera_nios2_qsys_irq.o)
 .data          0x0081b0c0        0x0 C:/Users/jorde_000/Documents/GitHub/LSN/\libhal_bsp.a(alt_exception_entry.o)
 .data          0x0081b0c0        0x0 C:/Users/jorde_000/Documents/GitHub/LSN/\libhal_bsp.a(alt_find_file.o)
 .data          0x0081b0c0        0x0 C:/Users/jorde_000/Documents/GitHub/LSN/\libhal_bsp.a(alt_get_fd.o)
 .data          0x0081b0c0        0x0 C:/Users/jorde_000/Documents/GitHub/LSN/\libhal_bsp.a(alt_icache_flush.o)
 .data          0x0081b0c0        0x0 f:/windowsstuff/12.0/nios2eds/bin/gnu/h-i686-mingw32/bin/../lib/gcc/nios2-elf/4.1.2/../../../../nios2-elf/lib\libc.a(lib_a-atexit.o)
 .data          0x0081b0c0        0x0 f:/windowsstuff/12.0/nios2eds/bin/gnu/h-i686-mingw32/bin/../lib/gcc/nios2-elf/4.1.2/../../../../nios2-elf/lib\libc.a(lib_a-exit.o)
 .data          0x0081b0c0        0x0 f:/windowsstuff/12.0/nios2eds/bin/gnu/h-i686-mingw32/bin/../lib/gcc/nios2-elf/4.1.2/../../../../nios2-elf/lib\libc.a(lib_a-memcmp.o)
 .data          0x0081b0c0        0x0 f:/windowsstuff/12.0/nios2eds/bin/gnu/h-i686-mingw32/bin/../lib/gcc/nios2-elf/4.1.2/../../../../nios2-elf/lib\libc.a(lib_a-__atexit.o)
 .data          0x0081b0c0        0x0 f:/windowsstuff/12.0/nios2eds/bin/gnu/h-i686-mingw32/bin/../lib/gcc/nios2-elf/4.1.2/../../../../nios2-elf/lib\libc.a(lib_a-__call_atexit.o)
 .data          0x0081b0c0        0x0 C:/Users/jorde_000/Documents/GitHub/LSN/\libhal_bsp.a(alt_exit.o)
                0x008230c0                _gp = ABSOLUTE ((. + 0x8000))
                0x008230c0                PROVIDE (gp, _gp)
 *(.rwdata .rwdata.*)
 *(.sdata .sdata.* .gnu.linkonce.s.*)
 .sdata         0x0081b0c0        0xc obj/default/audio.o
                0x0081b0c0                CONFIG_NAME
                0x0081b0c4                AUDIO_NAME
                0x0081b0c8                toneLength
 .sdata         0x0081b0cc        0x8 f:/windowsstuff/12.0/nios2eds/bin/gnu/h-i686-mingw32/bin/../lib/gcc/nios2-elf/4.1.2/../../../../nios2-elf/lib\libc.a(lib_a-mallocr.o)
                0x0081b0cc                __malloc_trim_threshold
                0x0081b0d0                __malloc_sbrk_base
 .sdata         0x0081b0d4        0x8 f:/windowsstuff/12.0/nios2eds/bin/gnu/h-i686-mingw32/bin/../lib/gcc/nios2-elf/4.1.2/../../../../nios2-elf/lib\libc.a(lib_a-impure.o)
                0x0081b0d4                _impure_ptr
                0x0081b0d8                _global_impure_ptr
 .sdata         0x0081b0dc        0x8 f:/windowsstuff/12.0/nios2eds/bin/gnu/h-i686-mingw32/bin/../lib/gcc/nios2-elf/4.1.2/../../../../nios2-elf/lib\libc.a(lib_a-locale.o)
                0x0081b0dc                __mb_cur_max
 .sdata         0x0081b0e4       0x14 C:/Users/jorde_000/Documents/GitHub/LSN/\libhal_bsp.a(alt_dev.o)
                0x0081b0e4                alt_fs_list
                0x0081b0ec                alt_dev_list
                0x0081b0f4                alt_max_fd
 .sdata         0x0081b0f8        0x4 C:/Users/jorde_000/Documents/GitHub/LSN/\libhal_bsp.a(alt_errno.o)
                0x0081b0f8                alt_errno
 .sdata         0x0081b0fc        0x4 C:/Users/jorde_000/Documents/GitHub/LSN/\libhal_bsp.a(alt_irq_vars.o)
                0x0081b0fc                alt_priority_mask
 .sdata         0x0081b100        0x4 C:/Users/jorde_000/Documents/GitHub/LSN/\libhal_bsp.a(alt_sbrk.o)
 .sdata         0x0081b104        0x8 C:/Users/jorde_000/Documents/GitHub/LSN/\libhal_bsp.a(alt_tick.o)
                0x0081b104                alt_alarm_list
 *(.sdata2 .sdata2.* .gnu.linkonce.s2.*)
                0x0081b10c                . = ALIGN (0x4)
                0x0081b10c                _edata = ABSOLUTE (.)
                0x0081b10c                PROVIDE (edata, ABSOLUTE (.))
                0x0081b10c                PROVIDE (__ram_rwdata_end, ABSOLUTE (.))
                0x0081b10c                PROVIDE (__flash_rwdata_start, LOADADDR (.rwdata))

.bss            0x0081ccc8     0x1ad4
                0x0081ccc8                __bss_start = ABSOLUTE (.)
                0x0081ccc8                PROVIDE (__sbss_start, ABSOLUTE (.))
                0x0081ccc8                PROVIDE (___sbss_start, ABSOLUTE (.))
 *(.dynsbss)
 *(.sbss .sbss.* .gnu.linkonce.sb.*)
 .sbss          0x0081ccc8        0xc obj/default/audio.o
                0x0081ccc8                audio
                0x0081cccc                config
                0x0081ccd0                DEBUG
 .sbss          0x0081ccd4       0x18 obj/default/audio.o
                0x0081ccd4                laserFileWordLength
                0x0081ccd8                laserBufferLength
                0x0081ccdc                sdDev
                0x0081cce0                somethingForIrq
                0x0081cce4                laserCursor
                0x0081cce8                laserBuffer
 .sbss          0x0081ccec        0x8 obj/default/bullet.o
                0x0081ccec                char_buffer
                0x0081ccf0                pixel_buffer
 .sbss          0x0081ccf4       0x20 obj/default/displacement.o
 .sbss          0x0081cd14        0xc f:/windowsstuff/12.0/nios2eds/bin/gnu/h-i686-mingw32/bin/../lib/gcc/nios2-elf/4.1.2/../../../../nios2-elf/lib\libc.a(lib_a-mallocr.o)
                0x0081cd14                __malloc_top_pad
                0x0081cd18                __malloc_max_sbrked_mem
                0x0081cd1c                __malloc_max_total_mem
 .sbss          0x0081cd20        0x4 f:/windowsstuff/12.0/nios2eds/bin/gnu/h-i686-mingw32/bin/../lib/gcc/nios2-elf/4.1.2/../../../../nios2-elf/lib\libc.a(lib_a-int_errno.o)
                0x0081cd20                errno
 .sbss          0x0081cd24        0xc f:/windowsstuff/12.0/nios2eds/bin/gnu/h-i686-mingw32/bin/../lib/gcc/nios2-elf/4.1.2/../../../../nios2-elf/lib\libc.a(lib_a-locale.o)
                0x0081cd24                __nlocale_changed
                0x0081cd28                __mlocale_changed
                0x0081cd2c                _PathLocale
 .sbss          0x0081cd30       0x10 C:/Users/jorde_000/Documents/GitHub/LSN/\libhal_bsp.a(alt_gettod.o)
                0x0081cd30                alt_timezone
                0x0081cd38                alt_resettime
 .sbss          0x0081cd40        0x4 C:/Users/jorde_000/Documents/GitHub/LSN/\libhal_bsp.a(alt_irq_vars.o)
                0x0081cd40                alt_irq_active
 .sbss          0x0081cd44        0xc C:/Users/jorde_000/Documents/GitHub/LSN/\libhal_bsp.a(alt_main.o)
                0x0081cd44                alt_argc
                0x0081cd48                alt_argv
                0x0081cd4c                alt_envp
 .sbss          0x0081cd50        0x8 C:/Users/jorde_000/Documents/GitHub/LSN/\libhal_bsp.a(alt_tick.o)
                0x0081cd50                _alt_tick_rate
                0x0081cd54                _alt_nticks
 .sbss          0x0081cd58        0x8 C:/Users/jorde_000/Documents/GitHub/LSN/\libhal_bsp.a(altera_avalon_timer_vars.o)
                0x0081cd58                altera_avalon_timer_ts_base
                0x0081cd5c                altera_avalon_timer_ts_freq
 .sbss          0x0081cd60       0x34 C:/Users/jorde_000/Documents/GitHub/LSN/\libhal_bsp.a(altera_up_sd_card_avalon_interface.o)
                0x0081cd60                initialized
                0x0081cd64                is_sd_card_formated_as_FAT16
                0x0081cd68                aux_status_register
                0x0081cd6c                status_register
                0x0081cd70                CSD_register_w0
                0x0081cd74                command_register
                0x0081cd78                command_argument_register
                0x0081cd7c                buffer_memory
                0x0081cd80                fat_partition_offset_in_512_byte_sectors
                0x0081cd84                fat_partition_size_in_512_byte_sectors
                0x0081cd88                device_pointer
                0x0081cd8c                current_sector_modified
                0x0081cd90                current_sector_index
 *(.sbss2 .sbss2.* .gnu.linkonce.sb2.*)
 *(.scommon)
                0x0081cd94                PROVIDE (__sbss_end, ABSOLUTE (.))
                0x0081cd94                PROVIDE (___sbss_end, ABSOLUTE (.))
 *(.dynbss)
 *(.bss .bss.* .gnu.linkonce.b.*)
 .bss           0x0081cd94        0x0 C:/Users/jorde_000/Documents/GitHub/LSN//obj/HAL/src/crt0.o
 .bss           0x0081cd94        0x0 obj/default/audio.o
 .bss           0x0081cd94        0x0 obj/default/audio_up_hack.o
 .bss           0x0081cd94        0x0 obj/default/bullet.o
 .bss           0x0081cd94        0x0 obj/default/collision.o
 .bss           0x0081cd94        0x0 obj/default/displacement.o
 .bss           0x0081cd94        0x0 obj/default/hello_world.o
 .bss           0x0081cd94        0x0 obj/default/player.o
 .bss           0x0081cd94        0x0 obj/default/sd_card.o
 .bss           0x0081cd94        0x0 obj/default/timer.o
 .bss           0x0081cd94        0x0 obj/default/vga.o
 .bss           0x0081cd94        0x0 f:/windowsstuff/12.0/nios2eds/bin/gnu/h-i686-mingw32/bin/../lib/gcc/nios2-elf/4.1.2/../../../../nios2-elf/lib\libm.a(lib_a-s_sin.o)
 .bss           0x0081cd94        0x0 f:/windowsstuff/12.0/nios2eds/bin/gnu/h-i686-mingw32/bin/../lib/gcc/nios2-elf/4.1.2/../../../../nios2-elf/lib\libm.a(lib_a-e_rem_pio2.o)
 .bss           0x0081cd94        0x0 f:/windowsstuff/12.0/nios2eds/bin/gnu/h-i686-mingw32/bin/../lib/gcc/nios2-elf/4.1.2/../../../../nios2-elf/lib\libm.a(lib_a-k_cos.o)
 .bss           0x0081cd94        0x0 f:/windowsstuff/12.0/nios2eds/bin/gnu/h-i686-mingw32/bin/../lib/gcc/nios2-elf/4.1.2/../../../../nios2-elf/lib\libm.a(lib_a-k_rem_pio2.o)
 .bss           0x0081cd94        0x0 f:/windowsstuff/12.0/nios2eds/bin/gnu/h-i686-mingw32/bin/../lib/gcc/nios2-elf/4.1.2/../../../../nios2-elf/lib\libm.a(lib_a-k_sin.o)
 .bss           0x0081cd94        0x0 f:/windowsstuff/12.0/nios2eds/bin/gnu/h-i686-mingw32/bin/../lib/gcc/nios2-elf/4.1.2/../../../../nios2-elf/lib\libm.a(lib_a-s_fabs.o)
 .bss           0x0081cd94        0x0 f:/windowsstuff/12.0/nios2eds/bin/gnu/h-i686-mingw32/bin/../lib/gcc/nios2-elf/4.1.2/../../../../nios2-elf/lib\libm.a(lib_a-s_floor.o)
 .bss           0x0081cd94        0x0 f:/windowsstuff/12.0/nios2eds/bin/gnu/h-i686-mingw32/bin/../lib/gcc/nios2-elf/4.1.2/../../../../nios2-elf/lib\libm.a(lib_a-s_scalbn.o)
 .bss           0x0081cd94        0x0 f:/windowsstuff/12.0/nios2eds/bin/gnu/h-i686-mingw32/bin/../lib/gcc/nios2-elf/4.1.2/../../../../nios2-elf/lib\libm.a(lib_a-s_copysign.o)
 .bss           0x0081cd94        0x0 f:/windowsstuff/12.0/nios2eds/bin/gnu/h-i686-mingw32/bin/../lib/gcc/nios2-elf/4.1.2\libgcc.a(_fixunsdfsi.o)
 .bss           0x0081cd94        0x0 f:/windowsstuff/12.0/nios2eds/bin/gnu/h-i686-mingw32/bin/../lib/gcc/nios2-elf/4.1.2\libgcc.a(_div_sf.o)
 .bss           0x0081cd94        0x0 f:/windowsstuff/12.0/nios2eds/bin/gnu/h-i686-mingw32/bin/../lib/gcc/nios2-elf/4.1.2\libgcc.a(_si_to_sf.o)
 .bss           0x0081cd94        0x0 f:/windowsstuff/12.0/nios2eds/bin/gnu/h-i686-mingw32/bin/../lib/gcc/nios2-elf/4.1.2\libgcc.a(_sf_to_df.o)
 .bss           0x0081cd94        0x0 f:/windowsstuff/12.0/nios2eds/bin/gnu/h-i686-mingw32/bin/../lib/gcc/nios2-elf/4.1.2\libgcc.a(_thenan_sf.o)
 .bss           0x0081cd94        0x0 f:/windowsstuff/12.0/nios2eds/bin/gnu/h-i686-mingw32/bin/../lib/gcc/nios2-elf/4.1.2\libgcc.a(_addsub_df.o)
 .bss           0x0081cd94        0x0 f:/windowsstuff/12.0/nios2eds/bin/gnu/h-i686-mingw32/bin/../lib/gcc/nios2-elf/4.1.2\libgcc.a(_mul_df.o)
 .bss           0x0081cd94        0x0 f:/windowsstuff/12.0/nios2eds/bin/gnu/h-i686-mingw32/bin/../lib/gcc/nios2-elf/4.1.2\libgcc.a(_div_df.o)
 .bss           0x0081cd94        0x0 f:/windowsstuff/12.0/nios2eds/bin/gnu/h-i686-mingw32/bin/../lib/gcc/nios2-elf/4.1.2\libgcc.a(_eq_df.o)
 .bss           0x0081cd94        0x0 f:/windowsstuff/12.0/nios2eds/bin/gnu/h-i686-mingw32/bin/../lib/gcc/nios2-elf/4.1.2\libgcc.a(_gt_df.o)
 .bss           0x0081cd94        0x0 f:/windowsstuff/12.0/nios2eds/bin/gnu/h-i686-mingw32/bin/../lib/gcc/nios2-elf/4.1.2\libgcc.a(_ge_df.o)
 .bss           0x0081cd94        0x0 f:/windowsstuff/12.0/nios2eds/bin/gnu/h-i686-mingw32/bin/../lib/gcc/nios2-elf/4.1.2\libgcc.a(_si_to_df.o)
 .bss           0x0081cd94        0x0 f:/windowsstuff/12.0/nios2eds/bin/gnu/h-i686-mingw32/bin/../lib/gcc/nios2-elf/4.1.2\libgcc.a(_df_to_si.o)
 .bss           0x0081cd94        0x0 f:/windowsstuff/12.0/nios2eds/bin/gnu/h-i686-mingw32/bin/../lib/gcc/nios2-elf/4.1.2\libgcc.a(_make_df.o)
 .bss           0x0081cd94        0x0 f:/windowsstuff/12.0/nios2eds/bin/gnu/h-i686-mingw32/bin/../lib/gcc/nios2-elf/4.1.2\libgcc.a(_thenan_df.o)
 .bss           0x0081cd94        0x0 f:/windowsstuff/12.0/nios2eds/bin/gnu/h-i686-mingw32/bin/../lib/gcc/nios2-elf/4.1.2\libgcc.a(lib2-divmod.o)
 .bss           0x0081cd94        0x0 f:/windowsstuff/12.0/nios2eds/bin/gnu/h-i686-mingw32/bin/../lib/gcc/nios2-elf/4.1.2\libgcc.a(_muldi3.o)
 .bss           0x0081cd94        0x0 f:/windowsstuff/12.0/nios2eds/bin/gnu/h-i686-mingw32/bin/../lib/gcc/nios2-elf/4.1.2\libgcc.a(_clzsi2.o)
 .bss           0x0081cd94        0x0 f:/windowsstuff/12.0/nios2eds/bin/gnu/h-i686-mingw32/bin/../lib/gcc/nios2-elf/4.1.2\libgcc.a(_pack_sf.o)
 .bss           0x0081cd94        0x0 f:/windowsstuff/12.0/nios2eds/bin/gnu/h-i686-mingw32/bin/../lib/gcc/nios2-elf/4.1.2\libgcc.a(_unpack_sf.o)
 .bss           0x0081cd94        0x0 f:/windowsstuff/12.0/nios2eds/bin/gnu/h-i686-mingw32/bin/../lib/gcc/nios2-elf/4.1.2\libgcc.a(_pack_df.o)
 .bss           0x0081cd94        0x0 f:/windowsstuff/12.0/nios2eds/bin/gnu/h-i686-mingw32/bin/../lib/gcc/nios2-elf/4.1.2\libgcc.a(_unpack_df.o)
 .bss           0x0081cd94        0x0 f:/windowsstuff/12.0/nios2eds/bin/gnu/h-i686-mingw32/bin/../lib/gcc/nios2-elf/4.1.2\libgcc.a(_fpcmp_parts_df.o)
 .bss           0x0081cd94        0x0 f:/windowsstuff/12.0/nios2eds/bin/gnu/h-i686-mingw32/bin/../lib/gcc/nios2-elf/4.1.2\libgcc.a(_clz.o)
 .bss           0x0081cd94        0x0 f:/windowsstuff/12.0/nios2eds/bin/gnu/h-i686-mingw32/bin/../lib/gcc/nios2-elf/4.1.2/../../../../nios2-elf/lib\libc.a(lib_a-malloc.o)
 .bss           0x0081cd94       0x28 f:/windowsstuff/12.0/nios2eds/bin/gnu/h-i686-mingw32/bin/../lib/gcc/nios2-elf/4.1.2/../../../../nios2-elf/lib\libc.a(lib_a-mallocr.o)
                0x0081cd94                __malloc_current_mallinfo
 .bss           0x0081cdbc        0x0 f:/windowsstuff/12.0/nios2eds/bin/gnu/h-i686-mingw32/bin/../lib/gcc/nios2-elf/4.1.2/../../../../nios2-elf/lib\libc.a(lib_a-printf.o)
 .bss           0x0081cdbc        0x0 f:/windowsstuff/12.0/nios2eds/bin/gnu/h-i686-mingw32/bin/../lib/gcc/nios2-elf/4.1.2/../../../../nios2-elf/lib\libc.a(lib_a-puts.o)
 .bss           0x0081cdbc        0x0 f:/windowsstuff/12.0/nios2eds/bin/gnu/h-i686-mingw32/bin/../lib/gcc/nios2-elf/4.1.2/../../../../nios2-elf/lib\libc.a(lib_a-rand.o)
 .bss           0x0081cdbc        0x0 f:/windowsstuff/12.0/nios2eds/bin/gnu/h-i686-mingw32/bin/../lib/gcc/nios2-elf/4.1.2/../../../../nios2-elf/lib\libc.a(lib_a-sbrkr.o)
 .bss           0x0081cdbc        0x0 f:/windowsstuff/12.0/nios2eds/bin/gnu/h-i686-mingw32/bin/../lib/gcc/nios2-elf/4.1.2/../../../../nios2-elf/lib\libc.a(lib_a-strlen.o)
 .bss           0x0081cdbc        0x0 f:/windowsstuff/12.0/nios2eds/bin/gnu/h-i686-mingw32/bin/../lib/gcc/nios2-elf/4.1.2/../../../../nios2-elf/lib\libc.a(lib_a-time.o)
 .bss           0x0081cdbc        0x0 f:/windowsstuff/12.0/nios2eds/bin/gnu/h-i686-mingw32/bin/../lib/gcc/nios2-elf/4.1.2/../../../../nios2-elf/lib\libc.a(lib_a-vfprintf.o)
 .bss           0x0081cdbc        0x0 f:/windowsstuff/12.0/nios2eds/bin/gnu/h-i686-mingw32/bin/../lib/gcc/nios2-elf/4.1.2/../../../../nios2-elf/lib\libc.a(lib_a-wsetup.o)
 .bss           0x0081cdbc        0x0 f:/windowsstuff/12.0/nios2eds/bin/gnu/h-i686-mingw32/bin/../lib/gcc/nios2-elf/4.1.2/../../../../nios2-elf/lib\libc.a(lib_a-dtoa.o)
 .bss           0x0081cdbc        0x0 f:/windowsstuff/12.0/nios2eds/bin/gnu/h-i686-mingw32/bin/../lib/gcc/nios2-elf/4.1.2/../../../../nios2-elf/lib\libc.a(lib_a-fflush.o)
 .bss           0x0081cdbc        0x0 f:/windowsstuff/12.0/nios2eds/bin/gnu/h-i686-mingw32/bin/../lib/gcc/nios2-elf/4.1.2/../../../../nios2-elf/lib\libc.a(lib_a-findfp.o)
 .bss           0x0081cdbc        0x0 f:/windowsstuff/12.0/nios2eds/bin/gnu/h-i686-mingw32/bin/../lib/gcc/nios2-elf/4.1.2/../../../../nios2-elf/lib\libc.a(lib_a-freer.o)
 .bss           0x0081cdbc        0x0 f:/windowsstuff/12.0/nios2eds/bin/gnu/h-i686-mingw32/bin/../lib/gcc/nios2-elf/4.1.2/../../../../nios2-elf/lib\libc.a(lib_a-fvwrite.o)
 .bss           0x0081cdbc        0x0 f:/windowsstuff/12.0/nios2eds/bin/gnu/h-i686-mingw32/bin/../lib/gcc/nios2-elf/4.1.2/../../../../nios2-elf/lib\libc.a(lib_a-fwalk.o)
 .bss           0x0081cdbc        0x0 f:/windowsstuff/12.0/nios2eds/bin/gnu/h-i686-mingw32/bin/../lib/gcc/nios2-elf/4.1.2/../../../../nios2-elf/lib\libc.a(lib_a-gettimeofdayr.o)
 .bss           0x0081cdbc        0x0 f:/windowsstuff/12.0/nios2eds/bin/gnu/h-i686-mingw32/bin/../lib/gcc/nios2-elf/4.1.2/../../../../nios2-elf/lib\libc.a(lib_a-impure.o)
 .bss           0x0081cdbc        0x0 f:/windowsstuff/12.0/nios2eds/bin/gnu/h-i686-mingw32/bin/../lib/gcc/nios2-elf/4.1.2/../../../../nios2-elf/lib\libc.a(lib_a-int_errno.o)
 .bss           0x0081cdbc        0x0 f:/windowsstuff/12.0/nios2eds/bin/gnu/h-i686-mingw32/bin/../lib/gcc/nios2-elf/4.1.2/../../../../nios2-elf/lib\libc.a(lib_a-locale.o)
 .bss           0x0081cdbc        0x0 f:/windowsstuff/12.0/nios2eds/bin/gnu/h-i686-mingw32/bin/../lib/gcc/nios2-elf/4.1.2/../../../../nios2-elf/lib\libc.a(lib_a-makebuf.o)
 .bss           0x0081cdbc        0x0 f:/windowsstuff/12.0/nios2eds/bin/gnu/h-i686-mingw32/bin/../lib/gcc/nios2-elf/4.1.2/../../../../nios2-elf/lib\libc.a(lib_a-memchr.o)
 .bss           0x0081cdbc        0x0 f:/windowsstuff/12.0/nios2eds/bin/gnu/h-i686-mingw32/bin/../lib/gcc/nios2-elf/4.1.2/../../../../nios2-elf/lib\libc.a(lib_a-memcpy.o)
 .bss           0x0081cdbc        0x0 f:/windowsstuff/12.0/nios2eds/bin/gnu/h-i686-mingw32/bin/../lib/gcc/nios2-elf/4.1.2/../../../../nios2-elf/lib\libc.a(lib_a-memmove.o)
 .bss           0x0081cdbc        0x0 f:/windowsstuff/12.0/nios2eds/bin/gnu/h-i686-mingw32/bin/../lib/gcc/nios2-elf/4.1.2/../../../../nios2-elf/lib\libc.a(lib_a-memset.o)
 .bss           0x0081cdbc        0x0 f:/windowsstuff/12.0/nios2eds/bin/gnu/h-i686-mingw32/bin/../lib/gcc/nios2-elf/4.1.2/../../../../nios2-elf/lib\libc.a(lib_a-mprec.o)
 .bss           0x0081cdbc        0x0 f:/windowsstuff/12.0/nios2eds/bin/gnu/h-i686-mingw32/bin/../lib/gcc/nios2-elf/4.1.2/../../../../nios2-elf/lib\libc.a(lib_a-reallocr.o)
 .bss           0x0081cdbc        0x0 f:/windowsstuff/12.0/nios2eds/bin/gnu/h-i686-mingw32/bin/../lib/gcc/nios2-elf/4.1.2/../../../../nios2-elf/lib\libc.a(lib_a-s_isinfd.o)
 .bss           0x0081cdbc        0x0 f:/windowsstuff/12.0/nios2eds/bin/gnu/h-i686-mingw32/bin/../lib/gcc/nios2-elf/4.1.2/../../../../nios2-elf/lib\libc.a(lib_a-s_isnand.o)
 .bss           0x0081cdbc        0x0 f:/windowsstuff/12.0/nios2eds/bin/gnu/h-i686-mingw32/bin/../lib/gcc/nios2-elf/4.1.2/../../../../nios2-elf/lib\libc.a(lib_a-stdio.o)
 .bss           0x0081cdbc        0x0 f:/windowsstuff/12.0/nios2eds/bin/gnu/h-i686-mingw32/bin/../lib/gcc/nios2-elf/4.1.2/../../../../nios2-elf/lib\libc.a(lib_a-strcmp.o)
 .bss           0x0081cdbc        0x0 f:/windowsstuff/12.0/nios2eds/bin/gnu/h-i686-mingw32/bin/../lib/gcc/nios2-elf/4.1.2/../../../../nios2-elf/lib\libc.a(lib_a-writer.o)
 .bss           0x0081cdbc        0x0 f:/windowsstuff/12.0/nios2eds/bin/gnu/h-i686-mingw32/bin/../lib/gcc/nios2-elf/4.1.2/../../../../nios2-elf/lib\libc.a(lib_a-callocr.o)
 .bss           0x0081cdbc        0x0 f:/windowsstuff/12.0/nios2eds/bin/gnu/h-i686-mingw32/bin/../lib/gcc/nios2-elf/4.1.2/../../../../nios2-elf/lib\libc.a(lib_a-closer.o)
 .bss           0x0081cdbc        0x0 f:/windowsstuff/12.0/nios2eds/bin/gnu/h-i686-mingw32/bin/../lib/gcc/nios2-elf/4.1.2/../../../../nios2-elf/lib\libc.a(lib_a-fclose.o)
 .bss           0x0081cdbc        0x0 f:/windowsstuff/12.0/nios2eds/bin/gnu/h-i686-mingw32/bin/../lib/gcc/nios2-elf/4.1.2/../../../../nios2-elf/lib\libc.a(lib_a-fstatr.o)
 .bss           0x0081cdbc        0x0 f:/windowsstuff/12.0/nios2eds/bin/gnu/h-i686-mingw32/bin/../lib/gcc/nios2-elf/4.1.2/../../../../nios2-elf/lib\libc.a(lib_a-isattyr.o)
 .bss           0x0081cdbc        0x0 f:/windowsstuff/12.0/nios2eds/bin/gnu/h-i686-mingw32/bin/../lib/gcc/nios2-elf/4.1.2/../../../../nios2-elf/lib\libc.a(lib_a-lseekr.o)
 .bss           0x0081cdbc        0x0 f:/windowsstuff/12.0/nios2eds/bin/gnu/h-i686-mingw32/bin/../lib/gcc/nios2-elf/4.1.2/../../../../nios2-elf/lib\libc.a(lib_a-readr.o)
 .bss           0x0081cdbc        0x0 f:/windowsstuff/12.0/nios2eds/bin/gnu/h-i686-mingw32/bin/../lib/gcc/nios2-elf/4.1.2\libgcc.a(_udivdi3.o)
 .bss           0x0081cdbc        0x0 f:/windowsstuff/12.0/nios2eds/bin/gnu/h-i686-mingw32/bin/../lib/gcc/nios2-elf/4.1.2\libgcc.a(_umoddi3.o)
 .bss           0x0081cdbc        0x0 f:/windowsstuff/12.0/nios2eds/bin/gnu/h-i686-mingw32/bin/../lib/gcc/nios2-elf/4.1.2\libgcc.a(_ne_df.o)
 .bss           0x0081cdbc        0x0 f:/windowsstuff/12.0/nios2eds/bin/gnu/h-i686-mingw32/bin/../lib/gcc/nios2-elf/4.1.2\libgcc.a(_lt_df.o)
 .bss           0x0081cdbc        0x0 f:/windowsstuff/12.0/nios2eds/bin/gnu/h-i686-mingw32/bin/../lib/gcc/nios2-elf/4.1.2\libgcc.a(_usi_to_df.o)
 .bss           0x0081cdbc        0x0 C:/Users/jorde_000/Documents/GitHub/LSN/\libhal_bsp.a(alt_close.o)
 .bss           0x0081cdbc        0x0 C:/Users/jorde_000/Documents/GitHub/LSN/\libhal_bsp.a(alt_dev.o)
 .bss           0x0081cdbc        0x0 C:/Users/jorde_000/Documents/GitHub/LSN/\libhal_bsp.a(alt_errno.o)
 .bss           0x0081cdbc        0x0 C:/Users/jorde_000/Documents/GitHub/LSN/\libhal_bsp.a(alt_fstat.o)
 .bss           0x0081cdbc        0x0 C:/Users/jorde_000/Documents/GitHub/LSN/\libhal_bsp.a(alt_gettod.o)
 .bss           0x0081cdbc        0x0 C:/Users/jorde_000/Documents/GitHub/LSN/\libhal_bsp.a(alt_irq_register.o)
 .bss           0x0081cdbc        0x0 C:/Users/jorde_000/Documents/GitHub/LSN/\libhal_bsp.a(alt_irq_vars.o)
 .bss           0x0081cdbc        0x0 C:/Users/jorde_000/Documents/GitHub/LSN/\libhal_bsp.a(alt_isatty.o)
 .bss           0x0081cdbc        0x0 C:/Users/jorde_000/Documents/GitHub/LSN/\libhal_bsp.a(alt_load.o)
 .bss           0x0081cdbc        0x0 C:/Users/jorde_000/Documents/GitHub/LSN/\libhal_bsp.a(alt_lseek.o)
 .bss           0x0081cdbc        0x0 C:/Users/jorde_000/Documents/GitHub/LSN/\libhal_bsp.a(alt_main.o)
 .bss           0x0081cdbc        0x0 C:/Users/jorde_000/Documents/GitHub/LSN/\libhal_bsp.a(alt_malloc_lock.o)
 .bss           0x0081cdbc        0x0 C:/Users/jorde_000/Documents/GitHub/LSN/\libhal_bsp.a(alt_read.o)
 .bss           0x0081cdbc        0x0 C:/Users/jorde_000/Documents/GitHub/LSN/\libhal_bsp.a(alt_release_fd.o)
 .bss           0x0081cdbc        0x0 C:/Users/jorde_000/Documents/GitHub/LSN/\libhal_bsp.a(alt_sbrk.o)
 .bss           0x0081cdbc        0x0 C:/Users/jorde_000/Documents/GitHub/LSN/\libhal_bsp.a(alt_tick.o)
 .bss           0x0081cdbc        0x0 C:/Users/jorde_000/Documents/GitHub/LSN/\libhal_bsp.a(alt_usleep.o)
 .bss           0x0081cdbc        0x0 C:/Users/jorde_000/Documents/GitHub/LSN/\libhal_bsp.a(alt_write.o)
 .bss           0x0081cdbc        0x0 C:/Users/jorde_000/Documents/GitHub/LSN/\libhal_bsp.a(alt_sys_init.o)
 .bss           0x0081cdbc        0x0 C:/Users/jorde_000/Documents/GitHub/LSN/\libhal_bsp.a(altera_avalon_jtag_uart_fd.o)
 .bss           0x0081cdbc        0x0 C:/Users/jorde_000/Documents/GitHub/LSN/\libhal_bsp.a(altera_avalon_jtag_uart_init.o)
 .bss           0x0081cdbc        0x0 C:/Users/jorde_000/Documents/GitHub/LSN/\libhal_bsp.a(altera_avalon_jtag_uart_ioctl.o)
 .bss           0x0081cdbc        0x0 C:/Users/jorde_000/Documents/GitHub/LSN/\libhal_bsp.a(altera_avalon_jtag_uart_read.o)
 .bss           0x0081cdbc        0x0 C:/Users/jorde_000/Documents/GitHub/LSN/\libhal_bsp.a(altera_avalon_jtag_uart_write.o)
 .bss           0x0081cdbc        0x0 C:/Users/jorde_000/Documents/GitHub/LSN/\libhal_bsp.a(altera_avalon_timer_sc.o)
 .bss           0x0081cdbc        0x0 C:/Users/jorde_000/Documents/GitHub/LSN/\libhal_bsp.a(altera_avalon_timer_ts.o)
 .bss           0x0081cdbc        0x0 C:/Users/jorde_000/Documents/GitHub/LSN/\libhal_bsp.a(altera_avalon_timer_vars.o)
 .bss           0x0081cdbc        0x0 C:/Users/jorde_000/Documents/GitHub/LSN/\libhal_bsp.a(altera_up_avalon_audio.o)
 .bss           0x0081cdbc        0x0 C:/Users/jorde_000/Documents/GitHub/LSN/\libhal_bsp.a(altera_up_avalon_audio_and_video_config.o)
 .bss           0x0081cdbc        0x0 C:/Users/jorde_000/Documents/GitHub/LSN/\libhal_bsp.a(altera_up_avalon_character_lcd.o)
 .bss           0x0081cdbc        0x0 C:/Users/jorde_000/Documents/GitHub/LSN/\libhal_bsp.a(altera_up_avalon_video_character_buffer_with_dma.o)
 .bss           0x0081cdbc        0x0 C:/Users/jorde_000/Documents/GitHub/LSN/\libhal_bsp.a(altera_up_avalon_video_pixel_buffer_dma.o)