Archive member included because of file (symbol)

f:/windowsstuff/12.0/nios2eds/bin/gnu/h-i686-mingw32/bin/../lib/gcc/nios2-elf/4.1.2/../../../../nios2-elf/lib\libm.a(lib_a-w_pow.o)
                              obj/default/score.o (pow)
f:/windowsstuff/12.0/nios2eds/bin/gnu/h-i686-mingw32/bin/../lib/gcc/nios2-elf/4.1.2/../../../../nios2-elf/lib\libm.a(lib_a-e_pow.o)
                              f:/windowsstuff/12.0/nios2eds/bin/gnu/h-i686-mingw32/bin/../lib/gcc/nios2-elf/4.1.2/../../../../nios2-elf/lib\libm.a(lib_a-w_pow.o) (__ieee754_pow)
f:/windowsstuff/12.0/nios2eds/bin/gnu/h-i686-mingw32/bin/../lib/gcc/nios2-elf/4.1.2/../../../../nios2-elf/lib\libm.a(lib_a-e_sqrt.o)
                              f:/windowsstuff/12.0/nios2eds/bin/gnu/h-i686-mingw32/bin/../lib/gcc/nios2-elf/4.1.2/../../../../nios2-elf/lib\libm.a(lib_a-e_pow.o) (__ieee754_sqrt)
f:/windowsstuff/12.0/nios2eds/bin/gnu/h-i686-mingw32/bin/../lib/gcc/nios2-elf/4.1.2/../../../../nios2-elf/lib\libm.a(lib_a-s_fabs.o)
                              f:/windowsstuff/12.0/nios2eds/bin/gnu/h-i686-mingw32/bin/../lib/gcc/nios2-elf/4.1.2/../../../../nios2-elf/lib\libm.a(lib_a-e_pow.o) (fabs)
f:/windowsstuff/12.0/nios2eds/bin/gnu/h-i686-mingw32/bin/../lib/gcc/nios2-elf/4.1.2/../../../../nios2-elf/lib\libm.a(lib_a-s_finite.o)
                              f:/windowsstuff/12.0/nios2eds/bin/gnu/h-i686-mingw32/bin/../lib/gcc/nios2-elf/4.1.2/../../../../nios2-elf/lib\libm.a(lib_a-w_pow.o) (finite)
f:/windowsstuff/12.0/nios2eds/bin/gnu/h-i686-mingw32/bin/../lib/gcc/nios2-elf/4.1.2/../../../../nios2-elf/lib\libm.a(lib_a-s_isnand.o)
                              f:/windowsstuff/12.0/nios2eds/bin/gnu/h-i686-mingw32/bin/../lib/gcc/nios2-elf/4.1.2/../../../../nios2-elf/lib\libm.a(lib_a-w_pow.o) (__isnand)
f:/windowsstuff/12.0/nios2eds/bin/gnu/h-i686-mingw32/bin/../lib/gcc/nios2-elf/4.1.2/../../../../nios2-elf/lib\libm.a(lib_a-s_lib_ver.o)
                              f:/windowsstuff/12.0/nios2eds/bin/gnu/h-i686-mingw32/bin/../lib/gcc/nios2-elf/4.1.2/../../../../nios2-elf/lib\libm.a(lib_a-w_pow.o) (__fdlib_version)
f:/windowsstuff/12.0/nios2eds/bin/gnu/h-i686-mingw32/bin/../lib/gcc/nios2-elf/4.1.2/../../../../nios2-elf/lib\libm.a(lib_a-s_matherr.o)
                              f:/windowsstuff/12.0/nios2eds/bin/gnu/h-i686-mingw32/bin/../lib/gcc/nios2-elf/4.1.2/../../../../nios2-elf/lib\libm.a(lib_a-w_pow.o) (matherr)
f:/windowsstuff/12.0/nios2eds/bin/gnu/h-i686-mingw32/bin/../lib/gcc/nios2-elf/4.1.2/../../../../nios2-elf/lib\libm.a(lib_a-s_nan.o)
                              f:/windowsstuff/12.0/nios2eds/bin/gnu/h-i686-mingw32/bin/../lib/gcc/nios2-elf/4.1.2/../../../../nios2-elf/lib\libm.a(lib_a-e_pow.o) (nan)
f:/windowsstuff/12.0/nios2eds/bin/gnu/h-i686-mingw32/bin/../lib/gcc/nios2-elf/4.1.2/../../../../nios2-elf/lib\libm.a(lib_a-s_rint.o)
                              f:/windowsstuff/12.0/nios2eds/bin/gnu/h-i686-mingw32/bin/../lib/gcc/nios2-elf/4.1.2/../../../../nios2-elf/lib\libm.a(lib_a-w_pow.o) (rint)
f:/windowsstuff/12.0/nios2eds/bin/gnu/h-i686-mingw32/bin/../lib/gcc/nios2-elf/4.1.2/../../../../nios2-elf/lib\libm.a(lib_a-s_scalbn.o)
                              f:/windowsstuff/12.0/nios2eds/bin/gnu/h-i686-mingw32/bin/../lib/gcc/nios2-elf/4.1.2/../../../../nios2-elf/lib\libm.a(lib_a-e_pow.o) (scalbn)
f:/windowsstuff/12.0/nios2eds/bin/gnu/h-i686-mingw32/bin/../lib/gcc/nios2-elf/4.1.2/../../../../nios2-elf/lib\libm.a(lib_a-s_copysign.o)
                              f:/windowsstuff/12.0/nios2eds/bin/gnu/h-i686-mingw32/bin/../lib/gcc/nios2-elf/4.1.2/../../../../nios2-elf/lib\libm.a(lib_a-s_scalbn.o) (copysign)
f:/windowsstuff/12.0/nios2eds/bin/gnu/h-i686-mingw32/bin/../lib/gcc/nios2-elf/4.1.2\libgcc.a(_div_sf.o)
                              obj/default/timer.o (__divsf3)
f:/windowsstuff/12.0/nios2eds/bin/gnu/h-i686-mingw32/bin/../lib/gcc/nios2-elf/4.1.2\libgcc.a(_si_to_sf.o)
                              obj/default/timer.o (__floatsisf)
f:/windowsstuff/12.0/nios2eds/bin/gnu/h-i686-mingw32/bin/../lib/gcc/nios2-elf/4.1.2\libgcc.a(_sf_to_df.o)
                              obj/default/timer.o (__extendsfdf2)
f:/windowsstuff/12.0/nios2eds/bin/gnu/h-i686-mingw32/bin/../lib/gcc/nios2-elf/4.1.2\libgcc.a(_thenan_sf.o)
                              f:/windowsstuff/12.0/nios2eds/bin/gnu/h-i686-mingw32/bin/../lib/gcc/nios2-elf/4.1.2\libgcc.a(_div_sf.o) (__thenan_sf)
f:/windowsstuff/12.0/nios2eds/bin/gnu/h-i686-mingw32/bin/../lib/gcc/nios2-elf/4.1.2\libgcc.a(_addsub_df.o)
                              obj/default/input.o (__subdf3)
f:/windowsstuff/12.0/nios2eds/bin/gnu/h-i686-mingw32/bin/../lib/gcc/nios2-elf/4.1.2\libgcc.a(_mul_df.o)
                              obj/default/score.o (__muldf3)
f:/windowsstuff/12.0/nios2eds/bin/gnu/h-i686-mingw32/bin/../lib/gcc/nios2-elf/4.1.2\libgcc.a(_div_df.o)
                              obj/default/score.o (__divdf3)
f:/windowsstuff/12.0/nios2eds/bin/gnu/h-i686-mingw32/bin/../lib/gcc/nios2-elf/4.1.2\libgcc.a(_eq_df.o)
[...]
Memory Configuration

Name             Origin             Length             Attributes
reset            0x00800000         0x00000020
sdram_0          0x00800020         0x007fffe0
*default*        0x00000000         0xffffffff

Linker script and memory map

LOAD C:/Users/jorde_000/Documents/GitHub/LSN//obj/HAL/src/crt0.o
LOAD obj/default/audio.o
LOAD obj/default/bmp.o
LOAD obj/default/bullet.o
LOAD obj/default/collision.o
LOAD obj/default/displacement.o
LOAD obj/default/gameEnd.o
LOAD obj/default/input.o
LOAD obj/default/main.o
LOAD obj/default/player.o
LOAD obj/default/score.o
LOAD obj/default/sd_card.o
LOAD obj/default/shark.o
LOAD obj/default/splash.o
LOAD obj/default/timer.o
LOAD obj/default/vga.o
LOAD f:/windowsstuff/12.0/nios2eds/bin/gnu/h-i686-mingw32/bin/../lib/gcc/nios2-elf/4.1.2/../../../../nios2-elf/lib\libstdc++.a
LOAD f:/windowsstuff/12.0/nios2eds/bin/gnu/h-i686-mingw32/bin/../lib/gcc/nios2-elf/4.1.2/../../../../nios2-elf/lib\libm.a
LOAD f:/windowsstuff/12.0/nios2eds/bin/gnu/h-i686-mingw32/bin/../lib/gcc/nios2-elf/4.1.2\libgcc.a
START GROUP
LOAD f:/windowsstuff/12.0/nios2eds/bin/gnu/h-i686-mingw32/bin/../lib/gcc/nios2-elf/4.1.2/../../../../nios2-elf/lib\libc.a
LOAD f:/windowsstuff/12.0/nios2eds/bin/gnu/h-i686-mingw32/bin/../lib/gcc/nios2-elf/4.1.2\libgcc.a
LOAD C:/Users/jorde_000/Documents/GitHub/LSN/\libhal_bsp.a
END GROUP
LOAD f:/windowsstuff/12.0/nios2eds/bin/gnu/h-i686-mingw32/bin/../lib/gcc/nios2-elf/4.1.2\libgcc.a
                0x00800000                __alt_mem_sdram_0 = 0x800000

.entry          0x00800000       0x20
 *(.entry)
 .entry         0x00800000       0x20 C:/Users/jorde_000/Documents/GitHub/LSN//obj/HAL/src/crt0.o
                0x00800000                __reset

.exceptions     0x00800020      0x198
                0x00800020                PROVIDE (__ram_exceptions_start, ABSOLUTE (.))
                0x00800020                . = ALIGN (0x20)
 *(.irq)
 *(.exceptions.entry.label)
 .exceptions.entry.label
                0x00800020        0x0 C:/Users/jorde_000/Documents/GitHub/LSN/\libhal_bsp.a(alt_irq_entry.o)
                0x00800020                alt_irq_entry
 .exceptions.entry.label
                0x00800020        0x0 C:/Users/jorde_000/Documents/GitHub/LSN/\libhal_bsp.a(alt_exception_entry.o)
                0x00800020                alt_exception
 *(.exceptions.entry.user)
 *(.exceptions.entry)
 .exceptions.entry
                0x00800020       0x54 C:/Users/jorde_000/Documents/GitHub/LSN/\libhal_bsp.a(alt_exception_entry.o)
 *(.exceptions.irqtest.user)
 *(.exceptions.irqtest)
 .exceptions.irqtest
                0x00800074       0x10 C:/Users/jorde_000/Documents/GitHub/LSN/\libhal_bsp.a(alt_irq_entry.o)
 *(.exceptions.irqhandler.user)
 *(.exceptions.irqhandler)
 .exceptions.irqhandler
                0x00800084        0x4 C:/Users/jorde_000/Documents/GitHub/LSN/\libhal_bsp.a(alt_irq_entry.o)
 *(.exceptions.irqreturn.user)
 *(.exceptions.irqreturn)
 .exceptions.irqreturn
                0x00800088        0x4 C:/Users/jorde_000/Documents/GitHub/LSN/\libhal_bsp.a(alt_irq_entry.o)
 *(.exceptions.notirq.label)
 .exceptions.notirq.label
                0x0080008c        0x0 C:/Users/jorde_000/Documents/GitHub/LSN/\libhal_bsp.a(alt_irq_entry.o)
 *(.exceptions.notirq.user)
 *(.exceptions.notirq)
 .exceptions.notirq
                0x0080008c        0x8 C:/Users/jorde_000/Documents/GitHub/LSN/\libhal_bsp.a(alt_exception_entry.o)
 *(.exceptions.soft.user)
 *(.exceptions.soft)
 *(.exceptions.unknown.user)
 *(.exceptions.unknown)
 .exceptions.unknown
                0x00800094        0x4 C:/Users/jorde_000/Documents/GitHub/LSN/\libhal_bsp.a(alt_exception_entry.o)
 *(.exceptions.exit.label)
 .exceptions.exit.label
                0x00800098        0x0 C:/Users/jorde_000/Documents/GitHub/LSN/\libhal_bsp.a(alt_irq_entry.o)
 .exceptions.exit.label
                0x00800098        0x0 C:/Users/jorde_000/Documents/GitHub/LSN/\libhal_bsp.a(alt_exception_entry.o)
 *(.exceptions.exit.user)
 *(.exceptions.exit)
 .exceptions.exit
                0x00800098       0x54 C:/Users/jorde_000/Documents/GitHub/LSN/\libhal_bsp.a(alt_exception_entry.o)
 *(.exceptions)
 .exceptions    0x008000ec       0xcc C:/Users/jorde_000/Documents/GitHub/LSN/\libhal_bsp.a(alt_irq_handler.o)
                0x008000ec                alt_irq_handler
                0x008001b8                PROVIDE (__ram_exceptions_end, ABSOLUTE (.))
                0x00800020                PROVIDE (__flash_exceptions_start, LOADADDR (.exceptions))

.text           0x008001b8    0x1bbcc
                0x008001b8                PROVIDE (stext, ABSOLUTE (.))
 *(.interp)
 *(.hash)
 *(.dynsym)
 *(.dynstr)
 *(.gnu.version)
 *(.gnu.version_d)
 *(.gnu.version_r)
 *(.rel.init)
 *(.rela.init)
 *(.rel.text .rel.text.* .rel.gnu.linkonce.t.*)
 *(.rela.text .rela.text.* .rela.gnu.linkonce.t.*)
 *(.rel.fini)
 *(.rela.fini)
 *(.rel.rodata .rel.rodata.* .rel.gnu.linkonce.r.*)
 *(.rela.rodata .rela.rodata.* .rela.gnu.linkonce.r.*)
 *(.rel.data .rel.data.* .rel.gnu.linkonce.d.*)
 *(.rela.data .rela.data.* .rela.gnu.linkonce.d.*)
 *(.rel.tdata .rel.tdata.* .rel.gnu.linkonce.td.*)
 *(.rela.tdata .rela.tdata.* .rela.gnu.linkonce.td.*)
 *(.rel.tbss .rel.tbss.* .rel.gnu.linkonce.tb.*)
 *(.rela.tbss .rela.tbss.* .rela.gnu.linkonce.tb.*)
 *(.rel.ctors)
 *(.rela.ctors)
 *(.rel.dtors)
 *(.rela.dtors)
 *(.rel.got)
 *(.rela.got)
 *(.rel.sdata .rel.sdata.* .rel.gnu.linkonce.s.*)
 *(.rela.sdata .rela.sdata.* .rela.gnu.linkonce.s.*)
 *(.rel.sbss .rel.sbss.* .rel.gnu.linkonce.sb.*)
 *(.rela.sbss .rela.sbss.* .rela.gnu.linkonce.sb.*)
 *(.rel.sdata2 .rel.sdata2.* .rel.gnu.linkonce.s2.*)
 *(.rela.sdata2 .rela.sdata2.* .rela.gnu.linkonce.s2.*)
 *(.rel.sbss2 .rel.sbss2.* .rel.gnu.linkonce.sb2.*)
 *(.rela.sbss2 .rela.sbss2.* .rela.gnu.linkonce.sb2.*)
 *(.rel.bss .rel.bss.* .rel.gnu.linkonce.b.*)
 *(.rela.bss .rela.bss.* .rela.gnu.linkonce.b.*)
 *(.rel.plt)
 *(.rela.plt)
 *(.rel.dyn)
 *(.init)
 *(.plt)
 *(.text .stub .text.* .gnu.linkonce.t.*)
 .text          0x008001b8       0x4c C:/Users/jorde_000/Documents/GitHub/LSN//obj/HAL/src/crt0.o
                0x008001b8                _start
 .text          0x00800204      0xf00 obj/default/audio.o
                0x00800204                setupAudio
                0x008003a0                setupAudioInterrupt
                0x008003f8                loadLaser
                0x008004c4                loadPlayerDeath
                0x00800590                loadSharkDeath
                0x0080065c                loadTheme
                0x0080072c                playAudioMono
                0x008007bc                playAudio
                0x00800858                audioTest
                0x008009f8                readWavFile
                0x00800b2c                playLaser
                0x00800b88                playPlayerDeath
                0x00800bcc                playSharkDeath
                0x00800c10                playTheme
                0x00800c54                stopTheme
                0x00800de4                updateAudioWithVolume
                0x00800f1c                changeBufferVolume
 .text          0x00801104      0x714 obj/default/bmp.o
                0x00801104                parseBmp
                0x00801548                parseBmps
                0x008015c0                freeBmps
                0x0080160c                freeSplash
                0x00801644                drawBmp
                0x008017b8                eraseBmp
 .text          0x00801818      0x810 obj/default/bullet.o
                0x00801818                initBullets
                0x008018d4                createBullet
                0x00801a38                moveAllBullets
                0x00801bb8                drawAllBullets
                0x00801c3c                eraseAllBullets
                0x00801cc0                drawBullet
                0x00801d48                eraseBullet
                0x00801e34                moveBulletRight
                0x00801ed4                deleteBullet
                0x00801f88                moveBulletLeft
 .text          0x00802028      0x708 obj/default/collision.o
                0x00802028                initCollision
                0x008022cc                findSharkIfHit
                0x0080236c                isBulletCollidingWithShark
                0x008024a8                isBulletCollidingWithPlayer
                0x008025e4                doSharkBulletCollision
                0x0080268c                doPlayerBulletCollision
 .text          0x00802730      0x720 obj/default/displacement.o
                0x00802730                setupDisplacement
                0x008027bc                setupVerticalDisplacementFunction
                0x008028c0                setupCircularDisplacementFunction
                0x008029b0                setupArcDisplacementFunction
                0x00802a9c                setupNoDisplcementFunction
                0x00802b2c                makeRight
                0x00802b6c                makeLeft
                0x00802bac                makeUp
                0x00802bec                makeDown
                0x00802c2c                makeDownRight
                0x00802c6c                makeDownLeft
                0x00802cac                makeUpRight
                0x00802cec                makeUpLeft
                0x00802d2c                setToRandomDisplacement
 .text          0x00802e50       0x64 obj/default/gameEnd.o
                0x00802e50                gameEndSequence
 .text          0x00802eb4      0x3c0 obj/default/input.o
                0x00802eb4                handleKeyInput
                0x00803030                handleSwitchInput
                0x00803104                handleAtariInput
                0x00803174                delayUntilUPAndButtonPressed
                0x008031ec                gameStart
 .text          0x00803274      0x1d8 obj/default/main.o
                0x00803274                init
                0x00803304                main
 .text          0x0080344c      0x2e8 obj/default/player.o
                0x0080344c                initPlayer
                0x008034a8                drawPlayer
                0x008034ec                erasePlayer
                0x00803530                moveUpPlayer
                0x008035bc                moveDownPlayer
                0x00803648                keepPlayerStationary
                0x008036a4                hitPlayer
                0x0080370c                killPlayer
 .text          0x00803734     0x1204 obj/default/score.o
                0x00803734                initScoreBoard
                0x00803798                defaultHighScoreBoard
                0x00803840                readHighScoreBoardFromSD
                0x00803b94                updateHighScoreBoard
                0x0080402c                obtainUserInitials
                0x008043a0                updateCurrentPlayerScore
                0x008043d8                setCurrentPlayerScore
                0x00804404                getCurrentPlayerScore
                0x00804428                setCurrentPlayerLives
                0x00804454                getCurrentPlayerLives
                0x00804478                drawScore
                0x008046b0                clearScore
                0x008046dc                drawInGameInfo
 .text          0x00804938      0x374 obj/default/sd_card.o
                0x00804938                openSdCard
                0x00804998                openFile
                0x008049d8                closeFile
                0x00804a08                readByte
                0x00804a3c                readWord
                0x00804ad0                readDWord
                0x00804ba4                getWavFileLength
                0x00804c5c                readPastWavHeader
 .text          0x00804cac      0x754 obj/default/shark.o
                0x00804cac                initSharks
                0x00804d30                getFreeShark
                0x00804dc4                drawShark
                0x00804e20                eraseShark
                0x00804e7c                moveShark
                0x00804fa0                moveAllSharks
                0x00804ff0                drawAllSharks
                0x00805040                eraseAllSharks
                0x00805090                createShark
                0x0080521c                killShark
                0x008052e4                cleanupDeadSharks
 .text          0x00805400       0x78 obj/default/splash.o
                0x00805400                drawSplashScreen
                0x00805450                clearSplashScreen
 .text          0x00805478      0x360 obj/default/timer.o
                0x00805478                timer_test
                0x00805708                setHardwareTimerPeriod
                0x00805750                isHardwareTimerRunning
                0x00805784                hasHardwareTimerExpired
                0x008057ac                startHardwareTimer
 .text          0x008057d8      0x3e0 obj/default/vga.o
                0x008057d8                initVga
                0x0080586c                clearScreen
                0x008058b0                swapBuffers
                0x008058ec                drawPixel
                0x00805930                drawPixelFast
                0x008059b4                drawLine
                0x00805a7c                printLine
                0x00805ac0                drawBox
                0x00805b20                convert24BitRgbTo16
 .text          0x00805bb8      0x488 f:/windowsstuff/12.0/nios2eds/bin/gnu/h-i686-mingw32/bin/../lib/gcc/nios2-elf/4.1.2/../../../../nios2-elf/lib\libm.a(lib_a-w_pow.o)
                0x00805bb8                pow
 .text          0x00806040     0x1300 f:/windowsstuff/12.0/nios2eds/bin/gnu/h-i686-mingw32/bin/../lib/gcc/nios2-elf/4.1.2/../../../../nios2-elf/lib\libm.a(lib_a-e_pow.o)
                0x00806040                __ieee754_pow
 .text          0x00807340      0x2c8 f:/windowsstuff/12.0/nios2eds/bin/gnu/h-i686-mingw32/bin/../lib/gcc/nios2-elf/4.1.2/../../../../nios2-elf/lib\libm.a(lib_a-e_sqrt.o)
                0x00807340                __ieee754_sqrt
 .text          0x00807608       0x18 f:/windowsstuff/12.0/nios2eds/bin/gnu/h-i686-mingw32/bin/../lib/gcc/nios2-elf/4.1.2/../../../../nios2-elf/lib\libm.a(lib_a-s_fabs.o)
                0x00807608                fabs
 .text          0x00807620       0x1c f:/windowsstuff/12.0/nios2eds/bin/gnu/h-i686-mingw32/bin/../lib/gcc/nios2-elf/4.1.2/../../../../nios2-elf/lib\libm.a(lib_a-s_finite.o)
                0x00807620                finite
 .text          0x0080763c       0x30 f:/windowsstuff/12.0/nios2eds/bin/gnu/h-i686-mingw32/bin/../lib/gcc/nios2-elf/4.1.2/../../../../nios2-elf/lib\libm.a(lib_a-s_isnand.o)
                0x0080763c                __isnand
 .text          0x0080766c        0x0 f:/windowsstuff/12.0/nios2eds/bin/gnu/h-i686-mingw32/bin/../lib/gcc/nios2-elf/4.1.2/../../../../nios2-elf/lib\libm.a(lib_a-s_lib_ver.o)
 .text          0x0080766c        0x8 f:/windowsstuff/12.0/nios2eds/bin/gnu/h-i686-mingw32/bin/../lib/gcc/nios2-elf/4.1.2/../../../../nios2-elf/lib\libm.a(lib_a-s_matherr.o)
                0x0080766c                matherr
 .text          0x00807674       0x10 f:/windowsstuff/12.0/nios2eds/bin/gnu/h-i686-mingw32/bin/../lib/gcc/nios2-elf/4.1.2/../../../../nios2-elf/lib\libm.a(lib_a-s_nan.o)
                0x00807674                nan
 .text          0x00807684      0x210 f:/windowsstuff/12.0/nios2eds/bin/gnu/h-i686-mingw32/bin/../lib/gcc/nios2-elf/4.1.2/../../../../nios2-elf/lib\libm.a(lib_a-s_rint.o)
                0x00807684                rint
 .text          0x00807894      0x1e0 f:/windowsstuff/12.0/nios2eds/bin/gnu/h-i686-mingw32/bin/../lib/gcc/nios2-elf/4.1.2/../../../../nios2-elf/lib\libm.a(lib_a-s_scalbn.o)
                0x00807894                scalbn
 .text          0x00807a74       0x24 f:/windowsstuff/12.0/nios2eds/bin/gnu/h-i686-mingw32/bin/../lib/gcc/nios2-elf/4.1.2/../../../../nios2-elf/lib\libm.a(lib_a-s_copysign.o)
                0x00807a74                copysign
 .text          0x00807a98      0x174 f:/windowsstuff/12.0/nios2eds/bin/gnu/h-i686-mingw32/bin/../lib/gcc/nios2-elf/4.1.2\libgcc.a(_div_sf.o)
                0x00807a98                __divsf3
 .text          0x00807c0c       0x98 f:/windowsstuff/12.0/nios2eds/bin/gnu/h-i686-mingw32/bin/../lib/gcc/nios2-elf/4.1.2\libgcc.a(_si_to_sf.o)
                0x00807c0c                __floatsisf
 .text          0x00807ca4       0x54 f:/windowsstuff/12.0/nios2eds/bin/gnu/h-i686-mingw32/bin/../lib/gcc/nios2-elf/4.1.2\libgcc.a(_sf_to_df.o)
                0x00807ca4                __extendsfdf2
 .text          0x00807cf8        0x0 f:/windowsstuff/12.0/nios2eds/bin/gnu/h-i686-mingw32/bin/../lib/gcc/nios2-elf/4.1.2\libgcc.a(_thenan_sf.o)
 .text          0x00807cf8      0x504 f:/windowsstuff/12.0/nios2eds/bin/gnu/h-i686-mingw32/bin/../lib/gcc/nios2-elf/4.1.2\libgcc.a(_addsub_df.o)
                0x00808108                __subdf3
                0x00808188                __adddf3
 .text          0x008081fc      0x3c4 f:/windowsstuff/12.0/nios2eds/bin/gnu/h-i686-mingw32/bin/../lib/gcc/nios2-elf/4.1.2\libgcc.a(_mul_df.o)
                0x008081fc                __muldf3
 .text          0x008085c0      0x258 f:/windowsstuff/12.0/nios2eds/bin/gnu/h-i686-mingw32/bin/../lib/gcc/nios2-elf/4.1.2\libgcc.a(_div_df.o)
                0x008085c0                __divdf3
 .text          0x00808818       0x88 f:/windowsstuff/12.0/nios2eds/bin/gnu/h-i686-mingw32/bin/../lib/gcc/nios2-elf/4.1.2\libgcc.a(_eq_df.o)
                0x00808818                __eqdf2
 .text          0x008088a0       0x88 f:/windowsstuff/12.0/nios2eds/bin/gnu/h-i686-mingw32/bin/../lib/gcc/nios2-elf/4.1.2\libgcc.a(_ne_df.o)
                0x008088a0                __nedf2
 .text          0x00808928       0x88 f:/windowsstuff/12.0/nios2eds/bin/gnu/h-i686-mingw32/bin/../lib/gcc/nios2-elf/4.1.2\libgcc.a(_gt_df.o)
                0x00808928                __gtdf2
 .text          0x008089b0       0x88 f:/windowsstuff/12.0/nios2eds/bin/gnu/h-i686-mingw32/bin/../lib/gcc/nios2-elf/4.1.2\libgcc.a(_lt_df.o)
                0x008089b0                __ltdf2
 .text          0x00808a38       0x88 f:/windowsstuff/12.0/nios2eds/bin/gnu/h-i686-mingw32/bin/../lib/gcc/nios2-elf/4.1.2\libgcc.a(_le_df.o)
                0x00808a38                __ledf2
 .text          0x00808ac0       0xf8 f:/windowsstuff/12.0/nios2eds/bin/gnu/h-i686-mingw32/bin/../lib/gcc/nios2-elf/4.1.2\libgcc.a(_si_to_df.o)
                0x00808ac0                __floatsidf
 .text          0x00808bb8       0xd8 f:/windowsstuff/12.0/nios2eds/bin/gnu/h-i686-mingw32/bin/../lib/gcc/nios2-elf/4.1.2\libgcc.a(_df_to_si.o)
                0x00808bb8                __fixdfsi
 .text          0x00808c90       0x38 f:/windowsstuff/12.0/nios2eds/bin/gnu/h-i686-mingw32/bin/../lib/gcc/nios2-elf/4.1.2\libgcc.a(_make_df.o)
                0x00808c90                __make_dp
 .text          0x00808cc8        0x0 f:/windowsstuff/12.0/nios2eds/bin/gnu/h-i686-mingw32/bin/../lib/gcc/nios2-elf/4.1.2\libgcc.a(_thenan_df.o)
 .text          0x00808cc8      0x14c f:/windowsstuff/12.0/nios2eds/bin/gnu/h-i686-mingw32/bin/../lib/gcc/nios2-elf/4.1.2\libgcc.a(lib2-divmod.o)
                0x00808d44                __divsi3
                0x00808da4                __modsi3
                0x00808e04                __udivsi3
                0x00808e0c                __umodsi3
 .text          0x00808e14       0x98 f:/windowsstuff/12.0/nios2eds/bin/gnu/h-i686-mingw32/bin/../lib/gcc/nios2-elf/4.1.2\libgcc.a(_muldi3.o)
                0x00808e14                __muldi3
 .text          0x00808eac       0x80 f:/windowsstuff/12.0/nios2eds/bin/gnu/h-i686-mingw32/bin/../lib/gcc/nios2-elf/4.1.2\libgcc.a(_clzsi2.o)
                0x00808eac                __clzsi2
 .text          0x00808f2c      0x160 f:/windowsstuff/12.0/nios2eds/bin/gnu/h-i686-mingw32/bin/../lib/gcc/nios2-elf/4.1.2\libgcc.a(_pack_sf.o)
                0x00808f2c                __pack_f
 .text          0x0080908c       0xc8 f:/windowsstuff/12.0/nios2eds/bin/gnu/h-i686-mingw32/bin/../lib/gcc/nios2-elf/4.1.2\libgcc.a(_unpack_sf.o)
                0x0080908c                __unpack_f
 .text          0x00809154      0x314 f:/windowsstuff/12.0/nios2eds/bin/gnu/h-i686-mingw32/bin/../lib/gcc/nios2-elf/4.1.2\libgcc.a(_pack_df.o)
                0x00809154                __pack_d
 .text          0x00809468      0x138 f:/windowsstuff/12.0/nios2eds/bin/gnu/h-i686-mingw32/bin/../lib/gcc/nios2-elf/4.1.2\libgcc.a(_unpack_df.o)
                0x00809468                __unpack_d
 .text          0x008095a0       0xc8 f:/windowsstuff/12.0/nios2eds/bin/gnu/h-i686-mingw32/bin/../lib/gcc/nios2-elf/4.1.2\libgcc.a(_fpcmp_parts_df.o)
                0x008095a0                __fpcmp_parts_d
 .text          0x00809668        0x0 f:/windowsstuff/12.0/nios2eds/bin/gnu/h-i686-mingw32/bin/../lib/gcc/nios2-elf/4.1.2\libgcc.a(_clz.o)
 .text          0x00809668       0x10 f:/windowsstuff/12.0/nios2eds/bin/gnu/h-i686-mingw32/bin/../lib/gcc/nios2-elf/4.1.2/../../../../nios2-elf/lib\libc.a(lib_a-errno.o)
                0x00809668                __errno
 .text          0x00809678        0x0 f:/windowsstuff/12.0/nios2eds/bin/gnu/h-i686-mingw32/bin/../lib/gcc/nios2-elf/4.1.2/../../../../nios2-elf/lib\libc.a(lib_a-impure.o)
 .text          0x00809678       0x28 f:/windowsstuff/12.0/nios2eds/bin/gnu/h-i686-mingw32/bin/../lib/gcc/nios2-elf/4.1.2/../../../../nios2-elf/lib\libc.a(lib_a-malloc.o)
                0x00809678                free
                0x0080968c                malloc
 .text          0x008096a0      0x740 f:/windowsstuff/12.0/nios2eds/bin/gnu/h-i686-mingw32/bin/../lib/gcc/nios2-elf/4.1.2/../../../../nios2-elf/lib\libc.a(lib_a-mallocr.o)
                0x008096a0                _malloc_r
 .text          0x00809de0       0x78 f:/windowsstuff/12.0/nios2eds/bin/gnu/h-i686-mingw32/bin/../lib/gcc/nios2-elf/4.1.2/../../../../nios2-elf/lib\libc.a(lib_a-printf.o)
                0x00809de0                printf
                0x00809e24                _printf_r
 .text          0x00809e58       0xb4 f:/windowsstuff/12.0/nios2eds/bin/gnu/h-i686-mingw32/bin/../lib/gcc/nios2-elf/4.1.2/../../../../nios2-elf/lib\libc.a(lib_a-puts.o)
                0x00809e58                _puts_r
                0x00809ef8                puts
 .text          0x00809f0c       0x94 f:/windowsstuff/12.0/nios2eds/bin/gnu/h-i686-mingw32/bin/../lib/gcc/nios2-elf/4.1.2/../../../../nios2-elf/lib\libc.a(lib_a-rand.o)
                0x00809f0c                srand
                0x00809f28                rand
 .text          0x00809fa0       0x70 f:/windowsstuff/12.0/nios2eds/bin/gnu/h-i686-mingw32/bin/../lib/gcc/nios2-elf/4.1.2/../../../../nios2-elf/lib\libc.a(lib_a-sbrkr.o)
                0x00809fa0                _sbrk_r
 .text          0x0080a010       0x74 f:/windowsstuff/12.0/nios2eds/bin/gnu/h-i686-mingw32/bin/../lib/gcc/nios2-elf/4.1.2/../../../../nios2-elf/lib\libc.a(lib_a-strlen.o)
                0x0080a010                strlen
 .text          0x0080a084       0x5c f:/windowsstuff/12.0/nios2eds/bin/gnu/h-i686-mingw32/bin/../lib/gcc/nios2-elf/4.1.2/../../../../nios2-elf/lib\libc.a(lib_a-time.o)
                0x0080a084                time
 .text          0x0080a0e0     0x1f28 f:/windowsstuff/12.0/nios2eds/bin/gnu/h-i686-mingw32/bin/../lib/gcc/nios2-elf/4.1.2/../../../../nios2-elf/lib\libc.a(lib_a-vfprintf.o)
                0x0080a138                ___vfprintf_internal_r
                0x0080bfe4                __vfprintf_internal
 .text          0x0080c008      0x13c f:/windowsstuff/12.0/nios2eds/bin/gnu/h-i686-mingw32/bin/../lib/gcc/nios2-elf/4.1.2/../../../../nios2-elf/lib\libc.a(lib_a-wsetup.o)
                0x0080c008                __swsetup_r
 .text          0x0080c144     0x17cc f:/windowsstuff/12.0/nios2eds/bin/gnu/h-i686-mingw32/bin/../lib/gcc/nios2-elf/4.1.2/../../../../nios2-elf/lib\libc.a(lib_a-dtoa.o)
                0x0080c35c                _dtoa_r
 .text          0x0080d910      0x230 f:/windowsstuff/12.0/nios2eds/bin/gnu/h-i686-mingw32/bin/../lib/gcc/nios2-elf/4.1.2/../../../../nios2-elf/lib\libc.a(lib_a-fflush.o)
                0x0080d910                _fflush_r
                0x0080db0c                fflush
 .text          0x0080db40      0x2c0 f:/windowsstuff/12.0/nios2eds/bin/gnu/h-i686-mingw32/bin/../lib/gcc/nios2-elf/4.1.2/../../../../nios2-elf/lib\libc.a(lib_a-findfp.o)
                0x0080db98                __sfp_lock_acquire
                0x0080db9c                __sfp_lock_release
                0x0080dba0                __sinit_lock_acquire
                0x0080dba4                __sinit_lock_release
                0x0080dba8                __sinit
                0x0080dc5c                __fp_unlock_all
                0x0080dc74                __fp_lock_all
                0x0080dc8c                _cleanup_r
                0x0080dc98                _cleanup
                0x0080dca8                __sfmoreglue
                0x0080dd10                __sfp
 .text          0x0080de00      0x440 f:/windowsstuff/12.0/nios2eds/bin/gnu/h-i686-mingw32/bin/../lib/gcc/nios2-elf/4.1.2/../../../../nios2-elf/lib\libc.a(lib_a-freer.o)
                0x0080de00                _malloc_trim_r
                0x0080df2c                _free_r
 .text          0x0080e240      0x49c f:/windowsstuff/12.0/nios2eds/bin/gnu/h-i686-mingw32/bin/../lib/gcc/nios2-elf/4.1.2/../../../../nios2-elf/lib\libc.a(lib_a-fvwrite.o)
                0x0080e240                __sfvwrite_r
 .text          0x0080e6dc      0x180 f:/windowsstuff/12.0/nios2eds/bin/gnu/h-i686-mingw32/bin/../lib/gcc/nios2-elf/4.1.2/../../../../nios2-elf/lib\libc.a(lib_a-fwalk.o)
                0x0080e6dc                _fwalk_reent
                0x0080e7a4                _fwalk
 .text          0x0080e85c       0x74 f:/windowsstuff/12.0/nios2eds/bin/gnu/h-i686-mingw32/bin/../lib/gcc/nios2-elf/4.1.2/../../../../nios2-elf/lib\libc.a(lib_a-gettimeofdayr.o)
                0x0080e85c                _gettimeofday_r
 .text          0x0080e8d0        0x0 f:/windowsstuff/12.0/nios2eds/bin/gnu/h-i686-mingw32/bin/../lib/gcc/nios2-elf/4.1.2/../../../../nios2-elf/lib\libc.a(lib_a-int_errno.o)
 .text          0x0080e8d0       0xc4 f:/windowsstuff/12.0/nios2eds/bin/gnu/h-i686-mingw32/bin/../lib/gcc/nios2-elf/4.1.2/../../../../nios2-elf/lib\libc.a(lib_a-locale.o)
                0x0080e8d0                __locale_charset
                0x0080e8d8                _localeconv_r
                0x0080e8e4                localeconv
                0x0080e8f4                _setlocale_r
                0x0080e978                setlocale
 .text          0x0080e994      0x194 f:/windowsstuff/12.0/nios2eds/bin/gnu/h-i686-mingw32/bin/../lib/gcc/nios2-elf/4.1.2/../../../../nios2-elf/lib\libc.a(lib_a-makebuf.o)
                0x0080e994                __smakebuf_r
 .text          0x0080eb28       0xe4 f:/windowsstuff/12.0/nios2eds/bin/gnu/h-i686-mingw32/bin/../lib/gcc/nios2-elf/4.1.2/../../../../nios2-elf/lib\libc.a(lib_a-memchr.o)
                0x0080eb28                memchr
 .text          0x0080ec0c       0xa0 f:/windowsstuff/12.0/nios2eds/bin/gnu/h-i686-mingw32/bin/../lib/gcc/nios2-elf/4.1.2/../../../../nios2-elf/lib\libc.a(lib_a-memcpy.o)
                0x0080ec0c                memcpy
 .text          0x0080ecac       0xe0 f:/windowsstuff/12.0/nios2eds/bin/gnu/h-i686-mingw32/bin/../lib/gcc/nios2-elf/4.1.2/../../../../nios2-elf/lib\libc.a(lib_a-memmove.o)
                0x0080ecac                memmove
 .text          0x0080ed8c       0x98 f:/windowsstuff/12.0/nios2eds/bin/gnu/h-i686-mingw32/bin/../lib/gcc/nios2-elf/4.1.2/../../../../nios2-elf/lib\libc.a(lib_a-memset.o)
                0x0080ed8c                memset
 .text          0x0080ee24      0xff4 f:/windowsstuff/12.0/nios2eds/bin/gnu/h-i686-mingw32/bin/../lib/gcc/nios2-elf/4.1.2/../../../../nios2-elf/lib\libc.a(lib_a-mprec.o)
                0x0080ee24                _Bfree
                0x0080ee4c                __hi0bits
                0x0080eebc                __lo0bits
                0x0080ef80                __mcmp
                0x0080efe0                __ulp
                0x0080f060                __b2d
                0x0080f180                __ratio
                0x0080f230                _mprec_log10
                0x0080f2c4                __copybits
                0x0080f31c                __any_on
                0x0080f3a4                _Balloc
                0x0080f460                __d2b
                0x0080f5dc                __mdiff
                0x0080f768                __lshift
                0x0080f8b4                __multiply
                0x0080fa9c                __i2b
                0x0080fad8                __multadd
                0x0080fbd8                __pow5mult
                0x0080fcf8                __s2b
 .text          0x0080fe18      0x5f4 f:/windowsstuff/12.0/nios2eds/bin/gnu/h-i686-mingw32/bin/../lib/gcc/nios2-elf/4.1.2/../../../../nios2-elf/lib\libc.a(lib_a-reallocr.o)
                0x0080fe18                _realloc_r
 .text          0x0081040c       0x40 f:/windowsstuff/12.0/nios2eds/bin/gnu/h-i686-mingw32/bin/../lib/gcc/nios2-elf/4.1.2/../../../../nios2-elf/lib\libc.a(lib_a-s_isinfd.o)
                0x0081040c                __isinfd
 .text          0x0081044c      0x14c f:/windowsstuff/12.0/nios2eds/bin/gnu/h-i686-mingw32/bin/../lib/gcc/nios2-elf/4.1.2/../../../../nios2-elf/lib\libc.a(lib_a-stdio.o)
                0x0081044c                __sclose
                0x00810454                __sseek
                0x008104bc                __swrite
                0x00810538                __sread
 .text          0x00810598       0xbc f:/windowsstuff/12.0/nios2eds/bin/gnu/h-i686-mingw32/bin/../lib/gcc/nios2-elf/4.1.2/../../../../nios2-elf/lib\libc.a(lib_a-strcmp.o)
                0x00810598                strcmp
 .text          0x00810654       0x78 f:/windowsstuff/12.0/nios2eds/bin/gnu/h-i686-mingw32/bin/../lib/gcc/nios2-elf/4.1.2/../../../../nios2-elf/lib\libc.a(lib_a-writer.o)
                0x00810654                _write_r
 .text          0x008106cc       0xb4 f:/windowsstuff/12.0/nios2eds/bin/gnu/h-i686-mingw32/bin/../lib/gcc/nios2-elf/4.1.2/../../../../nios2-elf/lib\libc.a(lib_a-callocr.o)
                0x008106cc                _calloc_r
 .text          0x00810780       0x70 f:/windowsstuff/12.0/nios2eds/bin/gnu/h-i686-mingw32/bin/../lib/gcc/nios2-elf/4.1.2/../../../../nios2-elf/lib\libc.a(lib_a-closer.o)
                0x00810780                _close_r
 .text          0x008107f0      0x124 f:/windowsstuff/12.0/nios2eds/bin/gnu/h-i686-mingw32/bin/../lib/gcc/nios2-elf/4.1.2/../../../../nios2-elf/lib\libc.a(lib_a-fclose.o)
                0x008107f0                _fclose_r
                0x00810900                fclose
 .text          0x00810914       0x74 f:/windowsstuff/12.0/nios2eds/bin/gnu/h-i686-mingw32/bin/../lib/gcc/nios2-elf/4.1.2/../../../../nios2-elf/lib\libc.a(lib_a-fstatr.o)
                0x00810914                _fstat_r
 .text          0x00810988       0x70 f:/windowsstuff/12.0/nios2eds/bin/gnu/h-i686-mingw32/bin/../lib/gcc/nios2-elf/4.1.2/../../../../nios2-elf/lib\libc.a(lib_a-isattyr.o)
                0x00810988                _isatty_r
 .text          0x008109f8       0x78 f:/windowsstuff/12.0/nios2eds/bin/gnu/h-i686-mingw32/bin/../lib/gcc/nios2-elf/4.1.2/../../../../nios2-elf/lib\libc.a(lib_a-lseekr.o)
                0x008109f8                _lseek_r
 .text          0x00810a70       0x78 f:/windowsstuff/12.0/nios2eds/bin/gnu/h-i686-mingw32/bin/../lib/gcc/nios2-elf/4.1.2/../../../../nios2-elf/lib\libc.a(lib_a-readr.o)
                0x00810a70                _read_r
 .text          0x00810ae8      0x5dc f:/windowsstuff/12.0/nios2eds/bin/gnu/h-i686-mingw32/bin/../lib/gcc/nios2-elf/4.1.2\libgcc.a(_udivdi3.o)
                0x00810ae8                __udivdi3
 .text          0x008110c4      0x5b0 f:/windowsstuff/12.0/nios2eds/bin/gnu/h-i686-mingw32/bin/../lib/gcc/nios2-elf/4.1.2\libgcc.a(_umoddi3.o)
                0x008110c4                __umoddi3
 .text          0x00811674       0x88 f:/windowsstuff/12.0/nios2eds/bin/gnu/h-i686-mingw32/bin/../lib/gcc/nios2-elf/4.1.2\libgcc.a(_ge_df.o)
                0x00811674                __gedf2
 .text          0x008116fc      0x194 f:/windowsstuff/12.0/nios2eds/bin/gnu/h-i686-mingw32/bin/../lib/gcc/nios2-elf/4.1.2\libgcc.a(_usi_to_df.o)
                0x008116fc                __floatunsidf
 .text          0x00811890      0x15c C:/Users/jorde_000/Documents/GitHub/LSN/\libhal_bsp.a(alt_close.o)
                0x00811890                close
 .text          0x008119ec       0x2c C:/Users/jorde_000/Documents/GitHub/LSN/\libhal_bsp.a(alt_dev.o)
 .text          0x00811a18        0x0 C:/Users/jorde_000/Documents/GitHub/LSN/\libhal_bsp.a(alt_errno.o)
 .text          0x00811a18      0x134 C:/Users/jorde_000/Documents/GitHub/LSN/\libhal_bsp.a(alt_fstat.o)
                0x00811a18                fstat
 .text          0x00811b4c      0x21c C:/Users/jorde_000/Documents/GitHub/LSN/\libhal_bsp.a(alt_gettod.o)
                0x00811b4c                gettimeofday
 .text          0x00811d68      0x1c0 C:/Users/jorde_000/Documents/GitHub/LSN/\libhal_bsp.a(alt_irq_register.o)
                0x00811d68                alt_irq_register
 .text          0x00811f28        0x0 C:/Users/jorde_000/Documents/GitHub/LSN/\libhal_bsp.a(alt_irq_vars.o)
 .text          0x00811f28      0x120 C:/Users/jorde_000/Documents/GitHub/LSN/\libhal_bsp.a(alt_isatty.o)
                0x00811f28                isatty
 .text          0x00812048       0xec C:/Users/jorde_000/Documents/GitHub/LSN/\libhal_bsp.a(alt_load.o)
                0x00812048                alt_load
 .text          0x00812134      0x150 C:/Users/jorde_000/Documents/GitHub/LSN/\libhal_bsp.a(alt_lseek.o)
                0x00812134                lseek
 .text          0x00812284       0x6c C:/Users/jorde_000/Documents/GitHub/LSN/\libhal_bsp.a(alt_main.o)
                0x00812284                alt_main
 .text          0x008122f0       0x40 C:/Users/jorde_000/Documents/GitHub/LSN/\libhal_bsp.a(alt_malloc_lock.o)
                0x008122f0                __malloc_lock
                0x00812310                __malloc_unlock
 .text          0x00812330      0x180 C:/Users/jorde_000/Documents/GitHub/LSN/\libhal_bsp.a(alt_read.o)
                0x00812330                read
 .text          0x008124b0       0x60 C:/Users/jorde_000/Documents/GitHub/LSN/\libhal_bsp.a(alt_release_fd.o)
                0x008124b0                alt_release_fd
 .text          0x00812510       0xbc C:/Users/jorde_000/Documents/GitHub/LSN/\libhal_bsp.a(alt_sbrk.o)
                0x00812510                sbrk
 .text          0x008125cc      0x1a4 C:/Users/jorde_000/Documents/GitHub/LSN/\libhal_bsp.a(alt_tick.o)
                0x008125cc                alt_alarm_stop
                0x00812664                alt_tick
 .text          0x00812770       0x30 C:/Users/jorde_000/Documents/GitHub/LSN/\libhal_bsp.a(alt_usleep.o)
                0x00812770                usleep
 .text          0x008127a0      0x180 C:/Users/jorde_000/Documents/GitHub/LSN/\libhal_bsp.a(alt_write.o)
                0x008127a0                write
 .text          0x00812920      0x3e0 C:/Users/jorde_000/Documents/GitHub/LSN/\libhal_bsp.a(alt_sys_init.o)
                0x00812920                alt_irq_init
                0x00812954                alt_sys_init
 .text          0x00812d00      0x148 C:/Users/jorde_000/Documents/GitHub/LSN/\libhal_bsp.a(altera_avalon_jtag_uart_fd.o)
                0x00812d00                altera_avalon_jtag_uart_read_fd
                0x00812d58                altera_avalon_jtag_uart_write_fd
                0x00812db0                altera_avalon_jtag_uart_close_fd
                0x00812df8                altera_avalon_jtag_uart_ioctl_fd
 .text          0x00812e48      0x408 C:/Users/jorde_000/Documents/GitHub/LSN/\libhal_bsp.a(altera_avalon_jtag_uart_init.o)
                0x00812e48                altera_avalon_jtag_uart_init
                0x008131dc                altera_avalon_jtag_uart_close
 .text          0x00813250       0xf4 C:/Users/jorde_000/Documents/GitHub/LSN/\libhal_bsp.a(altera_avalon_jtag_uart_ioctl.o)
                0x00813250                altera_avalon_jtag_uart_ioctl
 .text          0x00813344      0x224 C:/Users/jorde_000/Documents/GitHub/LSN/\libhal_bsp.a(altera_avalon_jtag_uart_read.o)
                0x00813344                altera_avalon_jtag_uart_read
 .text          0x00813568      0x240 C:/Users/jorde_000/Documents/GitHub/LSN/\libhal_bsp.a(altera_avalon_jtag_uart_write.o)
                0x00813568                altera_avalon_jtag_uart_write
 .text          0x008137a8       0xfc C:/Users/jorde_000/Documents/GitHub/LSN/\libhal_bsp.a(altera_avalon_timer_sc.o)
                0x0081381c                alt_avalon_timer_sc_init
 .text          0x008138a4      0x168 C:/Users/jorde_000/Documents/GitHub/LSN/\libhal_bsp.a(altera_avalon_timer_ts.o)
                0x008138a4                alt_timestamp_start
                0x00813948                alt_timestamp
                0x008139e4                alt_timestamp_freq
 .text          0x00813a0c        0x0 C:/Users/jorde_000/Documents/GitHub/LSN/\libhal_bsp.a(altera_avalon_timer_vars.o)
 .text          0x00813a0c      0x80c C:/Users/jorde_000/Documents/GitHub/LSN/\libhal_bsp.a(altera_up_avalon_audio.o)
                0x00813a0c                alt_up_audio_open_dev
                0x00813a4c                alt_up_audio_enable_read_interrupt
                0x00813a98                alt_up_audio_disable_read_interrupt
                0x00813ae8                alt_up_audio_enable_write_interrupt
                0x00813b34                alt_up_audio_disable_write_interrupt
                0x00813b84                alt_up_audio_read_interrupt_pending
                0x00813bc0                alt_up_audio_write_interrupt_pending
                0x00813bfc                alt_up_audio_reset_audio_core
                0x00813c84                alt_up_audio_read_fifo_avail
                0x00813cf4                alt_up_audio_record_r
                0x00813d64                alt_up_audio_record_l
                0x00813dd4                alt_up_audio_write_fifo_space
                0x00813e48                alt_up_audio_play_r
                0x00813eb8                alt_up_audio_play_l
                0x00813f28                alt_up_audio_read_fifo
                0x0081402c                alt_up_audio_write_fifo
                0x00814158                alt_up_audio_read_fifo_head
                0x008141b8                alt_up_audio_write_fifo_head
 .text          0x00814218      0x788 C:/Users/jorde_000/Documents/GitHub/LSN/\libhal_bsp.a(altera_up_avalon_audio_and_video_config.o)
                0x00814218                alt_up_av_config_open_dev
                0x0081427c                alt_up_av_config_write_data
                0x008142e0                alt_up_av_config_read_data
                0x0081436c                alt_up_av_config_reset
                0x008143a4                alt_up_av_config_enable_interrupt
                0x008143dc                alt_up_av_config_disable_interrupt
                0x0081440c                alt_up_av_config_read_acknowledge
                0x00814474                alt_up_av_config_read_ready
                0x008144ac                alt_up_av_config_write_audio_cfg_register
                0x00814558                alt_up_av_config_read_video_cfg_register
                0x00814650                alt_up_av_config_write_video_cfg_register
                0x00814748                alt_up_av_config_read_DC2_cfg_register
                0x008147ac                alt_up_av_config_write_DC2_cfg_register
                0x00814810                alt_up_av_config_read_D5M_cfg_register
                0x00814874                alt_up_av_config_write_D5M_cfg_register
                0x008148d8                alt_up_av_config_read_LTM_cfg_register
                0x0081493c                alt_up_av_config_write_LTM_cfg_register
 .text          0x008149a0      0x530 C:/Users/jorde_000/Documents/GitHub/LSN/\libhal_bsp.a(altera_up_avalon_character_lcd.o)
                0x008149a0                get_DDRAM_addr
                0x00814a1c                alt_up_character_lcd_send_cmd
                0x00814a50                alt_up_character_lcd_init
                0x00814a84                alt_up_character_lcd_open_dev
                0x00814ac4                alt_up_character_lcd_write
                0x00814b3c                alt_up_character_lcd_string
                0x00814bb4                alt_up_character_lcd_write_fd
                0x00814c00                alt_up_character_lcd_set_cursor_pos
                0x00814c78                alt_up_character_lcd_shift_cursor
                0x00814d28                alt_up_character_lcd_shift_display
                0x00814dd8                alt_up_character_lcd_erase_pos
                0x00814e68                alt_up_character_lcd_cursor_off
                0x00814e9c                alt_up_character_lcd_cursor_blink_on
 .text          0x00814ed0      0x304 C:/Users/jorde_000/Documents/GitHub/LSN/\libhal_bsp.a(altera_up_avalon_video_character_buffer_with_dma.o)
                0x00814ed0                alt_up_char_buffer_init
                0x00814f54                alt_up_char_buffer_open_dev
                0x00814f94                alt_up_char_buffer_draw
                0x00815064                alt_up_char_buffer_string
                0x00815178                alt_up_char_buffer_clear
 .text          0x008151d4     0x156c C:/Users/jorde_000/Documents/GitHub/LSN/\libhal_bsp.a(altera_up_avalon_video_pixel_buffer_dma.o)
                0x008151d4                alt_up_pixel_buffer_dma_open_dev
                0x00815214                alt_up_pixel_buffer_dma_draw
                0x008153b4                alt_up_pixel_buffer_dma_change_back_buffer_address
                0x0081540c                alt_up_pixel_buffer_dma_swap_buffers
                0x00815464                alt_up_pixel_buffer_dma_check_swap_buffers_status
                0x00815498                alt_up_pixel_buffer_dma_clear_screen
                0x008155fc                alt_up_pixel_buffer_dma_draw_box
                0x00815af0                alt_up_pixel_buffer_dma_draw_hline
                0x00815e40                alt_up_pixel_buffer_dma_draw_vline
                0x00816210                alt_up_pixel_buffer_dma_draw_rectangle
                0x008162d4                helper_plot_pixel
                0x008163a4                alt_up_pixel_buffer_dma_draw_line
 .text          0x00816740     0x45c0 C:/Users/jorde_000/Documents/GitHub/LSN/\libhal_bsp.a(altera_up_sd_card_avalon_interface.o)
                0x00816740                Write_Sector_Data
                0x00816808                Save_Modified_Sector
                0x00816858                Read_Sector_Data
                0x00816954                get_cluster_flag
                0x00816a0c                mark_cluster
                0x00816af0                Check_for_Master_Boot_Record
                0x00816ca0                Read_File_Record_At_Offset
                0x00816f24                Write_File_Record_At_Offset
                0x008171dc                Check_for_DOS_FAT
                0x00817824                Look_for_FAT16
                0x00817928                filename_to_upper_case
                0x008179f8                check_file_name_for_FAT16_compliance
                0x00817c88                get_dir_divider_location
                0x00817d48                match_file_record_to_name_ext
                0x00818034                get_home_directory_cluster_for_file
                0x00818548                find_file_in_directory
                0x008189ac                find_first_empty_cluster
                0x00818b50                find_first_empty_record_in_a_subdirectory
                0x00818d9c                find_first_empty_record_in_root_directory
                0x00818ec8                convert_filename_to_name_extension
                0x00819080                create_file
                0x00819354                copy_file_record_name_to_string
                0x008194a8                alt_up_sd_card_open_dev
                0x0081956c                alt_up_sd_card_is_Present
                0x00819634                alt_up_sd_card_is_FAT16
                0x008196a8                alt_up_sd_card_find_first
                0x0081977c                alt_up_sd_card_find_next
                0x00819b2c                alt_up_sd_card_fopen
                0x00819ed4                alt_up_sd_card_set_attributes
                0x00819f64                alt_up_sd_card_get_attributes
                0x00819ff0                alt_up_sd_card_read
                0x0081a384                alt_up_sd_card_write
                0x0081a9a8                alt_up_sd_card_fclose
                0x0081ab74                Read_Sector_Data_CRC
                0x0081ac70                Read_Sector_Data_Attempt_CRC
 .text          0x0081ad00      0x154 C:/Users/jorde_000/Documents/GitHub/LSN/\libhal_bsp.a(alt_alarm_start.o)
                0x0081ad00                alt_alarm_start
 .text          0x0081ae54      0x14c C:/Users/jorde_000/Documents/GitHub/LSN/\libhal_bsp.a(alt_busy_sleep.o)
                0x0081ae54                alt_busy_sleep
 .text          0x0081afa0       0x44 C:/Users/jorde_000/Documents/GitHub/LSN/\libhal_bsp.a(alt_dcache_flush_all.o)
                0x0081afa0                alt_dcache_flush_all
 .text          0x0081afe4      0x114 C:/Users/jorde_000/Documents/GitHub/LSN/\libhal_bsp.a(alt_dev_llist_insert.o)
                0x0081afe4                alt_dev_llist_insert
 .text          0x0081b0f8       0x64 C:/Users/jorde_000/Documents/GitHub/LSN/\libhal_bsp.a(alt_do_ctors.o)
                0x0081b0f8                _do_ctors
 .text          0x0081b15c       0x64 C:/Users/jorde_000/Documents/GitHub/LSN/\libhal_bsp.a(alt_do_dtors.o)
                0x0081b15c                _do_dtors
 .text          0x0081b1c0       0x94 C:/Users/jorde_000/Documents/GitHub/LSN/\libhal_bsp.a(alt_find_dev.o)
                0x0081b1c0                alt_find_dev
 .text          0x0081b254       0x30 C:/Users/jorde_000/Documents/GitHub/LSN/\libhal_bsp.a(alt_icache_flush_all.o)
                0x0081b254                alt_icache_flush_all
 .text          0x0081b284      0x13c C:/Users/jorde_000/Documents/GitHub/LSN/\libhal_bsp.a(alt_io_redirect.o)
                0x0081b348                alt_io_redirect
 .text          0x0081b3c0        0x0 C:/Users/jorde_000/Documents/GitHub/LSN/\libhal_bsp.a(alt_irq_entry.o)
 .text          0x0081b3c0        0x0 C:/Users/jorde_000/Documents/GitHub/LSN/\libhal_bsp.a(alt_irq_handler.o)
 .text          0x0081b3c0      0x2c4 C:/Users/jorde_000/Documents/GitHub/LSN/\libhal_bsp.a(alt_open.o)
                0x0081b49c                open
 .text          0x0081b684       0x20 C:/Users/jorde_000/Documents/GitHub/LSN/\libhal_bsp.a(altera_nios2_qsys_irq.o)
                0x0081b684                altera_nios2_qsys_irq_init
 .text          0x0081b6a4        0x0 C:/Users/jorde_000/Documents/GitHub/LSN/\libhal_bsp.a(alt_exception_entry.o)
 .text          0x0081b6a4      0x120 C:/Users/jorde_000/Documents/GitHub/LSN/\libhal_bsp.a(alt_find_file.o)
                0x0081b6a4                alt_find_file
 .text          0x0081b7c4       0xb8 C:/Users/jorde_000/Documents/GitHub/LSN/\libhal_bsp.a(alt_get_fd.o)
                0x0081b7c4                alt_get_fd
 .text          0x0081b87c       0x90 C:/Users/jorde_000/Documents/GitHub/LSN/\libhal_bsp.a(alt_icache_flush.o)
                0x0081b87c                alt_icache_flush
 .text          0x0081b90c       0x14 f:/windowsstuff/12.0/nios2eds/bin/gnu/h-i686-mingw32/bin/../lib/gcc/nios2-elf/4.1.2/../../../../nios2-elf/lib\libc.a(lib_a-atexit.o)
                0x0081b90c                atexit
 .text          0x0081b920       0x38 f:/windowsstuff/12.0/nios2eds/bin/gnu/h-i686-mingw32/bin/../lib/gcc/nios2-elf/4.1.2/../../../../nios2-elf/lib\libc.a(lib_a-exit.o)
                0x0081b920                exit
 .text          0x0081b958       0x74 f:/windowsstuff/12.0/nios2eds/bin/gnu/h-i686-mingw32/bin/../lib/gcc/nios2-elf/4.1.2/../../../../nios2-elf/lib\libc.a(lib_a-memcmp.o)
                0x0081b958                memcmp
 .text          0x0081b9cc      0x134 f:/windowsstuff/12.0/nios2eds/bin/gnu/h-i686-mingw32/bin/../lib/gcc/nios2-elf/4.1.2/../../../../nios2-elf/lib\libc.a(lib_a-__atexit.o)
                0x0081b9cc                __register_exitproc
 .text          0x0081bb00      0x1b4 f:/windowsstuff/12.0/nios2eds/bin/gnu/h-i686-mingw32/bin/../lib/gcc/nios2-elf/4.1.2/../../../../nios2-elf/lib\libc.a(lib_a-__call_atexit.o)
                0x0081bb04                __call_exitprocs
 .text          0x0081bcb4       0x60 C:/Users/jorde_000/Documents/GitHub/LSN/\libhal_bsp.a(alt_exit.o)
                0x0081bcf4                _exit
 *(.gnu.warning.*)
 *(.fini)
                0x0081bd14                PROVIDE (__etext, ABSOLUTE (.))
                0x0081bd14                PROVIDE (_etext, ABSOLUTE (.))
                0x0081bd14                PROVIDE (etext, ABSOLUTE (.))
 *(.eh_frame_hdr)
                0x0081bd14                . = ALIGN (0x4)
                0x0081bd14                PROVIDE (__preinit_array_start, ABSOLUTE (.))
 *(.preinit_array)
                0x0081bd14                PROVIDE (__preinit_array_end, ABSOLUTE (.))
                0x0081bd14                PROVIDE (__init_array_start, ABSOLUTE (.))
 *(.init_array)
                0x0081bd14                PROVIDE (__init_array_end, ABSOLUTE (.))
                0x0081bd14                PROVIDE (__fini_array_start, ABSOLUTE (.))
 *(.fini_array)
                0x0081bd14                PROVIDE (__fini_array_end, ABSOLUTE (.))
 *(.eh_frame)
 .eh_frame      0x0081bd14       0x40 f:/windowsstuff/12.0/nios2eds/bin/gnu/h-i686-mingw32/bin/../lib/gcc/nios2-elf/4.1.2\libgcc.a(_udivdi3.o)
 .eh_frame      0x0081bd54       0x2c f:/windowsstuff/12.0/nios2eds/bin/gnu/h-i686-mingw32/bin/../lib/gcc/nios2-elf/4.1.2\libgcc.a(_umoddi3.o)
                                 0x40 (size before relaxing)
 *(.gcc_except_table)
 *(.dynamic)
                0x0081bd80                PROVIDE (__CTOR_LIST__, ABSOLUTE (.))
 *(.ctors)
 *(SORT(.ctors.*))
 .ctors.65535   0x0081bd80        0x4 f:/windowsstuff/12.0/nios2eds/bin/gnu/h-i686-mingw32/bin/../lib/gcc/nios2-elf/4.1.2/../../../../nios2-elf/lib\libc.a(lib_a-__call_atexit.o)
                0x0081bd84                PROVIDE (__CTOR_END__, ABSOLUTE (.))
                0x0081bd84                PROVIDE (__DTOR_LIST__, ABSOLUTE (.))
 *(.dtors)
 *(SORT(.dtors.*))
                0x0081bd84                PROVIDE (__DTOR_END__, ABSOLUTE (.))
 *(.jcr)
                0x0081bd84                . = ALIGN (0x4)

.rodata         0x0081bd84      0xd70
                0x0081bd84                PROVIDE (__ram_rodata_start, ABSOLUTE (.))
                0x0081bd84                . = ALIGN (0x4)
 *(.rodata .rodata.* .gnu.linkonce.r.*)
 .rodata        0x0081bd84      0x26c obj/default/audio.o
 .rodata        0x0081bff0       0x24 obj/default/bmp.o
 .rodata        0x0081c014       0x68 obj/default/bullet.o
 .rodata        0x0081c07c       0x98 obj/default/collision.o
 .rodata        0x0081c114       0x20 obj/default/displacement.o
 .rodata        0x0081c134       0x3c obj/default/main.o
 .rodata        0x0081c170      0x1c8 obj/default/score.o
 .rodata        0x0081c338       0x94 obj/default/sd_card.o
 .rodata        0x0081c3cc       0xa4 obj/default/shark.o
 .rodata        0x0081c470      0x1ec obj/default/timer.o
 .rodata        0x0081c65c       0x2c obj/default/vga.o
 .rodata.str1.4
                0x0081c688        0x4 f:/windowsstuff/12.0/nios2eds/bin/gnu/h-i686-mingw32/bin/../lib/gcc/nios2-elf/4.1.2/../../../../nios2-elf/lib\libm.a(lib_a-w_pow.o)
 .rodata.str1.4
                0x00000000        0x4 f:/windowsstuff/12.0/nios2eds/bin/gnu/h-i686-mingw32/bin/../lib/gcc/nios2-elf/4.1.2/../../../../nios2-elf/lib\libm.a(lib_a-e_pow.o)
 .rodata        0x0081c68c       0x30 f:/windowsstuff/12.0/nios2eds/bin/gnu/h-i686-mingw32/bin/../lib/gcc/nios2-elf/4.1.2/../../../../nios2-elf/lib\libm.a(lib_a-e_pow.o)
 .rodata        0x0081c6bc       0x10 f:/windowsstuff/12.0/nios2eds/bin/gnu/h-i686-mingw32/bin/../lib/gcc/nios2-elf/4.1.2/../../../../nios2-elf/lib\libm.a(lib_a-s_rint.o)
 .rodata        0x0081c6cc       0x10 f:/windowsstuff/12.0/nios2eds/bin/gnu/h-i686-mingw32/bin/../lib/gcc/nios2-elf/4.1.2\libgcc.a(_thenan_sf.o)
                0x0081c6cc                __thenan_sf
 .rodata        0x0081c6dc       0x14 f:/windowsstuff/12.0/nios2eds/bin/gnu/h-i686-mingw32/bin/../lib/gcc/nios2-elf/4.1.2\libgcc.a(_thenan_df.o)
                0x0081c6dc                __thenan_df
 .rodata        0x0081c6f0      0x100 f:/windowsstuff/12.0/nios2eds/bin/gnu/h-i686-mingw32/bin/../lib/gcc/nios2-elf/4.1.2\libgcc.a(_clz.o)
                0x0081c6f0                __clz_tab
 .rodata.str1.4
                0x0081c7f0        0x2 f:/windowsstuff/12.0/nios2eds/bin/gnu/h-i686-mingw32/bin/../lib/gcc/nios2-elf/4.1.2/../../../../nios2-elf/lib\libc.a(lib_a-impure.o)
                                  0x4 (size before relaxing)
 *fill*         0x0081c7f2        0x2 00
 .rodata.str1.4
                0x0081c7f4        0x2 f:/windowsstuff/12.0/nios2eds/bin/gnu/h-i686-mingw32/bin/../lib/gcc/nios2-elf/4.1.2/../../../../nios2-elf/lib\libc.a(lib_a-puts.o)
                                  0x4 (size before relaxing)
 *fill*         0x0081c7f6        0x2 00
 .rodata.str1.4
                0x0081c7f8       0x5e f:/windowsstuff/12.0/nios2eds/bin/gnu/h-i686-mingw32/bin/../lib/gcc/nios2-elf/4.1.2/../../../../nios2-elf/lib\libc.a(lib_a-vfprintf.o)
                                 0x60 (size before relaxing)
 .rodata        0x0081c856       0x20 f:/windowsstuff/12.0/nios2eds/bin/gnu/h-i686-mingw32/bin/../lib/gcc/nios2-elf/4.1.2/../../../../nios2-elf/lib\libc.a(lib_a-vfprintf.o)
 *fill*         0x0081c876        0x2 00
 .rodata.str1.4
                0x0081c878       0x10 f:/windowsstuff/12.0/nios2eds/bin/gnu/h-i686-mingw32/bin/../lib/gcc/nios2-elf/4.1.2/../../../../nios2-elf/lib\libc.a(lib_a-dtoa.o)
                                 0x14 (size before relaxing)
 .rodata.str1.4
                0x0081c888       0x10 f:/windowsstuff/12.0/nios2eds/bin/gnu/h-i686-mingw32/bin/../lib/gcc/nios2-elf/4.1.2/../../../../nios2-elf/lib\libc.a(lib_a-locale.o)
                                 0x18 (size before relaxing)
 .rodata        0x0081c898       0x30 f:/windowsstuff/12.0/nios2eds/bin/gnu/h-i686-mingw32/bin/../lib/gcc/nios2-elf/4.1.2/../../../../nios2-elf/lib\libc.a(lib_a-locale.o)
 .rodata        0x0081c8c8      0x124 f:/windowsstuff/12.0/nios2eds/bin/gnu/h-i686-mingw32/bin/../lib/gcc/nios2-elf/4.1.2/../../../../nios2-elf/lib\libc.a(lib_a-mprec.o)
                0x0081c8c8                __mprec_tens
                0x0081c990                __mprec_bigtens
                0x0081c9b8                __mprec_tinytens
 .rodata        0x0081c9ec        0xc C:/Users/jorde_000/Documents/GitHub/LSN/\libhal_bsp.a(alt_dev.o)
 .rodata        0x0081c9f8       0x14 C:/Users/jorde_000/Documents/GitHub/LSN/\libhal_bsp.a(alt_main.o)
 .rodata        0x0081ca0c       0xcc C:/Users/jorde_000/Documents/GitHub/LSN/\libhal_bsp.a(alt_sys_init.o)
 .rodata        0x0081cad8       0x1c C:/Users/jorde_000/Documents/GitHub/LSN/\libhal_bsp.a(altera_up_avalon_video_character_buffer_with_dma.o)
 *(.rodata1)
                0x0081caf4                . = ALIGN (0x4)
                0x0081caf4                PROVIDE (__ram_rodata_end, ABSOLUTE (.))
                0x0081bd84                PROVIDE (__flash_rodata_start, LOADADDR (.rodata))

.rwdata         0x0081caf4     0x1bc4 load address 0x0081e6b8
                0x0081caf4                PROVIDE (__ram_rwdata_start, ABSOLUTE (.))
                0x0081caf4                . = ALIGN (0x4)
 *(.got.plt)
 *(.got)
 *(.data1)
 *(.data .data.* .gnu.linkonce.d.*)
 .data          0x0081caf4        0x0 C:/Users/jorde_000/Documents/GitHub/LSN//obj/HAL/src/crt0.o
 .data          0x0081caf4        0x0 obj/default/audio.o
 .data          0x0081caf4        0x0 obj/default/bmp.o
 .data          0x0081caf4        0x0 obj/default/bullet.o
 .data          0x0081caf4        0x0 obj/default/collision.o
 .data          0x0081caf4        0x0 obj/default/displacement.o
 .data          0x0081caf4        0x0 obj/default/gameEnd.o
 .data          0x0081caf4        0x0 obj/default/input.o
 .data          0x0081caf4        0x0 obj/default/main.o
 .data          0x0081caf4        0x0 obj/default/player.o
 .data          0x0081caf4        0x0 obj/default/score.o
 .data          0x0081caf4        0x0 obj/default/sd_card.o
 .data          0x0081caf4        0x0 obj/default/shark.o
 .data          0x0081caf4        0x0 obj/default/splash.o
 .data          0x0081caf4        0x0 obj/default/timer.o
 .data          0x0081caf4        0x0 obj/default/vga.o
 .data          0x0081caf4        0x0 f:/windowsstuff/12.0/nios2eds/bin/gnu/h-i686-mingw32/bin/../lib/gcc/nios2-elf/4.1.2/../../../../nios2-elf/lib\libm.a(lib_a-w_pow.o)
 .data          0x0081caf4        0x0 f:/windowsstuff/12.0/nios2eds/bin/gnu/h-i686-mingw32/bin/../lib/gcc/nios2-elf/4.1.2/../../../../nios2-elf/lib\libm.a(lib_a-e_pow.o)
 .data          0x0081caf4        0x0 f:/windowsstuff/12.0/nios2eds/bin/gnu/h-i686-mingw32/bin/../lib/gcc/nios2-elf/4.1.2/../../../../nios2-elf/lib\libm.a(lib_a-e_sqrt.o)
 .data          0x0081caf4        0x0 f:/windowsstuff/12.0/nios2eds/bin/gnu/h-i686-mingw32/bin/../lib/gcc/nios2-elf/4.1.2/../../../../nios2-elf/lib\libm.a(lib_a-s_fabs.o)
 .data          0x0081caf4        0x0 f:/windowsstuff/12.0/nios2eds/bin/gnu/h-i686-mingw32/bin/../lib/gcc/nios2-elf/4.1.2/../../../../nios2-elf/lib\libm.a(lib_a-s_finite.o)
 .data          0x0081caf4        0x0 f:/windowsstuff/12.0/nios2eds/bin/gnu/h-i686-mingw32/bin/../lib/gcc/nios2-elf/4.1.2/../../../../nios2-elf/lib\libm.a(lib_a-s_isnand.o)
 .data          0x0081caf4        0x0 f:/windowsstuff/12.0/nios2eds/bin/gnu/h-i686-mingw32/bin/../lib/gcc/nios2-elf/4.1.2/../../../../nios2-elf/lib\libm.a(lib_a-s_lib_ver.o)
 .data          0x0081caf4        0x0 f:/windowsstuff/12.0/nios2eds/bin/gnu/h-i686-mingw32/bin/../lib/gcc/nios2-elf/4.1.2/../../../../nios2-elf/lib\libm.a(lib_a-s_matherr.o)
 .data          0x0081caf4        0x0 f:/windowsstuff/12.0/nios2eds/bin/gnu/h-i686-mingw32/bin/../lib/gcc/nios2-elf/4.1.2/../../../../nios2-elf/lib\libm.a(lib_a-s_nan.o)
 .data          0x0081caf4        0x0 f:/windowsstuff/12.0/nios2eds/bin/gnu/h-i686-mingw32/bin/../lib/gcc/nios2-elf/4.1.2/../../../../nios2-elf/lib\libm.a(lib_a-s_rint.o)
 .data          0x0081caf4        0x0 f:/windowsstuff/12.0/nios2eds/bin/gnu/h-i686-mingw32/bin/../lib/gcc/nios2-elf/4.1.2/../../../../nios2-elf/lib\libm.a(lib_a-s_scalbn.o)
 .data          0x0081caf4        0x0 f:/windowsstuff/12.0/nios2eds/bin/gnu/h-i686-mingw32/bin/../lib/gcc/nios2-elf/4.1.2/../../../../nios2-elf/lib\libm.a(lib_a-s_copysign.o)
 .data          0x0081caf4        0x0 f:/windowsstuff/12.0/nios2eds/bin/gnu/h-i686-mingw32/bin/../lib/gcc/nios2-elf/4.1.2\libgcc.a(_div_sf.o)
 .data          0x0081caf4        0x0 f:/windowsstuff/12.0/nios2eds/bin/gnu/h-i686-mingw32/bin/../lib/gcc/nios2-elf/4.1.2\libgcc.a(_si_to_sf.o)
 .data          0x0081caf4        0x0 f:/windowsstuff/12.0/nios2eds/bin/gnu/h-i686-mingw32/bin/../lib/gcc/nios2-elf/4.1.2\libgcc.a(_sf_to_df.o)
 .data          0x0081caf4        0x0 f:/windowsstuff/12.0/nios2eds/bin/gnu/h-i686-mingw32/bin/../lib/gcc/nios2-elf/4.1.2\libgcc.a(_thenan_sf.o)
 .data          0x0081caf4        0x0 f:/windowsstuff/12.0/nios2eds/bin/gnu/h-i686-mingw32/bin/../lib/gcc/nios2-elf/4.1.2\libgcc.a(_addsub_df.o)
 .data          0x0081caf4        0x0 f:/windowsstuff/12.0/nios2eds/bin/gnu/h-i686-mingw32/bin/../lib/gcc/nios2-elf/4.1.2\libgcc.a(_mul_df.o)
 .data          0x0081caf4        0x0 f:/windowsstuff/12.0/nios2eds/bin/gnu/h-i686-mingw32/bin/../lib/gcc/nios2-elf/4.1.2\libgcc.a(_div_df.o)
 .data          0x0081caf4        0x0 f:/windowsstuff/12.0/nios2eds/bin/gnu/h-i686-mingw32/bin/../lib/gcc/nios2-elf/4.1.2\libgcc.a(_eq_df.o)
 .data          0x0081caf4        0x0 f:/windowsstuff/12.0/nios2eds/bin/gnu/h-i686-mingw32/bin/../lib/gcc/nios2-elf/4.1.2\libgcc.a(_ne_df.o)
 .data          0x0081caf4        0x0 f:/windowsstuff/12.0/nios2eds/bin/gnu/h-i686-mingw32/bin/../lib/gcc/nios2-elf/4.1.2\libgcc.a(_gt_df.o)
 .data          0x0081caf4        0x0 f:/windowsstuff/12.0/nios2eds/bin/gnu/h-i686-mingw32/bin/../lib/gcc/nios2-elf/4.1.2\libgcc.a(_lt_df.o)
 .data          0x0081caf4        0x0 f:/windowsstuff/12.0/nios2eds/bin/gnu/h-i686-mingw32/bin/../lib/gcc/nios2-elf/4.1.2\libgcc.a(_le_df.o)
 .data          0x0081caf4        0x0 f:/windowsstuff/12.0/nios2eds/bin/gnu/h-i686-mingw32/bin/../lib/gcc/nios2-elf/4.1.2\libgcc.a(_si_to_df.o)
 .data          0x0081caf4        0x0 f:/windowsstuff/12.0/nios2eds/bin/gnu/h-i686-mingw32/bin/../lib/gcc/nios2-elf/4.1.2\libgcc.a(_df_to_si.o)
 .data          0x0081caf4        0x0 f:/windowsstuff/12.0/nios2eds/bin/gnu/h-i686-mingw32/bin/../lib/gcc/nios2-elf/4.1.2\libgcc.a(_make_df.o)
 .data          0x0081caf4        0x0 f:/windowsstuff/12.0/nios2eds/bin/gnu/h-i686-mingw32/bin/../lib/gcc/nios2-elf/4.1.2\libgcc.a(_thenan_df.o)
 .data          0x0081caf4        0x0 f:/windowsstuff/12.0/nios2eds/bin/gnu/h-i686-mingw32/bin/../lib/gcc/nios2-elf/4.1.2\libgcc.a(lib2-divmod.o)
 .data          0x0081caf4        0x0 f:/windowsstuff/12.0/nios2eds/bin/gnu/h-i686-mingw32/bin/../lib/gcc/nios2-elf/4.1.2\libgcc.a(_muldi3.o)
 .data          0x0081caf4        0x0 f:/windowsstuff/12.0/nios2eds/bin/gnu/h-i686-mingw32/bin/../lib/gcc/nios2-elf/4.1.2\libgcc.a(_clzsi2.o)
 .data          0x0081caf4        0x0 f:/windowsstuff/12.0/nios2eds/bin/gnu/h-i686-mingw32/bin/../lib/gcc/nios2-elf/4.1.2\libgcc.a(_pack_sf.o)
 .data          0x0081caf4        0x0 f:/windowsstuff/12.0/nios2eds/bin/gnu/h-i686-mingw32/bin/../lib/gcc/nios2-elf/4.1.2\libgcc.a(_unpack_sf.o)
 .data          0x0081caf4        0x0 f:/windowsstuff/12.0/nios2eds/bin/gnu/h-i686-mingw32/bin/../lib/gcc/nios2-elf/4.1.2\libgcc.a(_pack_df.o)
 .data          0x0081caf4        0x0 f:/windowsstuff/12.0/nios2eds/bin/gnu/h-i686-mingw32/bin/../lib/gcc/nios2-elf/4.1.2\libgcc.a(_unpack_df.o)
 .data          0x0081caf4        0x0 f:/windowsstuff/12.0/nios2eds/bin/gnu/h-i686-mingw32/bin/../lib/gcc/nios2-elf/4.1.2\libgcc.a(_fpcmp_parts_df.o)
 .data          0x0081caf4        0x0 f:/windowsstuff/12.0/nios2eds/bin/gnu/h-i686-mingw32/bin/../lib/gcc/nios2-elf/4.1.2\libgcc.a(_clz.o)
 .data          0x0081caf4        0x0 f:/windowsstuff/12.0/nios2eds/bin/gnu/h-i686-mingw32/bin/../lib/gcc/nios2-elf/4.1.2/../../../../nios2-elf/lib\libc.a(lib_a-errno.o)
 .data          0x0081caf4      0x400 f:/windowsstuff/12.0/nios2eds/bin/gnu/h-i686-mingw32/bin/../lib/gcc/nios2-elf/4.1.2/../../../../nios2-elf/lib\libc.a(lib_a-impure.o)
 .data          0x0081cef4        0x0 f:/windowsstuff/12.0/nios2eds/bin/gnu/h-i686-mingw32/bin/../lib/gcc/nios2-elf/4.1.2/../../../../nios2-elf/lib\libc.a(lib_a-malloc.o)
 .data          0x0081cef4      0x408 f:/windowsstuff/12.0/nios2eds/bin/gnu/h-i686-mingw32/bin/../lib/gcc/nios2-elf/4.1.2/../../../../nios2-elf/lib\libc.a(lib_a-mallocr.o)
                0x0081cef4                __malloc_av_
 .data          0x0081d2fc        0x0 f:/windowsstuff/12.0/nios2eds/bin/gnu/h-i686-mingw32/bin/../lib/gcc/nios2-elf/4.1.2/../../../../nios2-elf/lib\libc.a(lib_a-printf.o)
 .data          0x0081d2fc        0x0 f:/windowsstuff/12.0/nios2eds/bin/gnu/h-i686-mingw32/bin/../lib/gcc/nios2-elf/4.1.2/../../../../nios2-elf/lib\libc.a(lib_a-puts.o)
 .data          0x0081d2fc        0x0 f:/windowsstuff/12.0/nios2eds/bin/gnu/h-i686-mingw32/bin/../lib/gcc/nios2-elf/4.1.2/../../../../nios2-elf/lib\libc.a(lib_a-rand.o)
 .data          0x0081d2fc        0x0 f:/windowsstuff/12.0/nios2eds/bin/gnu/h-i686-mingw32/bin/../lib/gcc/nios2-elf/4.1.2/../../../../nios2-elf/lib\libc.a(lib_a-sbrkr.o)
 .data          0x0081d2fc        0x0 f:/windowsstuff/12.0/nios2eds/bin/gnu/h-i686-mingw32/bin/../lib/gcc/nios2-elf/4.1.2/../../../../nios2-elf/lib\libc.a(lib_a-strlen.o)
 .data          0x0081d2fc        0x0 f:/windowsstuff/12.0/nios2eds/bin/gnu/h-i686-mingw32/bin/../lib/gcc/nios2-elf/4.1.2/../../../../nios2-elf/lib\libc.a(lib_a-time.o)
 .data          0x0081d2fc        0x0 f:/windowsstuff/12.0/nios2eds/bin/gnu/h-i686-mingw32/bin/../lib/gcc/nios2-elf/4.1.2/../../../../nios2-elf/lib\libc.a(lib_a-vfprintf.o)
 .data          0x0081d2fc        0x0 f:/windowsstuff/12.0/nios2eds/bin/gnu/h-i686-mingw32/bin/../lib/gcc/nios2-elf/4.1.2/../../../../nios2-elf/lib\libc.a(lib_a-wsetup.o)
 .data          0x0081d2fc        0x0 f:/windowsstuff/12.0/nios2eds/bin/gnu/h-i686-mingw32/bin/../lib/gcc/nios2-elf/4.1.2/../../../../nios2-elf/lib\libc.a(lib_a-dtoa.o)
 .data          0x0081d2fc        0x0 f:/windowsstuff/12.0/nios2eds/bin/gnu/h-i686-mingw32/bin/../lib/gcc/nios2-elf/4.1.2/../../../../nios2-elf/lib\libc.a(lib_a-fflush.o)
 .data          0x0081d2fc        0x0 f:/windowsstuff/12.0/nios2eds/bin/gnu/h-i686-mingw32/bin/../lib/gcc/nios2-elf/4.1.2/../../../../nios2-elf/lib\libc.a(lib_a-findfp.o)
 .data          0x0081d2fc        0x0 f:/windowsstuff/12.0/nios2eds/bin/gnu/h-i686-mingw32/bin/../lib/gcc/nios2-elf/4.1.2/../../../../nios2-elf/lib\libc.a(lib_a-freer.o)
 .data          0x0081d2fc        0x0 f:/windowsstuff/12.0/nios2eds/bin/gnu/h-i686-mingw32/bin/../lib/gcc/nios2-elf/4.1.2/../../../../nios2-elf/lib\libc.a(lib_a-fvwrite.o)
 .data          0x0081d2fc        0x0 f:/windowsstuff/12.0/nios2eds/bin/gnu/h-i686-mingw32/bin/../lib/gcc/nios2-elf/4.1.2/../../../../nios2-elf/lib\libc.a(lib_a-fwalk.o)
 .data          0x0081d2fc        0x0 f:/windowsstuff/12.0/nios2eds/bin/gnu/h-i686-mingw32/bin/../lib/gcc/nios2-elf/4.1.2/../../../../nios2-elf/lib\libc.a(lib_a-gettimeofdayr.o)
 .data          0x0081d2fc        0x0 f:/windowsstuff/12.0/nios2eds/bin/gnu/h-i686-mingw32/bin/../lib/gcc/nios2-elf/4.1.2/../../../../nios2-elf/lib\libc.a(lib_a-int_errno.o)
 .data          0x0081d2fc        0xc f:/windowsstuff/12.0/nios2eds/bin/gnu/h-i686-mingw32/bin/../lib/gcc/nios2-elf/4.1.2/../../../../nios2-elf/lib\libc.a(lib_a-locale.o)
                0x0081d2fc                __lc_ctype
 .data          0x0081d308        0x0 f:/windowsstuff/12.0/nios2eds/bin/gnu/h-i686-mingw32/bin/../lib/gcc/nios2-elf/4.1.2/../../../../nios2-elf/lib\libc.a(lib_a-makebuf.o)
 .data          0x0081d308        0x0 f:/windowsstuff/12.0/nios2eds/bin/gnu/h-i686-mingw32/bin/../lib/gcc/nios2-elf/4.1.2/../../../../nios2-elf/lib\libc.a(lib_a-memchr.o)
 .data          0x0081d308        0x0 f:/windowsstuff/12.0/nios2eds/bin/gnu/h-i686-mingw32/bin/../lib/gcc/nios2-elf/4.1.2/../../../../nios2-elf/lib\libc.a(lib_a-memcpy.o)
 .data          0x0081d308        0x0 f:/windowsstuff/12.0/nios2eds/bin/gnu/h-i686-mingw32/bin/../lib/gcc/nios2-elf/4.1.2/../../../../nios2-elf/lib\libc.a(lib_a-memmove.o)
 .data          0x0081d308        0x0 f:/windowsstuff/12.0/nios2eds/bin/gnu/h-i686-mingw32/bin/../lib/gcc/nios2-elf/4.1.2/../../../../nios2-elf/lib\libc.a(lib_a-memset.o)
 .data          0x0081d308        0x0 f:/windowsstuff/12.0/nios2eds/bin/gnu/h-i686-mingw32/bin/../lib/gcc/nios2-elf/4.1.2/../../../../nios2-elf/lib\libc.a(lib_a-mprec.o)
 .data          0x0081d308        0x0 f:/windowsstuff/12.0/nios2eds/bin/gnu/h-i686-mingw32/bin/../lib/gcc/nios2-elf/4.1.2/../../../../nios2-elf/lib\libc.a(lib_a-reallocr.o)
 .data          0x0081d308        0x0 f:/windowsstuff/12.0/nios2eds/bin/gnu/h-i686-mingw32/bin/../lib/gcc/nios2-elf/4.1.2/../../../../nios2-elf/lib\libc.a(lib_a-s_isinfd.o)
 .data          0x0081d308        0x0 f:/windowsstuff/12.0/nios2eds/bin/gnu/h-i686-mingw32/bin/../lib/gcc/nios2-elf/4.1.2/../../../../nios2-elf/lib\libc.a(lib_a-stdio.o)
 .data          0x0081d308        0x0 f:/windowsstuff/12.0/nios2eds/bin/gnu/h-i686-mingw32/bin/../lib/gcc/nios2-elf/4.1.2/../../../../nios2-elf/lib\libc.a(lib_a-strcmp.o)
 .data          0x0081d308        0x0 f:/windowsstuff/12.0/nios2eds/bin/gnu/h-i686-mingw32/bin/../lib/gcc/nios2-elf/4.1.2/../../../../nios2-elf/lib\libc.a(lib_a-writer.o)
 .data          0x0081d308        0x0 f:/windowsstuff/12.0/nios2eds/bin/gnu/h-i686-mingw32/bin/../lib/gcc/nios2-elf/4.1.2/../../../../nios2-elf/lib\libc.a(lib_a-callocr.o)
 .data          0x0081d308        0x0 f:/windowsstuff/12.0/nios2eds/bin/gnu/h-i686-mingw32/bin/../lib/gcc/nios2-elf/4.1.2/../../../../nios2-elf/lib\libc.a(lib_a-closer.o)
 .data          0x0081d308        0x0 f:/windowsstuff/12.0/nios2eds/bin/gnu/h-i686-mingw32/bin/../lib/gcc/nios2-elf/4.1.2/../../../../nios2-elf/lib\libc.a(lib_a-fclose.o)
 .data          0x0081d308        0x0 f:/windowsstuff/12.0/nios2eds/bin/gnu/h-i686-mingw32/bin/../lib/gcc/nios2-elf/4.1.2/../../../../nios2-elf/lib\libc.a(lib_a-fstatr.o)
 .data          0x0081d308        0x0 f:/windowsstuff/12.0/nios2eds/bin/gnu/h-i686-mingw32/bin/../lib/gcc/nios2-elf/4.1.2/../../../../nios2-elf/lib\libc.a(lib_a-isattyr.o)
 .data          0x0081d308        0x0 f:/windowsstuff/12.0/nios2eds/bin/gnu/h-i686-mingw32/bin/../lib/gcc/nios2-elf/4.1.2/../../../../nios2-elf/lib\libc.a(lib_a-lseekr.o)
 .data          0x0081d308        0x0 f:/windowsstuff/12.0/nios2eds/bin/gnu/h-i686-mingw32/bin/../lib/gcc/nios2-elf/4.1.2/../../../../nios2-elf/lib\libc.a(lib_a-readr.o)
 .data          0x0081d308        0x0 f:/windowsstuff/12.0/nios2eds/bin/gnu/h-i686-mingw32/bin/../lib/gcc/nios2-elf/4.1.2\libgcc.a(_udivdi3.o)
 .data          0x0081d308        0x0 f:/windowsstuff/12.0/nios2eds/bin/gnu/h-i686-mingw32/bin/../lib/gcc/nios2-elf/4.1.2\libgcc.a(_umoddi3.o)
 .data          0x0081d308        0x0 f:/windowsstuff/12.0/nios2eds/bin/gnu/h-i686-mingw32/bin/../lib/gcc/nios2-elf/4.1.2\libgcc.a(_ge_df.o)
 .data          0x0081d308        0x0 f:/windowsstuff/12.0/nios2eds/bin/gnu/h-i686-mingw32/bin/../lib/gcc/nios2-elf/4.1.2\libgcc.a(_usi_to_df.o)
 .data          0x0081d308        0x0 C:/Users/jorde_000/Documents/GitHub/LSN/\libhal_bsp.a(alt_close.o)
 .data          0x0081d308      0x1a8 C:/Users/jorde_000/Documents/GitHub/LSN/\libhal_bsp.a(alt_dev.o)
                0x0081d308                alt_dev_null
                0x0081d330                alt_fd_list
 .data          0x0081d4b0        0x0 C:/Users/jorde_000/Documents/GitHub/LSN/\libhal_bsp.a(alt_errno.o)
 .data          0x0081d4b0        0x0 C:/Users/jorde_000/Documents/GitHub/LSN/\libhal_bsp.a(alt_fstat.o)
 .data          0x0081d4b0        0x0 C:/Users/jorde_000/Documents/GitHub/LSN/\libhal_bsp.a(alt_gettod.o)
 .data          0x0081d4b0        0x0 C:/Users/jorde_000/Documents/GitHub/LSN/\libhal_bsp.a(alt_irq_register.o)
 .data          0x0081d4b0        0x0 C:/Users/jorde_000/Documents/GitHub/LSN/\libhal_bsp.a(alt_irq_vars.o)
 .data          0x0081d4b0        0x0 C:/Users/jorde_000/Documents/GitHub/LSN/\libhal_bsp.a(alt_isatty.o)
 .data          0x0081d4b0        0x0 C:/Users/jorde_000/Documents/GitHub/LSN/\libhal_bsp.a(alt_load.o)
 .data          0x0081d4b0        0x0 C:/Users/jorde_000/Documents/GitHub/LSN/\libhal_bsp.a(alt_lseek.o)
 .data          0x0081d4b0        0x0 C:/Users/jorde_000/Documents/GitHub/LSN/\libhal_bsp.a(alt_main.o)
 .data          0x0081d4b0        0x0 C:/Users/jorde_000/Documents/GitHub/LSN/\libhal_bsp.a(alt_malloc_lock.o)
 .data          0x0081d4b0        0x0 C:/Users/jorde_000/Documents/GitHub/LSN/\libhal_bsp.a(alt_read.o)
 .data          0x0081d4b0        0x0 C:/Users/jorde_000/Documents/GitHub/LSN/\libhal_bsp.a(alt_release_fd.o)
 .data          0x0081d4b0        0x0 C:/Users/jorde_000/Documents/GitHub/LSN/\libhal_bsp.a(alt_sbrk.o)
 .data          0x0081d4b0        0x0 C:/Users/jorde_000/Documents/GitHub/LSN/\libhal_bsp.a(alt_tick.o)
 .data          0x0081d4b0        0x0 C:/Users/jorde_000/Documents/GitHub/LSN/\libhal_bsp.a(alt_usleep.o)
 .data          0x0081d4b0        0x0 C:/Users/jorde_000/Documents/GitHub/LSN/\libhal_bsp.a(alt_write.o)
 .data          0x0081d4b0     0x11b4 C:/Users/jorde_000/Documents/GitHub/LSN/\libhal_bsp.a(alt_sys_init.o)
 .data          0x0081e664        0x0 C:/Users/jorde_000/Documents/GitHub/LSN/\libhal_bsp.a(altera_avalon_jtag_uart_fd.o)
 .data          0x0081e664        0x0 C:/Users/jorde_000/Documents/GitHub/LSN/\libhal_bsp.a(altera_avalon_jtag_uart_init.o)
 .data          0x0081e664        0x0 C:/Users/jorde_000/Documents/GitHub/LSN/\libhal_bsp.a(altera_avalon_jtag_uart_ioctl.o)
 .data          0x0081e664        0x0 C:/Users/jorde_000/Documents/GitHub/LSN/\libhal_bsp.a(altera_avalon_jtag_uart_read.o)
 .data          0x0081e664        0x0 C:/Users/jorde_000/Documents/GitHub/LSN/\libhal_bsp.a(altera_avalon_jtag_uart_write.o)
 .data          0x0081e664        0x0 C:/Users/jorde_000/Documents/GitHub/LSN/\libhal_bsp.a(altera_avalon_timer_sc.o)
 .data          0x0081e664        0x0 C:/Users/jorde_000/Documents/GitHub/LSN/\libhal_bsp.a(altera_avalon_timer_ts.o)
 .data          0x0081e664        0x0 C:/Users/jorde_000/Documents/GitHub/LSN/\libhal_bsp.a(altera_avalon_timer_vars.o)
 .data          0x0081e664        0x0 C:/Users/jorde_000/Documents/GitHub/LSN/\libhal_bsp.a(altera_up_avalon_audio.o)
 .data          0x0081e664        0x0 C:/Users/jorde_000/Documents/GitHub/LSN/\libhal_bsp.a(altera_up_avalon_audio_and_video_config.o)
 .data          0x0081e664        0x0 C:/Users/jorde_000/Documents/GitHub/LSN/\libhal_bsp.a(altera_up_avalon_character_lcd.o)
 .data          0x0081e664        0x0 C:/Users/jorde_000/Documents/GitHub/LSN/\libhal_bsp.a(altera_up_avalon_video_character_buffer_with_dma.o)
 .data          0x0081e664        0x0 C:/Users/jorde_000/Documents/GitHub/LSN/\libhal_bsp.a(altera_up_avalon_video_pixel_buffer_dma.o)
 .data          0x0081e664        0x0 C:/Users/jorde_000/Documents/GitHub/LSN/\libhal_bsp.a(altera_up_sd_card_avalon_interface.o)
 .data          0x0081e664        0x0 C:/Users/jorde_000/Documents/GitHub/LSN/\libhal_bsp.a(alt_alarm_start.o)
 .data          0x0081e664        0x0 C:/Users/jorde_000/Documents/GitHub/LSN/\libhal_bsp.a(alt_busy_sleep.o)
 .data          0x0081e664        0x0 C:/Users/jorde_000/Documents/GitHub/LSN/\libhal_bsp.a(alt_dcache_flush_all.o)
 .data          0x0081e664        0x0 C:/Users/jorde_000/Documents/GitHub/LSN/\libhal_bsp.a(alt_dev_llist_insert.o)
 .data          0x0081e664        0x0 C:/Users/jorde_000/Documents/GitHub/LSN/\libhal_bsp.a(alt_do_ctors.o)
 .data          0x0081e664        0x0 C:/Users/jorde_000/Documents/GitHub/LSN/\libhal_bsp.a(alt_do_dtors.o)
 .data          0x0081e664        0x0 C:/Users/jorde_000/Documents/GitHub/LSN/\libhal_bsp.a(alt_find_dev.o)
 .data          0x0081e664        0x0 C:/Users/jorde_000/Documents/GitHub/LSN/\libhal_bsp.a(alt_icache_flush_all.o)
 .data          0x0081e664        0x0 C:/Users/jorde_000/Documents/GitHub/LSN/\libhal_bsp.a(alt_io_redirect.o)
 .data          0x0081e664        0x0 C:/Users/jorde_000/Documents/GitHub/LSN/\libhal_bsp.a(alt_irq_entry.o)
 .data          0x0081e664        0x0 C:/Users/jorde_000/Documents/GitHub/LSN/\libhal_bsp.a(alt_irq_handler.o)
 .data          0x0081e664        0x0 C:/Users/jorde_000/Documents/GitHub/LSN/\libhal_bsp.a(alt_open.o)
 .data          0x0081e664        0x0 C:/Users/jorde_000/Documents/GitHub/LSN/\libhal_bsp.a(altera_nios2_qsys_irq.o)
 .data          0x0081e664        0x0 C:/Users/jorde_000/Documents/GitHub/LSN/\libhal_bsp.a(alt_exception_entry.o)
 .data          0x0081e664        0x0 C:/Users/jorde_000/Documents/GitHub/LSN/\libhal_bsp.a(alt_find_file.o)
 .data          0x0081e664        0x0 C:/Users/jorde_000/Documents/GitHub/LSN/\libhal_bsp.a(alt_get_fd.o)
 .data          0x0081e664        0x0 C:/Users/jorde_000/Documents/GitHub/LSN/\libhal_bsp.a(alt_icache_flush.o)
 .data          0x0081e664        0x0 f:/windowsstuff/12.0/nios2eds/bin/gnu/h-i686-mingw32/bin/../lib/gcc/nios2-elf/4.1.2/../../../../nios2-elf/lib\libc.a(lib_a-atexit.o)
 .data          0x0081e664        0x0 f:/windowsstuff/12.0/nios2eds/bin/gnu/h-i686-mingw32/bin/../lib/gcc/nios2-elf/4.1.2/../../../../nios2-elf/lib\libc.a(lib_a-exit.o)
 .data          0x0081e664        0x0 f:/windowsstuff/12.0/nios2eds/bin/gnu/h-i686-mingw32/bin/../lib/gcc/nios2-elf/4.1.2/../../../../nios2-elf/lib\libc.a(lib_a-memcmp.o)
 .data          0x0081e664        0x0 f:/windowsstuff/12.0/nios2eds/bin/gnu/h-i686-mingw32/bin/../lib/gcc/nios2-elf/4.1.2/../../../../nios2-elf/lib\libc.a(lib_a-__atexit.o)
 .data          0x0081e664        0x0 f:/windowsstuff/12.0/nios2eds/bin/gnu/h-i686-mingw32/bin/../lib/gcc/nios2-elf/4.1.2/../../../../nios2-elf/lib\libc.a(lib_a-__call_atexit.o)
 .data          0x0081e664        0x0 C:/Users/jorde_000/Documents/GitHub/LSN/\libhal_bsp.a(alt_exit.o)
                0x00826664                _gp = ABSOLUTE ((. + 0x8000))
                0x00826664                PROVIDE (gp, _gp)
 *(.rwdata .rwdata.*)
 *(.sdata .sdata.* .gnu.linkonce.s.*)
 .sdata         0x0081e664        0x8 obj/default/audio.o
                0x0081e664                CONFIG_NAME
                0x0081e668                AUDIO_NAME
 .sdata         0x0081e66c        0x1 obj/default/input.o
 *fill*         0x0081e66d        0x3 00
 .sdata         0x0081e670        0x4 obj/default/score.o
                0x0081e670                scoreFileName
 .sdata         0x0081e674        0x4 f:/windowsstuff/12.0/nios2eds/bin/gnu/h-i686-mingw32/bin/../lib/gcc/nios2-elf/4.1.2/../../../../nios2-elf/lib\libm.a(lib_a-s_lib_ver.o)
                0x0081e674                __fdlib_version
 .sdata         0x0081e678        0x8 f:/windowsstuff/12.0/nios2eds/bin/gnu/h-i686-mingw32/bin/../lib/gcc/nios2-elf/4.1.2/../../../../nios2-elf/lib\libc.a(lib_a-impure.o)
                0x0081e678                _impure_ptr
                0x0081e67c                _global_impure_ptr
 .sdata         0x0081e680        0x8 f:/windowsstuff/12.0/nios2eds/bin/gnu/h-i686-mingw32/bin/../lib/gcc/nios2-elf/4.1.2/../../../../nios2-elf/lib\libc.a(lib_a-mallocr.o)
                0x0081e680                __malloc_trim_threshold
                0x0081e684                __malloc_sbrk_base
 .sdata         0x0081e688        0x8 f:/windowsstuff/12.0/nios2eds/bin/gnu/h-i686-mingw32/bin/../lib/gcc/nios2-elf/4.1.2/../../../../nios2-elf/lib\libc.a(lib_a-locale.o)
                0x0081e688                __mb_cur_max
 .sdata         0x0081e690       0x14 C:/Users/jorde_000/Documents/GitHub/LSN/\libhal_bsp.a(alt_dev.o)
                0x0081e690                alt_fs_list
                0x0081e698                alt_dev_list
                0x0081e6a0                alt_max_fd
 .sdata         0x0081e6a4        0x4 C:/Users/jorde_000/Documents/GitHub/LSN/\libhal_bsp.a(alt_errno.o)
                0x0081e6a4                alt_errno
 .sdata         0x0081e6a8        0x4 C:/Users/jorde_000/Documents/GitHub/LSN/\libhal_bsp.a(alt_irq_vars.o)
                0x0081e6a8                alt_priority_mask
 .sdata         0x0081e6ac        0x4 C:/Users/jorde_000/Documents/GitHub/LSN/\libhal_bsp.a(alt_sbrk.o)
 .sdata         0x0081e6b0        0x8 C:/Users/jorde_000/Documents/GitHub/LSN/\libhal_bsp.a(alt_tick.o)
                0x0081e6b0                alt_alarm_list
 *(.sdata2 .sdata2.* .gnu.linkonce.s2.*)
                0x0081e6b8                . = ALIGN (0x4)
                0x0081e6b8                _edata = ABSOLUTE (.)
                0x0081e6b8                PROVIDE (edata, ABSOLUTE (.))
                0x0081e6b8                PROVIDE (__ram_rwdata_end, ABSOLUTE (.))
                0x0081e6b8                PROVIDE (__flash_rwdata_start, LOADADDR (.rwdata))

.bss            0x0082027c     0x49ec
                0x0082027c                __bss_start = ABSOLUTE (.)
                0x0082027c                PROVIDE (__sbss_start, ABSOLUTE (.))
                0x0082027c                PROVIDE (___sbss_start, ABSOLUTE (.))
 *(.dynsbss)
 *(.sbss .sbss.* .gnu.linkonce.sb.*)
 .sbss          0x0082027c       0x14 obj/default/audio.o
                0x0082027c                audio
                0x00820280                config
                0x00820284                DEBUG
 .sbss          0x00820290       0x1a obj/default/audio.o
                0x00820290                loaded
                0x00820294                audioFileWordLength
                0x00820298                sdDev
                0x0082029c                somethingForIrq
                0x008202a0                playedWords
                0x008202a4                playCursor
                0x008202a8                status
 *fill*         0x008202aa        0x2 00
 .sbss          0x008202ac       0x1c obj/default/bmp.o
                0x008202ac                pixel_buffer_addr1
                0x008202b0                char_buffer
                0x008202b4                pixel_buffer_addr2
                0x008202b8                sharkBmp
                0x008202bc                splashBmp
                0x008202c0                pixel_buffer
                0x008202c4                playerBmp
 .sbss          0x008202c8       0x10 obj/default/bullet.o
                0x008202c8                playerBulletList
                0x008202cc                sharkBulletList
                0x008202d0                sharkLaserColor
                0x008202d4                playerLaserColor
 .sbss          0x008202d8       0x20 obj/default/displacement.o
 .sbss          0x008202f8       0x16 obj/default/input.o
 *fill*         0x0082030e        0x2 00
 .sbss          0x00820310        0x8 obj/default/score.o
                0x00820314                gameScores
 .sbss          0x00820318       0x10 obj/default/shark.o
                0x00820318                sharkList
                0x0082031c                deadSharkList
                0x00820320                sharkCount
                0x00820324                sharkArrayCursor
 .sbss          0x00820328        0xc f:/windowsstuff/12.0/nios2eds/bin/gnu/h-i686-mingw32/bin/../lib/gcc/nios2-elf/4.1.2/../../../../nios2-elf/lib\libc.a(lib_a-mallocr.o)
                0x00820328                __malloc_top_pad
                0x0082032c                __malloc_max_sbrked_mem
                0x00820330                __malloc_max_total_mem
 .sbss          0x00820334        0x4 f:/windowsstuff/12.0/nios2eds/bin/gnu/h-i686-mingw32/bin/../lib/gcc/nios2-elf/4.1.2/../../../../nios2-elf/lib\libc.a(lib_a-int_errno.o)
                0x00820334                errno
 .sbss          0x00820338        0xc f:/windowsstuff/12.0/nios2eds/bin/gnu/h-i686-mingw32/bin/../lib/gcc/nios2-elf/4.1.2/../../../../nios2-elf/lib\libc.a(lib_a-locale.o)
                0x00820338                __nlocale_changed
                0x0082033c                __mlocale_changed
                0x00820340                _PathLocale
 .sbss          0x00820344       0x10 C:/Users/jorde_000/Documents/GitHub/LSN/\libhal_bsp.a(alt_gettod.o)
                0x00820344                alt_timezone
                0x0082034c                alt_resettime
 .sbss          0x00820354        0x4 C:/Users/jorde_000/Documents/GitHub/LSN/\libhal_bsp.a(alt_irq_vars.o)
                0x00820354                alt_irq_active
 .sbss          0x00820358        0xc C:/Users/jorde_000/Documents/GitHub/LSN/\libhal_bsp.a(alt_main.o)
                0x00820358                alt_argc
                0x0082035c                alt_argv
                0x00820360                alt_envp
 .sbss          0x00820364        0x8 C:/Users/jorde_000/Documents/GitHub/LSN/\libhal_bsp.a(alt_tick.o)
                0x00820364                _alt_tick_rate
                0x00820368                _alt_nticks
 .sbss          0x0082036c        0x8 C:/Users/jorde_000/Documents/GitHub/LSN/\libhal_bsp.a(altera_avalon_timer_vars.o)
                0x0082036c                altera_avalon_timer_ts_base
                0x00820370                altera_avalon_timer_ts_freq
 .sbss          0x00820374       0x34 C:/Users/jorde_000/Documents/GitHub/LSN/\libhal_bsp.a(altera_up_sd_card_avalon_interface.o)
                0x00820374                initialized
                0x00820378                is_sd_card_formated_as_FAT16
                0x0082037c                aux_status_register
                0x00820380                status_register
                0x00820384                CSD_register_w0
                0x00820388                command_register
                0x0082038c                command_argument_register
                0x00820390                buffer_memory
                0x00820394                fat_partition_offset_in_512_byte_sectors
                0x00820398                fat_partition_size_in_512_byte_sectors
                0x0082039c                device_pointer
                0x008203a0                current_sector_modified
                0x008203a4                current_sector_index
 *(.sbss2 .sbss2.* .gnu.linkonce.sb2.*)
 *(.scommon)
                0x008203a8                PROVIDE (__sbss_end, ABSOLUTE (.))
                0x008203a8                PROVIDE (___sbss_end, ABSOLUTE (.))
 *(.dynbss)
 *(.bss .bss.* .gnu.linkonce.b.*)
 .bss           0x008203a8        0x0 C:/Users/jorde_000/Documents/GitHub/LSN//obj/HAL/src/crt0.o
 .bss           0x008203a8        0x0 obj/default/audio.o
 .bss           0x008203a8        0x0 obj/default/bmp.o
 .bss           0x008203a8        0x0 obj/default/bullet.o
 .bss           0x008203a8        0x0 obj/default/collision.o
 .bss           0x008203a8        0x0 obj/default/displacement.o
 .bss           0x008203a8        0x0 obj/default/gameEnd.o
 .bss           0x008203a8        0x0 obj/default/input.o
 .bss           0x008203a8        0x0 obj/default/main.o
 .bss           0x008203a8        0x0 obj/default/player.o
 .bss           0x008203a8        0x0 obj/default/score.o
 .bss           0x008203a8        0x0 obj/default/sd_card.o
 .bss           0x008203a8        0x0 obj/default/shark.o
 .bss           0x008203a8        0x0 obj/default/splash.o
 .bss           0x008203a8        0x0 obj/default/timer.o
 .bss           0x008203a8        0x0 obj/default/vga.o
 .bss           0x008203a8        0x0 f:/windowsstuff/12.0/nios2eds/bin/gnu/h-i686-mingw32/bin/../lib/gcc/nios2-elf/4.1.2/../../../../nios2-elf/lib\libm.a(lib_a-w_pow.o)
 .bss           0x008203a8        0x0 f:/windowsstuff/12.0/nios2eds/bin/gnu/h-i686-mingw32/bin/../lib/gcc/nios2-elf/4.1.2/../../../../nios2-elf/lib\libm.a(lib_a-e_pow.o)
 .bss           0x008203a8        0x0 f:/windowsstuff/12.0/nios2eds/bin/gnu/h-i686-mingw32/bin/../lib/gcc/nios2-elf/4.1.2/../../../../nios2-elf/lib\libm.a(lib_a-e_sqrt.o)
 .bss           0x008203a8        0x0 f:/windowsstuff/12.0/nios2eds/bin/gnu/h-i686-mingw32/bin/../lib/gcc/nios2-elf/4.1.2/../../../../nios2-elf/lib\libm.a(lib_a-s_fabs.o)
 .bss           0x008203a8        0x0 f:/windowsstuff/12.0/nios2eds/bin/gnu/h-i686-mingw32/bin/../lib/gcc/nios2-elf/4.1.2/../../../../nios2-elf/lib\libm.a(lib_a-s_finite.o)
 .bss           0x008203a8        0x0 f:/windowsstuff/12.0/nios2eds/bin/gnu/h-i686-mingw32/bin/../lib/gcc/nios2-elf/4.1.2/../../../../nios2-elf/lib\libm.a(lib_a-s_isnand.o)
 .bss           0x008203a8        0x0 f:/windowsstuff/12.0/nios2eds/bin/gnu/h-i686-mingw32/bin/../lib/gcc/nios2-elf/4.1.2/../../../../nios2-elf/lib\libm.a(lib_a-s_lib_ver.o)
 .bss           0x008203a8        0x0 f:/windowsstuff/12.0/nios2eds/bin/gnu/h-i686-mingw32/bin/../lib/gcc/nios2-elf/4.1.2/../../../../nios2-elf/lib\libm.a(lib_a-s_matherr.o)
 .bss           0x008203a8        0x0 f:/windowsstuff/12.0/nios2eds/bin/gnu/h-i686-mingw32/bin/../lib/gcc/nios2-elf/4.1.2/../../../../nios2-elf/lib\libm.a(lib_a-s_nan.o)
 .bss           0x008203a8        0x0 f:/windowsstuff/12.0/nios2eds/bin/gnu/h-i686-mingw32/bin/../lib/gcc/nios2-elf/4.1.2/../../../../nios2-elf/lib\libm.a(lib_a-s_rint.o)
 .bss           0x008203a8        0x0 f:/windowsstuff/12.0/nios2eds/bin/gnu/h-i686-mingw32/bin/../lib/gcc/nios2-elf/4.1.2/../../../../nios2-elf/lib\libm.a(lib_a-s_scalbn.o)
 .bss           0x008203a8        0x0 f:/windowsstuff/12.0/nios2eds/bin/gnu/h-i686-mingw32/bin/../lib/gcc/nios2-elf/4.1.2/../../../../nios2-elf/lib\libm.a(lib_a-s_copysign.o)
 .bss           0x008203a8        0x0 f:/windowsstuff/12.0/nios2eds/bin/gnu/h-i686-mingw32/bin/../lib/gcc/nios2-elf/4.1.2\libgcc.a(_div_sf.o)
 .bss           0x008203a8        0x0 f:/windowsstuff/12.0/nios2eds/bin/gnu/h-i686-mingw32/bin/../lib/gcc/nios2-elf/4.1.2\libgcc.a(_si_to_sf.o)
 .bss           0x008203a8        0x0 f:/windowsstuff/12.0/nios2eds/bin/gnu/h-i686-mingw32/bin/../lib/gcc/nios2-elf/4.1.2\libgcc.a(_sf_to_df.o)
 .bss           0x008203a8        0x0 f:/windowsstuff/12.0/nios2eds/bin/gnu/h-i686-mingw32/bin/../lib/gcc/nios2-elf/4.1.2\libgcc.a(_thenan_sf.o)
 .bss           0x008203a8        0x0 f:/windowsstuff/12.0/nios2eds/bin/gnu/h-i686-mingw32/bin/../lib/gcc/nios2-elf/4.1.2\libgcc.a(_addsub_df.o)
 .bss           0x008203a8        0x0 f:/windowsstuff/12.0/nios2eds/bin/gnu/h-i686-mingw32/bin/../lib/gcc/nios2-elf/4.1.2\libgcc.a(_mul_df.o)
 .bss           0x008203a8        0x0 f:/windowsstuff/12.0/nios2eds/bin/gnu/h-i686-mingw32/bin/../lib/gcc/nios2-elf/4.1.2\libgcc.a(_div_df.o)
 .bss           0x008203a8        0x0 f:/windowsstuff/12.0/nios2eds/bin/gnu/h-i686-mingw32/bin/../lib/gcc/nios2-elf/4.1.2\libgcc.a(_eq_df.o)
 .bss           0x008203a8        0x0 f:/windowsstuff/12.0/nios2eds/bin/gnu/h-i686-mingw32/bin/../lib/gcc/nios2-elf/4.1.2\libgcc.a(_ne_df.o)
 .bss           0x008203a8        0x0 f:/windowsstuff/12.0/nios2eds/bin/gnu/h-i686-mingw32/bin/../lib/gcc/nios2-elf/4.1.2\libgcc.a(_gt_df.o)
 .bss           0x008203a8        0x0 f:/windowsstuff/12.0/nios2eds/bin/gnu/h-i686-mingw32/bin/../lib/gcc/nios2-elf/4.1.2\libgcc.a(_lt_df.o)
 .bss           0x008203a8        0x0 f:/windowsstuff/12.0/nios2eds/bin/gnu/h-i686-mingw32/bin/../lib/gcc/nios2-elf/4.1.2\libgcc.a(_le_df.o)
 .bss           0x008203a8        0x0 f:/windowsstuff/12.0/nios2eds/bin/gnu/h-i686-mingw32/bin/../lib/gcc/nios2-elf/4.1.2\libgcc.a(_si_to_df.o)
 .bss           0x008203a8        0x0 f:/windowsstuff/12.0/nios2eds/bin/gnu/h-i686-mingw32/bin/../lib/gcc/nios2-elf/4.1.2\libgcc.a(_df_to_si.o)
 .bss           0x008203a8        0x0 f:/windowsstuff/12.0/nios2eds/bin/gnu/h-i686-mingw32/bin/../lib/gcc/nios2-elf/4.1.2\libgcc.a(_make_df.o)
 .bss           0x008203a8        0x0 f:/windowsstuff/12.0/nios2eds/bin/gnu/h-i686-mingw32/bin/../lib/gcc/nios2-elf/4.1.2\libgcc.a(_thenan_df.o)
 .bss           0x008203a8        0x0 f:/windowsstuff/12.0/nios2eds/bin/gnu/h-i686-mingw32/bin/../lib/gcc/nios2-elf/4.1.2\libgcc.a(lib2-divmod.o)
 .bss           0x008203a8        0x0 f:/windowsstuff/12.0/nios2eds/bin/gnu/h-i686-mingw32/bin/../lib/gcc/nios2-elf/4.1.2\libgcc.a(_muldi3.o)
 .bss           0x008203a8        0x0 f:/windowsstuff/12.0/nios2eds/bin/gnu/h-i686-mingw32/bin/../lib/gcc/nios2-elf/4.1.2\libgcc.a(_clzsi2.o)
 .bss           0x008203a8        0x0 f:/windowsstuff/12.0/nios2eds/bin/gnu/h-i686-mingw32/bin/../lib/gcc/nios2-elf/4.1.2\libgcc.a(_pack_sf.o)
 .bss           0x008203a8        0x0 f:/windowsstuff/12.0/nios2eds/bin/gnu/h-i686-mingw32/bin/../lib/gcc/nios2-elf/4.1.2\libgcc.a(_unpack_sf.o)
 .bss           0x008203a8        0x0 f:/windowsstuff/12.0/nios2eds/bin/gnu/h-i686-mingw32/bin/../lib/gcc/nios2-elf/4.1.2\libgcc.a(_pack_df.o)
 .bss           0x008203a8        0x0 f:/windowsstuff/12.0/nios2eds/bin/gnu/h-i686-mingw32/bin/../lib/gcc/nios2-elf/4.1.2\libgcc.a(_unpack_df.o)
 .bss           0x008203a8        0x0 f:/windowsstuff/12.0/nios2eds/bin/gnu/h-i686-mingw32/bin/../lib/gcc/nios2-elf/4.1.2\libgcc.a(_fpcmp_parts_df.o)
 .bss           0x008203a8        0x0 f:/windowsstuff/12.0/nios2eds/bin/gnu/h-i686-mingw32/bin/../lib/gcc/nios2-elf/4.1.2\libgcc.a(_clz.o)
 .bss           0x008203a8        0x0 f:/windowsstuff/12.0/nios2eds/bin/gnu/h-i686-mingw32/bin/../lib/gcc/nios2-elf/4.1.2/../../../../nios2-elf/lib\libc.a(lib_a-errno.o)
 .bss           0x008203a8        0x0 f:/windowsstuff/12.0/nios2eds/bin/gnu/h-i686-mingw32/bin/../lib/gcc/nios2-elf/4.1.2/../../../../nios2-elf/lib\libc.a(lib_a-impure.o)
 .bss           0x008203a8        0x0 f:/windowsstuff/12.0/nios2eds/bin/gnu/h-i686-mingw32/bin/../lib/gcc/nios2-elf/4.1.2/../../../../nios2-elf/lib\libc.a(lib_a-malloc.o)
 .bss           0x008203a8       0x28 f:/windowsstuff/12.0/nios2eds/bin/gnu/h-i686-mingw32/bin/../lib/gcc/nios2-elf/4.1.2/../../../../nios2-elf/lib\libc.a(lib_a-mallocr.o)
                0x008203a8                __malloc_current_mallinfo
 .bss           0x008203d0        0x0 f:/windowsstuff/12.0/nios2eds/bin/gnu/h-i686-mingw32/bin/../lib/gcc/nios2-elf/4.1.2/../../../../nios2-elf/lib\libc.a(lib_a-printf.o)
 .bss           0x008203d0        0x0 f:/windowsstuff/12.0/nios2eds/bin/gnu/h-i686-mingw32/bin/../lib/gcc/nios2-elf/4.1.2/../../../../nios2-elf/lib\libc.a(lib_a-puts.o)
 .bss           0x008203d0        0x0 f:/windowsstuff/12.0/nios2eds/bin/gnu/h-i686-mingw32/bin/../lib/gcc/nios2-elf/4.1.2/../../../../nios2-elf/lib\libc.a(lib_a-rand.o)
 .bss           0x008203d0        0x0 f:/windowsstuff/12.0/nios2eds/bin/gnu/h-i686-mingw32/bin/../lib/gcc/nios2-elf/4.1.2/../../../../nios2-elf/lib\libc.a(lib_a-sbrkr.o)
 .bss           0x008203d0        0x0 f:/windowsstuff/12.0/nios2eds/bin/gnu/h-i686-mingw32/bin/../lib/gcc/nios2-elf/4.1.2/../../../../nios2-elf/lib\libc.a(lib_a-strlen.o)
 .bss           0x008203d0        0x0 f:/windowsstuff/12.0/nios2eds/bin/gnu/h-i686-mingw32/bin/../lib/gcc/nios2-elf/4.1.2/../../../../nios2-elf/lib\libc.a(lib_a-time.o)
 .bss           0x008203d0        0x0 f:/windowsstuff/12.0/nios2eds/bin/gnu/h-i686-mingw32/bin/../lib/gcc/nios2-elf/4.1.2/../../../../nios2-elf/lib\libc.a(lib_a-vfprintf.o)
 .bss           0x008203d0        0x0 f:/windowsstuff/12.0/nios2eds/bin/gnu/h-i686-mingw32/bin/../lib/gcc/nios2-elf/4.1.2/../../../../nios2-elf/lib\libc.a(lib_a-wsetup.o)
 .bss           0x008203d0        0x0 f:/windowsstuff/12.0/nios2eds/bin/gnu/h-i686-mingw32/bin/../lib/gcc/nios2-elf/4.1.2/../../../../nios2-elf/lib\libc.a(lib_a-dtoa.o)