Archive member included because of file (symbol)

f:/windowsstuff/12.0/nios2eds/bin/gnu/h-i686-mingw32/bin/../lib/gcc/nios2-elf/4.1.2/../../../../nios2-elf/lib\libm.a(lib_a-w_pow.o)
                              obj/default/score.o (pow)
f:/windowsstuff/12.0/nios2eds/bin/gnu/h-i686-mingw32/bin/../lib/gcc/nios2-elf/4.1.2/../../../../nios2-elf/lib\libm.a(lib_a-e_pow.o)
                              f:/windowsstuff/12.0/nios2eds/bin/gnu/h-i686-mingw32/bin/../lib/gcc/nios2-elf/4.1.2/../../../../nios2-elf/lib\libm.a(lib_a-w_pow.o) (__ieee754_pow)
f:/windowsstuff/12.0/nios2eds/bin/gnu/h-i686-mingw32/bin/../lib/gcc/nios2-elf/4.1.2/../../../../nios2-elf/lib\libm.a(lib_a-e_sqrt.o)
                              f:/windowsstuff/12.0/nios2eds/bin/gnu/h-i686-mingw32/bin/../lib/gcc/nios2-elf/4.1.2/../../../../nios2-elf/lib\libm.a(lib_a-e_pow.o) (__ieee754_sqrt)
f:/windowsstuff/12.0/nios2eds/bin/gnu/h-i686-mingw32/bin/../lib/gcc/nios2-elf/4.1.2/../../../../nios2-elf/lib\libm.a(lib_a-s_fabs.o)
                              f:/windowsstuff/12.0/nios2eds/bin/gnu/h-i686-mingw32/bin/../lib/gcc/nios2-elf/4.1.2/../../../../nios2-elf/lib\libm.a(lib_a-e_pow.o) (fabs)
f:/windowsstuff/12.0/nios2eds/bin/gnu/h-i686-mingw32/bin/../lib/gcc/nios2-elf/4.1.2/../../../../nios2-elf/lib\libm.a(lib_a-s_finite.o)
                              f:/windowsstuff/12.0/nios2eds/bin/gnu/h-i686-mingw32/bin/../lib/gcc/nios2-elf/4.1.2/../../../../nios2-elf/lib\libm.a(lib_a-w_pow.o) (finite)
f:/windowsstuff/12.0/nios2eds/bin/gnu/h-i686-mingw32/bin/../lib/gcc/nios2-elf/4.1.2/../../../../nios2-elf/lib\libm.a(lib_a-s_isnand.o)
                              f:/windowsstuff/12.0/nios2eds/bin/gnu/h-i686-mingw32/bin/../lib/gcc/nios2-elf/4.1.2/../../../../nios2-elf/lib\libm.a(lib_a-w_pow.o) (__isnand)
f:/windowsstuff/12.0/nios2eds/bin/gnu/h-i686-mingw32/bin/../lib/gcc/nios2-elf/4.1.2/../../../../nios2-elf/lib\libm.a(lib_a-s_lib_ver.o)
                              f:/windowsstuff/12.0/nios2eds/bin/gnu/h-i686-mingw32/bin/../lib/gcc/nios2-elf/4.1.2/../../../../nios2-elf/lib\libm.a(lib_a-w_pow.o) (__fdlib_version)
f:/windowsstuff/12.0/nios2eds/bin/gnu/h-i686-mingw32/bin/../lib/gcc/nios2-elf/4.1.2/../../../../nios2-elf/lib\libm.a(lib_a-s_matherr.o)
                              f:/windowsstuff/12.0/nios2eds/bin/gnu/h-i686-mingw32/bin/../lib/gcc/nios2-elf/4.1.2/../../../../nios2-elf/lib\libm.a(lib_a-w_pow.o) (matherr)
f:/windowsstuff/12.0/nios2eds/bin/gnu/h-i686-mingw32/bin/../lib/gcc/nios2-elf/4.1.2/../../../../nios2-elf/lib\libm.a(lib_a-s_nan.o)
                              f:/windowsstuff/12.0/nios2eds/bin/gnu/h-i686-mingw32/bin/../lib/gcc/nios2-elf/4.1.2/../../../../nios2-elf/lib\libm.a(lib_a-e_pow.o) (nan)
f:/windowsstuff/12.0/nios2eds/bin/gnu/h-i686-mingw32/bin/../lib/gcc/nios2-elf/4.1.2/../../../../nios2-elf/lib\libm.a(lib_a-s_rint.o)
                              f:/windowsstuff/12.0/nios2eds/bin/gnu/h-i686-mingw32/bin/../lib/gcc/nios2-elf/4.1.2/../../../../nios2-elf/lib\libm.a(lib_a-w_pow.o) (rint)
f:/windowsstuff/12.0/nios2eds/bin/gnu/h-i686-mingw32/bin/../lib/gcc/nios2-elf/4.1.2/../../../../nios2-elf/lib\libm.a(lib_a-s_scalbn.o)
                              f:/windowsstuff/12.0/nios2eds/bin/gnu/h-i686-mingw32/bin/../lib/gcc/nios2-elf/4.1.2/../../../../nios2-elf/lib\libm.a(lib_a-e_pow.o) (scalbn)
f:/windowsstuff/12.0/nios2eds/bin/gnu/h-i686-mingw32/bin/../lib/gcc/nios2-elf/4.1.2/../../../../nios2-elf/lib\libm.a(lib_a-s_copysign.o)
                              f:/windowsstuff/12.0/nios2eds/bin/gnu/h-i686-mingw32/bin/../lib/gcc/nios2-elf/4.1.2/../../../../nios2-elf/lib\libm.a(lib_a-s_scalbn.o) (copysign)
f:/windowsstuff/12.0/nios2eds/bin/gnu/h-i686-mingw32/bin/../lib/gcc/nios2-elf/4.1.2\libgcc.a(_div_sf.o)
                              obj/default/timer.o (__divsf3)
f:/windowsstuff/12.0/nios2eds/bin/gnu/h-i686-mingw32/bin/../lib/gcc/nios2-elf/4.1.2\libgcc.a(_si_to_sf.o)
                              obj/default/timer.o (__floatsisf)
f:/windowsstuff/12.0/nios2eds/bin/gnu/h-i686-mingw32/bin/../lib/gcc/nios2-elf/4.1.2\libgcc.a(_sf_to_df.o)
                              obj/default/timer.o (__extendsfdf2)
f:/windowsstuff/12.0/nios2eds/bin/gnu/h-i686-mingw32/bin/../lib/gcc/nios2-elf/4.1.2\libgcc.a(_thenan_sf.o)
                              f:/windowsstuff/12.0/nios2eds/bin/gnu/h-i686-mingw32/bin/../lib/gcc/nios2-elf/4.1.2\libgcc.a(_div_sf.o) (__thenan_sf)
f:/windowsstuff/12.0/nios2eds/bin/gnu/h-i686-mingw32/bin/../lib/gcc/nios2-elf/4.1.2\libgcc.a(_addsub_df.o)
                              f:/windowsstuff/12.0/nios2eds/bin/gnu/h-i686-mingw32/bin/../lib/gcc/nios2-elf/4.1.2/../../../../nios2-elf/lib\libm.a(lib_a-e_pow.o) (__subdf3)
f:/windowsstuff/12.0/nios2eds/bin/gnu/h-i686-mingw32/bin/../lib/gcc/nios2-elf/4.1.2\libgcc.a(_mul_df.o)
                              obj/default/score.o (__muldf3)
f:/windowsstuff/12.0/nios2eds/bin/gnu/h-i686-mingw32/bin/../lib/gcc/nios2-elf/4.1.2\libgcc.a(_div_df.o)
[...]
Memory Configuration

Name             Origin             Length             Attributes
reset            0x00800000         0x00000020
sdram_0          0x00800020         0x007fffe0
*default*        0x00000000         0xffffffff

Linker script and memory map

LOAD C:/Users/jorde_000/Documents/GitHub/LSN//obj/HAL/src/crt0.o
LOAD obj/default/audio.o
LOAD obj/default/audio_up_hack.o
LOAD obj/default/bmp.o
LOAD obj/default/bullet.o
LOAD obj/default/collision.o
LOAD obj/default/displacement.o
LOAD obj/default/lcd.o
LOAD obj/default/main.o
LOAD obj/default/player.o
LOAD obj/default/score.o
LOAD obj/default/sd_card.o
LOAD obj/default/shark.o
LOAD obj/default/timer.o
LOAD obj/default/vga.o
LOAD f:/windowsstuff/12.0/nios2eds/bin/gnu/h-i686-mingw32/bin/../lib/gcc/nios2-elf/4.1.2/../../../../nios2-elf/lib\libstdc++.a
LOAD f:/windowsstuff/12.0/nios2eds/bin/gnu/h-i686-mingw32/bin/../lib/gcc/nios2-elf/4.1.2/../../../../nios2-elf/lib\libm.a
LOAD f:/windowsstuff/12.0/nios2eds/bin/gnu/h-i686-mingw32/bin/../lib/gcc/nios2-elf/4.1.2\libgcc.a
START GROUP
LOAD f:/windowsstuff/12.0/nios2eds/bin/gnu/h-i686-mingw32/bin/../lib/gcc/nios2-elf/4.1.2/../../../../nios2-elf/lib\libc.a
LOAD f:/windowsstuff/12.0/nios2eds/bin/gnu/h-i686-mingw32/bin/../lib/gcc/nios2-elf/4.1.2\libgcc.a
LOAD C:/Users/jorde_000/Documents/GitHub/LSN/\libhal_bsp.a
END GROUP
LOAD f:/windowsstuff/12.0/nios2eds/bin/gnu/h-i686-mingw32/bin/../lib/gcc/nios2-elf/4.1.2\libgcc.a
                0x00800000                __alt_mem_sdram_0 = 0x800000

.entry          0x00800000       0x20
 *(.entry)
 .entry         0x00800000       0x20 C:/Users/jorde_000/Documents/GitHub/LSN//obj/HAL/src/crt0.o
                0x00800000                __reset

.exceptions     0x00800020      0x198
                0x00800020                PROVIDE (__ram_exceptions_start, ABSOLUTE (.))
                0x00800020                . = ALIGN (0x20)
 *(.irq)
 *(.exceptions.entry.label)
 .exceptions.entry.label
                0x00800020        0x0 C:/Users/jorde_000/Documents/GitHub/LSN/\libhal_bsp.a(alt_irq_entry.o)
                0x00800020                alt_irq_entry
 .exceptions.entry.label
                0x00800020        0x0 C:/Users/jorde_000/Documents/GitHub/LSN/\libhal_bsp.a(alt_exception_entry.o)
                0x00800020                alt_exception
 *(.exceptions.entry.user)
 *(.exceptions.entry)
 .exceptions.entry
                0x00800020       0x54 C:/Users/jorde_000/Documents/GitHub/LSN/\libhal_bsp.a(alt_exception_entry.o)
 *(.exceptions.irqtest.user)
 *(.exceptions.irqtest)
 .exceptions.irqtest
                0x00800074       0x10 C:/Users/jorde_000/Documents/GitHub/LSN/\libhal_bsp.a(alt_irq_entry.o)
 *(.exceptions.irqhandler.user)
 *(.exceptions.irqhandler)
 .exceptions.irqhandler
                0x00800084        0x4 C:/Users/jorde_000/Documents/GitHub/LSN/\libhal_bsp.a(alt_irq_entry.o)
 *(.exceptions.irqreturn.user)
 *(.exceptions.irqreturn)
 .exceptions.irqreturn
                0x00800088        0x4 C:/Users/jorde_000/Documents/GitHub/LSN/\libhal_bsp.a(alt_irq_entry.o)
 *(.exceptions.notirq.label)
 .exceptions.notirq.label
                0x0080008c        0x0 C:/Users/jorde_000/Documents/GitHub/LSN/\libhal_bsp.a(alt_irq_entry.o)
 *(.exceptions.notirq.user)
 *(.exceptions.notirq)
 .exceptions.notirq
                0x0080008c        0x8 C:/Users/jorde_000/Documents/GitHub/LSN/\libhal_bsp.a(alt_exception_entry.o)
 *(.exceptions.soft.user)
 *(.exceptions.soft)
 *(.exceptions.unknown.user)
 *(.exceptions.unknown)
 .exceptions.unknown
                0x00800094        0x4 C:/Users/jorde_000/Documents/GitHub/LSN/\libhal_bsp.a(alt_exception_entry.o)
 *(.exceptions.exit.label)
 .exceptions.exit.label
                0x00800098        0x0 C:/Users/jorde_000/Documents/GitHub/LSN/\libhal_bsp.a(alt_irq_entry.o)
 .exceptions.exit.label
                0x00800098        0x0 C:/Users/jorde_000/Documents/GitHub/LSN/\libhal_bsp.a(alt_exception_entry.o)
 *(.exceptions.exit.user)
 *(.exceptions.exit)
 .exceptions.exit
                0x00800098       0x54 C:/Users/jorde_000/Documents/GitHub/LSN/\libhal_bsp.a(alt_exception_entry.o)
 *(.exceptions)
 .exceptions    0x008000ec       0xcc C:/Users/jorde_000/Documents/GitHub/LSN/\libhal_bsp.a(alt_irq_handler.o)
                0x008000ec                alt_irq_handler
                0x008001b8                PROVIDE (__ram_exceptions_end, ABSOLUTE (.))
                0x00800020                PROVIDE (__flash_exceptions_start, LOADADDR (.exceptions))

.text           0x008001b8    0x196dc
                0x008001b8                PROVIDE (stext, ABSOLUTE (.))
 *(.interp)
 *(.hash)
 *(.dynsym)
 *(.dynstr)
 *(.gnu.version)
 *(.gnu.version_d)
 *(.gnu.version_r)
 *(.rel.init)
 *(.rela.init)
 *(.rel.text .rel.text.* .rel.gnu.linkonce.t.*)
 *(.rela.text .rela.text.* .rela.gnu.linkonce.t.*)
 *(.rel.fini)
 *(.rela.fini)
 *(.rel.rodata .rel.rodata.* .rel.gnu.linkonce.r.*)
 *(.rela.rodata .rela.rodata.* .rela.gnu.linkonce.r.*)
 *(.rel.data .rel.data.* .rel.gnu.linkonce.d.*)
 *(.rela.data .rela.data.* .rela.gnu.linkonce.d.*)
 *(.rel.tdata .rel.tdata.* .rel.gnu.linkonce.td.*)
 *(.rela.tdata .rela.tdata.* .rela.gnu.linkonce.td.*)
 *(.rel.tbss .rel.tbss.* .rel.gnu.linkonce.tb.*)
 *(.rela.tbss .rela.tbss.* .rela.gnu.linkonce.tb.*)
 *(.rel.ctors)
 *(.rela.ctors)
 *(.rel.dtors)
 *(.rela.dtors)
 *(.rel.got)
 *(.rela.got)
 *(.rel.sdata .rel.sdata.* .rel.gnu.linkonce.s.*)
 *(.rela.sdata .rela.sdata.* .rela.gnu.linkonce.s.*)
 *(.rel.sbss .rel.sbss.* .rel.gnu.linkonce.sb.*)
 *(.rela.sbss .rela.sbss.* .rela.gnu.linkonce.sb.*)
 *(.rel.sdata2 .rel.sdata2.* .rel.gnu.linkonce.s2.*)
 *(.rela.sdata2 .rela.sdata2.* .rela.gnu.linkonce.s2.*)
 *(.rel.sbss2 .rel.sbss2.* .rel.gnu.linkonce.sb2.*)
 *(.rela.sbss2 .rela.sbss2.* .rela.gnu.linkonce.sb2.*)
 *(.rel.bss .rel.bss.* .rel.gnu.linkonce.b.*)
 *(.rela.bss .rela.bss.* .rela.gnu.linkonce.b.*)
 *(.rel.plt)
 *(.rela.plt)
 *(.rel.dyn)
 *(.init)
 *(.plt)
 *(.text .stub .text.* .gnu.linkonce.t.*)
 .text          0x008001b8       0x4c C:/Users/jorde_000/Documents/GitHub/LSN//obj/HAL/src/crt0.o
                0x008001b8                _start
 .text          0x00800204      0x964 obj/default/audio.o
                0x00800204                setupAudio
                0x00800328                setupAudioInterrupt
                0x00800380                loadLaser
                0x008003ec                loadPlayerDeath
                0x00800448                loadSharkDeath
                0x008004a4                loadTheme
                0x00800504                playAudioMono
                0x00800594                playAudio
                0x00800630                audioTest
                0x008007d0                readWavFile
                0x008008ec                playLaser
                0x0080094c                playPlayerDeath
                0x00800990                playSharkDeath
                0x008009d4                playTheme
 .text          0x00800b68        0x0 obj/default/audio_up_hack.o
 .text          0x00800b68      0x718 obj/default/bmp.o
                0x00800b68                parseBmp
                0x00800fc0                parseBmps
                0x00801028                freeBmps
                0x00801088                drawBmp
                0x008011e8                eraseBmp
 .text          0x00801280      0x548 obj/default/bullet.o
                0x00801280                initBullets
                0x008012e0                createBullet
                0x00801424                moveAllBullets
                0x008014ec                drawAllBullets
                0x00801570                eraseAllBullets
                0x008015f4                drawBullet
                0x00801680                eraseBullet
                0x008016e8                moveBulletRight
                0x00801758                moveBulletLeft
 .text          0x008017c8      0x150 obj/default/collision.o
                0x008017c8                isBulletCollidingWithShark
                0x00801870                isBulletCollidingWithPlayer
 .text          0x00801918      0x654 obj/default/displacement.o
                0x00801918                setupDisplacement
                0x008019a4                setupHorizontalDisplacementFunction
                0x00801aa8                setupCircularDisplacementFunction
                0x00801b98                setupArcDisplacementFunction
                0x00801c54                makeRight
                0x00801c94                makeLeft
                0x00801cd4                makeUp
                0x00801d14                makeDown
                0x00801d54                makeDownRight
                0x00801d94                makeDownLeft
                0x00801dd4                makeUpRight
                0x00801e14                makeUpLeft
                0x00801e54                setToRandomDisplacement
 .text          0x00801f6c       0x5c obj/default/lcd.o
                0x00801f6c                init_lcd
 .text          0x00801fc8      0x4dc obj/default/main.o
                0x00801fc8                init
                0x00802084                main
 .text          0x008024a4      0x24c obj/default/player.o
                0x008024a4                initPlayer
                0x00802520                drawPlayer
                0x00802564                erasePlayer
                0x008025a8                moveUpPlayer
                0x0080264c                moveDownPlayer
 .text          0x008026f0      0x4e0 obj/default/score.o
                0x008026f0                initScoreBoard
                0x00802778                getHighScoreBoard
                0x00802b10                updateHighScoreBoard
                0x00802b88                updateCurrentPlayerScore
                0x00802bac                getCurrentPlayerScore
 .text          0x00802bd0      0x374 obj/default/sd_card.o
                0x00802bd0                openSdCard
                0x00802c30                openFile
                0x00802c70                closeFile
                0x00802ca0                readByte
                0x00802cd4                readWord
                0x00802d68                readDWord
                0x00802e3c                getWavFileLength
                0x00802ef4                readPastWavHeader
 .text          0x00802f44      0x110 obj/default/shark.o
                0x00802f44                drawShark
                0x00802f9c                eraseShark
                0x00802fdc                moveShark
 .text          0x00803054      0x360 obj/default/timer.o
                0x00803054                timer_test
                0x008032e4                setHardwareTimerPeriod
                0x0080332c                isHardwareTimerRunning
                0x00803360                hasHardwareTimerExpired
                0x00803388                startHardwareTimer
 .text          0x008033b4      0x314 obj/default/vga.o
                0x008033b4                initVga
                0x0080345c                clearScreen
                0x0080348c                drawPixel
                0x008034d0                drawLine
                0x00803598                printLine
                0x008035d4                drawBox
                0x00803630                convert24BitRgbTo16
 .text          0x008036c8      0x488 f:/windowsstuff/12.0/nios2eds/bin/gnu/h-i686-mingw32/bin/../lib/gcc/nios2-elf/4.1.2/../../../../nios2-elf/lib\libm.a(lib_a-w_pow.o)
                0x008036c8                pow
 .text          0x00803b50     0x1300 f:/windowsstuff/12.0/nios2eds/bin/gnu/h-i686-mingw32/bin/../lib/gcc/nios2-elf/4.1.2/../../../../nios2-elf/lib\libm.a(lib_a-e_pow.o)
                0x00803b50                __ieee754_pow
 .text          0x00804e50      0x2c8 f:/windowsstuff/12.0/nios2eds/bin/gnu/h-i686-mingw32/bin/../lib/gcc/nios2-elf/4.1.2/../../../../nios2-elf/lib\libm.a(lib_a-e_sqrt.o)
                0x00804e50                __ieee754_sqrt
 .text          0x00805118       0x18 f:/windowsstuff/12.0/nios2eds/bin/gnu/h-i686-mingw32/bin/../lib/gcc/nios2-elf/4.1.2/../../../../nios2-elf/lib\libm.a(lib_a-s_fabs.o)
                0x00805118                fabs
 .text          0x00805130       0x1c f:/windowsstuff/12.0/nios2eds/bin/gnu/h-i686-mingw32/bin/../lib/gcc/nios2-elf/4.1.2/../../../../nios2-elf/lib\libm.a(lib_a-s_finite.o)
                0x00805130                finite
 .text          0x0080514c       0x30 f:/windowsstuff/12.0/nios2eds/bin/gnu/h-i686-mingw32/bin/../lib/gcc/nios2-elf/4.1.2/../../../../nios2-elf/lib\libm.a(lib_a-s_isnand.o)
                0x0080514c                __isnand
 .text          0x0080517c        0x0 f:/windowsstuff/12.0/nios2eds/bin/gnu/h-i686-mingw32/bin/../lib/gcc/nios2-elf/4.1.2/../../../../nios2-elf/lib\libm.a(lib_a-s_lib_ver.o)
 .text          0x0080517c        0x8 f:/windowsstuff/12.0/nios2eds/bin/gnu/h-i686-mingw32/bin/../lib/gcc/nios2-elf/4.1.2/../../../../nios2-elf/lib\libm.a(lib_a-s_matherr.o)
                0x0080517c                matherr
 .text          0x00805184       0x10 f:/windowsstuff/12.0/nios2eds/bin/gnu/h-i686-mingw32/bin/../lib/gcc/nios2-elf/4.1.2/../../../../nios2-elf/lib\libm.a(lib_a-s_nan.o)
                0x00805184                nan
 .text          0x00805194      0x210 f:/windowsstuff/12.0/nios2eds/bin/gnu/h-i686-mingw32/bin/../lib/gcc/nios2-elf/4.1.2/../../../../nios2-elf/lib\libm.a(lib_a-s_rint.o)
                0x00805194                rint
 .text          0x008053a4      0x1e0 f:/windowsstuff/12.0/nios2eds/bin/gnu/h-i686-mingw32/bin/../lib/gcc/nios2-elf/4.1.2/../../../../nios2-elf/lib\libm.a(lib_a-s_scalbn.o)
                0x008053a4                scalbn
 .text          0x00805584       0x24 f:/windowsstuff/12.0/nios2eds/bin/gnu/h-i686-mingw32/bin/../lib/gcc/nios2-elf/4.1.2/../../../../nios2-elf/lib\libm.a(lib_a-s_copysign.o)
                0x00805584                copysign
 .text          0x008055a8      0x174 f:/windowsstuff/12.0/nios2eds/bin/gnu/h-i686-mingw32/bin/../lib/gcc/nios2-elf/4.1.2\libgcc.a(_div_sf.o)
                0x008055a8                __divsf3
 .text          0x0080571c       0x98 f:/windowsstuff/12.0/nios2eds/bin/gnu/h-i686-mingw32/bin/../lib/gcc/nios2-elf/4.1.2\libgcc.a(_si_to_sf.o)
                0x0080571c                __floatsisf
 .text          0x008057b4       0x54 f:/windowsstuff/12.0/nios2eds/bin/gnu/h-i686-mingw32/bin/../lib/gcc/nios2-elf/4.1.2\libgcc.a(_sf_to_df.o)
                0x008057b4                __extendsfdf2
 .text          0x00805808        0x0 f:/windowsstuff/12.0/nios2eds/bin/gnu/h-i686-mingw32/bin/../lib/gcc/nios2-elf/4.1.2\libgcc.a(_thenan_sf.o)
 .text          0x00805808      0x504 f:/windowsstuff/12.0/nios2eds/bin/gnu/h-i686-mingw32/bin/../lib/gcc/nios2-elf/4.1.2\libgcc.a(_addsub_df.o)
                0x00805c18                __subdf3
                0x00805c98                __adddf3
 .text          0x00805d0c      0x3c4 f:/windowsstuff/12.0/nios2eds/bin/gnu/h-i686-mingw32/bin/../lib/gcc/nios2-elf/4.1.2\libgcc.a(_mul_df.o)
                0x00805d0c                __muldf3
 .text          0x008060d0      0x258 f:/windowsstuff/12.0/nios2eds/bin/gnu/h-i686-mingw32/bin/../lib/gcc/nios2-elf/4.1.2\libgcc.a(_div_df.o)
                0x008060d0                __divdf3
 .text          0x00806328       0x88 f:/windowsstuff/12.0/nios2eds/bin/gnu/h-i686-mingw32/bin/../lib/gcc/nios2-elf/4.1.2\libgcc.a(_eq_df.o)
                0x00806328                __eqdf2
 .text          0x008063b0       0x88 f:/windowsstuff/12.0/nios2eds/bin/gnu/h-i686-mingw32/bin/../lib/gcc/nios2-elf/4.1.2\libgcc.a(_ne_df.o)
                0x008063b0                __nedf2
 .text          0x00806438       0x88 f:/windowsstuff/12.0/nios2eds/bin/gnu/h-i686-mingw32/bin/../lib/gcc/nios2-elf/4.1.2\libgcc.a(_gt_df.o)
                0x00806438                __gtdf2
 .text          0x008064c0       0x88 f:/windowsstuff/12.0/nios2eds/bin/gnu/h-i686-mingw32/bin/../lib/gcc/nios2-elf/4.1.2\libgcc.a(_lt_df.o)
                0x008064c0                __ltdf2
 .text          0x00806548       0x88 f:/windowsstuff/12.0/nios2eds/bin/gnu/h-i686-mingw32/bin/../lib/gcc/nios2-elf/4.1.2\libgcc.a(_le_df.o)
                0x00806548                __ledf2
 .text          0x008065d0       0xf8 f:/windowsstuff/12.0/nios2eds/bin/gnu/h-i686-mingw32/bin/../lib/gcc/nios2-elf/4.1.2\libgcc.a(_si_to_df.o)
                0x008065d0                __floatsidf
 .text          0x008066c8       0xd8 f:/windowsstuff/12.0/nios2eds/bin/gnu/h-i686-mingw32/bin/../lib/gcc/nios2-elf/4.1.2\libgcc.a(_df_to_si.o)
                0x008066c8                __fixdfsi
 .text          0x008067a0       0x38 f:/windowsstuff/12.0/nios2eds/bin/gnu/h-i686-mingw32/bin/../lib/gcc/nios2-elf/4.1.2\libgcc.a(_make_df.o)
                0x008067a0                __make_dp
 .text          0x008067d8        0x0 f:/windowsstuff/12.0/nios2eds/bin/gnu/h-i686-mingw32/bin/../lib/gcc/nios2-elf/4.1.2\libgcc.a(_thenan_df.o)
 .text          0x008067d8      0x14c f:/windowsstuff/12.0/nios2eds/bin/gnu/h-i686-mingw32/bin/../lib/gcc/nios2-elf/4.1.2\libgcc.a(lib2-divmod.o)
                0x00806854                __divsi3
                0x008068b4                __modsi3
                0x00806914                __udivsi3
                0x0080691c                __umodsi3
 .text          0x00806924       0x98 f:/windowsstuff/12.0/nios2eds/bin/gnu/h-i686-mingw32/bin/../lib/gcc/nios2-elf/4.1.2\libgcc.a(_muldi3.o)
                0x00806924                __muldi3
 .text          0x008069bc       0x80 f:/windowsstuff/12.0/nios2eds/bin/gnu/h-i686-mingw32/bin/../lib/gcc/nios2-elf/4.1.2\libgcc.a(_clzsi2.o)
                0x008069bc                __clzsi2
 .text          0x00806a3c      0x160 f:/windowsstuff/12.0/nios2eds/bin/gnu/h-i686-mingw32/bin/../lib/gcc/nios2-elf/4.1.2\libgcc.a(_pack_sf.o)
                0x00806a3c                __pack_f
 .text          0x00806b9c       0xc8 f:/windowsstuff/12.0/nios2eds/bin/gnu/h-i686-mingw32/bin/../lib/gcc/nios2-elf/4.1.2\libgcc.a(_unpack_sf.o)
                0x00806b9c                __unpack_f
 .text          0x00806c64      0x314 f:/windowsstuff/12.0/nios2eds/bin/gnu/h-i686-mingw32/bin/../lib/gcc/nios2-elf/4.1.2\libgcc.a(_pack_df.o)
                0x00806c64                __pack_d
 .text          0x00806f78      0x138 f:/windowsstuff/12.0/nios2eds/bin/gnu/h-i686-mingw32/bin/../lib/gcc/nios2-elf/4.1.2\libgcc.a(_unpack_df.o)
                0x00806f78                __unpack_d
 .text          0x008070b0       0xc8 f:/windowsstuff/12.0/nios2eds/bin/gnu/h-i686-mingw32/bin/../lib/gcc/nios2-elf/4.1.2\libgcc.a(_fpcmp_parts_df.o)
                0x008070b0                __fpcmp_parts_d
 .text          0x00807178        0x0 f:/windowsstuff/12.0/nios2eds/bin/gnu/h-i686-mingw32/bin/../lib/gcc/nios2-elf/4.1.2\libgcc.a(_clz.o)
 .text          0x00807178       0x10 f:/windowsstuff/12.0/nios2eds/bin/gnu/h-i686-mingw32/bin/../lib/gcc/nios2-elf/4.1.2/../../../../nios2-elf/lib\libc.a(lib_a-errno.o)
                0x00807178                __errno
 .text          0x00807188        0x0 f:/windowsstuff/12.0/nios2eds/bin/gnu/h-i686-mingw32/bin/../lib/gcc/nios2-elf/4.1.2/../../../../nios2-elf/lib\libc.a(lib_a-impure.o)
 .text          0x00807188       0x28 f:/windowsstuff/12.0/nios2eds/bin/gnu/h-i686-mingw32/bin/../lib/gcc/nios2-elf/4.1.2/../../../../nios2-elf/lib\libc.a(lib_a-malloc.o)
                0x00807188                free
                0x0080719c                malloc
 .text          0x008071b0      0x740 f:/windowsstuff/12.0/nios2eds/bin/gnu/h-i686-mingw32/bin/../lib/gcc/nios2-elf/4.1.2/../../../../nios2-elf/lib\libc.a(lib_a-mallocr.o)
                0x008071b0                _malloc_r
 .text          0x008078f0       0x78 f:/windowsstuff/12.0/nios2eds/bin/gnu/h-i686-mingw32/bin/../lib/gcc/nios2-elf/4.1.2/../../../../nios2-elf/lib\libc.a(lib_a-printf.o)
                0x008078f0                printf
                0x00807934                _printf_r
 .text          0x00807968       0xb4 f:/windowsstuff/12.0/nios2eds/bin/gnu/h-i686-mingw32/bin/../lib/gcc/nios2-elf/4.1.2/../../../../nios2-elf/lib\libc.a(lib_a-puts.o)
                0x00807968                _puts_r
                0x00807a08                puts
 .text          0x00807a1c       0x94 f:/windowsstuff/12.0/nios2eds/bin/gnu/h-i686-mingw32/bin/../lib/gcc/nios2-elf/4.1.2/../../../../nios2-elf/lib\libc.a(lib_a-rand.o)
                0x00807a1c                srand
                0x00807a38                rand
 .text          0x00807ab0       0x70 f:/windowsstuff/12.0/nios2eds/bin/gnu/h-i686-mingw32/bin/../lib/gcc/nios2-elf/4.1.2/../../../../nios2-elf/lib\libc.a(lib_a-sbrkr.o)
                0x00807ab0                _sbrk_r
 .text          0x00807b20       0x74 f:/windowsstuff/12.0/nios2eds/bin/gnu/h-i686-mingw32/bin/../lib/gcc/nios2-elf/4.1.2/../../../../nios2-elf/lib\libc.a(lib_a-strlen.o)
                0x00807b20                strlen
 .text          0x00807b94       0x5c f:/windowsstuff/12.0/nios2eds/bin/gnu/h-i686-mingw32/bin/../lib/gcc/nios2-elf/4.1.2/../../../../nios2-elf/lib\libc.a(lib_a-time.o)
                0x00807b94                time
 .text          0x00807bf0     0x1f28 f:/windowsstuff/12.0/nios2eds/bin/gnu/h-i686-mingw32/bin/../lib/gcc/nios2-elf/4.1.2/../../../../nios2-elf/lib\libc.a(lib_a-vfprintf.o)
                0x00807c48                ___vfprintf_internal_r
                0x00809af4                __vfprintf_internal
 .text          0x00809b18      0x13c f:/windowsstuff/12.0/nios2eds/bin/gnu/h-i686-mingw32/bin/../lib/gcc/nios2-elf/4.1.2/../../../../nios2-elf/lib\libc.a(lib_a-wsetup.o)
                0x00809b18                __swsetup_r
 .text          0x00809c54     0x17cc f:/windowsstuff/12.0/nios2eds/bin/gnu/h-i686-mingw32/bin/../lib/gcc/nios2-elf/4.1.2/../../../../nios2-elf/lib\libc.a(lib_a-dtoa.o)
                0x00809e6c                _dtoa_r
 .text          0x0080b420      0x230 f:/windowsstuff/12.0/nios2eds/bin/gnu/h-i686-mingw32/bin/../lib/gcc/nios2-elf/4.1.2/../../../../nios2-elf/lib\libc.a(lib_a-fflush.o)
                0x0080b420                _fflush_r
                0x0080b61c                fflush
 .text          0x0080b650      0x2c0 f:/windowsstuff/12.0/nios2eds/bin/gnu/h-i686-mingw32/bin/../lib/gcc/nios2-elf/4.1.2/../../../../nios2-elf/lib\libc.a(lib_a-findfp.o)
                0x0080b6a8                __sfp_lock_acquire
                0x0080b6ac                __sfp_lock_release
                0x0080b6b0                __sinit_lock_acquire
                0x0080b6b4                __sinit_lock_release
                0x0080b6b8                __sinit
                0x0080b76c                __fp_unlock_all
                0x0080b784                __fp_lock_all
                0x0080b79c                _cleanup_r
                0x0080b7a8                _cleanup
                0x0080b7b8                __sfmoreglue
                0x0080b820                __sfp
 .text          0x0080b910      0x440 f:/windowsstuff/12.0/nios2eds/bin/gnu/h-i686-mingw32/bin/../lib/gcc/nios2-elf/4.1.2/../../../../nios2-elf/lib\libc.a(lib_a-freer.o)
                0x0080b910                _malloc_trim_r
                0x0080ba3c                _free_r
 .text          0x0080bd50      0x49c f:/windowsstuff/12.0/nios2eds/bin/gnu/h-i686-mingw32/bin/../lib/gcc/nios2-elf/4.1.2/../../../../nios2-elf/lib\libc.a(lib_a-fvwrite.o)
                0x0080bd50                __sfvwrite_r
 .text          0x0080c1ec      0x180 f:/windowsstuff/12.0/nios2eds/bin/gnu/h-i686-mingw32/bin/../lib/gcc/nios2-elf/4.1.2/../../../../nios2-elf/lib\libc.a(lib_a-fwalk.o)
                0x0080c1ec                _fwalk_reent
                0x0080c2b4                _fwalk
 .text          0x0080c36c       0x74 f:/windowsstuff/12.0/nios2eds/bin/gnu/h-i686-mingw32/bin/../lib/gcc/nios2-elf/4.1.2/../../../../nios2-elf/lib\libc.a(lib_a-gettimeofdayr.o)
                0x0080c36c                _gettimeofday_r
 .text          0x0080c3e0        0x0 f:/windowsstuff/12.0/nios2eds/bin/gnu/h-i686-mingw32/bin/../lib/gcc/nios2-elf/4.1.2/../../../../nios2-elf/lib\libc.a(lib_a-int_errno.o)
 .text          0x0080c3e0       0xc4 f:/windowsstuff/12.0/nios2eds/bin/gnu/h-i686-mingw32/bin/../lib/gcc/nios2-elf/4.1.2/../../../../nios2-elf/lib\libc.a(lib_a-locale.o)
                0x0080c3e0                __locale_charset
                0x0080c3e8                _localeconv_r
                0x0080c3f4                localeconv
                0x0080c404                _setlocale_r
                0x0080c488                setlocale
 .text          0x0080c4a4      0x194 f:/windowsstuff/12.0/nios2eds/bin/gnu/h-i686-mingw32/bin/../lib/gcc/nios2-elf/4.1.2/../../../../nios2-elf/lib\libc.a(lib_a-makebuf.o)
                0x0080c4a4                __smakebuf_r
 .text          0x0080c638       0xe4 f:/windowsstuff/12.0/nios2eds/bin/gnu/h-i686-mingw32/bin/../lib/gcc/nios2-elf/4.1.2/../../../../nios2-elf/lib\libc.a(lib_a-memchr.o)
                0x0080c638                memchr
 .text          0x0080c71c       0xa0 f:/windowsstuff/12.0/nios2eds/bin/gnu/h-i686-mingw32/bin/../lib/gcc/nios2-elf/4.1.2/../../../../nios2-elf/lib\libc.a(lib_a-memcpy.o)
                0x0080c71c                memcpy
 .text          0x0080c7bc       0xe0 f:/windowsstuff/12.0/nios2eds/bin/gnu/h-i686-mingw32/bin/../lib/gcc/nios2-elf/4.1.2/../../../../nios2-elf/lib\libc.a(lib_a-memmove.o)
                0x0080c7bc                memmove
 .text          0x0080c89c       0x98 f:/windowsstuff/12.0/nios2eds/bin/gnu/h-i686-mingw32/bin/../lib/gcc/nios2-elf/4.1.2/../../../../nios2-elf/lib\libc.a(lib_a-memset.o)
                0x0080c89c                memset
 .text          0x0080c934      0xff4 f:/windowsstuff/12.0/nios2eds/bin/gnu/h-i686-mingw32/bin/../lib/gcc/nios2-elf/4.1.2/../../../../nios2-elf/lib\libc.a(lib_a-mprec.o)
                0x0080c934                _Bfree
                0x0080c95c                __hi0bits
                0x0080c9cc                __lo0bits
                0x0080ca90                __mcmp
                0x0080caf0                __ulp
                0x0080cb70                __b2d
                0x0080cc90                __ratio
                0x0080cd40                _mprec_log10
                0x0080cdd4                __copybits
                0x0080ce2c                __any_on
                0x0080ceb4                _Balloc
                0x0080cf70                __d2b
                0x0080d0ec                __mdiff
                0x0080d278                __lshift
                0x0080d3c4                __multiply
                0x0080d5ac                __i2b
                0x0080d5e8                __multadd
                0x0080d6e8                __pow5mult
                0x0080d808                __s2b
 .text          0x0080d928      0x5f4 f:/windowsstuff/12.0/nios2eds/bin/gnu/h-i686-mingw32/bin/../lib/gcc/nios2-elf/4.1.2/../../../../nios2-elf/lib\libc.a(lib_a-reallocr.o)
                0x0080d928                _realloc_r
 .text          0x0080df1c       0x40 f:/windowsstuff/12.0/nios2eds/bin/gnu/h-i686-mingw32/bin/../lib/gcc/nios2-elf/4.1.2/../../../../nios2-elf/lib\libc.a(lib_a-s_isinfd.o)
                0x0080df1c                __isinfd
 .text          0x0080df5c      0x14c f:/windowsstuff/12.0/nios2eds/bin/gnu/h-i686-mingw32/bin/../lib/gcc/nios2-elf/4.1.2/../../../../nios2-elf/lib\libc.a(lib_a-stdio.o)
                0x0080df5c                __sclose
                0x0080df64                __sseek
                0x0080dfcc                __swrite
                0x0080e048                __sread
 .text          0x0080e0a8       0xbc f:/windowsstuff/12.0/nios2eds/bin/gnu/h-i686-mingw32/bin/../lib/gcc/nios2-elf/4.1.2/../../../../nios2-elf/lib\libc.a(lib_a-strcmp.o)
                0x0080e0a8                strcmp
 .text          0x0080e164       0x78 f:/windowsstuff/12.0/nios2eds/bin/gnu/h-i686-mingw32/bin/../lib/gcc/nios2-elf/4.1.2/../../../../nios2-elf/lib\libc.a(lib_a-writer.o)
                0x0080e164                _write_r
 .text          0x0080e1dc       0xb4 f:/windowsstuff/12.0/nios2eds/bin/gnu/h-i686-mingw32/bin/../lib/gcc/nios2-elf/4.1.2/../../../../nios2-elf/lib\libc.a(lib_a-callocr.o)
                0x0080e1dc                _calloc_r
 .text          0x0080e290       0x70 f:/windowsstuff/12.0/nios2eds/bin/gnu/h-i686-mingw32/bin/../lib/gcc/nios2-elf/4.1.2/../../../../nios2-elf/lib\libc.a(lib_a-closer.o)
                0x0080e290                _close_r
 .text          0x0080e300      0x124 f:/windowsstuff/12.0/nios2eds/bin/gnu/h-i686-mingw32/bin/../lib/gcc/nios2-elf/4.1.2/../../../../nios2-elf/lib\libc.a(lib_a-fclose.o)
                0x0080e300                _fclose_r
                0x0080e410                fclose
 .text          0x0080e424       0x74 f:/windowsstuff/12.0/nios2eds/bin/gnu/h-i686-mingw32/bin/../lib/gcc/nios2-elf/4.1.2/../../../../nios2-elf/lib\libc.a(lib_a-fstatr.o)
                0x0080e424                _fstat_r
 .text          0x0080e498       0x70 f:/windowsstuff/12.0/nios2eds/bin/gnu/h-i686-mingw32/bin/../lib/gcc/nios2-elf/4.1.2/../../../../nios2-elf/lib\libc.a(lib_a-isattyr.o)
                0x0080e498                _isatty_r
 .text          0x0080e508       0x78 f:/windowsstuff/12.0/nios2eds/bin/gnu/h-i686-mingw32/bin/../lib/gcc/nios2-elf/4.1.2/../../../../nios2-elf/lib\libc.a(lib_a-lseekr.o)
                0x0080e508                _lseek_r
 .text          0x0080e580       0x78 f:/windowsstuff/12.0/nios2eds/bin/gnu/h-i686-mingw32/bin/../lib/gcc/nios2-elf/4.1.2/../../../../nios2-elf/lib\libc.a(lib_a-readr.o)
                0x0080e580                _read_r
 .text          0x0080e5f8      0x5dc f:/windowsstuff/12.0/nios2eds/bin/gnu/h-i686-mingw32/bin/../lib/gcc/nios2-elf/4.1.2\libgcc.a(_udivdi3.o)
                0x0080e5f8                __udivdi3
 .text          0x0080ebd4      0x5b0 f:/windowsstuff/12.0/nios2eds/bin/gnu/h-i686-mingw32/bin/../lib/gcc/nios2-elf/4.1.2\libgcc.a(_umoddi3.o)
                0x0080ebd4                __umoddi3
 .text          0x0080f184       0x88 f:/windowsstuff/12.0/nios2eds/bin/gnu/h-i686-mingw32/bin/../lib/gcc/nios2-elf/4.1.2\libgcc.a(_ge_df.o)
                0x0080f184                __gedf2
 .text          0x0080f20c      0x194 f:/windowsstuff/12.0/nios2eds/bin/gnu/h-i686-mingw32/bin/../lib/gcc/nios2-elf/4.1.2\libgcc.a(_usi_to_df.o)
                0x0080f20c                __floatunsidf
 .text          0x0080f3a0      0x15c C:/Users/jorde_000/Documents/GitHub/LSN/\libhal_bsp.a(alt_close.o)
                0x0080f3a0                close
 .text          0x0080f4fc       0x2c C:/Users/jorde_000/Documents/GitHub/LSN/\libhal_bsp.a(alt_dev.o)
 .text          0x0080f528        0x0 C:/Users/jorde_000/Documents/GitHub/LSN/\libhal_bsp.a(alt_errno.o)
 .text          0x0080f528      0x134 C:/Users/jorde_000/Documents/GitHub/LSN/\libhal_bsp.a(alt_fstat.o)
                0x0080f528                fstat
 .text          0x0080f65c      0x21c C:/Users/jorde_000/Documents/GitHub/LSN/\libhal_bsp.a(alt_gettod.o)
                0x0080f65c                gettimeofday
 .text          0x0080f878      0x1c0 C:/Users/jorde_000/Documents/GitHub/LSN/\libhal_bsp.a(alt_irq_register.o)
                0x0080f878                alt_irq_register
 .text          0x0080fa38        0x0 C:/Users/jorde_000/Documents/GitHub/LSN/\libhal_bsp.a(alt_irq_vars.o)
 .text          0x0080fa38      0x120 C:/Users/jorde_000/Documents/GitHub/LSN/\libhal_bsp.a(alt_isatty.o)
                0x0080fa38                isatty
 .text          0x0080fb58       0xec C:/Users/jorde_000/Documents/GitHub/LSN/\libhal_bsp.a(alt_load.o)
                0x0080fb58                alt_load
 .text          0x0080fc44      0x150 C:/Users/jorde_000/Documents/GitHub/LSN/\libhal_bsp.a(alt_lseek.o)
                0x0080fc44                lseek
 .text          0x0080fd94       0x6c C:/Users/jorde_000/Documents/GitHub/LSN/\libhal_bsp.a(alt_main.o)
                0x0080fd94                alt_main
 .text          0x0080fe00       0x40 C:/Users/jorde_000/Documents/GitHub/LSN/\libhal_bsp.a(alt_malloc_lock.o)
                0x0080fe00                __malloc_lock
                0x0080fe20                __malloc_unlock
 .text          0x0080fe40      0x180 C:/Users/jorde_000/Documents/GitHub/LSN/\libhal_bsp.a(alt_read.o)
                0x0080fe40                read
 .text          0x0080ffc0       0x60 C:/Users/jorde_000/Documents/GitHub/LSN/\libhal_bsp.a(alt_release_fd.o)
                0x0080ffc0                alt_release_fd
 .text          0x00810020       0xbc C:/Users/jorde_000/Documents/GitHub/LSN/\libhal_bsp.a(alt_sbrk.o)
                0x00810020                sbrk
 .text          0x008100dc      0x1a4 C:/Users/jorde_000/Documents/GitHub/LSN/\libhal_bsp.a(alt_tick.o)
                0x008100dc                alt_alarm_stop
                0x00810174                alt_tick
 .text          0x00810280       0x30 C:/Users/jorde_000/Documents/GitHub/LSN/\libhal_bsp.a(alt_usleep.o)
                0x00810280                usleep
 .text          0x008102b0      0x180 C:/Users/jorde_000/Documents/GitHub/LSN/\libhal_bsp.a(alt_write.o)
                0x008102b0                write
 .text          0x00810430      0x3e0 C:/Users/jorde_000/Documents/GitHub/LSN/\libhal_bsp.a(alt_sys_init.o)
                0x00810430                alt_irq_init
                0x00810464                alt_sys_init
 .text          0x00810810      0x148 C:/Users/jorde_000/Documents/GitHub/LSN/\libhal_bsp.a(altera_avalon_jtag_uart_fd.o)
                0x00810810                altera_avalon_jtag_uart_read_fd
                0x00810868                altera_avalon_jtag_uart_write_fd
                0x008108c0                altera_avalon_jtag_uart_close_fd
                0x00810908                altera_avalon_jtag_uart_ioctl_fd
 .text          0x00810958      0x408 C:/Users/jorde_000/Documents/GitHub/LSN/\libhal_bsp.a(altera_avalon_jtag_uart_init.o)
                0x00810958                altera_avalon_jtag_uart_init
                0x00810cec                altera_avalon_jtag_uart_close
 .text          0x00810d60       0xf4 C:/Users/jorde_000/Documents/GitHub/LSN/\libhal_bsp.a(altera_avalon_jtag_uart_ioctl.o)
                0x00810d60                altera_avalon_jtag_uart_ioctl
 .text          0x00810e54      0x224 C:/Users/jorde_000/Documents/GitHub/LSN/\libhal_bsp.a(altera_avalon_jtag_uart_read.o)
                0x00810e54                altera_avalon_jtag_uart_read
 .text          0x00811078      0x240 C:/Users/jorde_000/Documents/GitHub/LSN/\libhal_bsp.a(altera_avalon_jtag_uart_write.o)
                0x00811078                altera_avalon_jtag_uart_write
 .text          0x008112b8       0xfc C:/Users/jorde_000/Documents/GitHub/LSN/\libhal_bsp.a(altera_avalon_timer_sc.o)
                0x0081132c                alt_avalon_timer_sc_init
 .text          0x008113b4      0x168 C:/Users/jorde_000/Documents/GitHub/LSN/\libhal_bsp.a(altera_avalon_timer_ts.o)
                0x008113b4                alt_timestamp_start
                0x00811458                alt_timestamp
                0x008114f4                alt_timestamp_freq
 .text          0x0081151c        0x0 C:/Users/jorde_000/Documents/GitHub/LSN/\libhal_bsp.a(altera_avalon_timer_vars.o)
 .text          0x0081151c      0x80c C:/Users/jorde_000/Documents/GitHub/LSN/\libhal_bsp.a(altera_up_avalon_audio.o)
                0x0081151c                alt_up_audio_open_dev
                0x0081155c                alt_up_audio_enable_read_interrupt
                0x008115a8                alt_up_audio_disable_read_interrupt
                0x008115f8                alt_up_audio_enable_write_interrupt
                0x00811644                alt_up_audio_disable_write_interrupt
                0x00811694                alt_up_audio_read_interrupt_pending
                0x008116d0                alt_up_audio_write_interrupt_pending
                0x0081170c                alt_up_audio_reset_audio_core
                0x00811794                alt_up_audio_read_fifo_avail
                0x00811804                alt_up_audio_record_r
                0x00811874                alt_up_audio_record_l
                0x008118e4                alt_up_audio_write_fifo_space
                0x00811958                alt_up_audio_play_r
                0x008119c8                alt_up_audio_play_l
                0x00811a38                alt_up_audio_read_fifo
                0x00811b3c                alt_up_audio_write_fifo
                0x00811c68                alt_up_audio_read_fifo_head
                0x00811cc8                alt_up_audio_write_fifo_head
 .text          0x00811d28      0x788 C:/Users/jorde_000/Documents/GitHub/LSN/\libhal_bsp.a(altera_up_avalon_audio_and_video_config.o)
                0x00811d28                alt_up_av_config_open_dev
                0x00811d8c                alt_up_av_config_write_data
                0x00811df0                alt_up_av_config_read_data
                0x00811e7c                alt_up_av_config_reset
                0x00811eb4                alt_up_av_config_enable_interrupt
                0x00811eec                alt_up_av_config_disable_interrupt
                0x00811f1c                alt_up_av_config_read_acknowledge
                0x00811f84                alt_up_av_config_read_ready
                0x00811fbc                alt_up_av_config_write_audio_cfg_register
                0x00812068                alt_up_av_config_read_video_cfg_register
                0x00812160                alt_up_av_config_write_video_cfg_register
                0x00812258                alt_up_av_config_read_DC2_cfg_register
                0x008122bc                alt_up_av_config_write_DC2_cfg_register
                0x00812320                alt_up_av_config_read_D5M_cfg_register
                0x00812384                alt_up_av_config_write_D5M_cfg_register
                0x008123e8                alt_up_av_config_read_LTM_cfg_register
                0x0081244c                alt_up_av_config_write_LTM_cfg_register
 .text          0x008124b0      0x530 C:/Users/jorde_000/Documents/GitHub/LSN/\libhal_bsp.a(altera_up_avalon_character_lcd.o)
                0x008124b0                get_DDRAM_addr
                0x0081252c                alt_up_character_lcd_send_cmd
                0x00812560                alt_up_character_lcd_init
                0x00812594                alt_up_character_lcd_open_dev
                0x008125d4                alt_up_character_lcd_write
                0x0081264c                alt_up_character_lcd_string
                0x008126c4                alt_up_character_lcd_write_fd
                0x00812710                alt_up_character_lcd_set_cursor_pos
                0x00812788                alt_up_character_lcd_shift_cursor
                0x00812838                alt_up_character_lcd_shift_display
                0x008128e8                alt_up_character_lcd_erase_pos
                0x00812978                alt_up_character_lcd_cursor_off
                0x008129ac                alt_up_character_lcd_cursor_blink_on
 .text          0x008129e0      0x304 C:/Users/jorde_000/Documents/GitHub/LSN/\libhal_bsp.a(altera_up_avalon_video_character_buffer_with_dma.o)
                0x008129e0                alt_up_char_buffer_init
                0x00812a64                alt_up_char_buffer_open_dev
                0x00812aa4                alt_up_char_buffer_draw
                0x00812b74                alt_up_char_buffer_string
                0x00812c88                alt_up_char_buffer_clear
 .text          0x00812ce4     0x156c C:/Users/jorde_000/Documents/GitHub/LSN/\libhal_bsp.a(altera_up_avalon_video_pixel_buffer_dma.o)
                0x00812ce4                alt_up_pixel_buffer_dma_open_dev
                0x00812d24                alt_up_pixel_buffer_dma_draw
                0x00812ec4                alt_up_pixel_buffer_dma_change_back_buffer_address
                0x00812f1c                alt_up_pixel_buffer_dma_swap_buffers
                0x00812f74                alt_up_pixel_buffer_dma_check_swap_buffers_status
                0x00812fa8                alt_up_pixel_buffer_dma_clear_screen
                0x0081310c                alt_up_pixel_buffer_dma_draw_box
                0x00813600                alt_up_pixel_buffer_dma_draw_hline
                0x00813950                alt_up_pixel_buffer_dma_draw_vline
                0x00813d20                alt_up_pixel_buffer_dma_draw_rectangle
                0x00813de4                helper_plot_pixel
                0x00813eb4                alt_up_pixel_buffer_dma_draw_line
 .text          0x00814250     0x45c0 C:/Users/jorde_000/Documents/GitHub/LSN/\libhal_bsp.a(altera_up_sd_card_avalon_interface.o)
                0x00814250                Write_Sector_Data
                0x00814318                Save_Modified_Sector
                0x00814368                Read_Sector_Data
                0x00814464                get_cluster_flag
                0x0081451c                mark_cluster
                0x00814600                Check_for_Master_Boot_Record
                0x008147b0                Read_File_Record_At_Offset
                0x00814a34                Write_File_Record_At_Offset
                0x00814cec                Check_for_DOS_FAT
                0x00815334                Look_for_FAT16
                0x00815438                filename_to_upper_case
                0x00815508                check_file_name_for_FAT16_compliance
                0x00815798                get_dir_divider_location
                0x00815858                match_file_record_to_name_ext
                0x00815b44                get_home_directory_cluster_for_file
                0x00816058                find_file_in_directory
                0x008164bc                find_first_empty_cluster
                0x00816660                find_first_empty_record_in_a_subdirectory
                0x008168ac                find_first_empty_record_in_root_directory
                0x008169d8                convert_filename_to_name_extension
                0x00816b90                create_file
                0x00816e64                copy_file_record_name_to_string
                0x00816fb8                alt_up_sd_card_open_dev
                0x0081707c                alt_up_sd_card_is_Present
                0x00817144                alt_up_sd_card_is_FAT16
                0x008171b8                alt_up_sd_card_find_first
                0x0081728c                alt_up_sd_card_find_next
                0x0081763c                alt_up_sd_card_fopen
                0x008179e4                alt_up_sd_card_set_attributes
                0x00817a74                alt_up_sd_card_get_attributes
                0x00817b00                alt_up_sd_card_read
                0x00817e94                alt_up_sd_card_write
                0x008184b8                alt_up_sd_card_fclose
                0x00818684                Read_Sector_Data_CRC
                0x00818780                Read_Sector_Data_Attempt_CRC
 .text          0x00818810      0x154 C:/Users/jorde_000/Documents/GitHub/LSN/\libhal_bsp.a(alt_alarm_start.o)
                0x00818810                alt_alarm_start
 .text          0x00818964      0x14c C:/Users/jorde_000/Documents/GitHub/LSN/\libhal_bsp.a(alt_busy_sleep.o)
                0x00818964                alt_busy_sleep
 .text          0x00818ab0       0x44 C:/Users/jorde_000/Documents/GitHub/LSN/\libhal_bsp.a(alt_dcache_flush_all.o)
                0x00818ab0                alt_dcache_flush_all
 .text          0x00818af4      0x114 C:/Users/jorde_000/Documents/GitHub/LSN/\libhal_bsp.a(alt_dev_llist_insert.o)
                0x00818af4                alt_dev_llist_insert
 .text          0x00818c08       0x64 C:/Users/jorde_000/Documents/GitHub/LSN/\libhal_bsp.a(alt_do_ctors.o)
                0x00818c08                _do_ctors
 .text          0x00818c6c       0x64 C:/Users/jorde_000/Documents/GitHub/LSN/\libhal_bsp.a(alt_do_dtors.o)
                0x00818c6c                _do_dtors
 .text          0x00818cd0       0x94 C:/Users/jorde_000/Documents/GitHub/LSN/\libhal_bsp.a(alt_find_dev.o)
                0x00818cd0                alt_find_dev
 .text          0x00818d64       0x30 C:/Users/jorde_000/Documents/GitHub/LSN/\libhal_bsp.a(alt_icache_flush_all.o)
                0x00818d64                alt_icache_flush_all
 .text          0x00818d94      0x13c C:/Users/jorde_000/Documents/GitHub/LSN/\libhal_bsp.a(alt_io_redirect.o)
                0x00818e58                alt_io_redirect
 .text          0x00818ed0        0x0 C:/Users/jorde_000/Documents/GitHub/LSN/\libhal_bsp.a(alt_irq_entry.o)
 .text          0x00818ed0        0x0 C:/Users/jorde_000/Documents/GitHub/LSN/\libhal_bsp.a(alt_irq_handler.o)
 .text          0x00818ed0      0x2c4 C:/Users/jorde_000/Documents/GitHub/LSN/\libhal_bsp.a(alt_open.o)
                0x00818fac                open
 .text          0x00819194       0x20 C:/Users/jorde_000/Documents/GitHub/LSN/\libhal_bsp.a(altera_nios2_qsys_irq.o)
                0x00819194                altera_nios2_qsys_irq_init
 .text          0x008191b4        0x0 C:/Users/jorde_000/Documents/GitHub/LSN/\libhal_bsp.a(alt_exception_entry.o)
 .text          0x008191b4      0x120 C:/Users/jorde_000/Documents/GitHub/LSN/\libhal_bsp.a(alt_find_file.o)
                0x008191b4                alt_find_file
 .text          0x008192d4       0xb8 C:/Users/jorde_000/Documents/GitHub/LSN/\libhal_bsp.a(alt_get_fd.o)
                0x008192d4                alt_get_fd
 .text          0x0081938c       0x90 C:/Users/jorde_000/Documents/GitHub/LSN/\libhal_bsp.a(alt_icache_flush.o)
                0x0081938c                alt_icache_flush
 .text          0x0081941c       0x14 f:/windowsstuff/12.0/nios2eds/bin/gnu/h-i686-mingw32/bin/../lib/gcc/nios2-elf/4.1.2/../../../../nios2-elf/lib\libc.a(lib_a-atexit.o)
                0x0081941c                atexit
 .text          0x00819430       0x38 f:/windowsstuff/12.0/nios2eds/bin/gnu/h-i686-mingw32/bin/../lib/gcc/nios2-elf/4.1.2/../../../../nios2-elf/lib\libc.a(lib_a-exit.o)
                0x00819430                exit
 .text          0x00819468       0x74 f:/windowsstuff/12.0/nios2eds/bin/gnu/h-i686-mingw32/bin/../lib/gcc/nios2-elf/4.1.2/../../../../nios2-elf/lib\libc.a(lib_a-memcmp.o)
                0x00819468                memcmp
 .text          0x008194dc      0x134 f:/windowsstuff/12.0/nios2eds/bin/gnu/h-i686-mingw32/bin/../lib/gcc/nios2-elf/4.1.2/../../../../nios2-elf/lib\libc.a(lib_a-__atexit.o)
                0x008194dc                __register_exitproc
 .text          0x00819610      0x1b4 f:/windowsstuff/12.0/nios2eds/bin/gnu/h-i686-mingw32/bin/../lib/gcc/nios2-elf/4.1.2/../../../../nios2-elf/lib\libc.a(lib_a-__call_atexit.o)
                0x00819614                __call_exitprocs
 .text          0x008197c4       0x60 C:/Users/jorde_000/Documents/GitHub/LSN/\libhal_bsp.a(alt_exit.o)
                0x00819804                _exit
 *(.gnu.warning.*)
 *(.fini)
                0x00819824                PROVIDE (__etext, ABSOLUTE (.))
                0x00819824                PROVIDE (_etext, ABSOLUTE (.))
                0x00819824                PROVIDE (etext, ABSOLUTE (.))
 *(.eh_frame_hdr)
                0x00819824                . = ALIGN (0x4)
                0x00819824                PROVIDE (__preinit_array_start, ABSOLUTE (.))
 *(.preinit_array)
                0x00819824                PROVIDE (__preinit_array_end, ABSOLUTE (.))
                0x00819824                PROVIDE (__init_array_start, ABSOLUTE (.))
 *(.init_array)
                0x00819824                PROVIDE (__init_array_end, ABSOLUTE (.))
                0x00819824                PROVIDE (__fini_array_start, ABSOLUTE (.))
 *(.fini_array)
                0x00819824                PROVIDE (__fini_array_end, ABSOLUTE (.))
 *(.eh_frame)
 .eh_frame      0x00819824       0x40 f:/windowsstuff/12.0/nios2eds/bin/gnu/h-i686-mingw32/bin/../lib/gcc/nios2-elf/4.1.2\libgcc.a(_udivdi3.o)
 .eh_frame      0x00819864       0x2c f:/windowsstuff/12.0/nios2eds/bin/gnu/h-i686-mingw32/bin/../lib/gcc/nios2-elf/4.1.2\libgcc.a(_umoddi3.o)
                                 0x40 (size before relaxing)
 *(.gcc_except_table)
 *(.dynamic)
                0x00819890                PROVIDE (__CTOR_LIST__, ABSOLUTE (.))
 *(.ctors)
 *(SORT(.ctors.*))
 .ctors.65535   0x00819890        0x4 f:/windowsstuff/12.0/nios2eds/bin/gnu/h-i686-mingw32/bin/../lib/gcc/nios2-elf/4.1.2/../../../../nios2-elf/lib\libc.a(lib_a-__call_atexit.o)
                0x00819894                PROVIDE (__CTOR_END__, ABSOLUTE (.))
                0x00819894                PROVIDE (__DTOR_LIST__, ABSOLUTE (.))
 *(.dtors)
 *(SORT(.dtors.*))
                0x00819894                PROVIDE (__DTOR_END__, ABSOLUTE (.))
 *(.jcr)
                0x00819894                . = ALIGN (0x4)

.rodata         0x00819894      0xb14
                0x00819894                PROVIDE (__ram_rodata_start, ABSOLUTE (.))
                0x00819894                . = ALIGN (0x4)
 *(.rodata .rodata.* .gnu.linkonce.r.*)
 .rodata        0x00819894      0x260 obj/default/audio.o
 .rodata        0x00819af4       0x2c obj/default/bmp.o
 .rodata        0x00819b20       0x20 obj/default/displacement.o
 .rodata        0x00819b40       0x18 obj/default/lcd.o
 .rodata        0x00819b58       0xbc obj/default/main.o
 .rodata        0x00819c14       0x6c obj/default/score.o
 .rodata        0x00819c80       0x94 obj/default/sd_card.o
 .rodata        0x00819d14      0x1ec obj/default/timer.o
 .rodata        0x00819f00       0x3c obj/default/vga.o
 .rodata.str1.4
                0x00819f3c        0x4 f:/windowsstuff/12.0/nios2eds/bin/gnu/h-i686-mingw32/bin/../lib/gcc/nios2-elf/4.1.2/../../../../nios2-elf/lib\libm.a(lib_a-w_pow.o)
 .rodata.str1.4
                0x00000000        0x4 f:/windowsstuff/12.0/nios2eds/bin/gnu/h-i686-mingw32/bin/../lib/gcc/nios2-elf/4.1.2/../../../../nios2-elf/lib\libm.a(lib_a-e_pow.o)
 .rodata        0x00819f40       0x30 f:/windowsstuff/12.0/nios2eds/bin/gnu/h-i686-mingw32/bin/../lib/gcc/nios2-elf/4.1.2/../../../../nios2-elf/lib\libm.a(lib_a-e_pow.o)
 .rodata        0x00819f70       0x10 f:/windowsstuff/12.0/nios2eds/bin/gnu/h-i686-mingw32/bin/../lib/gcc/nios2-elf/4.1.2/../../../../nios2-elf/lib\libm.a(lib_a-s_rint.o)
 .rodata        0x00819f80       0x10 f:/windowsstuff/12.0/nios2eds/bin/gnu/h-i686-mingw32/bin/../lib/gcc/nios2-elf/4.1.2\libgcc.a(_thenan_sf.o)
                0x00819f80                __thenan_sf
 .rodata        0x00819f90       0x14 f:/windowsstuff/12.0/nios2eds/bin/gnu/h-i686-mingw32/bin/../lib/gcc/nios2-elf/4.1.2\libgcc.a(_thenan_df.o)
                0x00819f90                __thenan_df
 .rodata        0x00819fa4      0x100 f:/windowsstuff/12.0/nios2eds/bin/gnu/h-i686-mingw32/bin/../lib/gcc/nios2-elf/4.1.2\libgcc.a(_clz.o)
                0x00819fa4                __clz_tab
 .rodata.str1.4
                0x0081a0a4        0x2 f:/windowsstuff/12.0/nios2eds/bin/gnu/h-i686-mingw32/bin/../lib/gcc/nios2-elf/4.1.2/../../../../nios2-elf/lib\libc.a(lib_a-impure.o)
                                  0x4 (size before relaxing)
 *fill*         0x0081a0a6        0x2 00
 .rodata.str1.4
                0x0081a0a8        0x2 f:/windowsstuff/12.0/nios2eds/bin/gnu/h-i686-mingw32/bin/../lib/gcc/nios2-elf/4.1.2/../../../../nios2-elf/lib\libc.a(lib_a-puts.o)
                                  0x4 (size before relaxing)
 *fill*         0x0081a0aa        0x2 00
 .rodata.str1.4
                0x0081a0ac       0x5e f:/windowsstuff/12.0/nios2eds/bin/gnu/h-i686-mingw32/bin/../lib/gcc/nios2-elf/4.1.2/../../../../nios2-elf/lib\libc.a(lib_a-vfprintf.o)
                                 0x60 (size before relaxing)
 .rodata        0x0081a10a       0x20 f:/windowsstuff/12.0/nios2eds/bin/gnu/h-i686-mingw32/bin/../lib/gcc/nios2-elf/4.1.2/../../../../nios2-elf/lib\libc.a(lib_a-vfprintf.o)
 *fill*         0x0081a12a        0x2 00
 .rodata.str1.4
                0x0081a12c       0x10 f:/windowsstuff/12.0/nios2eds/bin/gnu/h-i686-mingw32/bin/../lib/gcc/nios2-elf/4.1.2/../../../../nios2-elf/lib\libc.a(lib_a-dtoa.o)
                                 0x14 (size before relaxing)
 .rodata.str1.4
                0x0081a13c       0x10 f:/windowsstuff/12.0/nios2eds/bin/gnu/h-i686-mingw32/bin/../lib/gcc/nios2-elf/4.1.2/../../../../nios2-elf/lib\libc.a(lib_a-locale.o)
                                 0x18 (size before relaxing)
 .rodata        0x0081a14c       0x30 f:/windowsstuff/12.0/nios2eds/bin/gnu/h-i686-mingw32/bin/../lib/gcc/nios2-elf/4.1.2/../../../../nios2-elf/lib\libc.a(lib_a-locale.o)
 .rodata        0x0081a17c      0x124 f:/windowsstuff/12.0/nios2eds/bin/gnu/h-i686-mingw32/bin/../lib/gcc/nios2-elf/4.1.2/../../../../nios2-elf/lib\libc.a(lib_a-mprec.o)
                0x0081a17c                __mprec_tens
                0x0081a244                __mprec_bigtens
                0x0081a26c                __mprec_tinytens
 .rodata        0x0081a2a0        0xc C:/Users/jorde_000/Documents/GitHub/LSN/\libhal_bsp.a(alt_dev.o)
 .rodata        0x0081a2ac       0x14 C:/Users/jorde_000/Documents/GitHub/LSN/\libhal_bsp.a(alt_main.o)
 .rodata        0x0081a2c0       0xcc C:/Users/jorde_000/Documents/GitHub/LSN/\libhal_bsp.a(alt_sys_init.o)
 .rodata        0x0081a38c       0x1c C:/Users/jorde_000/Documents/GitHub/LSN/\libhal_bsp.a(altera_up_avalon_video_character_buffer_with_dma.o)
 *(.rodata1)
                0x0081a3a8                . = ALIGN (0x4)
                0x0081a3a8                PROVIDE (__ram_rodata_end, ABSOLUTE (.))
                0x00819894                PROVIDE (__flash_rodata_start, LOADADDR (.rodata))

.rwdata         0x0081a3a8     0x1bc4 load address 0x0081bf6c
                0x0081a3a8                PROVIDE (__ram_rwdata_start, ABSOLUTE (.))
                0x0081a3a8                . = ALIGN (0x4)
 *(.got.plt)
 *(.got)
 *(.data1)
 *(.data .data.* .gnu.linkonce.d.*)
 .data          0x0081a3a8        0x0 C:/Users/jorde_000/Documents/GitHub/LSN//obj/HAL/src/crt0.o
 .data          0x0081a3a8        0x0 obj/default/audio.o
 .data          0x0081a3a8        0x0 obj/default/audio_up_hack.o
 .data          0x0081a3a8        0x0 obj/default/bmp.o
 .data          0x0081a3a8        0x0 obj/default/bullet.o
 .data          0x0081a3a8        0x0 obj/default/collision.o
 .data          0x0081a3a8        0x0 obj/default/displacement.o
 .data          0x0081a3a8        0x0 obj/default/lcd.o
 .data          0x0081a3a8        0x0 obj/default/main.o
 .data          0x0081a3a8        0x0 obj/default/player.o
 .data          0x0081a3a8        0x0 obj/default/score.o
 .data          0x0081a3a8        0x0 obj/default/sd_card.o
 .data          0x0081a3a8        0x0 obj/default/shark.o
 .data          0x0081a3a8        0x0 obj/default/timer.o
 .data          0x0081a3a8        0x0 obj/default/vga.o
 .data          0x0081a3a8        0x0 f:/windowsstuff/12.0/nios2eds/bin/gnu/h-i686-mingw32/bin/../lib/gcc/nios2-elf/4.1.2/../../../../nios2-elf/lib\libm.a(lib_a-w_pow.o)
 .data          0x0081a3a8        0x0 f:/windowsstuff/12.0/nios2eds/bin/gnu/h-i686-mingw32/bin/../lib/gcc/nios2-elf/4.1.2/../../../../nios2-elf/lib\libm.a(lib_a-e_pow.o)
 .data          0x0081a3a8        0x0 f:/windowsstuff/12.0/nios2eds/bin/gnu/h-i686-mingw32/bin/../lib/gcc/nios2-elf/4.1.2/../../../../nios2-elf/lib\libm.a(lib_a-e_sqrt.o)
 .data          0x0081a3a8        0x0 f:/windowsstuff/12.0/nios2eds/bin/gnu/h-i686-mingw32/bin/../lib/gcc/nios2-elf/4.1.2/../../../../nios2-elf/lib\libm.a(lib_a-s_fabs.o)
 .data          0x0081a3a8        0x0 f:/windowsstuff/12.0/nios2eds/bin/gnu/h-i686-mingw32/bin/../lib/gcc/nios2-elf/4.1.2/../../../../nios2-elf/lib\libm.a(lib_a-s_finite.o)
 .data          0x0081a3a8        0x0 f:/windowsstuff/12.0/nios2eds/bin/gnu/h-i686-mingw32/bin/../lib/gcc/nios2-elf/4.1.2/../../../../nios2-elf/lib\libm.a(lib_a-s_isnand.o)
 .data          0x0081a3a8        0x0 f:/windowsstuff/12.0/nios2eds/bin/gnu/h-i686-mingw32/bin/../lib/gcc/nios2-elf/4.1.2/../../../../nios2-elf/lib\libm.a(lib_a-s_lib_ver.o)
 .data          0x0081a3a8        0x0 f:/windowsstuff/12.0/nios2eds/bin/gnu/h-i686-mingw32/bin/../lib/gcc/nios2-elf/4.1.2/../../../../nios2-elf/lib\libm.a(lib_a-s_matherr.o)
 .data          0x0081a3a8        0x0 f:/windowsstuff/12.0/nios2eds/bin/gnu/h-i686-mingw32/bin/../lib/gcc/nios2-elf/4.1.2/../../../../nios2-elf/lib\libm.a(lib_a-s_nan.o)
 .data          0x0081a3a8        0x0 f:/windowsstuff/12.0/nios2eds/bin/gnu/h-i686-mingw32/bin/../lib/gcc/nios2-elf/4.1.2/../../../../nios2-elf/lib\libm.a(lib_a-s_rint.o)
 .data          0x0081a3a8        0x0 f:/windowsstuff/12.0/nios2eds/bin/gnu/h-i686-mingw32/bin/../lib/gcc/nios2-elf/4.1.2/../../../../nios2-elf/lib\libm.a(lib_a-s_scalbn.o)
 .data          0x0081a3a8        0x0 f:/windowsstuff/12.0/nios2eds/bin/gnu/h-i686-mingw32/bin/../lib/gcc/nios2-elf/4.1.2/../../../../nios2-elf/lib\libm.a(lib_a-s_copysign.o)
 .data          0x0081a3a8        0x0 f:/windowsstuff/12.0/nios2eds/bin/gnu/h-i686-mingw32/bin/../lib/gcc/nios2-elf/4.1.2\libgcc.a(_div_sf.o)
 .data          0x0081a3a8        0x0 f:/windowsstuff/12.0/nios2eds/bin/gnu/h-i686-mingw32/bin/../lib/gcc/nios2-elf/4.1.2\libgcc.a(_si_to_sf.o)
 .data          0x0081a3a8        0x0 f:/windowsstuff/12.0/nios2eds/bin/gnu/h-i686-mingw32/bin/../lib/gcc/nios2-elf/4.1.2\libgcc.a(_sf_to_df.o)
 .data          0x0081a3a8        0x0 f:/windowsstuff/12.0/nios2eds/bin/gnu/h-i686-mingw32/bin/../lib/gcc/nios2-elf/4.1.2\libgcc.a(_thenan_sf.o)
 .data          0x0081a3a8        0x0 f:/windowsstuff/12.0/nios2eds/bin/gnu/h-i686-mingw32/bin/../lib/gcc/nios2-elf/4.1.2\libgcc.a(_addsub_df.o)
 .data          0x0081a3a8        0x0 f:/windowsstuff/12.0/nios2eds/bin/gnu/h-i686-mingw32/bin/../lib/gcc/nios2-elf/4.1.2\libgcc.a(_mul_df.o)
 .data          0x0081a3a8        0x0 f:/windowsstuff/12.0/nios2eds/bin/gnu/h-i686-mingw32/bin/../lib/gcc/nios2-elf/4.1.2\libgcc.a(_div_df.o)
 .data          0x0081a3a8        0x0 f:/windowsstuff/12.0/nios2eds/bin/gnu/h-i686-mingw32/bin/../lib/gcc/nios2-elf/4.1.2\libgcc.a(_eq_df.o)
 .data          0x0081a3a8        0x0 f:/windowsstuff/12.0/nios2eds/bin/gnu/h-i686-mingw32/bin/../lib/gcc/nios2-elf/4.1.2\libgcc.a(_ne_df.o)
 .data          0x0081a3a8        0x0 f:/windowsstuff/12.0/nios2eds/bin/gnu/h-i686-mingw32/bin/../lib/gcc/nios2-elf/4.1.2\libgcc.a(_gt_df.o)
 .data          0x0081a3a8        0x0 f:/windowsstuff/12.0/nios2eds/bin/gnu/h-i686-mingw32/bin/../lib/gcc/nios2-elf/4.1.2\libgcc.a(_lt_df.o)
 .data          0x0081a3a8        0x0 f:/windowsstuff/12.0/nios2eds/bin/gnu/h-i686-mingw32/bin/../lib/gcc/nios2-elf/4.1.2\libgcc.a(_le_df.o)
 .data          0x0081a3a8        0x0 f:/windowsstuff/12.0/nios2eds/bin/gnu/h-i686-mingw32/bin/../lib/gcc/nios2-elf/4.1.2\libgcc.a(_si_to_df.o)
 .data          0x0081a3a8        0x0 f:/windowsstuff/12.0/nios2eds/bin/gnu/h-i686-mingw32/bin/../lib/gcc/nios2-elf/4.1.2\libgcc.a(_df_to_si.o)
 .data          0x0081a3a8        0x0 f:/windowsstuff/12.0/nios2eds/bin/gnu/h-i686-mingw32/bin/../lib/gcc/nios2-elf/4.1.2\libgcc.a(_make_df.o)
 .data          0x0081a3a8        0x0 f:/windowsstuff/12.0/nios2eds/bin/gnu/h-i686-mingw32/bin/../lib/gcc/nios2-elf/4.1.2\libgcc.a(_thenan_df.o)
 .data          0x0081a3a8        0x0 f:/windowsstuff/12.0/nios2eds/bin/gnu/h-i686-mingw32/bin/../lib/gcc/nios2-elf/4.1.2\libgcc.a(lib2-divmod.o)
 .data          0x0081a3a8        0x0 f:/windowsstuff/12.0/nios2eds/bin/gnu/h-i686-mingw32/bin/../lib/gcc/nios2-elf/4.1.2\libgcc.a(_muldi3.o)
 .data          0x0081a3a8        0x0 f:/windowsstuff/12.0/nios2eds/bin/gnu/h-i686-mingw32/bin/../lib/gcc/nios2-elf/4.1.2\libgcc.a(_clzsi2.o)
 .data          0x0081a3a8        0x0 f:/windowsstuff/12.0/nios2eds/bin/gnu/h-i686-mingw32/bin/../lib/gcc/nios2-elf/4.1.2\libgcc.a(_pack_sf.o)
 .data          0x0081a3a8        0x0 f:/windowsstuff/12.0/nios2eds/bin/gnu/h-i686-mingw32/bin/../lib/gcc/nios2-elf/4.1.2\libgcc.a(_unpack_sf.o)
 .data          0x0081a3a8        0x0 f:/windowsstuff/12.0/nios2eds/bin/gnu/h-i686-mingw32/bin/../lib/gcc/nios2-elf/4.1.2\libgcc.a(_pack_df.o)
 .data          0x0081a3a8        0x0 f:/windowsstuff/12.0/nios2eds/bin/gnu/h-i686-mingw32/bin/../lib/gcc/nios2-elf/4.1.2\libgcc.a(_unpack_df.o)
 .data          0x0081a3a8        0x0 f:/windowsstuff/12.0/nios2eds/bin/gnu/h-i686-mingw32/bin/../lib/gcc/nios2-elf/4.1.2\libgcc.a(_fpcmp_parts_df.o)
 .data          0x0081a3a8        0x0 f:/windowsstuff/12.0/nios2eds/bin/gnu/h-i686-mingw32/bin/../lib/gcc/nios2-elf/4.1.2\libgcc.a(_clz.o)
 .data          0x0081a3a8        0x0 f:/windowsstuff/12.0/nios2eds/bin/gnu/h-i686-mingw32/bin/../lib/gcc/nios2-elf/4.1.2/../../../../nios2-elf/lib\libc.a(lib_a-errno.o)
 .data          0x0081a3a8      0x400 f:/windowsstuff/12.0/nios2eds/bin/gnu/h-i686-mingw32/bin/../lib/gcc/nios2-elf/4.1.2/../../../../nios2-elf/lib\libc.a(lib_a-impure.o)
 .data          0x0081a7a8        0x0 f:/windowsstuff/12.0/nios2eds/bin/gnu/h-i686-mingw32/bin/../lib/gcc/nios2-elf/4.1.2/../../../../nios2-elf/lib\libc.a(lib_a-malloc.o)
 .data          0x0081a7a8      0x408 f:/windowsstuff/12.0/nios2eds/bin/gnu/h-i686-mingw32/bin/../lib/gcc/nios2-elf/4.1.2/../../../../nios2-elf/lib\libc.a(lib_a-mallocr.o)
                0x0081a7a8                __malloc_av_
 .data          0x0081abb0        0x0 f:/windowsstuff/12.0/nios2eds/bin/gnu/h-i686-mingw32/bin/../lib/gcc/nios2-elf/4.1.2/../../../../nios2-elf/lib\libc.a(lib_a-printf.o)
 .data          0x0081abb0        0x0 f:/windowsstuff/12.0/nios2eds/bin/gnu/h-i686-mingw32/bin/../lib/gcc/nios2-elf/4.1.2/../../../../nios2-elf/lib\libc.a(lib_a-puts.o)
 .data          0x0081abb0        0x0 f:/windowsstuff/12.0/nios2eds/bin/gnu/h-i686-mingw32/bin/../lib/gcc/nios2-elf/4.1.2/../../../../nios2-elf/lib\libc.a(lib_a-rand.o)
 .data          0x0081abb0        0x0 f:/windowsstuff/12.0/nios2eds/bin/gnu/h-i686-mingw32/bin/../lib/gcc/nios2-elf/4.1.2/../../../../nios2-elf/lib\libc.a(lib_a-sbrkr.o)
 .data          0x0081abb0        0x0 f:/windowsstuff/12.0/nios2eds/bin/gnu/h-i686-mingw32/bin/../lib/gcc/nios2-elf/4.1.2/../../../../nios2-elf/lib\libc.a(lib_a-strlen.o)
 .data          0x0081abb0        0x0 f:/windowsstuff/12.0/nios2eds/bin/gnu/h-i686-mingw32/bin/../lib/gcc/nios2-elf/4.1.2/../../../../nios2-elf/lib\libc.a(lib_a-time.o)
 .data          0x0081abb0        0x0 f:/windowsstuff/12.0/nios2eds/bin/gnu/h-i686-mingw32/bin/../lib/gcc/nios2-elf/4.1.2/../../../../nios2-elf/lib\libc.a(lib_a-vfprintf.o)
 .data          0x0081abb0        0x0 f:/windowsstuff/12.0/nios2eds/bin/gnu/h-i686-mingw32/bin/../lib/gcc/nios2-elf/4.1.2/../../../../nios2-elf/lib\libc.a(lib_a-wsetup.o)
 .data          0x0081abb0        0x0 f:/windowsstuff/12.0/nios2eds/bin/gnu/h-i686-mingw32/bin/../lib/gcc/nios2-elf/4.1.2/../../../../nios2-elf/lib\libc.a(lib_a-dtoa.o)
 .data          0x0081abb0        0x0 f:/windowsstuff/12.0/nios2eds/bin/gnu/h-i686-mingw32/bin/../lib/gcc/nios2-elf/4.1.2/../../../../nios2-elf/lib\libc.a(lib_a-fflush.o)
 .data          0x0081abb0        0x0 f:/windowsstuff/12.0/nios2eds/bin/gnu/h-i686-mingw32/bin/../lib/gcc/nios2-elf/4.1.2/../../../../nios2-elf/lib\libc.a(lib_a-findfp.o)
 .data          0x0081abb0        0x0 f:/windowsstuff/12.0/nios2eds/bin/gnu/h-i686-mingw32/bin/../lib/gcc/nios2-elf/4.1.2/../../../../nios2-elf/lib\libc.a(lib_a-freer.o)
 .data          0x0081abb0        0x0 f:/windowsstuff/12.0/nios2eds/bin/gnu/h-i686-mingw32/bin/../lib/gcc/nios2-elf/4.1.2/../../../../nios2-elf/lib\libc.a(lib_a-fvwrite.o)
 .data          0x0081abb0        0x0 f:/windowsstuff/12.0/nios2eds/bin/gnu/h-i686-mingw32/bin/../lib/gcc/nios2-elf/4.1.2/../../../../nios2-elf/lib\libc.a(lib_a-fwalk.o)
 .data          0x0081abb0        0x0 f:/windowsstuff/12.0/nios2eds/bin/gnu/h-i686-mingw32/bin/../lib/gcc/nios2-elf/4.1.2/../../../../nios2-elf/lib\libc.a(lib_a-gettimeofdayr.o)
 .data          0x0081abb0        0x0 f:/windowsstuff/12.0/nios2eds/bin/gnu/h-i686-mingw32/bin/../lib/gcc/nios2-elf/4.1.2/../../../../nios2-elf/lib\libc.a(lib_a-int_errno.o)
 .data          0x0081abb0        0xc f:/windowsstuff/12.0/nios2eds/bin/gnu/h-i686-mingw32/bin/../lib/gcc/nios2-elf/4.1.2/../../../../nios2-elf/lib\libc.a(lib_a-locale.o)
                0x0081abb0                __lc_ctype
 .data          0x0081abbc        0x0 f:/windowsstuff/12.0/nios2eds/bin/gnu/h-i686-mingw32/bin/../lib/gcc/nios2-elf/4.1.2/../../../../nios2-elf/lib\libc.a(lib_a-makebuf.o)
 .data          0x0081abbc        0x0 f:/windowsstuff/12.0/nios2eds/bin/gnu/h-i686-mingw32/bin/../lib/gcc/nios2-elf/4.1.2/../../../../nios2-elf/lib\libc.a(lib_a-memchr.o)
 .data          0x0081abbc        0x0 f:/windowsstuff/12.0/nios2eds/bin/gnu/h-i686-mingw32/bin/../lib/gcc/nios2-elf/4.1.2/../../../../nios2-elf/lib\libc.a(lib_a-memcpy.o)
 .data          0x0081abbc        0x0 f:/windowsstuff/12.0/nios2eds/bin/gnu/h-i686-mingw32/bin/../lib/gcc/nios2-elf/4.1.2/../../../../nios2-elf/lib\libc.a(lib_a-memmove.o)
 .data          0x0081abbc        0x0 f:/windowsstuff/12.0/nios2eds/bin/gnu/h-i686-mingw32/bin/../lib/gcc/nios2-elf/4.1.2/../../../../nios2-elf/lib\libc.a(lib_a-memset.o)
 .data          0x0081abbc        0x0 f:/windowsstuff/12.0/nios2eds/bin/gnu/h-i686-mingw32/bin/../lib/gcc/nios2-elf/4.1.2/../../../../nios2-elf/lib\libc.a(lib_a-mprec.o)
 .data          0x0081abbc        0x0 f:/windowsstuff/12.0/nios2eds/bin/gnu/h-i686-mingw32/bin/../lib/gcc/nios2-elf/4.1.2/../../../../nios2-elf/lib\libc.a(lib_a-reallocr.o)
 .data          0x0081abbc        0x0 f:/windowsstuff/12.0/nios2eds/bin/gnu/h-i686-mingw32/bin/../lib/gcc/nios2-elf/4.1.2/../../../../nios2-elf/lib\libc.a(lib_a-s_isinfd.o)
 .data          0x0081abbc        0x0 f:/windowsstuff/12.0/nios2eds/bin/gnu/h-i686-mingw32/bin/../lib/gcc/nios2-elf/4.1.2/../../../../nios2-elf/lib\libc.a(lib_a-stdio.o)
 .data          0x0081abbc        0x0 f:/windowsstuff/12.0/nios2eds/bin/gnu/h-i686-mingw32/bin/../lib/gcc/nios2-elf/4.1.2/../../../../nios2-elf/lib\libc.a(lib_a-strcmp.o)
 .data          0x0081abbc        0x0 f:/windowsstuff/12.0/nios2eds/bin/gnu/h-i686-mingw32/bin/../lib/gcc/nios2-elf/4.1.2/../../../../nios2-elf/lib\libc.a(lib_a-writer.o)
 .data          0x0081abbc        0x0 f:/windowsstuff/12.0/nios2eds/bin/gnu/h-i686-mingw32/bin/../lib/gcc/nios2-elf/4.1.2/../../../../nios2-elf/lib\libc.a(lib_a-callocr.o)
 .data          0x0081abbc        0x0 f:/windowsstuff/12.0/nios2eds/bin/gnu/h-i686-mingw32/bin/../lib/gcc/nios2-elf/4.1.2/../../../../nios2-elf/lib\libc.a(lib_a-closer.o)
 .data          0x0081abbc        0x0 f:/windowsstuff/12.0/nios2eds/bin/gnu/h-i686-mingw32/bin/../lib/gcc/nios2-elf/4.1.2/../../../../nios2-elf/lib\libc.a(lib_a-fclose.o)
 .data          0x0081abbc        0x0 f:/windowsstuff/12.0/nios2eds/bin/gnu/h-i686-mingw32/bin/../lib/gcc/nios2-elf/4.1.2/../../../../nios2-elf/lib\libc.a(lib_a-fstatr.o)
 .data          0x0081abbc        0x0 f:/windowsstuff/12.0/nios2eds/bin/gnu/h-i686-mingw32/bin/../lib/gcc/nios2-elf/4.1.2/../../../../nios2-elf/lib\libc.a(lib_a-isattyr.o)
 .data          0x0081abbc        0x0 f:/windowsstuff/12.0/nios2eds/bin/gnu/h-i686-mingw32/bin/../lib/gcc/nios2-elf/4.1.2/../../../../nios2-elf/lib\libc.a(lib_a-lseekr.o)
 .data          0x0081abbc        0x0 f:/windowsstuff/12.0/nios2eds/bin/gnu/h-i686-mingw32/bin/../lib/gcc/nios2-elf/4.1.2/../../../../nios2-elf/lib\libc.a(lib_a-readr.o)
 .data          0x0081abbc        0x0 f:/windowsstuff/12.0/nios2eds/bin/gnu/h-i686-mingw32/bin/../lib/gcc/nios2-elf/4.1.2\libgcc.a(_udivdi3.o)
 .data          0x0081abbc        0x0 f:/windowsstuff/12.0/nios2eds/bin/gnu/h-i686-mingw32/bin/../lib/gcc/nios2-elf/4.1.2\libgcc.a(_umoddi3.o)
 .data          0x0081abbc        0x0 f:/windowsstuff/12.0/nios2eds/bin/gnu/h-i686-mingw32/bin/../lib/gcc/nios2-elf/4.1.2\libgcc.a(_ge_df.o)
 .data          0x0081abbc        0x0 f:/windowsstuff/12.0/nios2eds/bin/gnu/h-i686-mingw32/bin/../lib/gcc/nios2-elf/4.1.2\libgcc.a(_usi_to_df.o)
 .data          0x0081abbc        0x0 C:/Users/jorde_000/Documents/GitHub/LSN/\libhal_bsp.a(alt_close.o)
 .data          0x0081abbc      0x1a8 C:/Users/jorde_000/Documents/GitHub/LSN/\libhal_bsp.a(alt_dev.o)
                0x0081abbc                alt_dev_null
                0x0081abe4                alt_fd_list
 .data          0x0081ad64        0x0 C:/Users/jorde_000/Documents/GitHub/LSN/\libhal_bsp.a(alt_errno.o)
 .data          0x0081ad64        0x0 C:/Users/jorde_000/Documents/GitHub/LSN/\libhal_bsp.a(alt_fstat.o)
 .data          0x0081ad64        0x0 C:/Users/jorde_000/Documents/GitHub/LSN/\libhal_bsp.a(alt_gettod.o)
 .data          0x0081ad64        0x0 C:/Users/jorde_000/Documents/GitHub/LSN/\libhal_bsp.a(alt_irq_register.o)
 .data          0x0081ad64        0x0 C:/Users/jorde_000/Documents/GitHub/LSN/\libhal_bsp.a(alt_irq_vars.o)
 .data          0x0081ad64        0x0 C:/Users/jorde_000/Documents/GitHub/LSN/\libhal_bsp.a(alt_isatty.o)
 .data          0x0081ad64        0x0 C:/Users/jorde_000/Documents/GitHub/LSN/\libhal_bsp.a(alt_load.o)
 .data          0x0081ad64        0x0 C:/Users/jorde_000/Documents/GitHub/LSN/\libhal_bsp.a(alt_lseek.o)
 .data          0x0081ad64        0x0 C:/Users/jorde_000/Documents/GitHub/LSN/\libhal_bsp.a(alt_main.o)
 .data          0x0081ad64        0x0 C:/Users/jorde_000/Documents/GitHub/LSN/\libhal_bsp.a(alt_malloc_lock.o)
 .data          0x0081ad64        0x0 C:/Users/jorde_000/Documents/GitHub/LSN/\libhal_bsp.a(alt_read.o)
 .data          0x0081ad64        0x0 C:/Users/jorde_000/Documents/GitHub/LSN/\libhal_bsp.a(alt_release_fd.o)
 .data          0x0081ad64        0x0 C:/Users/jorde_000/Documents/GitHub/LSN/\libhal_bsp.a(alt_sbrk.o)
 .data          0x0081ad64        0x0 C:/Users/jorde_000/Documents/GitHub/LSN/\libhal_bsp.a(alt_tick.o)
 .data          0x0081ad64        0x0 C:/Users/jorde_000/Documents/GitHub/LSN/\libhal_bsp.a(alt_usleep.o)
 .data          0x0081ad64        0x0 C:/Users/jorde_000/Documents/GitHub/LSN/\libhal_bsp.a(alt_write.o)
 .data          0x0081ad64     0x11b4 C:/Users/jorde_000/Documents/GitHub/LSN/\libhal_bsp.a(alt_sys_init.o)
 .data          0x0081bf18        0x0 C:/Users/jorde_000/Documents/GitHub/LSN/\libhal_bsp.a(altera_avalon_jtag_uart_fd.o)
 .data          0x0081bf18        0x0 C:/Users/jorde_000/Documents/GitHub/LSN/\libhal_bsp.a(altera_avalon_jtag_uart_init.o)
 .data          0x0081bf18        0x0 C:/Users/jorde_000/Documents/GitHub/LSN/\libhal_bsp.a(altera_avalon_jtag_uart_ioctl.o)
 .data          0x0081bf18        0x0 C:/Users/jorde_000/Documents/GitHub/LSN/\libhal_bsp.a(altera_avalon_jtag_uart_read.o)
 .data          0x0081bf18        0x0 C:/Users/jorde_000/Documents/GitHub/LSN/\libhal_bsp.a(altera_avalon_jtag_uart_write.o)
 .data          0x0081bf18        0x0 C:/Users/jorde_000/Documents/GitHub/LSN/\libhal_bsp.a(altera_avalon_timer_sc.o)
 .data          0x0081bf18        0x0 C:/Users/jorde_000/Documents/GitHub/LSN/\libhal_bsp.a(altera_avalon_timer_ts.o)
 .data          0x0081bf18        0x0 C:/Users/jorde_000/Documents/GitHub/LSN/\libhal_bsp.a(altera_avalon_timer_vars.o)
 .data          0x0081bf18        0x0 C:/Users/jorde_000/Documents/GitHub/LSN/\libhal_bsp.a(altera_up_avalon_audio.o)
 .data          0x0081bf18        0x0 C:/Users/jorde_000/Documents/GitHub/LSN/\libhal_bsp.a(altera_up_avalon_audio_and_video_config.o)
 .data          0x0081bf18        0x0 C:/Users/jorde_000/Documents/GitHub/LSN/\libhal_bsp.a(altera_up_avalon_character_lcd.o)
 .data          0x0081bf18        0x0 C:/Users/jorde_000/Documents/GitHub/LSN/\libhal_bsp.a(altera_up_avalon_video_character_buffer_with_dma.o)
 .data          0x0081bf18        0x0 C:/Users/jorde_000/Documents/GitHub/LSN/\libhal_bsp.a(altera_up_avalon_video_pixel_buffer_dma.o)
 .data          0x0081bf18        0x0 C:/Users/jorde_000/Documents/GitHub/LSN/\libhal_bsp.a(altera_up_sd_card_avalon_interface.o)
 .data          0x0081bf18        0x0 C:/Users/jorde_000/Documents/GitHub/LSN/\libhal_bsp.a(alt_alarm_start.o)
 .data          0x0081bf18        0x0 C:/Users/jorde_000/Documents/GitHub/LSN/\libhal_bsp.a(alt_busy_sleep.o)
 .data          0x0081bf18        0x0 C:/Users/jorde_000/Documents/GitHub/LSN/\libhal_bsp.a(alt_dcache_flush_all.o)
 .data          0x0081bf18        0x0 C:/Users/jorde_000/Documents/GitHub/LSN/\libhal_bsp.a(alt_dev_llist_insert.o)
 .data          0x0081bf18        0x0 C:/Users/jorde_000/Documents/GitHub/LSN/\libhal_bsp.a(alt_do_ctors.o)
 .data          0x0081bf18        0x0 C:/Users/jorde_000/Documents/GitHub/LSN/\libhal_bsp.a(alt_do_dtors.o)
 .data          0x0081bf18        0x0 C:/Users/jorde_000/Documents/GitHub/LSN/\libhal_bsp.a(alt_find_dev.o)
 .data          0x0081bf18        0x0 C:/Users/jorde_000/Documents/GitHub/LSN/\libhal_bsp.a(alt_icache_flush_all.o)
 .data          0x0081bf18        0x0 C:/Users/jorde_000/Documents/GitHub/LSN/\libhal_bsp.a(alt_io_redirect.o)
 .data          0x0081bf18        0x0 C:/Users/jorde_000/Documents/GitHub/LSN/\libhal_bsp.a(alt_irq_entry.o)
 .data          0x0081bf18        0x0 C:/Users/jorde_000/Documents/GitHub/LSN/\libhal_bsp.a(alt_irq_handler.o)
 .data          0x0081bf18        0x0 C:/Users/jorde_000/Documents/GitHub/LSN/\libhal_bsp.a(alt_open.o)
 .data          0x0081bf18        0x0 C:/Users/jorde_000/Documents/GitHub/LSN/\libhal_bsp.a(altera_nios2_qsys_irq.o)
 .data          0x0081bf18        0x0 C:/Users/jorde_000/Documents/GitHub/LSN/\libhal_bsp.a(alt_exception_entry.o)
 .data          0x0081bf18        0x0 C:/Users/jorde_000/Documents/GitHub/LSN/\libhal_bsp.a(alt_find_file.o)
 .data          0x0081bf18        0x0 C:/Users/jorde_000/Documents/GitHub/LSN/\libhal_bsp.a(alt_get_fd.o)
 .data          0x0081bf18        0x0 C:/Users/jorde_000/Documents/GitHub/LSN/\libhal_bsp.a(alt_icache_flush.o)
 .data          0x0081bf18        0x0 f:/windowsstuff/12.0/nios2eds/bin/gnu/h-i686-mingw32/bin/../lib/gcc/nios2-elf/4.1.2/../../../../nios2-elf/lib\libc.a(lib_a-atexit.o)
 .data          0x0081bf18        0x0 f:/windowsstuff/12.0/nios2eds/bin/gnu/h-i686-mingw32/bin/../lib/gcc/nios2-elf/4.1.2/../../../../nios2-elf/lib\libc.a(lib_a-exit.o)
 .data          0x0081bf18        0x0 f:/windowsstuff/12.0/nios2eds/bin/gnu/h-i686-mingw32/bin/../lib/gcc/nios2-elf/4.1.2/../../../../nios2-elf/lib\libc.a(lib_a-memcmp.o)
 .data          0x0081bf18        0x0 f:/windowsstuff/12.0/nios2eds/bin/gnu/h-i686-mingw32/bin/../lib/gcc/nios2-elf/4.1.2/../../../../nios2-elf/lib\libc.a(lib_a-__atexit.o)
 .data          0x0081bf18        0x0 f:/windowsstuff/12.0/nios2eds/bin/gnu/h-i686-mingw32/bin/../lib/gcc/nios2-elf/4.1.2/../../../../nios2-elf/lib\libc.a(lib_a-__call_atexit.o)
 .data          0x0081bf18        0x0 C:/Users/jorde_000/Documents/GitHub/LSN/\libhal_bsp.a(alt_exit.o)
                0x00823f18                _gp = ABSOLUTE ((. + 0x8000))
                0x00823f18                PROVIDE (gp, _gp)
 *(.rwdata .rwdata.*)
 *(.sdata .sdata.* .gnu.linkonce.s.*)
 .sdata         0x0081bf18        0xc obj/default/audio.o
                0x0081bf18                CONFIG_NAME
                0x0081bf1c                AUDIO_NAME
                0x0081bf20                toneLength
 .sdata         0x0081bf24        0x4 obj/default/score.o
                0x0081bf24                scoreFileName
 .sdata         0x0081bf28        0x4 f:/windowsstuff/12.0/nios2eds/bin/gnu/h-i686-mingw32/bin/../lib/gcc/nios2-elf/4.1.2/../../../../nios2-elf/lib\libm.a(lib_a-s_lib_ver.o)
                0x0081bf28                __fdlib_version
 .sdata         0x0081bf2c        0x8 f:/windowsstuff/12.0/nios2eds/bin/gnu/h-i686-mingw32/bin/../lib/gcc/nios2-elf/4.1.2/../../../../nios2-elf/lib\libc.a(lib_a-impure.o)
                0x0081bf2c                _impure_ptr
                0x0081bf30                _global_impure_ptr
 .sdata         0x0081bf34        0x8 f:/windowsstuff/12.0/nios2eds/bin/gnu/h-i686-mingw32/bin/../lib/gcc/nios2-elf/4.1.2/../../../../nios2-elf/lib\libc.a(lib_a-mallocr.o)
                0x0081bf34                __malloc_trim_threshold
                0x0081bf38                __malloc_sbrk_base
 .sdata         0x0081bf3c        0x8 f:/windowsstuff/12.0/nios2eds/bin/gnu/h-i686-mingw32/bin/../lib/gcc/nios2-elf/4.1.2/../../../../nios2-elf/lib\libc.a(lib_a-locale.o)
                0x0081bf3c                __mb_cur_max
 .sdata         0x0081bf44       0x14 C:/Users/jorde_000/Documents/GitHub/LSN/\libhal_bsp.a(alt_dev.o)
                0x0081bf44                alt_fs_list
                0x0081bf4c                alt_dev_list
                0x0081bf54                alt_max_fd
 .sdata         0x0081bf58        0x4 C:/Users/jorde_000/Documents/GitHub/LSN/\libhal_bsp.a(alt_errno.o)
                0x0081bf58                alt_errno
 .sdata         0x0081bf5c        0x4 C:/Users/jorde_000/Documents/GitHub/LSN/\libhal_bsp.a(alt_irq_vars.o)
                0x0081bf5c                alt_priority_mask
 .sdata         0x0081bf60        0x4 C:/Users/jorde_000/Documents/GitHub/LSN/\libhal_bsp.a(alt_sbrk.o)
 .sdata         0x0081bf64        0x8 C:/Users/jorde_000/Documents/GitHub/LSN/\libhal_bsp.a(alt_tick.o)
                0x0081bf64                alt_alarm_list
 *(.sdata2 .sdata2.* .gnu.linkonce.s2.*)
                0x0081bf6c                . = ALIGN (0x4)
                0x0081bf6c                _edata = ABSOLUTE (.)
                0x0081bf6c                PROVIDE (edata, ABSOLUTE (.))
                0x0081bf6c                PROVIDE (__ram_rwdata_end, ABSOLUTE (.))
                0x0081bf6c                PROVIDE (__flash_rwdata_start, LOADADDR (.rwdata))

.bss            0x0081db30     0x2508
                0x0081db30                __bss_start = ABSOLUTE (.)
                0x0081db30                PROVIDE (__sbss_start, ABSOLUTE (.))
                0x0081db30                PROVIDE (___sbss_start, ABSOLUTE (.))
 *(.dynsbss)
 *(.sbss .sbss.* .gnu.linkonce.sb.*)
 .sbss          0x0081db30       0x10 obj/default/audio.o
                0x0081db30                audio
                0x0081db34                config
                0x0081db38                DEBUG
 .sbss          0x0081db40       0x1e obj/default/audio.o
                0x0081db40                i
                0x0081db44                loaded
                0x0081db48                audioFileWordLength
                0x0081db4c                sdDev
                0x0081db50                somethingForIrq
                0x0081db54                playedWords
                0x0081db58                playCursor
                0x0081db5c                status
 *fill*         0x0081db5e        0x2 00
 .sbss          0x0081db60       0x1c obj/default/bmp.o
                0x0081db60                pixel_buffer_addr1
                0x0081db64                char_buffer
                0x0081db68                pixel_buffer_addr2
                0x0081db6c                sharkBmp
                0x0081db70                splashBmp
                0x0081db74                pixel_buffer
                0x0081db78                playerBmp
 .sbss          0x0081db7c       0x20 obj/default/displacement.o
 .sbss          0x0081db9c        0x4 obj/default/lcd.o
                0x0081db9c                char_lcd_dev
 .sbss          0x0081dba0        0xc f:/windowsstuff/12.0/nios2eds/bin/gnu/h-i686-mingw32/bin/../lib/gcc/nios2-elf/4.1.2/../../../../nios2-elf/lib\libc.a(lib_a-mallocr.o)
                0x0081dba0                __malloc_top_pad
                0x0081dba4                __malloc_max_sbrked_mem
                0x0081dba8                __malloc_max_total_mem
 .sbss          0x0081dbac        0x4 f:/windowsstuff/12.0/nios2eds/bin/gnu/h-i686-mingw32/bin/../lib/gcc/nios2-elf/4.1.2/../../../../nios2-elf/lib\libc.a(lib_a-int_errno.o)
                0x0081dbac                errno
 .sbss          0x0081dbb0        0xc f:/windowsstuff/12.0/nios2eds/bin/gnu/h-i686-mingw32/bin/../lib/gcc/nios2-elf/4.1.2/../../../../nios2-elf/lib\libc.a(lib_a-locale.o)
                0x0081dbb0                __nlocale_changed
                0x0081dbb4                __mlocale_changed
                0x0081dbb8                _PathLocale
 .sbss          0x0081dbbc       0x10 C:/Users/jorde_000/Documents/GitHub/LSN/\libhal_bsp.a(alt_gettod.o)
                0x0081dbbc                alt_timezone
                0x0081dbc4                alt_resettime
 .sbss          0x0081dbcc        0x4 C:/Users/jorde_000/Documents/GitHub/LSN/\libhal_bsp.a(alt_irq_vars.o)
                0x0081dbcc                alt_irq_active
 .sbss          0x0081dbd0        0xc C:/Users/jorde_000/Documents/GitHub/LSN/\libhal_bsp.a(alt_main.o)
                0x0081dbd0                alt_argc
                0x0081dbd4                alt_argv
                0x0081dbd8                alt_envp
 .sbss          0x0081dbdc        0x8 C:/Users/jorde_000/Documents/GitHub/LSN/\libhal_bsp.a(alt_tick.o)
                0x0081dbdc                _alt_tick_rate
                0x0081dbe0                _alt_nticks
 .sbss          0x0081dbe4        0x8 C:/Users/jorde_000/Documents/GitHub/LSN/\libhal_bsp.a(altera_avalon_timer_vars.o)
                0x0081dbe4                altera_avalon_timer_ts_base
                0x0081dbe8                altera_avalon_timer_ts_freq
 .sbss          0x0081dbec       0x34 C:/Users/jorde_000/Documents/GitHub/LSN/\libhal_bsp.a(altera_up_sd_card_avalon_interface.o)
                0x0081dbec                initialized
                0x0081dbf0                is_sd_card_formated_as_FAT16
                0x0081dbf4                aux_status_register
                0x0081dbf8                status_register
                0x0081dbfc                CSD_register_w0
                0x0081dc00                command_register
                0x0081dc04                command_argument_register
                0x0081dc08                buffer_memory
                0x0081dc0c                fat_partition_offset_in_512_byte_sectors
                0x0081dc10                fat_partition_size_in_512_byte_sectors
                0x0081dc14                device_pointer
                0x0081dc18                current_sector_modified
                0x0081dc1c                current_sector_index
 *(.sbss2 .sbss2.* .gnu.linkonce.sb2.*)
 *(.scommon)
                0x0081dc20                PROVIDE (__sbss_end, ABSOLUTE (.))
                0x0081dc20                PROVIDE (___sbss_end, ABSOLUTE (.))
 *(.dynbss)
 *(.bss .bss.* .gnu.linkonce.b.*)
 .bss           0x0081dc20        0x0 C:/Users/jorde_000/Documents/GitHub/LSN//obj/HAL/src/crt0.o
 .bss           0x0081dc20        0x0 obj/default/audio.o
 .bss           0x0081dc20        0x0 obj/default/audio_up_hack.o
 .bss           0x0081dc20        0x0 obj/default/bmp.o
 .bss           0x0081dc20        0x0 obj/default/bullet.o
 .bss           0x0081dc20        0x0 obj/default/collision.o
 .bss           0x0081dc20        0x0 obj/default/displacement.o
 .bss           0x0081dc20        0x0 obj/default/lcd.o
 .bss           0x0081dc20        0x0 obj/default/main.o
 .bss           0x0081dc20        0x0 obj/default/player.o
 .bss           0x0081dc20        0x0 obj/default/score.o
 .bss           0x0081dc20        0x0 obj/default/sd_card.o
 .bss           0x0081dc20        0x0 obj/default/shark.o
 .bss           0x0081dc20        0x0 obj/default/timer.o
 .bss           0x0081dc20        0x0 obj/default/vga.o
 .bss           0x0081dc20        0x0 f:/windowsstuff/12.0/nios2eds/bin/gnu/h-i686-mingw32/bin/../lib/gcc/nios2-elf/4.1.2/../../../../nios2-elf/lib\libm.a(lib_a-w_pow.o)
 .bss           0x0081dc20        0x0 f:/windowsstuff/12.0/nios2eds/bin/gnu/h-i686-mingw32/bin/../lib/gcc/nios2-elf/4.1.2/../../../../nios2-elf/lib\libm.a(lib_a-e_pow.o)
 .bss           0x0081dc20        0x0 f:/windowsstuff/12.0/nios2eds/bin/gnu/h-i686-mingw32/bin/../lib/gcc/nios2-elf/4.1.2/../../../../nios2-elf/lib\libm.a(lib_a-e_sqrt.o)
 .bss           0x0081dc20        0x0 f:/windowsstuff/12.0/nios2eds/bin/gnu/h-i686-mingw32/bin/../lib/gcc/nios2-elf/4.1.2/../../../../nios2-elf/lib\libm.a(lib_a-s_fabs.o)
 .bss           0x0081dc20        0x0 f:/windowsstuff/12.0/nios2eds/bin/gnu/h-i686-mingw32/bin/../lib/gcc/nios2-elf/4.1.2/../../../../nios2-elf/lib\libm.a(lib_a-s_finite.o)
 .bss           0x0081dc20        0x0 f:/windowsstuff/12.0/nios2eds/bin/gnu/h-i686-mingw32/bin/../lib/gcc/nios2-elf/4.1.2/../../../../nios2-elf/lib\libm.a(lib_a-s_isnand.o)
 .bss           0x0081dc20        0x0 f:/windowsstuff/12.0/nios2eds/bin/gnu/h-i686-mingw32/bin/../lib/gcc/nios2-elf/4.1.2/../../../../nios2-elf/lib\libm.a(lib_a-s_lib_ver.o)
 .bss           0x0081dc20        0x0 f:/windowsstuff/12.0/nios2eds/bin/gnu/h-i686-mingw32/bin/../lib/gcc/nios2-elf/4.1.2/../../../../nios2-elf/lib\libm.a(lib_a-s_matherr.o)
 .bss           0x0081dc20        0x0 f:/windowsstuff/12.0/nios2eds/bin/gnu/h-i686-mingw32/bin/../lib/gcc/nios2-elf/4.1.2/../../../../nios2-elf/lib\libm.a(lib_a-s_nan.o)
 .bss           0x0081dc20        0x0 f:/windowsstuff/12.0/nios2eds/bin/gnu/h-i686-mingw32/bin/../lib/gcc/nios2-elf/4.1.2/../../../../nios2-elf/lib\libm.a(lib_a-s_rint.o)
 .bss           0x0081dc20        0x0 f:/windowsstuff/12.0/nios2eds/bin/gnu/h-i686-mingw32/bin/../lib/gcc/nios2-elf/4.1.2/../../../../nios2-elf/lib\libm.a(lib_a-s_scalbn.o)
 .bss           0x0081dc20        0x0 f:/windowsstuff/12.0/nios2eds/bin/gnu/h-i686-mingw32/bin/../lib/gcc/nios2-elf/4.1.2/../../../../nios2-elf/lib\libm.a(lib_a-s_copysign.o)
 .bss           0x0081dc20        0x0 f:/windowsstuff/12.0/nios2eds/bin/gnu/h-i686-mingw32/bin/../lib/gcc/nios2-elf/4.1.2\libgcc.a(_div_sf.o)
 .bss           0x0081dc20        0x0 f:/windowsstuff/12.0/nios2eds/bin/gnu/h-i686-mingw32/bin/../lib/gcc/nios2-elf/4.1.2\libgcc.a(_si_to_sf.o)
 .bss           0x0081dc20        0x0 f:/windowsstuff/12.0/nios2eds/bin/gnu/h-i686-mingw32/bin/../lib/gcc/nios2-elf/4.1.2\libgcc.a(_sf_to_df.o)
 .bss           0x0081dc20        0x0 f:/windowsstuff/12.0/nios2eds/bin/gnu/h-i686-mingw32/bin/../lib/gcc/nios2-elf/4.1.2\libgcc.a(_thenan_sf.o)
 .bss           0x0081dc20        0x0 f:/windowsstuff/12.0/nios2eds/bin/gnu/h-i686-mingw32/bin/../lib/gcc/nios2-elf/4.1.2\libgcc.a(_addsub_df.o)
 .bss           0x0081dc20        0x0 f:/windowsstuff/12.0/nios2eds/bin/gnu/h-i686-mingw32/bin/../lib/gcc/nios2-elf/4.1.2\libgcc.a(_mul_df.o)
 .bss           0x0081dc20        0x0 f:/windowsstuff/12.0/nios2eds/bin/gnu/h-i686-mingw32/bin/../lib/gcc/nios2-elf/4.1.2\libgcc.a(_div_df.o)
 .bss           0x0081dc20        0x0 f:/windowsstuff/12.0/nios2eds/bin/gnu/h-i686-mingw32/bin/../lib/gcc/nios2-elf/4.1.2\libgcc.a(_eq_df.o)
 .bss           0x0081dc20        0x0 f:/windowsstuff/12.0/nios2eds/bin/gnu/h-i686-mingw32/bin/../lib/gcc/nios2-elf/4.1.2\libgcc.a(_ne_df.o)
 .bss           0x0081dc20        0x0 f:/windowsstuff/12.0/nios2eds/bin/gnu/h-i686-mingw32/bin/../lib/gcc/nios2-elf/4.1.2\libgcc.a(_gt_df.o)
 .bss           0x0081dc20        0x0 f:/windowsstuff/12.0/nios2eds/bin/gnu/h-i686-mingw32/bin/../lib/gcc/nios2-elf/4.1.2\libgcc.a(_lt_df.o)
 .bss           0x0081dc20        0x0 f:/windowsstuff/12.0/nios2eds/bin/gnu/h-i686-mingw32/bin/../lib/gcc/nios2-elf/4.1.2\libgcc.a(_le_df.o)
 .bss           0x0081dc20        0x0 f:/windowsstuff/12.0/nios2eds/bin/gnu/h-i686-mingw32/bin/../lib/gcc/nios2-elf/4.1.2\libgcc.a(_si_to_df.o)
 .bss           0x0081dc20        0x0 f:/windowsstuff/12.0/nios2eds/bin/gnu/h-i686-mingw32/bin/../lib/gcc/nios2-elf/4.1.2\libgcc.a(_df_to_si.o)
 .bss           0x0081dc20        0x0 f:/windowsstuff/12.0/nios2eds/bin/gnu/h-i686-mingw32/bin/../lib/gcc/nios2-elf/4.1.2\libgcc.a(_make_df.o)
 .bss           0x0081dc20        0x0 f:/windowsstuff/12.0/nios2eds/bin/gnu/h-i686-mingw32/bin/../lib/gcc/nios2-elf/4.1.2\libgcc.a(_thenan_df.o)
 .bss           0x0081dc20        0x0 f:/windowsstuff/12.0/nios2eds/bin/gnu/h-i686-mingw32/bin/../lib/gcc/nios2-elf/4.1.2\libgcc.a(lib2-divmod.o)
 .bss           0x0081dc20        0x0 f:/windowsstuff/12.0/nios2eds/bin/gnu/h-i686-mingw32/bin/../lib/gcc/nios2-elf/4.1.2\libgcc.a(_muldi3.o)
 .bss           0x0081dc20        0x0 f:/windowsstuff/12.0/nios2eds/bin/gnu/h-i686-mingw32/bin/../lib/gcc/nios2-elf/4.1.2\libgcc.a(_clzsi2.o)
 .bss           0x0081dc20        0x0 f:/windowsstuff/12.0/nios2eds/bin/gnu/h-i686-mingw32/bin/../lib/gcc/nios2-elf/4.1.2\libgcc.a(_pack_sf.o)
 .bss           0x0081dc20        0x0 f:/windowsstuff/12.0/nios2eds/bin/gnu/h-i686-mingw32/bin/../lib/gcc/nios2-elf/4.1.2\libgcc.a(_unpack_sf.o)
 .bss           0x0081dc20        0x0 f:/windowsstuff/12.0/nios2eds/bin/gnu/h-i686-mingw32/bin/../lib/gcc/nios2-elf/4.1.2\libgcc.a(_pack_df.o)
 .bss           0x0081dc20        0x0 f:/windowsstuff/12.0/nios2eds/bin/gnu/h-i686-mingw32/bin/../lib/gcc/nios2-elf/4.1.2\libgcc.a(_unpack_df.o)
 .bss           0x0081dc20        0x0 f:/windowsstuff/12.0/nios2eds/bin/gnu/h-i686-mingw32/bin/../lib/gcc/nios2-elf/4.1.2\libgcc.a(_fpcmp_parts_df.o)
 .bss           0x0081dc20        0x0 f:/windowsstuff/12.0/nios2eds/bin/gnu/h-i686-mingw32/bin/../lib/gcc/nios2-elf/4.1.2\libgcc.a(_clz.o)
 .bss           0x0081dc20        0x0 f:/windowsstuff/12.0/nios2eds/bin/gnu/h-i686-mingw32/bin/../lib/gcc/nios2-elf/4.1.2/../../../../nios2-elf/lib\libc.a(lib_a-errno.o)
 .bss           0x0081dc20        0x0 f:/windowsstuff/12.0/nios2eds/bin/gnu/h-i686-mingw32/bin/../lib/gcc/nios2-elf/4.1.2/../../../../nios2-elf/lib\libc.a(lib_a-impure.o)
 .bss           0x0081dc20        0x0 f:/windowsstuff/12.0/nios2eds/bin/gnu/h-i686-mingw32/bin/../lib/gcc/nios2-elf/4.1.2/../../../../nios2-elf/lib\libc.a(lib_a-malloc.o)
 .bss           0x0081dc20       0x28 f:/windowsstuff/12.0/nios2eds/bin/gnu/h-i686-mingw32/bin/../lib/gcc/nios2-elf/4.1.2/../../../../nios2-elf/lib\libc.a(lib_a-mallocr.o)
                0x0081dc20                __malloc_current_mallinfo
 .bss           0x0081dc48        0x0 f:/windowsstuff/12.0/nios2eds/bin/gnu/h-i686-mingw32/bin/../lib/gcc/nios2-elf/4.1.2/../../../../nios2-elf/lib\libc.a(lib_a-printf.o)
 .bss           0x0081dc48        0x0 f:/windowsstuff/12.0/nios2eds/bin/gnu/h-i686-mingw32/bin/../lib/gcc/nios2-elf/4.1.2/../../../../nios2-elf/lib\libc.a(lib_a-puts.o)
 .bss           0x0081dc48        0x0 f:/windowsstuff/12.0/nios2eds/bin/gnu/h-i686-mingw32/bin/../lib/gcc/nios2-elf/4.1.2/../../../../nios2-elf/lib\libc.a(lib_a-rand.o)
 .bss           0x0081dc48        0x0 f:/windowsstuff/12.0/nios2eds/bin/gnu/h-i686-mingw32/bin/../lib/gcc/nios2-elf/4.1.2/../../../../nios2-elf/lib\libc.a(lib_a-sbrkr.o)
 .bss           0x0081dc48        0x0 f:/windowsstuff/12.0/nios2eds/bin/gnu/h-i686-mingw32/bin/../lib/gcc/nios2-elf/4.1.2/../../../../nios2-elf/lib\libc.a(lib_a-strlen.o)
 .bss           0x0081dc48        0x0 f:/windowsstuff/12.0/nios2eds/bin/gnu/h-i686-mingw32/bin/../lib/gcc/nios2-elf/4.1.2/../../../../nios2-elf/lib\libc.a(lib_a-time.o)
 .bss           0x0081dc48        0x0 f:/windowsstuff/12.0/nios2eds/bin/gnu/h-i686-mingw32/bin/../lib/gcc/nios2-elf/4.1.2/../../../../nios2-elf/lib\libc.a(lib_a-vfprintf.o)
 .bss           0x0081dc48        0x0 f:/windowsstuff/12.0/nios2eds/bin/gnu/h-i686-mingw32/bin/../lib/gcc/nios2-elf/4.1.2/../../../../nios2-elf/lib\libc.a(lib_a-wsetup.o)
 .bss           0x0081dc48        0x0 f:/windowsstuff/12.0/nios2eds/bin/gnu/h-i686-mingw32/bin/../lib/gcc/nios2-elf/4.1.2/../../../../nios2-elf/lib\libc.a(lib_a-dtoa.o)
 .bss           0x0081dc48        0x0 f:/windowsstuff/12.0/nios2eds/bin/gnu/h-i686-mingw32/bin/../lib/gcc/nios2-elf/4.1.2/../../../../nios2-elf/lib\libc.a(lib_a-fflush.o)
 .bss           0x0081dc48        0x0 f:/windowsstuff/12.0/nios2eds/bin/gnu/h-i686-mingw32/bin/../lib/gcc/nios2-elf/4.1.2/../../../../nios2-elf/lib\libc.a(lib_a-findfp.o)
 .bss           0x0081dc48        0x0 f:/windowsstuff/12.0/nios2eds/bin/gnu/h-i686-mingw32/bin/../lib/gcc/nios2-elf/4.1.2/../../../../nios2-elf/lib\libc.a(lib_a-freer.o)
 .bss           0x0081dc48        0x0 f:/windowsstuff/12.0/nios2eds/bin/gnu/h-i686-mingw32/bin/../lib/gcc/nios2-elf/4.1.2/../../../../nios2-elf/lib\libc.a(lib_a-fvwrite.o)
 .bss           0x0081dc48        0x0 f:/windowsstuff/12.0/nios2eds/bin/gnu/h-i686-mingw32/bin/../lib/gcc/nios2-elf/4.1.2/../../../../nios2-elf/lib\libc.a(lib_a-fwalk.o)
 .bss           0x0081dc48        0x0 f:/windowsstuff/12.0/nios2eds/bin/gnu/h-i686-mingw32/bin/../lib/gcc/nios2-elf/4.1.2/../../../../nios2-elf/lib\libc.a(lib_a-gettimeofdayr.o)
 .bss           0x0081dc48        0x0 f:/windowsstuff/12.0/nios2eds/bin/gnu/h-i686-mingw32/bin/../lib/gcc/nios2-elf/4.1.2/../../../../nios2-elf/lib\libc.a(lib_a-int_errno.o)
 .bss           0x0081dc48        0x0 f:/windowsstuff/12.0/nios2eds/bin/gnu/h-i686-mingw32/bin/../lib/gcc/nios2-elf/4.1.2/../../../../nios2-elf/lib\libc.a(lib_a-locale.o)
 .bss           0x0081dc48        0x0 f:/windowsstuff/12.0/nios2eds/bin/gnu/h-i686-mingw32/bin/../lib/gcc/nios2-elf/4.1.2/../../../../nios2-elf/lib\libc.a(lib_a-makebuf.o)
 .bss           0x0081dc48        0x0 f:/windowsstuff/12.0/nios2eds/bin/gnu/h-i686-mingw32/bin/../lib/gcc/nios2-elf/4.1.2/../../../../nios2-elf/lib\libc.a(lib_a-memchr.o)
 .bss           0x0081dc48        0x0 f:/windowsstuff/12.0/nios2eds/bin/gnu/h-i686-mingw32/bin/../lib/gcc/nios2-elf/4.1.2/../../../../nios2-elf/lib\libc.a(lib_a-memcpy.o)
 .bss           0x0081dc48        0x0 f:/windowsstuff/12.0/nios2eds/bin/gnu/h-i686-mingw32/bin/../lib/gcc/nios2-elf/4.1.2/../../../../nios2-elf/lib\libc.a(lib_a-memmove.o)
 .bss           0x0081dc48        0x0 f:/windowsstuff/12.0/nios2eds/bin/gnu/h-i686-mingw32/bin/../lib/gcc/nios2-elf/4.1.2/../../../../nios2-elf/lib\libc.a(lib_a-memset.o)
 .bss           0x0081dc48        0x0 f:/windowsstuff/12.0/nios2eds/bin/gnu/h-i686-mingw32/bin/../lib/gcc/nios2-elf/4.1.2/../../../../nios2-elf/lib\libc.a(lib_a-mprec.o)
 .bss           0x0081dc48        0x0 f:/windowsstuff/12.0/nios2eds/bin/gnu/h-i686-mingw32/bin/../lib/gcc/nios2-elf/4.1.2/../../../../nios2-elf/lib\libc.a(lib_a-reallocr.o)
 .bss           0x0081dc48        0x0 f:/windowsstuff/12.0/nios2eds/bin/gnu/h-i686-mingw32/bin/../lib/gcc/nios2-elf/4.1.2/../../../../nios2-elf/lib\libc.a(lib_a-s_isinfd.o)
 .bss           0x0081dc48        0x0 f:/windowsstuff/12.0/nios2eds/bin/gnu/h-i686-mingw32/bin/../lib/gcc/nios2-elf/4.1.2/../../../../nios2-elf/lib\libc.a(lib_a-stdio.o)
 .bss           0x0081dc48        0x0 f:/windowsstuff/12.0/nios2eds/bin/gnu/h-i686-mingw32/bin/../lib/gcc/nios2-elf/4.1.2/../../../../nios2-elf/lib\libc.a(lib_a-strcmp.o)
 .bss           0x0081dc48        0x0 f:/windowsstuff/12.0/nios2eds/bin/gnu/h-i686-mingw32/bin/../lib/gcc/nios2-elf/4.1.2/../../../../nios2-elf/lib\libc.a(lib_a-writer.o)