Archive member included because of file (symbol)

c:/altera/12.0sp2/nios2eds/bin/gnu/h-i686-mingw32/bin/../lib/gcc/nios2-elf/4.1.2/../../../../nios2-elf/lib\libm.a(lib_a-w_pow.o)
                              obj/default/score.o (pow)
c:/altera/12.0sp2/nios2eds/bin/gnu/h-i686-mingw32/bin/../lib/gcc/nios2-elf/4.1.2/../../../../nios2-elf/lib\libm.a(lib_a-w_sqrt.o)
                              obj/default/bullet.o (sqrt)
c:/altera/12.0sp2/nios2eds/bin/gnu/h-i686-mingw32/bin/../lib/gcc/nios2-elf/4.1.2/../../../../nios2-elf/lib\libm.a(lib_a-e_pow.o)
                              c:/altera/12.0sp2/nios2eds/bin/gnu/h-i686-mingw32/bin/../lib/gcc/nios2-elf/4.1.2/../../../../nios2-elf/lib\libm.a(lib_a-w_pow.o) (__ieee754_pow)
c:/altera/12.0sp2/nios2eds/bin/gnu/h-i686-mingw32/bin/../lib/gcc/nios2-elf/4.1.2/../../../../nios2-elf/lib\libm.a(lib_a-e_sqrt.o)
                              c:/altera/12.0sp2/nios2eds/bin/gnu/h-i686-mingw32/bin/../lib/gcc/nios2-elf/4.1.2/../../../../nios2-elf/lib\libm.a(lib_a-w_sqrt.o) (__ieee754_sqrt)
c:/altera/12.0sp2/nios2eds/bin/gnu/h-i686-mingw32/bin/../lib/gcc/nios2-elf/4.1.2/../../../../nios2-elf/lib\libm.a(lib_a-s_fabs.o)
                              c:/altera/12.0sp2/nios2eds/bin/gnu/h-i686-mingw32/bin/../lib/gcc/nios2-elf/4.1.2/../../../../nios2-elf/lib\libm.a(lib_a-e_pow.o) (fabs)
c:/altera/12.0sp2/nios2eds/bin/gnu/h-i686-mingw32/bin/../lib/gcc/nios2-elf/4.1.2/../../../../nios2-elf/lib\libm.a(lib_a-s_finite.o)
                              c:/altera/12.0sp2/nios2eds/bin/gnu/h-i686-mingw32/bin/../lib/gcc/nios2-elf/4.1.2/../../../../nios2-elf/lib\libm.a(lib_a-w_pow.o) (finite)
c:/altera/12.0sp2/nios2eds/bin/gnu/h-i686-mingw32/bin/../lib/gcc/nios2-elf/4.1.2/../../../../nios2-elf/lib\libm.a(lib_a-s_isnand.o)
                              c:/altera/12.0sp2/nios2eds/bin/gnu/h-i686-mingw32/bin/../lib/gcc/nios2-elf/4.1.2/../../../../nios2-elf/lib\libm.a(lib_a-w_pow.o) (__isnand)
c:/altera/12.0sp2/nios2eds/bin/gnu/h-i686-mingw32/bin/../lib/gcc/nios2-elf/4.1.2/../../../../nios2-elf/lib\libm.a(lib_a-s_lib_ver.o)
                              c:/altera/12.0sp2/nios2eds/bin/gnu/h-i686-mingw32/bin/../lib/gcc/nios2-elf/4.1.2/../../../../nios2-elf/lib\libm.a(lib_a-w_pow.o) (__fdlib_version)
c:/altera/12.0sp2/nios2eds/bin/gnu/h-i686-mingw32/bin/../lib/gcc/nios2-elf/4.1.2/../../../../nios2-elf/lib\libm.a(lib_a-s_matherr.o)
                              c:/altera/12.0sp2/nios2eds/bin/gnu/h-i686-mingw32/bin/../lib/gcc/nios2-elf/4.1.2/../../../../nios2-elf/lib\libm.a(lib_a-w_pow.o) (matherr)
c:/altera/12.0sp2/nios2eds/bin/gnu/h-i686-mingw32/bin/../lib/gcc/nios2-elf/4.1.2/../../../../nios2-elf/lib\libm.a(lib_a-s_nan.o)
                              c:/altera/12.0sp2/nios2eds/bin/gnu/h-i686-mingw32/bin/../lib/gcc/nios2-elf/4.1.2/../../../../nios2-elf/lib\libm.a(lib_a-e_pow.o) (nan)
c:/altera/12.0sp2/nios2eds/bin/gnu/h-i686-mingw32/bin/../lib/gcc/nios2-elf/4.1.2/../../../../nios2-elf/lib\libm.a(lib_a-s_rint.o)
                              c:/altera/12.0sp2/nios2eds/bin/gnu/h-i686-mingw32/bin/../lib/gcc/nios2-elf/4.1.2/../../../../nios2-elf/lib\libm.a(lib_a-w_pow.o) (rint)
c:/altera/12.0sp2/nios2eds/bin/gnu/h-i686-mingw32/bin/../lib/gcc/nios2-elf/4.1.2/../../../../nios2-elf/lib\libm.a(lib_a-s_scalbn.o)
                              c:/altera/12.0sp2/nios2eds/bin/gnu/h-i686-mingw32/bin/../lib/gcc/nios2-elf/4.1.2/../../../../nios2-elf/lib\libm.a(lib_a-e_pow.o) (scalbn)
c:/altera/12.0sp2/nios2eds/bin/gnu/h-i686-mingw32/bin/../lib/gcc/nios2-elf/4.1.2/../../../../nios2-elf/lib\libm.a(lib_a-s_copysign.o)
                              c:/altera/12.0sp2/nios2eds/bin/gnu/h-i686-mingw32/bin/../lib/gcc/nios2-elf/4.1.2/../../../../nios2-elf/lib\libm.a(lib_a-s_scalbn.o) (copysign)
c:/altera/12.0sp2/nios2eds/bin/gnu/h-i686-mingw32/bin/../lib/gcc/nios2-elf/4.1.2\libgcc.a(_fixunssfsi.o)
                              obj/default/bullet.o (__fixunssfsi)
c:/altera/12.0sp2/nios2eds/bin/gnu/h-i686-mingw32/bin/../lib/gcc/nios2-elf/4.1.2\libgcc.a(_addsub_sf.o)
                              obj/default/collision.o (__subsf3)
c:/altera/12.0sp2/nios2eds/bin/gnu/h-i686-mingw32/bin/../lib/gcc/nios2-elf/4.1.2\libgcc.a(_mul_sf.o)
                              obj/default/bullet.o (__mulsf3)
c:/altera/12.0sp2/nios2eds/bin/gnu/h-i686-mingw32/bin/../lib/gcc/nios2-elf/4.1.2\libgcc.a(_div_sf.o)
                              obj/default/timer.o (__divsf3)
c:/altera/12.0sp2/nios2eds/bin/gnu/h-i686-mingw32/bin/../lib/gcc/nios2-elf/4.1.2\libgcc.a(_ge_sf.o)
                              obj/default/bullet.o (__gesf2)
c:/altera/12.0sp2/nios2eds/bin/gnu/h-i686-mingw32/bin/../lib/gcc/nios2-elf/4.1.2\libgcc.a(_le_sf.o)
                              obj/default/bullet.o (__lesf2)
c:/altera/12.0sp2/nios2eds/bin/gnu/h-i686-mingw32/bin/../lib/gcc/nios2-elf/4.1.2\libgcc.a(_si_to_sf.o)
                              obj/default/bullet.o (__floatsisf)
c:/altera/12.0sp2/nios2eds/bin/gnu/h-i686-mingw32/bin/../lib/gcc/nios2-elf/4.1.2\libgcc.a(_sf_to_si.o)
[...]
Memory Configuration

Name             Origin             Length             Attributes
reset            0x00800000         0x00000020
sdram_0          0x00800020         0x007fffe0
*default*        0x00000000         0xffffffff

Linker script and memory map

LOAD C:/Users/SarahLynn/Documents/School/School3/EECE381/LSN/LSN_bsp//obj/HAL/src/crt0.o
LOAD obj/default/audio.o
LOAD obj/default/bmp.o
LOAD obj/default/bullet.o
LOAD obj/default/collision.o
LOAD obj/default/displacement.o
LOAD obj/default/gameEnd.o
LOAD obj/default/input.o
LOAD obj/default/main.o
LOAD obj/default/nado.o
LOAD obj/default/player.o
LOAD obj/default/score.o
LOAD obj/default/sd_card.o
LOAD obj/default/shark.o
LOAD obj/default/splash.o
LOAD obj/default/timer.o
LOAD obj/default/vga.o
LOAD c:/altera/12.0sp2/nios2eds/bin/gnu/h-i686-mingw32/bin/../lib/gcc/nios2-elf/4.1.2/../../../../nios2-elf/lib\libstdc++.a
LOAD c:/altera/12.0sp2/nios2eds/bin/gnu/h-i686-mingw32/bin/../lib/gcc/nios2-elf/4.1.2/../../../../nios2-elf/lib\libm.a
LOAD c:/altera/12.0sp2/nios2eds/bin/gnu/h-i686-mingw32/bin/../lib/gcc/nios2-elf/4.1.2\libgcc.a
START GROUP
LOAD c:/altera/12.0sp2/nios2eds/bin/gnu/h-i686-mingw32/bin/../lib/gcc/nios2-elf/4.1.2/../../../../nios2-elf/lib\libc.a
LOAD c:/altera/12.0sp2/nios2eds/bin/gnu/h-i686-mingw32/bin/../lib/gcc/nios2-elf/4.1.2\libgcc.a
LOAD C:/Users/SarahLynn/Documents/School/School3/EECE381/LSN/LSN_bsp/\libhal_bsp.a
END GROUP
LOAD c:/altera/12.0sp2/nios2eds/bin/gnu/h-i686-mingw32/bin/../lib/gcc/nios2-elf/4.1.2\libgcc.a
                0x00800000                __alt_mem_sdram_0 = 0x800000

.entry          0x00800000       0x20
 *(.entry)
 .entry         0x00800000       0x20 C:/Users/SarahLynn/Documents/School/School3/EECE381/LSN/LSN_bsp//obj/HAL/src/crt0.o
                0x00800000                __reset

.exceptions     0x00800020      0x198
                0x00800020                PROVIDE (__ram_exceptions_start, ABSOLUTE (.))
                0x00800020                . = ALIGN (0x20)
 *(.irq)
 *(.exceptions.entry.label)
 .exceptions.entry.label
                0x00800020        0x0 C:/Users/SarahLynn/Documents/School/School3/EECE381/LSN/LSN_bsp/\libhal_bsp.a(alt_irq_entry.o)
                0x00800020                alt_irq_entry
 .exceptions.entry.label
                0x00800020        0x0 C:/Users/SarahLynn/Documents/School/School3/EECE381/LSN/LSN_bsp/\libhal_bsp.a(alt_exception_entry.o)
                0x00800020                alt_exception
 *(.exceptions.entry.user)
 *(.exceptions.entry)
 .exceptions.entry
                0x00800020       0x54 C:/Users/SarahLynn/Documents/School/School3/EECE381/LSN/LSN_bsp/\libhal_bsp.a(alt_exception_entry.o)
 *(.exceptions.irqtest.user)
 *(.exceptions.irqtest)
 .exceptions.irqtest
                0x00800074       0x10 C:/Users/SarahLynn/Documents/School/School3/EECE381/LSN/LSN_bsp/\libhal_bsp.a(alt_irq_entry.o)
 *(.exceptions.irqhandler.user)
 *(.exceptions.irqhandler)
 .exceptions.irqhandler
                0x00800084        0x4 C:/Users/SarahLynn/Documents/School/School3/EECE381/LSN/LSN_bsp/\libhal_bsp.a(alt_irq_entry.o)
 *(.exceptions.irqreturn.user)
 *(.exceptions.irqreturn)
 .exceptions.irqreturn
                0x00800088        0x4 C:/Users/SarahLynn/Documents/School/School3/EECE381/LSN/LSN_bsp/\libhal_bsp.a(alt_irq_entry.o)
 *(.exceptions.notirq.label)
 .exceptions.notirq.label
                0x0080008c        0x0 C:/Users/SarahLynn/Documents/School/School3/EECE381/LSN/LSN_bsp/\libhal_bsp.a(alt_irq_entry.o)
 *(.exceptions.notirq.user)
 *(.exceptions.notirq)
 .exceptions.notirq
                0x0080008c        0x8 C:/Users/SarahLynn/Documents/School/School3/EECE381/LSN/LSN_bsp/\libhal_bsp.a(alt_exception_entry.o)
 *(.exceptions.soft.user)
 *(.exceptions.soft)
 *(.exceptions.unknown.user)
 *(.exceptions.unknown)
 .exceptions.unknown
                0x00800094        0x4 C:/Users/SarahLynn/Documents/School/School3/EECE381/LSN/LSN_bsp/\libhal_bsp.a(alt_exception_entry.o)
 *(.exceptions.exit.label)
 .exceptions.exit.label
                0x00800098        0x0 C:/Users/SarahLynn/Documents/School/School3/EECE381/LSN/LSN_bsp/\libhal_bsp.a(alt_irq_entry.o)
 .exceptions.exit.label
                0x00800098        0x0 C:/Users/SarahLynn/Documents/School/School3/EECE381/LSN/LSN_bsp/\libhal_bsp.a(alt_exception_entry.o)
 *(.exceptions.exit.user)
 *(.exceptions.exit)
 .exceptions.exit
                0x00800098       0x54 C:/Users/SarahLynn/Documents/School/School3/EECE381/LSN/LSN_bsp/\libhal_bsp.a(alt_exception_entry.o)
 *(.exceptions)
 .exceptions    0x008000ec       0xcc C:/Users/SarahLynn/Documents/School/School3/EECE381/LSN/LSN_bsp/\libhal_bsp.a(alt_irq_handler.o)
                0x008000ec                alt_irq_handler
                0x008001b8                PROVIDE (__ram_exceptions_end, ABSOLUTE (.))
                0x00800020                PROVIDE (__flash_exceptions_start, LOADADDR (.exceptions))

.text           0x008001b8    0x1d2ec
                0x008001b8                PROVIDE (stext, ABSOLUTE (.))
 *(.interp)
 *(.hash)
 *(.dynsym)
 *(.dynstr)
 *(.gnu.version)
 *(.gnu.version_d)
 *(.gnu.version_r)
 *(.rel.init)
 *(.rela.init)
 *(.rel.text .rel.text.* .rel.gnu.linkonce.t.*)
 *(.rela.text .rela.text.* .rela.gnu.linkonce.t.*)
 *(.rel.fini)
 *(.rela.fini)
 *(.rel.rodata .rel.rodata.* .rel.gnu.linkonce.r.*)
 *(.rela.rodata .rela.rodata.* .rela.gnu.linkonce.r.*)
 *(.rel.data .rel.data.* .rel.gnu.linkonce.d.*)
 *(.rela.data .rela.data.* .rela.gnu.linkonce.d.*)
 *(.rel.tdata .rel.tdata.* .rel.gnu.linkonce.td.*)
 *(.rela.tdata .rela.tdata.* .rela.gnu.linkonce.td.*)
 *(.rel.tbss .rel.tbss.* .rel.gnu.linkonce.tb.*)
 *(.rela.tbss .rela.tbss.* .rela.gnu.linkonce.tb.*)
 *(.rel.ctors)
 *(.rela.ctors)
 *(.rel.dtors)
 *(.rela.dtors)
 *(.rel.got)
 *(.rela.got)
 *(.rel.sdata .rel.sdata.* .rel.gnu.linkonce.s.*)
 *(.rela.sdata .rela.sdata.* .rela.gnu.linkonce.s.*)
 *(.rel.sbss .rel.sbss.* .rel.gnu.linkonce.sb.*)
 *(.rela.sbss .rela.sbss.* .rela.gnu.linkonce.sb.*)
 *(.rel.sdata2 .rel.sdata2.* .rel.gnu.linkonce.s2.*)
 *(.rela.sdata2 .rela.sdata2.* .rela.gnu.linkonce.s2.*)
 *(.rel.sbss2 .rel.sbss2.* .rel.gnu.linkonce.sb2.*)
 *(.rela.sbss2 .rela.sbss2.* .rela.gnu.linkonce.sb2.*)
 *(.rel.bss .rel.bss.* .rel.gnu.linkonce.b.*)
 *(.rela.bss .rela.bss.* .rela.gnu.linkonce.b.*)
 *(.rel.plt)
 *(.rela.plt)
 *(.rel.dyn)
 *(.init)
 *(.plt)
 *(.text .stub .text.* .gnu.linkonce.t.*)
 .text          0x008001b8       0x4c C:/Users/SarahLynn/Documents/School/School3/EECE381/LSN/LSN_bsp//obj/HAL/src/crt0.o
                0x008001b8                _start
 .text          0x00800204      0xd14 obj/default/audio.o
                0x00800204                setupAudio
                0x00800390                setupAudioInterrupt
                0x008003e8                loadLaser
                0x00800430                loadPlayerDeath
                0x00800478                loadSharkDeath
                0x008004c0                loadTheme
                0x0080050c                playAudioMono
                0x0080057c                playAudio
                0x00800618                readWavFile
                0x00800770                playSound
                0x008007c8                playLaser
                0x008007f8                playPlayerDeath
                0x00800828                playSharkDeath
                0x00800858                playTheme
                0x008008b0                stopTheme
                0x008008d0                clearPlayBuffer
                0x00800928                addToPlayBuffer
                0x008009c4                addChunkToPlayBuffer
                0x00800c70                changeBufferVolume
                0x00800e7c                updateAudioWithVolume
 .text          0x00800f18      0x7cc obj/default/bmp.o
                0x00800f18                parseBmp
                0x008012b8                parseBmps
                0x008013bc                freeBmps
                0x00801408                freeSplash
                0x00801440                drawBmp
                0x008015a8                eraseBmp
 .text          0x008016e4      0xb7c obj/default/bullet.o
                0x008016e4                initBullets
                0x008017a0                createBullet
                0x00801ab8                moveAllBullets
                0x00801b80                drawAllBullets
                0x00801c28                eraseAllBullets
                0x00801cf0                drawBullet
                0x00801de0                eraseBullet
                0x00801ec8                moveBulletRight
                0x00801f74                deleteBullet
                0x00802008                moveBulletLeft
 .text          0x00802260      0xc48 obj/default/collision.o
                0x00802260                initCollision
                0x00802764                findSharkIfHit
                0x00802804                isBulletCollidingWithShark
                0x008029d8                isBulletCollidingWithPlayer
                0x00802bac                isBulletCollidingWithNado
                0x00802ca0                doSharkBulletCollision
                0x00802d48                doPlayerBulletCollision
                0x00802dec                doNadoBulletCollision
 .text          0x00802ea8      0x724 obj/default/displacement.o
                0x00802ea8                setupDisplacement
                0x00802f38                setupVerticalDisplacementFunction
                0x0080303c                setupCircularDisplacementFunction
                0x0080312c                setupArcDisplacementFunction
                0x00803218                setupNoDisplcementFunction
                0x008032a8                makeRight
                0x008032e8                makeLeft
                0x00803328                makeUp
                0x00803368                makeDown
                0x008033a8                makeDownRight
                0x008033e8                makeDownLeft
                0x00803428                makeUpRight
                0x00803468                makeUpLeft
                0x008034a8                setToRandomDisplacement
 .text          0x008035cc       0x60 obj/default/gameEnd.o
                0x008035cc                gameEndSequence
 .text          0x0080362c      0x530 obj/default/input.o
                0x0080362c                handleKeyInput
                0x00803808                handleSwitchInput
                0x008038dc                handleAtariInput
                0x00803a5c                delayUntilUPAndButtonPressed
                0x00803ad4                gameStart
 .text          0x00803b5c      0x214 obj/default/main.o
                0x00803b5c                init
                0x00803be8                main
 .text          0x00803d70      0x174 obj/default/nado.o
                0x00803d70                initNado
                0x00803d8c                drawNado
                0x00803dc4                drawCommonNado
                0x00803df0                drawANado
                0x00803e1c                eraseANado
                0x00803e48                drawBNado
                0x00803e74                eraseBNado
                0x00803ea0                drawInitialNado
 .text          0x00803ee4      0x2e0 obj/default/player.o
                0x00803ee4                initPlayer
                0x00803f40                drawPlayer
                0x00803f84                erasePlayer
                0x00803fc8                moveUpPlayer
                0x00804054                moveDownPlayer
                0x008040e0                keepPlayerStationary
                0x0080413c                hitPlayer
                0x008041a8                killPlayer
 .text          0x008041c4     0x1204 obj/default/score.o
                0x008041c4                initScoreBoard
                0x00804228                defaultHighScoreBoard
                0x008042d0                readHighScoreBoardFromSD
                0x00804624                updateHighScoreBoard
                0x00804abc                obtainUserInitials
                0x00804e30                updateCurrentPlayerScore
                0x00804e68                setCurrentPlayerScore
                0x00804e94                getCurrentPlayerScore
                0x00804eb8                setCurrentPlayerLives
                0x00804ee4                getCurrentPlayerLives
                0x00804f08                drawScore
                0x00805140                clearScore
                0x0080516c                drawInGameInfo
 .text          0x008053c8      0x374 obj/default/sd_card.o
                0x008053c8                openSdCard
                0x00805428                openFile
                0x00805468                closeFile
                0x00805498                readByte
                0x008054cc                readWord
                0x00805560                readDWord
                0x00805634                getWavFileLength
                0x008056ec                readPastWavHeader
 .text          0x0080573c      0x978 obj/default/shark.o
                0x0080573c                initSharks
                0x008057d8                getFreeShark
                0x0080586c                drawShark
                0x008058f8                eraseShark
                0x00805954                moveShark
                0x00805b74                moveAllSharks
                0x00805bc4                drawAllSharks
                0x00805c14                eraseAllSharks
                0x00805c64                createShark
                0x00805ed0                killShark
                0x00805f98                cleanupDeadSharks
 .text          0x008060b4      0x1b0 obj/default/splash.o
                0x008060b4                drawSplashScreen
                0x00806138                swapSplashScreenText
                0x008061b8                drawSplashAfterDeath
                0x0080623c                clearSplashScreen
 .text          0x00806264      0x390 obj/default/timer.o
                0x00806264                timer_test
                0x008064f4                initHardwareTimer
                0x00806524                setHardwareTimerPeriod
                0x0080656c                isHardwareTimerRunning
                0x008065a0                hasHardwareTimerExpired
                0x008065c8                startHardwareTimer
 .text          0x008065f4      0x3e0 obj/default/vga.o
                0x008065f4                initVga
                0x00806688                clearScreen
                0x008066cc                swapBuffers
                0x00806708                drawPixel
                0x0080674c                drawPixelFast
                0x008067d0                drawLine
                0x00806898                printLine
                0x008068dc                drawBox
                0x0080693c                convert24BitRgbTo16
 .text          0x008069d4      0x488 c:/altera/12.0sp2/nios2eds/bin/gnu/h-i686-mingw32/bin/../lib/gcc/nios2-elf/4.1.2/../../../../nios2-elf/lib\libm.a(lib_a-w_pow.o)
                0x008069d4                pow
 .text          0x00806e5c      0x130 c:/altera/12.0sp2/nios2eds/bin/gnu/h-i686-mingw32/bin/../lib/gcc/nios2-elf/4.1.2/../../../../nios2-elf/lib\libm.a(lib_a-w_sqrt.o)
                0x00806e5c                sqrt
 .text          0x00806f8c     0x1300 c:/altera/12.0sp2/nios2eds/bin/gnu/h-i686-mingw32/bin/../lib/gcc/nios2-elf/4.1.2/../../../../nios2-elf/lib\libm.a(lib_a-e_pow.o)
                0x00806f8c                __ieee754_pow
 .text          0x0080828c      0x2c8 c:/altera/12.0sp2/nios2eds/bin/gnu/h-i686-mingw32/bin/../lib/gcc/nios2-elf/4.1.2/../../../../nios2-elf/lib\libm.a(lib_a-e_sqrt.o)
                0x0080828c                __ieee754_sqrt
 .text          0x00808554       0x18 c:/altera/12.0sp2/nios2eds/bin/gnu/h-i686-mingw32/bin/../lib/gcc/nios2-elf/4.1.2/../../../../nios2-elf/lib\libm.a(lib_a-s_fabs.o)
                0x00808554                fabs
 .text          0x0080856c       0x1c c:/altera/12.0sp2/nios2eds/bin/gnu/h-i686-mingw32/bin/../lib/gcc/nios2-elf/4.1.2/../../../../nios2-elf/lib\libm.a(lib_a-s_finite.o)
                0x0080856c                finite
 .text          0x00808588       0x30 c:/altera/12.0sp2/nios2eds/bin/gnu/h-i686-mingw32/bin/../lib/gcc/nios2-elf/4.1.2/../../../../nios2-elf/lib\libm.a(lib_a-s_isnand.o)
                0x00808588                __isnand
 .text          0x008085b8        0x0 c:/altera/12.0sp2/nios2eds/bin/gnu/h-i686-mingw32/bin/../lib/gcc/nios2-elf/4.1.2/../../../../nios2-elf/lib\libm.a(lib_a-s_lib_ver.o)
 .text          0x008085b8        0x8 c:/altera/12.0sp2/nios2eds/bin/gnu/h-i686-mingw32/bin/../lib/gcc/nios2-elf/4.1.2/../../../../nios2-elf/lib\libm.a(lib_a-s_matherr.o)
                0x008085b8                matherr
 .text          0x008085c0       0x10 c:/altera/12.0sp2/nios2eds/bin/gnu/h-i686-mingw32/bin/../lib/gcc/nios2-elf/4.1.2/../../../../nios2-elf/lib\libm.a(lib_a-s_nan.o)
                0x008085c0                nan
 .text          0x008085d0      0x210 c:/altera/12.0sp2/nios2eds/bin/gnu/h-i686-mingw32/bin/../lib/gcc/nios2-elf/4.1.2/../../../../nios2-elf/lib\libm.a(lib_a-s_rint.o)
                0x008085d0                rint
 .text          0x008087e0      0x1e0 c:/altera/12.0sp2/nios2eds/bin/gnu/h-i686-mingw32/bin/../lib/gcc/nios2-elf/4.1.2/../../../../nios2-elf/lib\libm.a(lib_a-s_scalbn.o)
                0x008087e0                scalbn
 .text          0x008089c0       0x24 c:/altera/12.0sp2/nios2eds/bin/gnu/h-i686-mingw32/bin/../lib/gcc/nios2-elf/4.1.2/../../../../nios2-elf/lib\libm.a(lib_a-s_copysign.o)
                0x008089c0                copysign
 .text          0x008089e4       0x70 c:/altera/12.0sp2/nios2eds/bin/gnu/h-i686-mingw32/bin/../lib/gcc/nios2-elf/4.1.2\libgcc.a(_fixunssfsi.o)
                0x008089e4                __fixunssfsi
 .text          0x00808a54      0x2b8 c:/altera/12.0sp2/nios2eds/bin/gnu/h-i686-mingw32/bin/../lib/gcc/nios2-elf/4.1.2\libgcc.a(_addsub_sf.o)
                0x00808c38                __subsf3
                0x00808ca8                __addsf3
 .text          0x00808d0c      0x1e0 c:/altera/12.0sp2/nios2eds/bin/gnu/h-i686-mingw32/bin/../lib/gcc/nios2-elf/4.1.2\libgcc.a(_mul_sf.o)
                0x00808d0c                __mulsf3
 .text          0x00808eec      0x174 c:/altera/12.0sp2/nios2eds/bin/gnu/h-i686-mingw32/bin/../lib/gcc/nios2-elf/4.1.2\libgcc.a(_div_sf.o)
                0x00808eec                __divsf3
 .text          0x00809060       0x78 c:/altera/12.0sp2/nios2eds/bin/gnu/h-i686-mingw32/bin/../lib/gcc/nios2-elf/4.1.2\libgcc.a(_ge_sf.o)
                0x00809060                __gesf2
 .text          0x008090d8       0x78 c:/altera/12.0sp2/nios2eds/bin/gnu/h-i686-mingw32/bin/../lib/gcc/nios2-elf/4.1.2\libgcc.a(_le_sf.o)
                0x008090d8                __lesf2
 .text          0x00809150       0x98 c:/altera/12.0sp2/nios2eds/bin/gnu/h-i686-mingw32/bin/../lib/gcc/nios2-elf/4.1.2\libgcc.a(_si_to_sf.o)
                0x00809150                __floatsisf
 .text          0x008091e8       0x94 c:/altera/12.0sp2/nios2eds/bin/gnu/h-i686-mingw32/bin/../lib/gcc/nios2-elf/4.1.2\libgcc.a(_sf_to_si.o)
                0x008091e8                __fixsfsi
 .text          0x0080927c       0x54 c:/altera/12.0sp2/nios2eds/bin/gnu/h-i686-mingw32/bin/../lib/gcc/nios2-elf/4.1.2\libgcc.a(_sf_to_df.o)
                0x0080927c                __extendsfdf2
 .text          0x008092d0        0x0 c:/altera/12.0sp2/nios2eds/bin/gnu/h-i686-mingw32/bin/../lib/gcc/nios2-elf/4.1.2\libgcc.a(_thenan_sf.o)
 .text          0x008092d0      0x504 c:/altera/12.0sp2/nios2eds/bin/gnu/h-i686-mingw32/bin/../lib/gcc/nios2-elf/4.1.2\libgcc.a(_addsub_df.o)
                0x008096e0                __subdf3
                0x00809760                __adddf3
 .text          0x008097d4      0x3c4 c:/altera/12.0sp2/nios2eds/bin/gnu/h-i686-mingw32/bin/../lib/gcc/nios2-elf/4.1.2\libgcc.a(_mul_df.o)
                0x008097d4                __muldf3
 .text          0x00809b98      0x258 c:/altera/12.0sp2/nios2eds/bin/gnu/h-i686-mingw32/bin/../lib/gcc/nios2-elf/4.1.2\libgcc.a(_div_df.o)
                0x00809b98                __divdf3
 .text          0x00809df0       0x88 c:/altera/12.0sp2/nios2eds/bin/gnu/h-i686-mingw32/bin/../lib/gcc/nios2-elf/4.1.2\libgcc.a(_eq_df.o)
                0x00809df0                __eqdf2
 .text          0x00809e78       0x88 c:/altera/12.0sp2/nios2eds/bin/gnu/h-i686-mingw32/bin/../lib/gcc/nios2-elf/4.1.2\libgcc.a(_ne_df.o)
                0x00809e78                __nedf2
 .text          0x00809f00       0x88 c:/altera/12.0sp2/nios2eds/bin/gnu/h-i686-mingw32/bin/../lib/gcc/nios2-elf/4.1.2\libgcc.a(_gt_df.o)
                0x00809f00                __gtdf2
 .text          0x00809f88       0x88 c:/altera/12.0sp2/nios2eds/bin/gnu/h-i686-mingw32/bin/../lib/gcc/nios2-elf/4.1.2\libgcc.a(_lt_df.o)
                0x00809f88                __ltdf2
 .text          0x0080a010       0x88 c:/altera/12.0sp2/nios2eds/bin/gnu/h-i686-mingw32/bin/../lib/gcc/nios2-elf/4.1.2\libgcc.a(_le_df.o)
                0x0080a010                __ledf2
 .text          0x0080a098       0xf8 c:/altera/12.0sp2/nios2eds/bin/gnu/h-i686-mingw32/bin/../lib/gcc/nios2-elf/4.1.2\libgcc.a(_si_to_df.o)
                0x0080a098                __floatsidf
 .text          0x0080a190       0xd8 c:/altera/12.0sp2/nios2eds/bin/gnu/h-i686-mingw32/bin/../lib/gcc/nios2-elf/4.1.2\libgcc.a(_df_to_si.o)
                0x0080a190                __fixdfsi
 .text          0x0080a268       0x38 c:/altera/12.0sp2/nios2eds/bin/gnu/h-i686-mingw32/bin/../lib/gcc/nios2-elf/4.1.2\libgcc.a(_make_df.o)
                0x0080a268                __make_dp
 .text          0x0080a2a0       0x74 c:/altera/12.0sp2/nios2eds/bin/gnu/h-i686-mingw32/bin/../lib/gcc/nios2-elf/4.1.2\libgcc.a(_df_to_sf.o)
                0x0080a2a0                __truncdfsf2
 .text          0x0080a314        0x0 c:/altera/12.0sp2/nios2eds/bin/gnu/h-i686-mingw32/bin/../lib/gcc/nios2-elf/4.1.2\libgcc.a(_thenan_df.o)
 .text          0x0080a314      0x14c c:/altera/12.0sp2/nios2eds/bin/gnu/h-i686-mingw32/bin/../lib/gcc/nios2-elf/4.1.2\libgcc.a(lib2-divmod.o)
                0x0080a390                __divsi3
                0x0080a3f0                __modsi3
                0x0080a450                __udivsi3
                0x0080a458                __umodsi3
 .text          0x0080a460       0x98 c:/altera/12.0sp2/nios2eds/bin/gnu/h-i686-mingw32/bin/../lib/gcc/nios2-elf/4.1.2\libgcc.a(_muldi3.o)
                0x0080a460                __muldi3
 .text          0x0080a4f8       0x80 c:/altera/12.0sp2/nios2eds/bin/gnu/h-i686-mingw32/bin/../lib/gcc/nios2-elf/4.1.2\libgcc.a(_clzsi2.o)
                0x0080a4f8                __clzsi2
 .text          0x0080a578      0x160 c:/altera/12.0sp2/nios2eds/bin/gnu/h-i686-mingw32/bin/../lib/gcc/nios2-elf/4.1.2\libgcc.a(_pack_sf.o)
                0x0080a578                __pack_f
 .text          0x0080a6d8       0xc8 c:/altera/12.0sp2/nios2eds/bin/gnu/h-i686-mingw32/bin/../lib/gcc/nios2-elf/4.1.2\libgcc.a(_unpack_sf.o)
                0x0080a6d8                __unpack_f
 .text          0x0080a7a0       0xa8 c:/altera/12.0sp2/nios2eds/bin/gnu/h-i686-mingw32/bin/../lib/gcc/nios2-elf/4.1.2\libgcc.a(_fpcmp_parts_sf.o)
                0x0080a7a0                __fpcmp_parts_f
 .text          0x0080a848       0x2c c:/altera/12.0sp2/nios2eds/bin/gnu/h-i686-mingw32/bin/../lib/gcc/nios2-elf/4.1.2\libgcc.a(_make_sf.o)
                0x0080a848                __make_fp
 .text          0x0080a874      0x314 c:/altera/12.0sp2/nios2eds/bin/gnu/h-i686-mingw32/bin/../lib/gcc/nios2-elf/4.1.2\libgcc.a(_pack_df.o)
                0x0080a874                __pack_d
 .text          0x0080ab88      0x138 c:/altera/12.0sp2/nios2eds/bin/gnu/h-i686-mingw32/bin/../lib/gcc/nios2-elf/4.1.2\libgcc.a(_unpack_df.o)
                0x0080ab88                __unpack_d
 .text          0x0080acc0       0xc8 c:/altera/12.0sp2/nios2eds/bin/gnu/h-i686-mingw32/bin/../lib/gcc/nios2-elf/4.1.2\libgcc.a(_fpcmp_parts_df.o)
                0x0080acc0                __fpcmp_parts_d
 .text          0x0080ad88        0x0 c:/altera/12.0sp2/nios2eds/bin/gnu/h-i686-mingw32/bin/../lib/gcc/nios2-elf/4.1.2\libgcc.a(_clz.o)
 .text          0x0080ad88       0x10 c:/altera/12.0sp2/nios2eds/bin/gnu/h-i686-mingw32/bin/../lib/gcc/nios2-elf/4.1.2/../../../../nios2-elf/lib\libc.a(lib_a-errno.o)
                0x0080ad88                __errno
 .text          0x0080ad98        0x0 c:/altera/12.0sp2/nios2eds/bin/gnu/h-i686-mingw32/bin/../lib/gcc/nios2-elf/4.1.2/../../../../nios2-elf/lib\libc.a(lib_a-impure.o)
 .text          0x0080ad98       0x28 c:/altera/12.0sp2/nios2eds/bin/gnu/h-i686-mingw32/bin/../lib/gcc/nios2-elf/4.1.2/../../../../nios2-elf/lib\libc.a(lib_a-malloc.o)
                0x0080ad98                free
                0x0080adac                malloc
 .text          0x0080adc0      0x740 c:/altera/12.0sp2/nios2eds/bin/gnu/h-i686-mingw32/bin/../lib/gcc/nios2-elf/4.1.2/../../../../nios2-elf/lib\libc.a(lib_a-mallocr.o)
                0x0080adc0                _malloc_r
 .text          0x0080b500       0x78 c:/altera/12.0sp2/nios2eds/bin/gnu/h-i686-mingw32/bin/../lib/gcc/nios2-elf/4.1.2/../../../../nios2-elf/lib\libc.a(lib_a-printf.o)
                0x0080b500                printf
                0x0080b544                _printf_r
 .text          0x0080b578       0xb4 c:/altera/12.0sp2/nios2eds/bin/gnu/h-i686-mingw32/bin/../lib/gcc/nios2-elf/4.1.2/../../../../nios2-elf/lib\libc.a(lib_a-puts.o)
                0x0080b578                _puts_r
                0x0080b618                puts
 .text          0x0080b62c       0x94 c:/altera/12.0sp2/nios2eds/bin/gnu/h-i686-mingw32/bin/../lib/gcc/nios2-elf/4.1.2/../../../../nios2-elf/lib\libc.a(lib_a-rand.o)
                0x0080b62c                srand
                0x0080b648                rand
 .text          0x0080b6c0       0x70 c:/altera/12.0sp2/nios2eds/bin/gnu/h-i686-mingw32/bin/../lib/gcc/nios2-elf/4.1.2/../../../../nios2-elf/lib\libc.a(lib_a-sbrkr.o)
                0x0080b6c0                _sbrk_r
 .text          0x0080b730       0x74 c:/altera/12.0sp2/nios2eds/bin/gnu/h-i686-mingw32/bin/../lib/gcc/nios2-elf/4.1.2/../../../../nios2-elf/lib\libc.a(lib_a-strlen.o)
                0x0080b730                strlen
 .text          0x0080b7a4       0x5c c:/altera/12.0sp2/nios2eds/bin/gnu/h-i686-mingw32/bin/../lib/gcc/nios2-elf/4.1.2/../../../../nios2-elf/lib\libc.a(lib_a-time.o)
                0x0080b7a4                time
 .text          0x0080b800     0x1f28 c:/altera/12.0sp2/nios2eds/bin/gnu/h-i686-mingw32/bin/../lib/gcc/nios2-elf/4.1.2/../../../../nios2-elf/lib\libc.a(lib_a-vfprintf.o)
                0x0080b858                ___vfprintf_internal_r
                0x0080d704                __vfprintf_internal
 .text          0x0080d728      0x13c c:/altera/12.0sp2/nios2eds/bin/gnu/h-i686-mingw32/bin/../lib/gcc/nios2-elf/4.1.2/../../../../nios2-elf/lib\libc.a(lib_a-wsetup.o)
                0x0080d728                __swsetup_r
 .text          0x0080d864     0x17cc c:/altera/12.0sp2/nios2eds/bin/gnu/h-i686-mingw32/bin/../lib/gcc/nios2-elf/4.1.2/../../../../nios2-elf/lib\libc.a(lib_a-dtoa.o)
                0x0080da7c                _dtoa_r
 .text          0x0080f030      0x230 c:/altera/12.0sp2/nios2eds/bin/gnu/h-i686-mingw32/bin/../lib/gcc/nios2-elf/4.1.2/../../../../nios2-elf/lib\libc.a(lib_a-fflush.o)
                0x0080f030                _fflush_r
                0x0080f22c                fflush
 .text          0x0080f260      0x2c0 c:/altera/12.0sp2/nios2eds/bin/gnu/h-i686-mingw32/bin/../lib/gcc/nios2-elf/4.1.2/../../../../nios2-elf/lib\libc.a(lib_a-findfp.o)
                0x0080f2b8                __sfp_lock_acquire
                0x0080f2bc                __sfp_lock_release
                0x0080f2c0                __sinit_lock_acquire
                0x0080f2c4                __sinit_lock_release
                0x0080f2c8                __sinit
                0x0080f37c                __fp_unlock_all
                0x0080f394                __fp_lock_all
                0x0080f3ac                _cleanup_r
                0x0080f3b8                _cleanup
                0x0080f3c8                __sfmoreglue
                0x0080f430                __sfp
 .text          0x0080f520      0x440 c:/altera/12.0sp2/nios2eds/bin/gnu/h-i686-mingw32/bin/../lib/gcc/nios2-elf/4.1.2/../../../../nios2-elf/lib\libc.a(lib_a-freer.o)
                0x0080f520                _malloc_trim_r
                0x0080f64c                _free_r
 .text          0x0080f960      0x49c c:/altera/12.0sp2/nios2eds/bin/gnu/h-i686-mingw32/bin/../lib/gcc/nios2-elf/4.1.2/../../../../nios2-elf/lib\libc.a(lib_a-fvwrite.o)
                0x0080f960                __sfvwrite_r
 .text          0x0080fdfc      0x180 c:/altera/12.0sp2/nios2eds/bin/gnu/h-i686-mingw32/bin/../lib/gcc/nios2-elf/4.1.2/../../../../nios2-elf/lib\libc.a(lib_a-fwalk.o)
                0x0080fdfc                _fwalk_reent
                0x0080fec4                _fwalk
 .text          0x0080ff7c       0x74 c:/altera/12.0sp2/nios2eds/bin/gnu/h-i686-mingw32/bin/../lib/gcc/nios2-elf/4.1.2/../../../../nios2-elf/lib\libc.a(lib_a-gettimeofdayr.o)
                0x0080ff7c                _gettimeofday_r
 .text          0x0080fff0        0x0 c:/altera/12.0sp2/nios2eds/bin/gnu/h-i686-mingw32/bin/../lib/gcc/nios2-elf/4.1.2/../../../../nios2-elf/lib\libc.a(lib_a-int_errno.o)
 .text          0x0080fff0       0xc4 c:/altera/12.0sp2/nios2eds/bin/gnu/h-i686-mingw32/bin/../lib/gcc/nios2-elf/4.1.2/../../../../nios2-elf/lib\libc.a(lib_a-locale.o)
                0x0080fff0                __locale_charset
                0x0080fff8                _localeconv_r
                0x00810004                localeconv
                0x00810014                _setlocale_r
                0x00810098                setlocale
 .text          0x008100b4      0x194 c:/altera/12.0sp2/nios2eds/bin/gnu/h-i686-mingw32/bin/../lib/gcc/nios2-elf/4.1.2/../../../../nios2-elf/lib\libc.a(lib_a-makebuf.o)
                0x008100b4                __smakebuf_r
 .text          0x00810248       0xe4 c:/altera/12.0sp2/nios2eds/bin/gnu/h-i686-mingw32/bin/../lib/gcc/nios2-elf/4.1.2/../../../../nios2-elf/lib\libc.a(lib_a-memchr.o)
                0x00810248                memchr
 .text          0x0081032c       0xa0 c:/altera/12.0sp2/nios2eds/bin/gnu/h-i686-mingw32/bin/../lib/gcc/nios2-elf/4.1.2/../../../../nios2-elf/lib\libc.a(lib_a-memcpy.o)
                0x0081032c                memcpy
 .text          0x008103cc       0xe0 c:/altera/12.0sp2/nios2eds/bin/gnu/h-i686-mingw32/bin/../lib/gcc/nios2-elf/4.1.2/../../../../nios2-elf/lib\libc.a(lib_a-memmove.o)
                0x008103cc                memmove
 .text          0x008104ac       0x98 c:/altera/12.0sp2/nios2eds/bin/gnu/h-i686-mingw32/bin/../lib/gcc/nios2-elf/4.1.2/../../../../nios2-elf/lib\libc.a(lib_a-memset.o)
                0x008104ac                memset
 .text          0x00810544      0xff4 c:/altera/12.0sp2/nios2eds/bin/gnu/h-i686-mingw32/bin/../lib/gcc/nios2-elf/4.1.2/../../../../nios2-elf/lib\libc.a(lib_a-mprec.o)
                0x00810544                _Bfree
                0x0081056c                __hi0bits
                0x008105dc                __lo0bits
                0x008106a0                __mcmp
                0x00810700                __ulp
                0x00810780                __b2d
                0x008108a0                __ratio
                0x00810950                _mprec_log10
                0x008109e4                __copybits
                0x00810a3c                __any_on
                0x00810ac4                _Balloc
                0x00810b80                __d2b
                0x00810cfc                __mdiff
                0x00810e88                __lshift
                0x00810fd4                __multiply
                0x008111bc                __i2b
                0x008111f8                __multadd
                0x008112f8                __pow5mult
                0x00811418                __s2b
 .text          0x00811538      0x5f4 c:/altera/12.0sp2/nios2eds/bin/gnu/h-i686-mingw32/bin/../lib/gcc/nios2-elf/4.1.2/../../../../nios2-elf/lib\libc.a(lib_a-reallocr.o)
                0x00811538                _realloc_r
 .text          0x00811b2c       0x40 c:/altera/12.0sp2/nios2eds/bin/gnu/h-i686-mingw32/bin/../lib/gcc/nios2-elf/4.1.2/../../../../nios2-elf/lib\libc.a(lib_a-s_isinfd.o)
                0x00811b2c                __isinfd
 .text          0x00811b6c      0x14c c:/altera/12.0sp2/nios2eds/bin/gnu/h-i686-mingw32/bin/../lib/gcc/nios2-elf/4.1.2/../../../../nios2-elf/lib\libc.a(lib_a-stdio.o)
                0x00811b6c                __sclose
                0x00811b74                __sseek
                0x00811bdc                __swrite
                0x00811c58                __sread
 .text          0x00811cb8       0xbc c:/altera/12.0sp2/nios2eds/bin/gnu/h-i686-mingw32/bin/../lib/gcc/nios2-elf/4.1.2/../../../../nios2-elf/lib\libc.a(lib_a-strcmp.o)
                0x00811cb8                strcmp
 .text          0x00811d74       0x78 c:/altera/12.0sp2/nios2eds/bin/gnu/h-i686-mingw32/bin/../lib/gcc/nios2-elf/4.1.2/../../../../nios2-elf/lib\libc.a(lib_a-writer.o)
                0x00811d74                _write_r
 .text          0x00811dec       0xb4 c:/altera/12.0sp2/nios2eds/bin/gnu/h-i686-mingw32/bin/../lib/gcc/nios2-elf/4.1.2/../../../../nios2-elf/lib\libc.a(lib_a-callocr.o)
                0x00811dec                _calloc_r
 .text          0x00811ea0       0x70 c:/altera/12.0sp2/nios2eds/bin/gnu/h-i686-mingw32/bin/../lib/gcc/nios2-elf/4.1.2/../../../../nios2-elf/lib\libc.a(lib_a-closer.o)
                0x00811ea0                _close_r
 .text          0x00811f10      0x124 c:/altera/12.0sp2/nios2eds/bin/gnu/h-i686-mingw32/bin/../lib/gcc/nios2-elf/4.1.2/../../../../nios2-elf/lib\libc.a(lib_a-fclose.o)
                0x00811f10                _fclose_r
                0x00812020                fclose
 .text          0x00812034       0x74 c:/altera/12.0sp2/nios2eds/bin/gnu/h-i686-mingw32/bin/../lib/gcc/nios2-elf/4.1.2/../../../../nios2-elf/lib\libc.a(lib_a-fstatr.o)
                0x00812034                _fstat_r
 .text          0x008120a8       0x70 c:/altera/12.0sp2/nios2eds/bin/gnu/h-i686-mingw32/bin/../lib/gcc/nios2-elf/4.1.2/../../../../nios2-elf/lib\libc.a(lib_a-isattyr.o)
                0x008120a8                _isatty_r
 .text          0x00812118       0x78 c:/altera/12.0sp2/nios2eds/bin/gnu/h-i686-mingw32/bin/../lib/gcc/nios2-elf/4.1.2/../../../../nios2-elf/lib\libc.a(lib_a-lseekr.o)
                0x00812118                _lseek_r
 .text          0x00812190       0x78 c:/altera/12.0sp2/nios2eds/bin/gnu/h-i686-mingw32/bin/../lib/gcc/nios2-elf/4.1.2/../../../../nios2-elf/lib\libc.a(lib_a-readr.o)
                0x00812190                _read_r
 .text          0x00812208      0x5dc c:/altera/12.0sp2/nios2eds/bin/gnu/h-i686-mingw32/bin/../lib/gcc/nios2-elf/4.1.2\libgcc.a(_udivdi3.o)
                0x00812208                __udivdi3
 .text          0x008127e4      0x5b0 c:/altera/12.0sp2/nios2eds/bin/gnu/h-i686-mingw32/bin/../lib/gcc/nios2-elf/4.1.2\libgcc.a(_umoddi3.o)
                0x008127e4                __umoddi3
 .text          0x00812d94       0x88 c:/altera/12.0sp2/nios2eds/bin/gnu/h-i686-mingw32/bin/../lib/gcc/nios2-elf/4.1.2\libgcc.a(_ge_df.o)
                0x00812d94                __gedf2
 .text          0x00812e1c      0x194 c:/altera/12.0sp2/nios2eds/bin/gnu/h-i686-mingw32/bin/../lib/gcc/nios2-elf/4.1.2\libgcc.a(_usi_to_df.o)
                0x00812e1c                __floatunsidf
 .text          0x00812fb0      0x15c C:/Users/SarahLynn/Documents/School/School3/EECE381/LSN/LSN_bsp/\libhal_bsp.a(alt_close.o)
                0x00812fb0                close
 .text          0x0081310c       0x2c C:/Users/SarahLynn/Documents/School/School3/EECE381/LSN/LSN_bsp/\libhal_bsp.a(alt_dev.o)
 .text          0x00813138        0x0 C:/Users/SarahLynn/Documents/School/School3/EECE381/LSN/LSN_bsp/\libhal_bsp.a(alt_errno.o)
 .text          0x00813138      0x134 C:/Users/SarahLynn/Documents/School/School3/EECE381/LSN/LSN_bsp/\libhal_bsp.a(alt_fstat.o)
                0x00813138                fstat
 .text          0x0081326c      0x21c C:/Users/SarahLynn/Documents/School/School3/EECE381/LSN/LSN_bsp/\libhal_bsp.a(alt_gettod.o)
                0x0081326c                gettimeofday
 .text          0x00813488      0x1c0 C:/Users/SarahLynn/Documents/School/School3/EECE381/LSN/LSN_bsp/\libhal_bsp.a(alt_irq_register.o)
                0x00813488                alt_irq_register
 .text          0x00813648        0x0 C:/Users/SarahLynn/Documents/School/School3/EECE381/LSN/LSN_bsp/\libhal_bsp.a(alt_irq_vars.o)
 .text          0x00813648      0x120 C:/Users/SarahLynn/Documents/School/School3/EECE381/LSN/LSN_bsp/\libhal_bsp.a(alt_isatty.o)
                0x00813648                isatty
 .text          0x00813768       0xec C:/Users/SarahLynn/Documents/School/School3/EECE381/LSN/LSN_bsp/\libhal_bsp.a(alt_load.o)
                0x00813768                alt_load
 .text          0x00813854      0x150 C:/Users/SarahLynn/Documents/School/School3/EECE381/LSN/LSN_bsp/\libhal_bsp.a(alt_lseek.o)
                0x00813854                lseek
 .text          0x008139a4       0x6c C:/Users/SarahLynn/Documents/School/School3/EECE381/LSN/LSN_bsp/\libhal_bsp.a(alt_main.o)
                0x008139a4                alt_main
 .text          0x00813a10       0x40 C:/Users/SarahLynn/Documents/School/School3/EECE381/LSN/LSN_bsp/\libhal_bsp.a(alt_malloc_lock.o)
                0x00813a10                __malloc_lock
                0x00813a30                __malloc_unlock
 .text          0x00813a50      0x180 C:/Users/SarahLynn/Documents/School/School3/EECE381/LSN/LSN_bsp/\libhal_bsp.a(alt_read.o)
                0x00813a50                read
 .text          0x00813bd0       0x60 C:/Users/SarahLynn/Documents/School/School3/EECE381/LSN/LSN_bsp/\libhal_bsp.a(alt_release_fd.o)
                0x00813bd0                alt_release_fd
 .text          0x00813c30       0xbc C:/Users/SarahLynn/Documents/School/School3/EECE381/LSN/LSN_bsp/\libhal_bsp.a(alt_sbrk.o)
                0x00813c30                sbrk
 .text          0x00813cec      0x1a4 C:/Users/SarahLynn/Documents/School/School3/EECE381/LSN/LSN_bsp/\libhal_bsp.a(alt_tick.o)
                0x00813cec                alt_alarm_stop
                0x00813d84                alt_tick
 .text          0x00813e90       0x30 C:/Users/SarahLynn/Documents/School/School3/EECE381/LSN/LSN_bsp/\libhal_bsp.a(alt_usleep.o)
                0x00813e90                usleep
 .text          0x00813ec0      0x180 C:/Users/SarahLynn/Documents/School/School3/EECE381/LSN/LSN_bsp/\libhal_bsp.a(alt_write.o)
                0x00813ec0                write
 .text          0x00814040      0x3e0 C:/Users/SarahLynn/Documents/School/School3/EECE381/LSN/LSN_bsp/\libhal_bsp.a(alt_sys_init.o)
                0x00814040                alt_irq_init
                0x00814074                alt_sys_init
 .text          0x00814420      0x148 C:/Users/SarahLynn/Documents/School/School3/EECE381/LSN/LSN_bsp/\libhal_bsp.a(altera_avalon_jtag_uart_fd.o)
                0x00814420                altera_avalon_jtag_uart_read_fd
                0x00814478                altera_avalon_jtag_uart_write_fd
                0x008144d0                altera_avalon_jtag_uart_close_fd
                0x00814518                altera_avalon_jtag_uart_ioctl_fd
 .text          0x00814568      0x408 C:/Users/SarahLynn/Documents/School/School3/EECE381/LSN/LSN_bsp/\libhal_bsp.a(altera_avalon_jtag_uart_init.o)
                0x00814568                altera_avalon_jtag_uart_init
                0x008148fc                altera_avalon_jtag_uart_close
 .text          0x00814970       0xf4 C:/Users/SarahLynn/Documents/School/School3/EECE381/LSN/LSN_bsp/\libhal_bsp.a(altera_avalon_jtag_uart_ioctl.o)
                0x00814970                altera_avalon_jtag_uart_ioctl
 .text          0x00814a64      0x224 C:/Users/SarahLynn/Documents/School/School3/EECE381/LSN/LSN_bsp/\libhal_bsp.a(altera_avalon_jtag_uart_read.o)
                0x00814a64                altera_avalon_jtag_uart_read
 .text          0x00814c88      0x240 C:/Users/SarahLynn/Documents/School/School3/EECE381/LSN/LSN_bsp/\libhal_bsp.a(altera_avalon_jtag_uart_write.o)
                0x00814c88                altera_avalon_jtag_uart_write
 .text          0x00814ec8       0xfc C:/Users/SarahLynn/Documents/School/School3/EECE381/LSN/LSN_bsp/\libhal_bsp.a(altera_avalon_timer_sc.o)
                0x00814f3c                alt_avalon_timer_sc_init
 .text          0x00814fc4      0x168 C:/Users/SarahLynn/Documents/School/School3/EECE381/LSN/LSN_bsp/\libhal_bsp.a(altera_avalon_timer_ts.o)
                0x00814fc4                alt_timestamp_start
                0x00815068                alt_timestamp
                0x00815104                alt_timestamp_freq
 .text          0x0081512c        0x0 C:/Users/SarahLynn/Documents/School/School3/EECE381/LSN/LSN_bsp/\libhal_bsp.a(altera_avalon_timer_vars.o)
 .text          0x0081512c      0x80c C:/Users/SarahLynn/Documents/School/School3/EECE381/LSN/LSN_bsp/\libhal_bsp.a(altera_up_avalon_audio.o)
                0x0081512c                alt_up_audio_open_dev
                0x0081516c                alt_up_audio_enable_read_interrupt
                0x008151b8                alt_up_audio_disable_read_interrupt
                0x00815208                alt_up_audio_enable_write_interrupt
                0x00815254                alt_up_audio_disable_write_interrupt
                0x008152a4                alt_up_audio_read_interrupt_pending
                0x008152e0                alt_up_audio_write_interrupt_pending
                0x0081531c                alt_up_audio_reset_audio_core
                0x008153a4                alt_up_audio_read_fifo_avail
                0x00815414                alt_up_audio_record_r
                0x00815484                alt_up_audio_record_l
                0x008154f4                alt_up_audio_write_fifo_space
                0x00815568                alt_up_audio_play_r
                0x008155d8                alt_up_audio_play_l
                0x00815648                alt_up_audio_read_fifo
                0x0081574c                alt_up_audio_write_fifo
                0x00815878                alt_up_audio_read_fifo_head
                0x008158d8                alt_up_audio_write_fifo_head
 .text          0x00815938      0x788 C:/Users/SarahLynn/Documents/School/School3/EECE381/LSN/LSN_bsp/\libhal_bsp.a(altera_up_avalon_audio_and_video_config.o)
                0x00815938                alt_up_av_config_open_dev
                0x0081599c                alt_up_av_config_write_data
                0x00815a00                alt_up_av_config_read_data
                0x00815a8c                alt_up_av_config_reset
                0x00815ac4                alt_up_av_config_enable_interrupt
                0x00815afc                alt_up_av_config_disable_interrupt
                0x00815b2c                alt_up_av_config_read_acknowledge
                0x00815b94                alt_up_av_config_read_ready
                0x00815bcc                alt_up_av_config_write_audio_cfg_register
                0x00815c78                alt_up_av_config_read_video_cfg_register
                0x00815d70                alt_up_av_config_write_video_cfg_register
                0x00815e68                alt_up_av_config_read_DC2_cfg_register
                0x00815ecc                alt_up_av_config_write_DC2_cfg_register
                0x00815f30                alt_up_av_config_read_D5M_cfg_register
                0x00815f94                alt_up_av_config_write_D5M_cfg_register
                0x00815ff8                alt_up_av_config_read_LTM_cfg_register
                0x0081605c                alt_up_av_config_write_LTM_cfg_register
 .text          0x008160c0      0x530 C:/Users/SarahLynn/Documents/School/School3/EECE381/LSN/LSN_bsp/\libhal_bsp.a(altera_up_avalon_character_lcd.o)
                0x008160c0                get_DDRAM_addr
                0x0081613c                alt_up_character_lcd_send_cmd
                0x00816170                alt_up_character_lcd_init
                0x008161a4                alt_up_character_lcd_open_dev
                0x008161e4                alt_up_character_lcd_write
                0x0081625c                alt_up_character_lcd_string
                0x008162d4                alt_up_character_lcd_write_fd
                0x00816320                alt_up_character_lcd_set_cursor_pos
                0x00816398                alt_up_character_lcd_shift_cursor
                0x00816448                alt_up_character_lcd_shift_display
                0x008164f8                alt_up_character_lcd_erase_pos
                0x00816588                alt_up_character_lcd_cursor_off
                0x008165bc                alt_up_character_lcd_cursor_blink_on
 .text          0x008165f0      0x304 C:/Users/SarahLynn/Documents/School/School3/EECE381/LSN/LSN_bsp/\libhal_bsp.a(altera_up_avalon_video_character_buffer_with_dma.o)
                0x008165f0                alt_up_char_buffer_init
                0x00816674                alt_up_char_buffer_open_dev
                0x008166b4                alt_up_char_buffer_draw
                0x00816784                alt_up_char_buffer_string
                0x00816898                alt_up_char_buffer_clear
 .text          0x008168f4     0x156c C:/Users/SarahLynn/Documents/School/School3/EECE381/LSN/LSN_bsp/\libhal_bsp.a(altera_up_avalon_video_pixel_buffer_dma.o)
                0x008168f4                alt_up_pixel_buffer_dma_open_dev
                0x00816934                alt_up_pixel_buffer_dma_draw
                0x00816ad4                alt_up_pixel_buffer_dma_change_back_buffer_address
                0x00816b2c                alt_up_pixel_buffer_dma_swap_buffers
                0x00816b84                alt_up_pixel_buffer_dma_check_swap_buffers_status
                0x00816bb8                alt_up_pixel_buffer_dma_clear_screen
                0x00816d1c                alt_up_pixel_buffer_dma_draw_box
                0x00817210                alt_up_pixel_buffer_dma_draw_hline
                0x00817560                alt_up_pixel_buffer_dma_draw_vline
                0x00817930                alt_up_pixel_buffer_dma_draw_rectangle
                0x008179f4                helper_plot_pixel
                0x00817ac4                alt_up_pixel_buffer_dma_draw_line
 .text          0x00817e60     0x45c0 C:/Users/SarahLynn/Documents/School/School3/EECE381/LSN/LSN_bsp/\libhal_bsp.a(altera_up_sd_card_avalon_interface.o)
                0x00817e60                Write_Sector_Data
                0x00817f28                Save_Modified_Sector
                0x00817f78                Read_Sector_Data
                0x00818074                get_cluster_flag
                0x0081812c                mark_cluster
                0x00818210                Check_for_Master_Boot_Record
                0x008183c0                Read_File_Record_At_Offset
                0x00818644                Write_File_Record_At_Offset
                0x008188fc                Check_for_DOS_FAT
                0x00818f44                Look_for_FAT16
                0x00819048                filename_to_upper_case
                0x00819118                check_file_name_for_FAT16_compliance
                0x008193a8                get_dir_divider_location
                0x00819468                match_file_record_to_name_ext
                0x00819754                get_home_directory_cluster_for_file
                0x00819c68                find_file_in_directory
                0x0081a0cc                find_first_empty_cluster
                0x0081a270                find_first_empty_record_in_a_subdirectory
                0x0081a4bc                find_first_empty_record_in_root_directory
                0x0081a5e8                convert_filename_to_name_extension
                0x0081a7a0                create_file
                0x0081aa74                copy_file_record_name_to_string
                0x0081abc8                alt_up_sd_card_open_dev
                0x0081ac8c                alt_up_sd_card_is_Present
                0x0081ad54                alt_up_sd_card_is_FAT16
                0x0081adc8                alt_up_sd_card_find_first
                0x0081ae9c                alt_up_sd_card_find_next
                0x0081b24c                alt_up_sd_card_fopen
                0x0081b5f4                alt_up_sd_card_set_attributes
                0x0081b684                alt_up_sd_card_get_attributes
                0x0081b710                alt_up_sd_card_read
                0x0081baa4                alt_up_sd_card_write
                0x0081c0c8                alt_up_sd_card_fclose
                0x0081c294                Read_Sector_Data_CRC
                0x0081c390                Read_Sector_Data_Attempt_CRC
 .text          0x0081c420      0x154 C:/Users/SarahLynn/Documents/School/School3/EECE381/LSN/LSN_bsp/\libhal_bsp.a(alt_alarm_start.o)
                0x0081c420                alt_alarm_start
 .text          0x0081c574      0x14c C:/Users/SarahLynn/Documents/School/School3/EECE381/LSN/LSN_bsp/\libhal_bsp.a(alt_busy_sleep.o)
                0x0081c574                alt_busy_sleep
 .text          0x0081c6c0       0x44 C:/Users/SarahLynn/Documents/School/School3/EECE381/LSN/LSN_bsp/\libhal_bsp.a(alt_dcache_flush_all.o)
                0x0081c6c0                alt_dcache_flush_all
 .text          0x0081c704      0x114 C:/Users/SarahLynn/Documents/School/School3/EECE381/LSN/LSN_bsp/\libhal_bsp.a(alt_dev_llist_insert.o)
                0x0081c704                alt_dev_llist_insert
 .text          0x0081c818       0x64 C:/Users/SarahLynn/Documents/School/School3/EECE381/LSN/LSN_bsp/\libhal_bsp.a(alt_do_ctors.o)
                0x0081c818                _do_ctors
 .text          0x0081c87c       0x64 C:/Users/SarahLynn/Documents/School/School3/EECE381/LSN/LSN_bsp/\libhal_bsp.a(alt_do_dtors.o)
                0x0081c87c                _do_dtors
 .text          0x0081c8e0       0x94 C:/Users/SarahLynn/Documents/School/School3/EECE381/LSN/LSN_bsp/\libhal_bsp.a(alt_find_dev.o)
                0x0081c8e0                alt_find_dev
 .text          0x0081c974       0x30 C:/Users/SarahLynn/Documents/School/School3/EECE381/LSN/LSN_bsp/\libhal_bsp.a(alt_icache_flush_all.o)
                0x0081c974                alt_icache_flush_all
 .text          0x0081c9a4      0x13c C:/Users/SarahLynn/Documents/School/School3/EECE381/LSN/LSN_bsp/\libhal_bsp.a(alt_io_redirect.o)
                0x0081ca68                alt_io_redirect
 .text          0x0081cae0        0x0 C:/Users/SarahLynn/Documents/School/School3/EECE381/LSN/LSN_bsp/\libhal_bsp.a(alt_irq_entry.o)
 .text          0x0081cae0        0x0 C:/Users/SarahLynn/Documents/School/School3/EECE381/LSN/LSN_bsp/\libhal_bsp.a(alt_irq_handler.o)
 .text          0x0081cae0      0x2c4 C:/Users/SarahLynn/Documents/School/School3/EECE381/LSN/LSN_bsp/\libhal_bsp.a(alt_open.o)
                0x0081cbbc                open
 .text          0x0081cda4       0x20 C:/Users/SarahLynn/Documents/School/School3/EECE381/LSN/LSN_bsp/\libhal_bsp.a(altera_nios2_qsys_irq.o)
                0x0081cda4                altera_nios2_qsys_irq_init
 .text          0x0081cdc4        0x0 C:/Users/SarahLynn/Documents/School/School3/EECE381/LSN/LSN_bsp/\libhal_bsp.a(alt_exception_entry.o)
 .text          0x0081cdc4      0x120 C:/Users/SarahLynn/Documents/School/School3/EECE381/LSN/LSN_bsp/\libhal_bsp.a(alt_find_file.o)
                0x0081cdc4                alt_find_file
 .text          0x0081cee4       0xb8 C:/Users/SarahLynn/Documents/School/School3/EECE381/LSN/LSN_bsp/\libhal_bsp.a(alt_get_fd.o)
                0x0081cee4                alt_get_fd
 .text          0x0081cf9c       0x90 C:/Users/SarahLynn/Documents/School/School3/EECE381/LSN/LSN_bsp/\libhal_bsp.a(alt_icache_flush.o)
                0x0081cf9c                alt_icache_flush
 .text          0x0081d02c       0x14 c:/altera/12.0sp2/nios2eds/bin/gnu/h-i686-mingw32/bin/../lib/gcc/nios2-elf/4.1.2/../../../../nios2-elf/lib\libc.a(lib_a-atexit.o)
                0x0081d02c                atexit
 .text          0x0081d040       0x38 c:/altera/12.0sp2/nios2eds/bin/gnu/h-i686-mingw32/bin/../lib/gcc/nios2-elf/4.1.2/../../../../nios2-elf/lib\libc.a(lib_a-exit.o)
                0x0081d040                exit
 .text          0x0081d078       0x74 c:/altera/12.0sp2/nios2eds/bin/gnu/h-i686-mingw32/bin/../lib/gcc/nios2-elf/4.1.2/../../../../nios2-elf/lib\libc.a(lib_a-memcmp.o)
                0x0081d078                memcmp
 .text          0x0081d0ec      0x134 c:/altera/12.0sp2/nios2eds/bin/gnu/h-i686-mingw32/bin/../lib/gcc/nios2-elf/4.1.2/../../../../nios2-elf/lib\libc.a(lib_a-__atexit.o)
                0x0081d0ec                __register_exitproc
 .text          0x0081d220      0x1b4 c:/altera/12.0sp2/nios2eds/bin/gnu/h-i686-mingw32/bin/../lib/gcc/nios2-elf/4.1.2/../../../../nios2-elf/lib\libc.a(lib_a-__call_atexit.o)
                0x0081d224                __call_exitprocs
 .text          0x0081d3d4       0x60 C:/Users/SarahLynn/Documents/School/School3/EECE381/LSN/LSN_bsp/\libhal_bsp.a(alt_exit.o)
                0x0081d414                _exit
 *(.gnu.warning.*)
 *(.fini)
                0x0081d434                PROVIDE (__etext, ABSOLUTE (.))
                0x0081d434                PROVIDE (_etext, ABSOLUTE (.))
                0x0081d434                PROVIDE (etext, ABSOLUTE (.))
 *(.eh_frame_hdr)
                0x0081d434                . = ALIGN (0x4)
                0x0081d434                PROVIDE (__preinit_array_start, ABSOLUTE (.))
 *(.preinit_array)
                0x0081d434                PROVIDE (__preinit_array_end, ABSOLUTE (.))
                0x0081d434                PROVIDE (__init_array_start, ABSOLUTE (.))
 *(.init_array)
                0x0081d434                PROVIDE (__init_array_end, ABSOLUTE (.))
                0x0081d434                PROVIDE (__fini_array_start, ABSOLUTE (.))
 *(.fini_array)
                0x0081d434                PROVIDE (__fini_array_end, ABSOLUTE (.))
 *(.eh_frame)
 .eh_frame      0x0081d434       0x40 c:/altera/12.0sp2/nios2eds/bin/gnu/h-i686-mingw32/bin/../lib/gcc/nios2-elf/4.1.2\libgcc.a(_udivdi3.o)
 .eh_frame      0x0081d474       0x2c c:/altera/12.0sp2/nios2eds/bin/gnu/h-i686-mingw32/bin/../lib/gcc/nios2-elf/4.1.2\libgcc.a(_umoddi3.o)
                                 0x40 (size before relaxing)
 *(.gcc_except_table)
 *(.dynamic)
                0x0081d4a0                PROVIDE (__CTOR_LIST__, ABSOLUTE (.))
 *(.ctors)
 *(SORT(.ctors.*))
 .ctors.65535   0x0081d4a0        0x4 c:/altera/12.0sp2/nios2eds/bin/gnu/h-i686-mingw32/bin/../lib/gcc/nios2-elf/4.1.2/../../../../nios2-elf/lib\libc.a(lib_a-__call_atexit.o)
                0x0081d4a4                PROVIDE (__CTOR_END__, ABSOLUTE (.))
                0x0081d4a4                PROVIDE (__DTOR_LIST__, ABSOLUTE (.))
 *(.dtors)
 *(SORT(.dtors.*))
                0x0081d4a4                PROVIDE (__DTOR_END__, ABSOLUTE (.))
 *(.jcr)
                0x0081d4a4                . = ALIGN (0x4)

.rodata         0x0081d4a4      0xd88
                0x0081d4a4                PROVIDE (__ram_rodata_start, ABSOLUTE (.))
                0x0081d4a4                . = ALIGN (0x4)
 *(.rodata .rodata.* .gnu.linkonce.r.*)
 .rodata        0x0081d4a4      0x24c obj/default/audio.o
 .rodata        0x0081d6f0       0x60 obj/default/bmp.o
 .rodata        0x0081d750       0x68 obj/default/bullet.o
 .rodata        0x0081d7b8       0x98 obj/default/collision.o
 .rodata        0x0081d850       0x20 obj/default/displacement.o
 .rodata        0x0081d870       0x30 obj/default/main.o
 .rodata        0x0081d8a0      0x1c8 obj/default/score.o
 .rodata        0x0081da68       0x94 obj/default/sd_card.o
 .rodata        0x0081dafc       0xa4 obj/default/shark.o
 .rodata        0x0081dba0      0x1ec obj/default/timer.o
 .rodata        0x0081dd8c       0x2c obj/default/vga.o
 .rodata.str1.4
                0x0081ddb8        0x4 c:/altera/12.0sp2/nios2eds/bin/gnu/h-i686-mingw32/bin/../lib/gcc/nios2-elf/4.1.2/../../../../nios2-elf/lib\libm.a(lib_a-w_pow.o)
 .rodata.str1.4
                0x0081ddbc        0x5 c:/altera/12.0sp2/nios2eds/bin/gnu/h-i686-mingw32/bin/../lib/gcc/nios2-elf/4.1.2/../../../../nios2-elf/lib\libm.a(lib_a-w_sqrt.o)
                                  0x8 (size before relaxing)
 .rodata.str1.4
                0x00000000        0x5 c:/altera/12.0sp2/nios2eds/bin/gnu/h-i686-mingw32/bin/../lib/gcc/nios2-elf/4.1.2/../../../../nios2-elf/lib\libm.a(lib_a-e_pow.o)
                                  0x4 (size before relaxing)
 *fill*         0x0081ddc1        0x3 00
 .rodata        0x0081ddc4       0x30 c:/altera/12.0sp2/nios2eds/bin/gnu/h-i686-mingw32/bin/../lib/gcc/nios2-elf/4.1.2/../../../../nios2-elf/lib\libm.a(lib_a-e_pow.o)
 .rodata        0x0081ddf4       0x10 c:/altera/12.0sp2/nios2eds/bin/gnu/h-i686-mingw32/bin/../lib/gcc/nios2-elf/4.1.2/../../../../nios2-elf/lib\libm.a(lib_a-s_rint.o)
 .rodata        0x0081de04       0x10 c:/altera/12.0sp2/nios2eds/bin/gnu/h-i686-mingw32/bin/../lib/gcc/nios2-elf/4.1.2\libgcc.a(_thenan_sf.o)
                0x0081de04                __thenan_sf
 .rodata        0x0081de14       0x14 c:/altera/12.0sp2/nios2eds/bin/gnu/h-i686-mingw32/bin/../lib/gcc/nios2-elf/4.1.2\libgcc.a(_thenan_df.o)
                0x0081de14                __thenan_df
 .rodata        0x0081de28      0x100 c:/altera/12.0sp2/nios2eds/bin/gnu/h-i686-mingw32/bin/../lib/gcc/nios2-elf/4.1.2\libgcc.a(_clz.o)
                0x0081de28                __clz_tab
 .rodata.str1.4
                0x0081df28        0x2 c:/altera/12.0sp2/nios2eds/bin/gnu/h-i686-mingw32/bin/../lib/gcc/nios2-elf/4.1.2/../../../../nios2-elf/lib\libc.a(lib_a-impure.o)
                                  0x4 (size before relaxing)
 *fill*         0x0081df2a        0x2 00
 .rodata.str1.4
                0x0081df2c        0x2 c:/altera/12.0sp2/nios2eds/bin/gnu/h-i686-mingw32/bin/../lib/gcc/nios2-elf/4.1.2/../../../../nios2-elf/lib\libc.a(lib_a-puts.o)
                                  0x4 (size before relaxing)
 *fill*         0x0081df2e        0x2 00
 .rodata.str1.4
                0x0081df30       0x5e c:/altera/12.0sp2/nios2eds/bin/gnu/h-i686-mingw32/bin/../lib/gcc/nios2-elf/4.1.2/../../../../nios2-elf/lib\libc.a(lib_a-vfprintf.o)
                                 0x60 (size before relaxing)
 .rodata        0x0081df8e       0x20 c:/altera/12.0sp2/nios2eds/bin/gnu/h-i686-mingw32/bin/../lib/gcc/nios2-elf/4.1.2/../../../../nios2-elf/lib\libc.a(lib_a-vfprintf.o)
 *fill*         0x0081dfae        0x2 00
 .rodata.str1.4
                0x0081dfb0       0x10 c:/altera/12.0sp2/nios2eds/bin/gnu/h-i686-mingw32/bin/../lib/gcc/nios2-elf/4.1.2/../../../../nios2-elf/lib\libc.a(lib_a-dtoa.o)
                                 0x14 (size before relaxing)
 .rodata.str1.4
                0x0081dfc0       0x10 c:/altera/12.0sp2/nios2eds/bin/gnu/h-i686-mingw32/bin/../lib/gcc/nios2-elf/4.1.2/../../../../nios2-elf/lib\libc.a(lib_a-locale.o)
                                 0x18 (size before relaxing)
 .rodata        0x0081dfd0       0x30 c:/altera/12.0sp2/nios2eds/bin/gnu/h-i686-mingw32/bin/../lib/gcc/nios2-elf/4.1.2/../../../../nios2-elf/lib\libc.a(lib_a-locale.o)
 .rodata        0x0081e000      0x124 c:/altera/12.0sp2/nios2eds/bin/gnu/h-i686-mingw32/bin/../lib/gcc/nios2-elf/4.1.2/../../../../nios2-elf/lib\libc.a(lib_a-mprec.o)
                0x0081e000                __mprec_tens
                0x0081e0c8                __mprec_bigtens
                0x0081e0f0                __mprec_tinytens
 .rodata        0x0081e124        0xc C:/Users/SarahLynn/Documents/School/School3/EECE381/LSN/LSN_bsp/\libhal_bsp.a(alt_dev.o)
 .rodata        0x0081e130       0x14 C:/Users/SarahLynn/Documents/School/School3/EECE381/LSN/LSN_bsp/\libhal_bsp.a(alt_main.o)
 .rodata        0x0081e144       0xcc C:/Users/SarahLynn/Documents/School/School3/EECE381/LSN/LSN_bsp/\libhal_bsp.a(alt_sys_init.o)
 .rodata        0x0081e210       0x1c C:/Users/SarahLynn/Documents/School/School3/EECE381/LSN/LSN_bsp/\libhal_bsp.a(altera_up_avalon_video_character_buffer_with_dma.o)
 *(.rodata1)
                0x0081e22c                . = ALIGN (0x4)
                0x0081e22c                PROVIDE (__ram_rodata_end, ABSOLUTE (.))
                0x0081d4a4                PROVIDE (__flash_rodata_start, LOADADDR (.rodata))

.rwdata         0x0081e22c     0x1bcc load address 0x0081fdf8
                0x0081e22c                PROVIDE (__ram_rwdata_start, ABSOLUTE (.))
                0x0081e22c                . = ALIGN (0x4)
 *(.got.plt)
 *(.got)
 *(.data1)
 *(.data .data.* .gnu.linkonce.d.*)
 .data          0x0081e22c        0x0 C:/Users/SarahLynn/Documents/School/School3/EECE381/LSN/LSN_bsp//obj/HAL/src/crt0.o
 .data          0x0081e22c        0x0 obj/default/audio.o
 .data          0x0081e22c        0x0 obj/default/bmp.o
 .data          0x0081e22c        0x0 obj/default/bullet.o
 .data          0x0081e22c        0x0 obj/default/collision.o
 .data          0x0081e22c        0x0 obj/default/displacement.o
 .data          0x0081e22c        0x0 obj/default/gameEnd.o
 .data          0x0081e22c        0x0 obj/default/input.o
 .data          0x0081e22c        0x0 obj/default/main.o
 .data          0x0081e22c        0x0 obj/default/nado.o
 .data          0x0081e22c        0x0 obj/default/player.o
 .data          0x0081e22c        0x0 obj/default/score.o
 .data          0x0081e22c        0x0 obj/default/sd_card.o
 .data          0x0081e22c        0x0 obj/default/shark.o
 .data          0x0081e22c        0x0 obj/default/splash.o
 .data          0x0081e22c        0x0 obj/default/timer.o
 .data          0x0081e22c        0x0 obj/default/vga.o
 .data          0x0081e22c        0x0 c:/altera/12.0sp2/nios2eds/bin/gnu/h-i686-mingw32/bin/../lib/gcc/nios2-elf/4.1.2/../../../../nios2-elf/lib\libm.a(lib_a-w_pow.o)
 .data          0x0081e22c        0x0 c:/altera/12.0sp2/nios2eds/bin/gnu/h-i686-mingw32/bin/../lib/gcc/nios2-elf/4.1.2/../../../../nios2-elf/lib\libm.a(lib_a-w_sqrt.o)
 .data          0x0081e22c        0x0 c:/altera/12.0sp2/nios2eds/bin/gnu/h-i686-mingw32/bin/../lib/gcc/nios2-elf/4.1.2/../../../../nios2-elf/lib\libm.a(lib_a-e_pow.o)
 .data          0x0081e22c        0x0 c:/altera/12.0sp2/nios2eds/bin/gnu/h-i686-mingw32/bin/../lib/gcc/nios2-elf/4.1.2/../../../../nios2-elf/lib\libm.a(lib_a-e_sqrt.o)
 .data          0x0081e22c        0x0 c:/altera/12.0sp2/nios2eds/bin/gnu/h-i686-mingw32/bin/../lib/gcc/nios2-elf/4.1.2/../../../../nios2-elf/lib\libm.a(lib_a-s_fabs.o)
 .data          0x0081e22c        0x0 c:/altera/12.0sp2/nios2eds/bin/gnu/h-i686-mingw32/bin/../lib/gcc/nios2-elf/4.1.2/../../../../nios2-elf/lib\libm.a(lib_a-s_finite.o)
 .data          0x0081e22c        0x0 c:/altera/12.0sp2/nios2eds/bin/gnu/h-i686-mingw32/bin/../lib/gcc/nios2-elf/4.1.2/../../../../nios2-elf/lib\libm.a(lib_a-s_isnand.o)
 .data          0x0081e22c        0x0 c:/altera/12.0sp2/nios2eds/bin/gnu/h-i686-mingw32/bin/../lib/gcc/nios2-elf/4.1.2/../../../../nios2-elf/lib\libm.a(lib_a-s_lib_ver.o)
 .data          0x0081e22c        0x0 c:/altera/12.0sp2/nios2eds/bin/gnu/h-i686-mingw32/bin/../lib/gcc/nios2-elf/4.1.2/../../../../nios2-elf/lib\libm.a(lib_a-s_matherr.o)
 .data          0x0081e22c        0x0 c:/altera/12.0sp2/nios2eds/bin/gnu/h-i686-mingw32/bin/../lib/gcc/nios2-elf/4.1.2/../../../../nios2-elf/lib\libm.a(lib_a-s_nan.o)
 .data          0x0081e22c        0x0 c:/altera/12.0sp2/nios2eds/bin/gnu/h-i686-mingw32/bin/../lib/gcc/nios2-elf/4.1.2/../../../../nios2-elf/lib\libm.a(lib_a-s_rint.o)
 .data          0x0081e22c        0x0 c:/altera/12.0sp2/nios2eds/bin/gnu/h-i686-mingw32/bin/../lib/gcc/nios2-elf/4.1.2/../../../../nios2-elf/lib\libm.a(lib_a-s_scalbn.o)
 .data          0x0081e22c        0x0 c:/altera/12.0sp2/nios2eds/bin/gnu/h-i686-mingw32/bin/../lib/gcc/nios2-elf/4.1.2/../../../../nios2-elf/lib\libm.a(lib_a-s_copysign.o)
 .data          0x0081e22c        0x0 c:/altera/12.0sp2/nios2eds/bin/gnu/h-i686-mingw32/bin/../lib/gcc/nios2-elf/4.1.2\libgcc.a(_fixunssfsi.o)
 .data          0x0081e22c        0x0 c:/altera/12.0sp2/nios2eds/bin/gnu/h-i686-mingw32/bin/../lib/gcc/nios2-elf/4.1.2\libgcc.a(_addsub_sf.o)
 .data          0x0081e22c        0x0 c:/altera/12.0sp2/nios2eds/bin/gnu/h-i686-mingw32/bin/../lib/gcc/nios2-elf/4.1.2\libgcc.a(_mul_sf.o)
 .data          0x0081e22c        0x0 c:/altera/12.0sp2/nios2eds/bin/gnu/h-i686-mingw32/bin/../lib/gcc/nios2-elf/4.1.2\libgcc.a(_div_sf.o)
 .data          0x0081e22c        0x0 c:/altera/12.0sp2/nios2eds/bin/gnu/h-i686-mingw32/bin/../lib/gcc/nios2-elf/4.1.2\libgcc.a(_ge_sf.o)
 .data          0x0081e22c        0x0 c:/altera/12.0sp2/nios2eds/bin/gnu/h-i686-mingw32/bin/../lib/gcc/nios2-elf/4.1.2\libgcc.a(_le_sf.o)
 .data          0x0081e22c        0x0 c:/altera/12.0sp2/nios2eds/bin/gnu/h-i686-mingw32/bin/../lib/gcc/nios2-elf/4.1.2\libgcc.a(_si_to_sf.o)
 .data          0x0081e22c        0x0 c:/altera/12.0sp2/nios2eds/bin/gnu/h-i686-mingw32/bin/../lib/gcc/nios2-elf/4.1.2\libgcc.a(_sf_to_si.o)
 .data          0x0081e22c        0x0 c:/altera/12.0sp2/nios2eds/bin/gnu/h-i686-mingw32/bin/../lib/gcc/nios2-elf/4.1.2\libgcc.a(_sf_to_df.o)
 .data          0x0081e22c        0x0 c:/altera/12.0sp2/nios2eds/bin/gnu/h-i686-mingw32/bin/../lib/gcc/nios2-elf/4.1.2\libgcc.a(_thenan_sf.o)
 .data          0x0081e22c        0x0 c:/altera/12.0sp2/nios2eds/bin/gnu/h-i686-mingw32/bin/../lib/gcc/nios2-elf/4.1.2\libgcc.a(_addsub_df.o)
 .data          0x0081e22c        0x0 c:/altera/12.0sp2/nios2eds/bin/gnu/h-i686-mingw32/bin/../lib/gcc/nios2-elf/4.1.2\libgcc.a(_mul_df.o)
 .data          0x0081e22c        0x0 c:/altera/12.0sp2/nios2eds/bin/gnu/h-i686-mingw32/bin/../lib/gcc/nios2-elf/4.1.2\libgcc.a(_div_df.o)
 .data          0x0081e22c        0x0 c:/altera/12.0sp2/nios2eds/bin/gnu/h-i686-mingw32/bin/../lib/gcc/nios2-elf/4.1.2\libgcc.a(_eq_df.o)
 .data          0x0081e22c        0x0 c:/altera/12.0sp2/nios2eds/bin/gnu/h-i686-mingw32/bin/../lib/gcc/nios2-elf/4.1.2\libgcc.a(_ne_df.o)
 .data          0x0081e22c        0x0 c:/altera/12.0sp2/nios2eds/bin/gnu/h-i686-mingw32/bin/../lib/gcc/nios2-elf/4.1.2\libgcc.a(_gt_df.o)
 .data          0x0081e22c        0x0 c:/altera/12.0sp2/nios2eds/bin/gnu/h-i686-mingw32/bin/../lib/gcc/nios2-elf/4.1.2\libgcc.a(_lt_df.o)
 .data          0x0081e22c        0x0 c:/altera/12.0sp2/nios2eds/bin/gnu/h-i686-mingw32/bin/../lib/gcc/nios2-elf/4.1.2\libgcc.a(_le_df.o)
 .data          0x0081e22c        0x0 c:/altera/12.0sp2/nios2eds/bin/gnu/h-i686-mingw32/bin/../lib/gcc/nios2-elf/4.1.2\libgcc.a(_si_to_df.o)
 .data          0x0081e22c        0x0 c:/altera/12.0sp2/nios2eds/bin/gnu/h-i686-mingw32/bin/../lib/gcc/nios2-elf/4.1.2\libgcc.a(_df_to_si.o)
 .data          0x0081e22c        0x0 c:/altera/12.0sp2/nios2eds/bin/gnu/h-i686-mingw32/bin/../lib/gcc/nios2-elf/4.1.2\libgcc.a(_make_df.o)
 .data          0x0081e22c        0x0 c:/altera/12.0sp2/nios2eds/bin/gnu/h-i686-mingw32/bin/../lib/gcc/nios2-elf/4.1.2\libgcc.a(_df_to_sf.o)
 .data          0x0081e22c        0x0 c:/altera/12.0sp2/nios2eds/bin/gnu/h-i686-mingw32/bin/../lib/gcc/nios2-elf/4.1.2\libgcc.a(_thenan_df.o)
 .data          0x0081e22c        0x0 c:/altera/12.0sp2/nios2eds/bin/gnu/h-i686-mingw32/bin/../lib/gcc/nios2-elf/4.1.2\libgcc.a(lib2-divmod.o)
 .data          0x0081e22c        0x0 c:/altera/12.0sp2/nios2eds/bin/gnu/h-i686-mingw32/bin/../lib/gcc/nios2-elf/4.1.2\libgcc.a(_muldi3.o)
 .data          0x0081e22c        0x0 c:/altera/12.0sp2/nios2eds/bin/gnu/h-i686-mingw32/bin/../lib/gcc/nios2-elf/4.1.2\libgcc.a(_clzsi2.o)
 .data          0x0081e22c        0x0 c:/altera/12.0sp2/nios2eds/bin/gnu/h-i686-mingw32/bin/../lib/gcc/nios2-elf/4.1.2\libgcc.a(_pack_sf.o)
 .data          0x0081e22c        0x0 c:/altera/12.0sp2/nios2eds/bin/gnu/h-i686-mingw32/bin/../lib/gcc/nios2-elf/4.1.2\libgcc.a(_unpack_sf.o)
 .data          0x0081e22c        0x0 c:/altera/12.0sp2/nios2eds/bin/gnu/h-i686-mingw32/bin/../lib/gcc/nios2-elf/4.1.2\libgcc.a(_fpcmp_parts_sf.o)
 .data          0x0081e22c        0x0 c:/altera/12.0sp2/nios2eds/bin/gnu/h-i686-mingw32/bin/../lib/gcc/nios2-elf/4.1.2\libgcc.a(_make_sf.o)
 .data          0x0081e22c        0x0 c:/altera/12.0sp2/nios2eds/bin/gnu/h-i686-mingw32/bin/../lib/gcc/nios2-elf/4.1.2\libgcc.a(_pack_df.o)
 .data          0x0081e22c        0x0 c:/altera/12.0sp2/nios2eds/bin/gnu/h-i686-mingw32/bin/../lib/gcc/nios2-elf/4.1.2\libgcc.a(_unpack_df.o)
 .data          0x0081e22c        0x0 c:/altera/12.0sp2/nios2eds/bin/gnu/h-i686-mingw32/bin/../lib/gcc/nios2-elf/4.1.2\libgcc.a(_fpcmp_parts_df.o)
 .data          0x0081e22c        0x0 c:/altera/12.0sp2/nios2eds/bin/gnu/h-i686-mingw32/bin/../lib/gcc/nios2-elf/4.1.2\libgcc.a(_clz.o)
 .data          0x0081e22c        0x0 c:/altera/12.0sp2/nios2eds/bin/gnu/h-i686-mingw32/bin/../lib/gcc/nios2-elf/4.1.2/../../../../nios2-elf/lib\libc.a(lib_a-errno.o)
 .data          0x0081e22c      0x400 c:/altera/12.0sp2/nios2eds/bin/gnu/h-i686-mingw32/bin/../lib/gcc/nios2-elf/4.1.2/../../../../nios2-elf/lib\libc.a(lib_a-impure.o)
 .data          0x0081e62c        0x0 c:/altera/12.0sp2/nios2eds/bin/gnu/h-i686-mingw32/bin/../lib/gcc/nios2-elf/4.1.2/../../../../nios2-elf/lib\libc.a(lib_a-malloc.o)
 .data          0x0081e62c      0x408 c:/altera/12.0sp2/nios2eds/bin/gnu/h-i686-mingw32/bin/../lib/gcc/nios2-elf/4.1.2/../../../../nios2-elf/lib\libc.a(lib_a-mallocr.o)
                0x0081e62c                __malloc_av_
 .data          0x0081ea34        0x0 c:/altera/12.0sp2/nios2eds/bin/gnu/h-i686-mingw32/bin/../lib/gcc/nios2-elf/4.1.2/../../../../nios2-elf/lib\libc.a(lib_a-printf.o)
 .data          0x0081ea34        0x0 c:/altera/12.0sp2/nios2eds/bin/gnu/h-i686-mingw32/bin/../lib/gcc/nios2-elf/4.1.2/../../../../nios2-elf/lib\libc.a(lib_a-puts.o)
 .data          0x0081ea34        0x0 c:/altera/12.0sp2/nios2eds/bin/gnu/h-i686-mingw32/bin/../lib/gcc/nios2-elf/4.1.2/../../../../nios2-elf/lib\libc.a(lib_a-rand.o)
 .data          0x0081ea34        0x0 c:/altera/12.0sp2/nios2eds/bin/gnu/h-i686-mingw32/bin/../lib/gcc/nios2-elf/4.1.2/../../../../nios2-elf/lib\libc.a(lib_a-sbrkr.o)
 .data          0x0081ea34        0x0 c:/altera/12.0sp2/nios2eds/bin/gnu/h-i686-mingw32/bin/../lib/gcc/nios2-elf/4.1.2/../../../../nios2-elf/lib\libc.a(lib_a-strlen.o)
 .data          0x0081ea34        0x0 c:/altera/12.0sp2/nios2eds/bin/gnu/h-i686-mingw32/bin/../lib/gcc/nios2-elf/4.1.2/../../../../nios2-elf/lib\libc.a(lib_a-time.o)
 .data          0x0081ea34        0x0 c:/altera/12.0sp2/nios2eds/bin/gnu/h-i686-mingw32/bin/../lib/gcc/nios2-elf/4.1.2/../../../../nios2-elf/lib\libc.a(lib_a-vfprintf.o)
 .data          0x0081ea34        0x0 c:/altera/12.0sp2/nios2eds/bin/gnu/h-i686-mingw32/bin/../lib/gcc/nios2-elf/4.1.2/../../../../nios2-elf/lib\libc.a(lib_a-wsetup.o)
 .data          0x0081ea34        0x0 c:/altera/12.0sp2/nios2eds/bin/gnu/h-i686-mingw32/bin/../lib/gcc/nios2-elf/4.1.2/../../../../nios2-elf/lib\libc.a(lib_a-dtoa.o)
 .data          0x0081ea34        0x0 c:/altera/12.0sp2/nios2eds/bin/gnu/h-i686-mingw32/bin/../lib/gcc/nios2-elf/4.1.2/../../../../nios2-elf/lib\libc.a(lib_a-fflush.o)
 .data          0x0081ea34        0x0 c:/altera/12.0sp2/nios2eds/bin/gnu/h-i686-mingw32/bin/../lib/gcc/nios2-elf/4.1.2/../../../../nios2-elf/lib\libc.a(lib_a-findfp.o)
 .data          0x0081ea34        0x0 c:/altera/12.0sp2/nios2eds/bin/gnu/h-i686-mingw32/bin/../lib/gcc/nios2-elf/4.1.2/../../../../nios2-elf/lib\libc.a(lib_a-freer.o)
 .data          0x0081ea34        0x0 c:/altera/12.0sp2/nios2eds/bin/gnu/h-i686-mingw32/bin/../lib/gcc/nios2-elf/4.1.2/../../../../nios2-elf/lib\libc.a(lib_a-fvwrite.o)
 .data          0x0081ea34        0x0 c:/altera/12.0sp2/nios2eds/bin/gnu/h-i686-mingw32/bin/../lib/gcc/nios2-elf/4.1.2/../../../../nios2-elf/lib\libc.a(lib_a-fwalk.o)
 .data          0x0081ea34        0x0 c:/altera/12.0sp2/nios2eds/bin/gnu/h-i686-mingw32/bin/../lib/gcc/nios2-elf/4.1.2/../../../../nios2-elf/lib\libc.a(lib_a-gettimeofdayr.o)
 .data          0x0081ea34        0x0 c:/altera/12.0sp2/nios2eds/bin/gnu/h-i686-mingw32/bin/../lib/gcc/nios2-elf/4.1.2/../../../../nios2-elf/lib\libc.a(lib_a-int_errno.o)
 .data          0x0081ea34        0xc c:/altera/12.0sp2/nios2eds/bin/gnu/h-i686-mingw32/bin/../lib/gcc/nios2-elf/4.1.2/../../../../nios2-elf/lib\libc.a(lib_a-locale.o)
                0x0081ea34                __lc_ctype
 .data          0x0081ea40        0x0 c:/altera/12.0sp2/nios2eds/bin/gnu/h-i686-mingw32/bin/../lib/gcc/nios2-elf/4.1.2/../../../../nios2-elf/lib\libc.a(lib_a-makebuf.o)
 .data          0x0081ea40        0x0 c:/altera/12.0sp2/nios2eds/bin/gnu/h-i686-mingw32/bin/../lib/gcc/nios2-elf/4.1.2/../../../../nios2-elf/lib\libc.a(lib_a-memchr.o)
 .data          0x0081ea40        0x0 c:/altera/12.0sp2/nios2eds/bin/gnu/h-i686-mingw32/bin/../lib/gcc/nios2-elf/4.1.2/../../../../nios2-elf/lib\libc.a(lib_a-memcpy.o)
 .data          0x0081ea40        0x0 c:/altera/12.0sp2/nios2eds/bin/gnu/h-i686-mingw32/bin/../lib/gcc/nios2-elf/4.1.2/../../../../nios2-elf/lib\libc.a(lib_a-memmove.o)
 .data          0x0081ea40        0x0 c:/altera/12.0sp2/nios2eds/bin/gnu/h-i686-mingw32/bin/../lib/gcc/nios2-elf/4.1.2/../../../../nios2-elf/lib\libc.a(lib_a-memset.o)
 .data          0x0081ea40        0x0 c:/altera/12.0sp2/nios2eds/bin/gnu/h-i686-mingw32/bin/../lib/gcc/nios2-elf/4.1.2/../../../../nios2-elf/lib\libc.a(lib_a-mprec.o)
 .data          0x0081ea40        0x0 c:/altera/12.0sp2/nios2eds/bin/gnu/h-i686-mingw32/bin/../lib/gcc/nios2-elf/4.1.2/../../../../nios2-elf/lib\libc.a(lib_a-reallocr.o)
 .data          0x0081ea40        0x0 c:/altera/12.0sp2/nios2eds/bin/gnu/h-i686-mingw32/bin/../lib/gcc/nios2-elf/4.1.2/../../../../nios2-elf/lib\libc.a(lib_a-s_isinfd.o)
 .data          0x0081ea40        0x0 c:/altera/12.0sp2/nios2eds/bin/gnu/h-i686-mingw32/bin/../lib/gcc/nios2-elf/4.1.2/../../../../nios2-elf/lib\libc.a(lib_a-stdio.o)
 .data          0x0081ea40        0x0 c:/altera/12.0sp2/nios2eds/bin/gnu/h-i686-mingw32/bin/../lib/gcc/nios2-elf/4.1.2/../../../../nios2-elf/lib\libc.a(lib_a-strcmp.o)
 .data          0x0081ea40        0x0 c:/altera/12.0sp2/nios2eds/bin/gnu/h-i686-mingw32/bin/../lib/gcc/nios2-elf/4.1.2/../../../../nios2-elf/lib\libc.a(lib_a-writer.o)
 .data          0x0081ea40        0x0 c:/altera/12.0sp2/nios2eds/bin/gnu/h-i686-mingw32/bin/../lib/gcc/nios2-elf/4.1.2/../../../../nios2-elf/lib\libc.a(lib_a-callocr.o)
 .data          0x0081ea40        0x0 c:/altera/12.0sp2/nios2eds/bin/gnu/h-i686-mingw32/bin/../lib/gcc/nios2-elf/4.1.2/../../../../nios2-elf/lib\libc.a(lib_a-closer.o)
 .data          0x0081ea40        0x0 c:/altera/12.0sp2/nios2eds/bin/gnu/h-i686-mingw32/bin/../lib/gcc/nios2-elf/4.1.2/../../../../nios2-elf/lib\libc.a(lib_a-fclose.o)
 .data          0x0081ea40        0x0 c:/altera/12.0sp2/nios2eds/bin/gnu/h-i686-mingw32/bin/../lib/gcc/nios2-elf/4.1.2/../../../../nios2-elf/lib\libc.a(lib_a-fstatr.o)
 .data          0x0081ea40        0x0 c:/altera/12.0sp2/nios2eds/bin/gnu/h-i686-mingw32/bin/../lib/gcc/nios2-elf/4.1.2/../../../../nios2-elf/lib\libc.a(lib_a-isattyr.o)
 .data          0x0081ea40        0x0 c:/altera/12.0sp2/nios2eds/bin/gnu/h-i686-mingw32/bin/../lib/gcc/nios2-elf/4.1.2/../../../../nios2-elf/lib\libc.a(lib_a-lseekr.o)
 .data          0x0081ea40        0x0 c:/altera/12.0sp2/nios2eds/bin/gnu/h-i686-mingw32/bin/../lib/gcc/nios2-elf/4.1.2/../../../../nios2-elf/lib\libc.a(lib_a-readr.o)
 .data          0x0081ea40        0x0 c:/altera/12.0sp2/nios2eds/bin/gnu/h-i686-mingw32/bin/../lib/gcc/nios2-elf/4.1.2\libgcc.a(_udivdi3.o)
 .data          0x0081ea40        0x0 c:/altera/12.0sp2/nios2eds/bin/gnu/h-i686-mingw32/bin/../lib/gcc/nios2-elf/4.1.2\libgcc.a(_umoddi3.o)
 .data          0x0081ea40        0x0 c:/altera/12.0sp2/nios2eds/bin/gnu/h-i686-mingw32/bin/../lib/gcc/nios2-elf/4.1.2\libgcc.a(_ge_df.o)
 .data          0x0081ea40        0x0 c:/altera/12.0sp2/nios2eds/bin/gnu/h-i686-mingw32/bin/../lib/gcc/nios2-elf/4.1.2\libgcc.a(_usi_to_df.o)
 .data          0x0081ea40        0x0 C:/Users/SarahLynn/Documents/School/School3/EECE381/LSN/LSN_bsp/\libhal_bsp.a(alt_close.o)
 .data          0x0081ea40      0x1a8 C:/Users/SarahLynn/Documents/School/School3/EECE381/LSN/LSN_bsp/\libhal_bsp.a(alt_dev.o)
                0x0081ea40                alt_dev_null
                0x0081ea68                alt_fd_list
 .data          0x0081ebe8        0x0 C:/Users/SarahLynn/Documents/School/School3/EECE381/LSN/LSN_bsp/\libhal_bsp.a(alt_errno.o)
 .data          0x0081ebe8        0x0 C:/Users/SarahLynn/Documents/School/School3/EECE381/LSN/LSN_bsp/\libhal_bsp.a(alt_fstat.o)
 .data          0x0081ebe8        0x0 C:/Users/SarahLynn/Documents/School/School3/EECE381/LSN/LSN_bsp/\libhal_bsp.a(alt_gettod.o)
 .data          0x0081ebe8        0x0 C:/Users/SarahLynn/Documents/School/School3/EECE381/LSN/LSN_bsp/\libhal_bsp.a(alt_irq_register.o)
 .data          0x0081ebe8        0x0 C:/Users/SarahLynn/Documents/School/School3/EECE381/LSN/LSN_bsp/\libhal_bsp.a(alt_irq_vars.o)
 .data          0x0081ebe8        0x0 C:/Users/SarahLynn/Documents/School/School3/EECE381/LSN/LSN_bsp/\libhal_bsp.a(alt_isatty.o)
 .data          0x0081ebe8        0x0 C:/Users/SarahLynn/Documents/School/School3/EECE381/LSN/LSN_bsp/\libhal_bsp.a(alt_load.o)
 .data          0x0081ebe8        0x0 C:/Users/SarahLynn/Documents/School/School3/EECE381/LSN/LSN_bsp/\libhal_bsp.a(alt_lseek.o)
 .data          0x0081ebe8        0x0 C:/Users/SarahLynn/Documents/School/School3/EECE381/LSN/LSN_bsp/\libhal_bsp.a(alt_main.o)
 .data          0x0081ebe8        0x0 C:/Users/SarahLynn/Documents/School/School3/EECE381/LSN/LSN_bsp/\libhal_bsp.a(alt_malloc_lock.o)
 .data          0x0081ebe8        0x0 C:/Users/SarahLynn/Documents/School/School3/EECE381/LSN/LSN_bsp/\libhal_bsp.a(alt_read.o)
 .data          0x0081ebe8        0x0 C:/Users/SarahLynn/Documents/School/School3/EECE381/LSN/LSN_bsp/\libhal_bsp.a(alt_release_fd.o)
 .data          0x0081ebe8        0x0 C:/Users/SarahLynn/Documents/School/School3/EECE381/LSN/LSN_bsp/\libhal_bsp.a(alt_sbrk.o)
 .data          0x0081ebe8        0x0 C:/Users/SarahLynn/Documents/School/School3/EECE381/LSN/LSN_bsp/\libhal_bsp.a(alt_tick.o)
 .data          0x0081ebe8        0x0 C:/Users/SarahLynn/Documents/School/School3/EECE381/LSN/LSN_bsp/\libhal_bsp.a(alt_usleep.o)
 .data          0x0081ebe8        0x0 C:/Users/SarahLynn/Documents/School/School3/EECE381/LSN/LSN_bsp/\libhal_bsp.a(alt_write.o)
 .data          0x0081ebe8     0x11b4 C:/Users/SarahLynn/Documents/School/School3/EECE381/LSN/LSN_bsp/\libhal_bsp.a(alt_sys_init.o)
 .data          0x0081fd9c        0x0 C:/Users/SarahLynn/Documents/School/School3/EECE381/LSN/LSN_bsp/\libhal_bsp.a(altera_avalon_jtag_uart_fd.o)
 .data          0x0081fd9c        0x0 C:/Users/SarahLynn/Documents/School/School3/EECE381/LSN/LSN_bsp/\libhal_bsp.a(altera_avalon_jtag_uart_init.o)
 .data          0x0081fd9c        0x0 C:/Users/SarahLynn/Documents/School/School3/EECE381/LSN/LSN_bsp/\libhal_bsp.a(altera_avalon_jtag_uart_ioctl.o)
 .data          0x0081fd9c        0x0 C:/Users/SarahLynn/Documents/School/School3/EECE381/LSN/LSN_bsp/\libhal_bsp.a(altera_avalon_jtag_uart_read.o)
 .data          0x0081fd9c        0x0 C:/Users/SarahLynn/Documents/School/School3/EECE381/LSN/LSN_bsp/\libhal_bsp.a(altera_avalon_jtag_uart_write.o)
 .data          0x0081fd9c        0x0 C:/Users/SarahLynn/Documents/School/School3/EECE381/LSN/LSN_bsp/\libhal_bsp.a(altera_avalon_timer_sc.o)
 .data          0x0081fd9c        0x0 C:/Users/SarahLynn/Documents/School/School3/EECE381/LSN/LSN_bsp/\libhal_bsp.a(altera_avalon_timer_ts.o)
 .data          0x0081fd9c        0x0 C:/Users/SarahLynn/Documents/School/School3/EECE381/LSN/LSN_bsp/\libhal_bsp.a(altera_avalon_timer_vars.o)
 .data          0x0081fd9c        0x0 C:/Users/SarahLynn/Documents/School/School3/EECE381/LSN/LSN_bsp/\libhal_bsp.a(altera_up_avalon_audio.o)
 .data          0x0081fd9c        0x0 C:/Users/SarahLynn/Documents/School/School3/EECE381/LSN/LSN_bsp/\libhal_bsp.a(altera_up_avalon_audio_and_video_config.o)
 .data          0x0081fd9c        0x0 C:/Users/SarahLynn/Documents/School/School3/EECE381/LSN/LSN_bsp/\libhal_bsp.a(altera_up_avalon_character_lcd.o)
 .data          0x0081fd9c        0x0 C:/Users/SarahLynn/Documents/School/School3/EECE381/LSN/LSN_bsp/\libhal_bsp.a(altera_up_avalon_video_character_buffer_with_dma.o)
 .data          0x0081fd9c        0x0 C:/Users/SarahLynn/Documents/School/School3/EECE381/LSN/LSN_bsp/\libhal_bsp.a(altera_up_avalon_video_pixel_buffer_dma.o)
 .data          0x0081fd9c        0x0 C:/Users/SarahLynn/Documents/School/School3/EECE381/LSN/LSN_bsp/\libhal_bsp.a(altera_up_sd_card_avalon_interface.o)
 .data          0x0081fd9c        0x0 C:/Users/SarahLynn/Documents/School/School3/EECE381/LSN/LSN_bsp/\libhal_bsp.a(alt_alarm_start.o)
 .data          0x0081fd9c        0x0 C:/Users/SarahLynn/Documents/School/School3/EECE381/LSN/LSN_bsp/\libhal_bsp.a(alt_busy_sleep.o)
 .data          0x0081fd9c        0x0 C:/Users/SarahLynn/Documents/School/School3/EECE381/LSN/LSN_bsp/\libhal_bsp.a(alt_dcache_flush_all.o)
 .data          0x0081fd9c        0x0 C:/Users/SarahLynn/Documents/School/School3/EECE381/LSN/LSN_bsp/\libhal_bsp.a(alt_dev_llist_insert.o)
 .data          0x0081fd9c        0x0 C:/Users/SarahLynn/Documents/School/School3/EECE381/LSN/LSN_bsp/\libhal_bsp.a(alt_do_ctors.o)
 .data          0x0081fd9c        0x0 C:/Users/SarahLynn/Documents/School/School3/EECE381/LSN/LSN_bsp/\libhal_bsp.a(alt_do_dtors.o)
 .data          0x0081fd9c        0x0 C:/Users/SarahLynn/Documents/School/School3/EECE381/LSN/LSN_bsp/\libhal_bsp.a(alt_find_dev.o)
 .data          0x0081fd9c        0x0 C:/Users/SarahLynn/Documents/School/School3/EECE381/LSN/LSN_bsp/\libhal_bsp.a(alt_icache_flush_all.o)
 .data          0x0081fd9c        0x0 C:/Users/SarahLynn/Documents/School/School3/EECE381/LSN/LSN_bsp/\libhal_bsp.a(alt_io_redirect.o)
 .data          0x0081fd9c        0x0 C:/Users/SarahLynn/Documents/School/School3/EECE381/LSN/LSN_bsp/\libhal_bsp.a(alt_irq_entry.o)
 .data          0x0081fd9c        0x0 C:/Users/SarahLynn/Documents/School/School3/EECE381/LSN/LSN_bsp/\libhal_bsp.a(alt_irq_handler.o)
 .data          0x0081fd9c        0x0 C:/Users/SarahLynn/Documents/School/School3/EECE381/LSN/LSN_bsp/\libhal_bsp.a(alt_open.o)
 .data          0x0081fd9c        0x0 C:/Users/SarahLynn/Documents/School/School3/EECE381/LSN/LSN_bsp/\libhal_bsp.a(altera_nios2_qsys_irq.o)
 .data          0x0081fd9c        0x0 C:/Users/SarahLynn/Documents/School/School3/EECE381/LSN/LSN_bsp/\libhal_bsp.a(alt_exception_entry.o)
 .data          0x0081fd9c        0x0 C:/Users/SarahLynn/Documents/School/School3/EECE381/LSN/LSN_bsp/\libhal_bsp.a(alt_find_file.o)
 .data          0x0081fd9c        0x0 C:/Users/SarahLynn/Documents/School/School3/EECE381/LSN/LSN_bsp/\libhal_bsp.a(alt_get_fd.o)
 .data          0x0081fd9c        0x0 C:/Users/SarahLynn/Documents/School/School3/EECE381/LSN/LSN_bsp/\libhal_bsp.a(alt_icache_flush.o)
 .data          0x0081fd9c        0x0 c:/altera/12.0sp2/nios2eds/bin/gnu/h-i686-mingw32/bin/../lib/gcc/nios2-elf/4.1.2/../../../../nios2-elf/lib\libc.a(lib_a-atexit.o)
 .data          0x0081fd9c        0x0 c:/altera/12.0sp2/nios2eds/bin/gnu/h-i686-mingw32/bin/../lib/gcc/nios2-elf/4.1.2/../../../../nios2-elf/lib\libc.a(lib_a-exit.o)
 .data          0x0081fd9c        0x0 c:/altera/12.0sp2/nios2eds/bin/gnu/h-i686-mingw32/bin/../lib/gcc/nios2-elf/4.1.2/../../../../nios2-elf/lib\libc.a(lib_a-memcmp.o)
 .data          0x0081fd9c        0x0 c:/altera/12.0sp2/nios2eds/bin/gnu/h-i686-mingw32/bin/../lib/gcc/nios2-elf/4.1.2/../../../../nios2-elf/lib\libc.a(lib_a-__atexit.o)
 .data          0x0081fd9c        0x0 c:/altera/12.0sp2/nios2eds/bin/gnu/h-i686-mingw32/bin/../lib/gcc/nios2-elf/4.1.2/../../../../nios2-elf/lib\libc.a(lib_a-__call_atexit.o)
 .data          0x0081fd9c        0x0 C:/Users/SarahLynn/Documents/School/School3/EECE381/LSN/LSN_bsp/\libhal_bsp.a(alt_exit.o)
                0x00827d9c                _gp = ABSOLUTE ((. + 0x8000))
                0x00827d9c                PROVIDE (gp, _gp)
 *(.rwdata .rwdata.*)
 *(.sdata .sdata.* .gnu.linkonce.s.*)
 .sdata         0x0081fd9c        0xc obj/default/audio.o
                0x0081fd9c                CONFIG_NAME
                0x0081fda0                AUDIO_NAME
                0x0081fda4                numSounds
 .sdata         0x0081fda8        0x1 obj/default/input.o
 *fill*         0x0081fda9        0x3 00
 .sdata         0x0081fdac        0x4 obj/default/nado.o
                0x0081fdac                nadoDrawX
 .sdata         0x0081fdb0        0x4 obj/default/score.o
                0x0081fdb0                scoreFileName
 .sdata         0x0081fdb4        0x4 c:/altera/12.0sp2/nios2eds/bin/gnu/h-i686-mingw32/bin/../lib/gcc/nios2-elf/4.1.2/../../../../nios2-elf/lib\libm.a(lib_a-s_lib_ver.o)
                0x0081fdb4                __fdlib_version
 .sdata         0x0081fdb8        0x8 c:/altera/12.0sp2/nios2eds/bin/gnu/h-i686-mingw32/bin/../lib/gcc/nios2-elf/4.1.2/../../../../nios2-elf/lib\libc.a(lib_a-impure.o)
                0x0081fdb8                _impure_ptr
                0x0081fdbc                _global_impure_ptr
 .sdata         0x0081fdc0        0x8 c:/altera/12.0sp2/nios2eds/bin/gnu/h-i686-mingw32/bin/../lib/gcc/nios2-elf/4.1.2/../../../../nios2-elf/lib\libc.a(lib_a-mallocr.o)
                0x0081fdc0                __malloc_trim_threshold
                0x0081fdc4                __malloc_sbrk_base
 .sdata         0x0081fdc8        0x8 c:/altera/12.0sp2/nios2eds/bin/gnu/h-i686-mingw32/bin/../lib/gcc/nios2-elf/4.1.2/../../../../nios2-elf/lib\libc.a(lib_a-locale.o)
                0x0081fdc8                __mb_cur_max
 .sdata         0x0081fdd0       0x14 C:/Users/SarahLynn/Documents/School/School3/EECE381/LSN/LSN_bsp/\libhal_bsp.a(alt_dev.o)
                0x0081fdd0                alt_fs_list
                0x0081fdd8                alt_dev_list
                0x0081fde0                alt_max_fd
 .sdata         0x0081fde4        0x4 C:/Users/SarahLynn/Documents/School/School3/EECE381/LSN/LSN_bsp/\libhal_bsp.a(alt_errno.o)
                0x0081fde4                alt_errno
 .sdata         0x0081fde8        0x4 C:/Users/SarahLynn/Documents/School/School3/EECE381/LSN/LSN_bsp/\libhal_bsp.a(alt_irq_vars.o)
                0x0081fde8                alt_priority_mask
 .sdata         0x0081fdec        0x4 C:/Users/SarahLynn/Documents/School/School3/EECE381/LSN/LSN_bsp/\libhal_bsp.a(alt_sbrk.o)
 .sdata         0x0081fdf0        0x8 C:/Users/SarahLynn/Documents/School/School3/EECE381/LSN/LSN_bsp/\libhal_bsp.a(alt_tick.o)
                0x0081fdf0                alt_alarm_list
 *(.sdata2 .sdata2.* .gnu.linkonce.s2.*)
                0x0081fdf8                . = ALIGN (0x4)
                0x0081fdf8                _edata = ABSOLUTE (.)
                0x0081fdf8                PROVIDE (edata, ABSOLUTE (.))
                0x0081fdf8                PROVIDE (__ram_rwdata_end, ABSOLUTE (.))
                0x0081fdf8                PROVIDE (__flash_rwdata_start, LOADADDR (.rwdata))

.bss            0x008219c4     0xaad0
                0x008219c4                __bss_start = ABSOLUTE (.)
                0x008219c4                PROVIDE (__sbss_start, ABSOLUTE (.))
                0x008219c4                PROVIDE (___sbss_start, ABSOLUTE (.))
 *(.dynsbss)
 *(.sbss .sbss.* .gnu.linkonce.sb.*)
 .sbss          0x008219c4        0xc obj/default/audio.o
                0x008219c4                audio
                0x008219c8                config
                0x008219cc                DEBUG
 .sbss          0x008219d0       0x1a obj/default/audio.o
                0x008219d0                loaded
                0x008219d4                audioFileWordLength
                0x008219d8                sdDev
                0x008219dc                somethingForIrq
                0x008219e0                playedWords
                0x008219e4                playCursor
                0x008219e8                status
 *fill*         0x008219ea        0x2 00
 .sbss          0x008219ec       0x38 obj/default/bmp.o
                0x008219ec                nnadobBmp
                0x008219f0                pixel_buffer_addr1
                0x008219f4                char_buffer
                0x008219f8                loadBmp
                0x008219fc                pressBmp
                0x00821a00                pnadoaBmp
                0x00821a04                pixel_buffer_addr2
                0x00821a08                sharkBmp
                0x00821a0c                splashBmp
                0x00821a10                nnadoaBmp
                0x00821a14                pnadobBmp
                0x00821a18                pixel_buffer
                0x00821a1c                cnadoBmp
                0x00821a20                playerBmp
 .sbss          0x00821a24       0x10 obj/default/bullet.o
                0x00821a24                playerBulletList
                0x00821a28                sharkBulletList
                0x00821a2c                sharkLaserColor
                0x00821a30                playerLaserColor
 .sbss          0x00821a34       0x20 obj/default/displacement.o
 .sbss          0x00821a54       0x16 obj/default/input.o
 *fill*         0x00821a6a        0x2 00
 .sbss          0x00821a6c        0x4 obj/default/nado.o
                0x00821a6c                nadoDrawY
 .sbss          0x00821a70        0x8 obj/default/score.o
                0x00821a74                gameScores
 .sbss          0x00821a78        0xc obj/default/shark.o
                0x00821a78                sharkList
                0x00821a7c                deadSharkList
                0x00821a80                sharkCount
 .sbss          0x00821a84        0xc c:/altera/12.0sp2/nios2eds/bin/gnu/h-i686-mingw32/bin/../lib/gcc/nios2-elf/4.1.2/../../../../nios2-elf/lib\libc.a(lib_a-mallocr.o)
                0x00821a84                __malloc_top_pad
                0x00821a88                __malloc_max_sbrked_mem
                0x00821a8c                __malloc_max_total_mem
 .sbss          0x00821a90        0x4 c:/altera/12.0sp2/nios2eds/bin/gnu/h-i686-mingw32/bin/../lib/gcc/nios2-elf/4.1.2/../../../../nios2-elf/lib\libc.a(lib_a-int_errno.o)
                0x00821a90                errno
 .sbss          0x00821a94        0xc c:/altera/12.0sp2/nios2eds/bin/gnu/h-i686-mingw32/bin/../lib/gcc/nios2-elf/4.1.2/../../../../nios2-elf/lib\libc.a(lib_a-locale.o)
                0x00821a94                __nlocale_changed
                0x00821a98                __mlocale_changed
                0x00821a9c                _PathLocale
 .sbss          0x00821aa0       0x10 C:/Users/SarahLynn/Documents/School/School3/EECE381/LSN/LSN_bsp/\libhal_bsp.a(alt_gettod.o)
                0x00821aa0                alt_timezone
                0x00821aa8                alt_resettime
 .sbss          0x00821ab0        0x4 C:/Users/SarahLynn/Documents/School/School3/EECE381/LSN/LSN_bsp/\libhal_bsp.a(alt_irq_vars.o)
                0x00821ab0                alt_irq_active
 .sbss          0x00821ab4        0xc C:/Users/SarahLynn/Documents/School/School3/EECE381/LSN/LSN_bsp/\libhal_bsp.a(alt_main.o)
                0x00821ab4                alt_argc
                0x00821ab8                alt_argv
                0x00821abc                alt_envp
 .sbss          0x00821ac0        0x8 C:/Users/SarahLynn/Documents/School/School3/EECE381/LSN/LSN_bsp/\libhal_bsp.a(alt_tick.o)
                0x00821ac0                _alt_tick_rate
                0x00821ac4                _alt_nticks
 .sbss          0x00821ac8        0x8 C:/Users/SarahLynn/Documents/School/School3/EECE381/LSN/LSN_bsp/\libhal_bsp.a(altera_avalon_timer_vars.o)
                0x00821ac8                altera_avalon_timer_ts_base
                0x00821acc                altera_avalon_timer_ts_freq
 .sbss          0x00821ad0       0x34 C:/Users/SarahLynn/Documents/School/School3/EECE381/LSN/LSN_bsp/\libhal_bsp.a(altera_up_sd_card_avalon_interface.o)
                0x00821ad0                initialized
                0x00821ad4                is_sd_card_formated_as_FAT16
                0x00821ad8                aux_status_register
                0x00821adc                status_register
                0x00821ae0                CSD_register_w0
                0x00821ae4                command_register
                0x00821ae8                command_argument_register
                0x00821aec                buffer_memory
                0x00821af0                fat_partition_offset_in_512_byte_sectors
                0x00821af4                fat_partition_size_in_512_byte_sectors
                0x00821af8                device_pointer
                0x00821afc                current_sector_modified
                0x00821b00                current_sector_index
 *(.sbss2 .sbss2.* .gnu.linkonce.sb2.*)
 *(.scommon)
                0x00821b04                PROVIDE (__sbss_end, ABSOLUTE (.))
                0x00821b04                PROVIDE (___sbss_end, ABSOLUTE (.))
 *(.dynbss)
 *(.bss .bss.* .gnu.linkonce.b.*)
 .bss           0x00821b04        0x0 C:/Users/SarahLynn/Documents/School/School3/EECE381/LSN/LSN_bsp//obj/HAL/src/crt0.o
 .bss           0x00821b04      0x200 obj/default/audio.o
 .bss           0x00821d04        0x0 obj/default/bmp.o
 .bss           0x00821d04        0x0 obj/default/bullet.o
 .bss           0x00821d04        0x0 obj/default/collision.o
 .bss           0x00821d04        0x0 obj/default/displacement.o
 .bss           0x00821d04        0x0 obj/default/gameEnd.o
 .bss           0x00821d04        0x0 obj/default/input.o
 .bss           0x00821d04        0x0 obj/default/main.o
 .bss           0x00821d04        0x0 obj/default/nado.o
 .bss           0x00821d04        0x0 obj/default/player.o
 .bss           0x00821d04        0x0 obj/default/score.o
 .bss           0x00821d04        0x0 obj/default/sd_card.o
 .bss           0x00821d04        0x0 obj/default/shark.o
 .bss           0x00821d04        0x0 obj/default/splash.o