Archive member included because of file (symbol)

f:/windowsstuff/12.0/nios2eds/bin/gnu/h-i686-mingw32/bin/../lib/gcc/nios2-elf/4.1.2/../../../../nios2-elf/lib\libm.a(lib_a-s_sin.o)
                              obj/default/audio.o (sin)
f:/windowsstuff/12.0/nios2eds/bin/gnu/h-i686-mingw32/bin/../lib/gcc/nios2-elf/4.1.2/../../../../nios2-elf/lib\libm.a(lib_a-e_rem_pio2.o)
                              f:/windowsstuff/12.0/nios2eds/bin/gnu/h-i686-mingw32/bin/../lib/gcc/nios2-elf/4.1.2/../../../../nios2-elf/lib\libm.a(lib_a-s_sin.o) (__ieee754_rem_pio2)
f:/windowsstuff/12.0/nios2eds/bin/gnu/h-i686-mingw32/bin/../lib/gcc/nios2-elf/4.1.2/../../../../nios2-elf/lib\libm.a(lib_a-k_cos.o)
                              f:/windowsstuff/12.0/nios2eds/bin/gnu/h-i686-mingw32/bin/../lib/gcc/nios2-elf/4.1.2/../../../../nios2-elf/lib\libm.a(lib_a-s_sin.o) (__kernel_cos)
f:/windowsstuff/12.0/nios2eds/bin/gnu/h-i686-mingw32/bin/../lib/gcc/nios2-elf/4.1.2/../../../../nios2-elf/lib\libm.a(lib_a-k_rem_pio2.o)
                              f:/windowsstuff/12.0/nios2eds/bin/gnu/h-i686-mingw32/bin/../lib/gcc/nios2-elf/4.1.2/../../../../nios2-elf/lib\libm.a(lib_a-e_rem_pio2.o) (__kernel_rem_pio2)
f:/windowsstuff/12.0/nios2eds/bin/gnu/h-i686-mingw32/bin/../lib/gcc/nios2-elf/4.1.2/../../../../nios2-elf/lib\libm.a(lib_a-k_sin.o)
                              f:/windowsstuff/12.0/nios2eds/bin/gnu/h-i686-mingw32/bin/../lib/gcc/nios2-elf/4.1.2/../../../../nios2-elf/lib\libm.a(lib_a-s_sin.o) (__kernel_sin)
f:/windowsstuff/12.0/nios2eds/bin/gnu/h-i686-mingw32/bin/../lib/gcc/nios2-elf/4.1.2/../../../../nios2-elf/lib\libm.a(lib_a-s_fabs.o)
                              f:/windowsstuff/12.0/nios2eds/bin/gnu/h-i686-mingw32/bin/../lib/gcc/nios2-elf/4.1.2/../../../../nios2-elf/lib\libm.a(lib_a-e_rem_pio2.o) (fabs)
f:/windowsstuff/12.0/nios2eds/bin/gnu/h-i686-mingw32/bin/../lib/gcc/nios2-elf/4.1.2/../../../../nios2-elf/lib\libm.a(lib_a-s_floor.o)
                              f:/windowsstuff/12.0/nios2eds/bin/gnu/h-i686-mingw32/bin/../lib/gcc/nios2-elf/4.1.2/../../../../nios2-elf/lib\libm.a(lib_a-k_rem_pio2.o) (floor)
f:/windowsstuff/12.0/nios2eds/bin/gnu/h-i686-mingw32/bin/../lib/gcc/nios2-elf/4.1.2/../../../../nios2-elf/lib\libm.a(lib_a-s_scalbn.o)
                              f:/windowsstuff/12.0/nios2eds/bin/gnu/h-i686-mingw32/bin/../lib/gcc/nios2-elf/4.1.2/../../../../nios2-elf/lib\libm.a(lib_a-k_rem_pio2.o) (scalbn)
f:/windowsstuff/12.0/nios2eds/bin/gnu/h-i686-mingw32/bin/../lib/gcc/nios2-elf/4.1.2/../../../../nios2-elf/lib\libm.a(lib_a-s_copysign.o)
                              f:/windowsstuff/12.0/nios2eds/bin/gnu/h-i686-mingw32/bin/../lib/gcc/nios2-elf/4.1.2/../../../../nios2-elf/lib\libm.a(lib_a-s_scalbn.o) (copysign)
f:/windowsstuff/12.0/nios2eds/bin/gnu/h-i686-mingw32/bin/../lib/gcc/nios2-elf/4.1.2\libgcc.a(_fixunsdfsi.o)
                              obj/default/audio.o (__fixunsdfsi)
f:/windowsstuff/12.0/nios2eds/bin/gnu/h-i686-mingw32/bin/../lib/gcc/nios2-elf/4.1.2\libgcc.a(_div_sf.o)
                              obj/default/timer.o (__divsf3)
f:/windowsstuff/12.0/nios2eds/bin/gnu/h-i686-mingw32/bin/../lib/gcc/nios2-elf/4.1.2\libgcc.a(_si_to_sf.o)
                              obj/default/audio.o (__floatsisf)
f:/windowsstuff/12.0/nios2eds/bin/gnu/h-i686-mingw32/bin/../lib/gcc/nios2-elf/4.1.2\libgcc.a(_sf_to_df.o)
                              obj/default/audio.o (__extendsfdf2)
f:/windowsstuff/12.0/nios2eds/bin/gnu/h-i686-mingw32/bin/../lib/gcc/nios2-elf/4.1.2\libgcc.a(_thenan_sf.o)
                              f:/windowsstuff/12.0/nios2eds/bin/gnu/h-i686-mingw32/bin/../lib/gcc/nios2-elf/4.1.2\libgcc.a(_div_sf.o) (__thenan_sf)
f:/windowsstuff/12.0/nios2eds/bin/gnu/h-i686-mingw32/bin/../lib/gcc/nios2-elf/4.1.2\libgcc.a(_addsub_df.o)
                              f:/windowsstuff/12.0/nios2eds/bin/gnu/h-i686-mingw32/bin/../lib/gcc/nios2-elf/4.1.2/../../../../nios2-elf/lib\libm.a(lib_a-s_sin.o) (__subdf3)
f:/windowsstuff/12.0/nios2eds/bin/gnu/h-i686-mingw32/bin/../lib/gcc/nios2-elf/4.1.2\libgcc.a(_mul_df.o)
                              obj/default/audio.o (__muldf3)
f:/windowsstuff/12.0/nios2eds/bin/gnu/h-i686-mingw32/bin/../lib/gcc/nios2-elf/4.1.2\libgcc.a(_div_df.o)
                              obj/default/audio.o (__divdf3)
f:/windowsstuff/12.0/nios2eds/bin/gnu/h-i686-mingw32/bin/../lib/gcc/nios2-elf/4.1.2\libgcc.a(_eq_df.o)
                              f:/windowsstuff/12.0/nios2eds/bin/gnu/h-i686-mingw32/bin/../lib/gcc/nios2-elf/4.1.2/../../../../nios2-elf/lib\libm.a(lib_a-e_rem_pio2.o) (__eqdf2)
f:/windowsstuff/12.0/nios2eds/bin/gnu/h-i686-mingw32/bin/../lib/gcc/nios2-elf/4.1.2\libgcc.a(_gt_df.o)
                              f:/windowsstuff/12.0/nios2eds/bin/gnu/h-i686-mingw32/bin/../lib/gcc/nios2-elf/4.1.2/../../../../nios2-elf/lib\libm.a(lib_a-s_floor.o) (__gtdf2)
f:/windowsstuff/12.0/nios2eds/bin/gnu/h-i686-mingw32/bin/../lib/gcc/nios2-elf/4.1.2\libgcc.a(_ge_df.o)
[...]
Memory Configuration

Name             Origin             Length             Attributes
reset            0x00800000         0x00000020
sdram_0          0x00800020         0x007fffe0
*default*        0x00000000         0xffffffff

Linker script and memory map

LOAD C:/Users/jorde_000/Documents/GitHub/LSN//obj/HAL/src/crt0.o
LOAD obj/default/audio.o
LOAD obj/default/audio_up_hack.o
LOAD obj/default/hello_world.o
LOAD obj/default/player.o
LOAD obj/default/sd_card.o
LOAD obj/default/timer.o
LOAD obj/default/vga.o
LOAD f:/windowsstuff/12.0/nios2eds/bin/gnu/h-i686-mingw32/bin/../lib/gcc/nios2-elf/4.1.2/../../../../nios2-elf/lib\libstdc++.a
LOAD f:/windowsstuff/12.0/nios2eds/bin/gnu/h-i686-mingw32/bin/../lib/gcc/nios2-elf/4.1.2/../../../../nios2-elf/lib\libm.a
LOAD f:/windowsstuff/12.0/nios2eds/bin/gnu/h-i686-mingw32/bin/../lib/gcc/nios2-elf/4.1.2\libgcc.a
START GROUP
LOAD f:/windowsstuff/12.0/nios2eds/bin/gnu/h-i686-mingw32/bin/../lib/gcc/nios2-elf/4.1.2/../../../../nios2-elf/lib\libc.a
LOAD f:/windowsstuff/12.0/nios2eds/bin/gnu/h-i686-mingw32/bin/../lib/gcc/nios2-elf/4.1.2\libgcc.a
LOAD C:/Users/jorde_000/Documents/GitHub/LSN/\libhal_bsp.a
END GROUP
LOAD f:/windowsstuff/12.0/nios2eds/bin/gnu/h-i686-mingw32/bin/../lib/gcc/nios2-elf/4.1.2\libgcc.a
                0x00800000                __alt_mem_sdram_0 = 0x800000

.entry          0x00800000       0x20
 *(.entry)
 .entry         0x00800000       0x20 C:/Users/jorde_000/Documents/GitHub/LSN//obj/HAL/src/crt0.o
                0x00800000                __reset

.exceptions     0x00800020      0x198
                0x00800020                PROVIDE (__ram_exceptions_start, ABSOLUTE (.))
                0x00800020                . = ALIGN (0x20)
 *(.irq)
 *(.exceptions.entry.label)
 .exceptions.entry.label
                0x00800020        0x0 C:/Users/jorde_000/Documents/GitHub/LSN/\libhal_bsp.a(alt_irq_entry.o)
                0x00800020                alt_irq_entry
 .exceptions.entry.label
                0x00800020        0x0 C:/Users/jorde_000/Documents/GitHub/LSN/\libhal_bsp.a(alt_exception_entry.o)
                0x00800020                alt_exception
 *(.exceptions.entry.user)
 *(.exceptions.entry)
 .exceptions.entry
                0x00800020       0x54 C:/Users/jorde_000/Documents/GitHub/LSN/\libhal_bsp.a(alt_exception_entry.o)
 *(.exceptions.irqtest.user)
 *(.exceptions.irqtest)
 .exceptions.irqtest
                0x00800074       0x10 C:/Users/jorde_000/Documents/GitHub/LSN/\libhal_bsp.a(alt_irq_entry.o)
 *(.exceptions.irqhandler.user)
 *(.exceptions.irqhandler)
 .exceptions.irqhandler
                0x00800084        0x4 C:/Users/jorde_000/Documents/GitHub/LSN/\libhal_bsp.a(alt_irq_entry.o)
 *(.exceptions.irqreturn.user)
 *(.exceptions.irqreturn)
 .exceptions.irqreturn
                0x00800088        0x4 C:/Users/jorde_000/Documents/GitHub/LSN/\libhal_bsp.a(alt_irq_entry.o)
 *(.exceptions.notirq.label)
 .exceptions.notirq.label
                0x0080008c        0x0 C:/Users/jorde_000/Documents/GitHub/LSN/\libhal_bsp.a(alt_irq_entry.o)
 *(.exceptions.notirq.user)
 *(.exceptions.notirq)
 .exceptions.notirq
                0x0080008c        0x8 C:/Users/jorde_000/Documents/GitHub/LSN/\libhal_bsp.a(alt_exception_entry.o)
 *(.exceptions.soft.user)
 *(.exceptions.soft)
 *(.exceptions.unknown.user)
 *(.exceptions.unknown)
 .exceptions.unknown
                0x00800094        0x4 C:/Users/jorde_000/Documents/GitHub/LSN/\libhal_bsp.a(alt_exception_entry.o)
 *(.exceptions.exit.label)
 .exceptions.exit.label
                0x00800098        0x0 C:/Users/jorde_000/Documents/GitHub/LSN/\libhal_bsp.a(alt_irq_entry.o)
 .exceptions.exit.label
                0x00800098        0x0 C:/Users/jorde_000/Documents/GitHub/LSN/\libhal_bsp.a(alt_exception_entry.o)
 *(.exceptions.exit.user)
 *(.exceptions.exit)
 .exceptions.exit
                0x00800098       0x54 C:/Users/jorde_000/Documents/GitHub/LSN/\libhal_bsp.a(alt_exception_entry.o)
 *(.exceptions)
 .exceptions    0x008000ec       0xcc C:/Users/jorde_000/Documents/GitHub/LSN/\libhal_bsp.a(alt_irq_handler.o)
                0x008000ec                alt_irq_handler
                0x008001b8                PROVIDE (__ram_exceptions_end, ABSOLUTE (.))
                0x00800020                PROVIDE (__flash_exceptions_start, LOADADDR (.exceptions))

.text           0x008001b8    0x17808
                0x008001b8                PROVIDE (stext, ABSOLUTE (.))
 *(.interp)
 *(.hash)
 *(.dynsym)
 *(.dynstr)
 *(.gnu.version)
 *(.gnu.version_d)
 *(.gnu.version_r)
 *(.rel.init)
 *(.rela.init)
 *(.rel.text .rel.text.* .rel.gnu.linkonce.t.*)
 *(.rela.text .rela.text.* .rela.gnu.linkonce.t.*)
 *(.rel.fini)
 *(.rela.fini)
 *(.rel.rodata .rel.rodata.* .rel.gnu.linkonce.r.*)
 *(.rela.rodata .rela.rodata.* .rela.gnu.linkonce.r.*)
 *(.rel.data .rel.data.* .rel.gnu.linkonce.d.*)
 *(.rela.data .rela.data.* .rela.gnu.linkonce.d.*)
 *(.rel.tdata .rel.tdata.* .rel.gnu.linkonce.td.*)
 *(.rela.tdata .rela.tdata.* .rela.gnu.linkonce.td.*)
 *(.rel.tbss .rel.tbss.* .rel.gnu.linkonce.tb.*)
 *(.rela.tbss .rela.tbss.* .rela.gnu.linkonce.tb.*)
 *(.rel.ctors)
 *(.rela.ctors)
 *(.rel.dtors)
 *(.rela.dtors)
 *(.rel.got)
 *(.rela.got)
 *(.rel.sdata .rel.sdata.* .rel.gnu.linkonce.s.*)
 *(.rela.sdata .rela.sdata.* .rela.gnu.linkonce.s.*)
 *(.rel.sbss .rel.sbss.* .rel.gnu.linkonce.sb.*)
 *(.rela.sbss .rela.sbss.* .rela.gnu.linkonce.sb.*)
 *(.rel.sdata2 .rel.sdata2.* .rel.gnu.linkonce.s2.*)
 *(.rela.sdata2 .rela.sdata2.* .rela.gnu.linkonce.s2.*)
 *(.rel.sbss2 .rel.sbss2.* .rel.gnu.linkonce.sb2.*)
 *(.rela.sbss2 .rela.sbss2.* .rela.gnu.linkonce.sb2.*)
 *(.rel.bss .rel.bss.* .rel.gnu.linkonce.b.*)
 *(.rela.bss .rela.bss.* .rela.gnu.linkonce.b.*)
 *(.rel.plt)
 *(.rela.plt)
 *(.rel.dyn)
 *(.init)
 *(.plt)
 *(.text .stub .text.* .gnu.linkonce.t.*)
 .text          0x008001b8       0x4c C:/Users/jorde_000/Documents/GitHub/LSN//obj/HAL/src/crt0.o
                0x008001b8                _start
 .text          0x00800204      0x940 obj/default/audio.o
                0x00800204                setupAudio
                0x00800470                setupAudioInterrupt
                0x008004c8                playAudioMono
                0x0080051c                playAudio
                0x008005ac                audioTest
                0x0080074c                testTone
                0x00800820                playLaser1
                0x0080092c                readWavFile
                0x00800a38                playLaser
 .text          0x00800b44        0x0 obj/default/audio_up_hack.o
 .text          0x00800b44      0x148 obj/default/hello_world.o
                0x00800b44                main
 .text          0x00800c8c        0x0 obj/default/player.o
 .text          0x00800c8c      0x374 obj/default/sd_card.o
                0x00800c8c                openSdCard
                0x00800cec                openFile
                0x00800d2c                closeFile
                0x00800d5c                readByte
                0x00800d90                readWord
                0x00800e24                readDWord
                0x00800ef8                getWavFileLength
                0x00800fb0                readPastWavHeader
 .text          0x00801000      0x360 obj/default/timer.o
                0x00801000                timer_test
                0x00801290                setHardwareTimerPeriod
                0x008012d8                isHardwareTimerRunning
                0x0080130c                hasHardwareTimerExpired
                0x00801334                startHardwareTimer
 .text          0x00801360      0x224 obj/default/vga.o
                0x00801360                setUp
                0x008013bc                clearScreen
                0x0080140c                drawLine
                0x008014d4                printLine
                0x00801528                drawBox
 .text          0x00801584      0x16c f:/windowsstuff/12.0/nios2eds/bin/gnu/h-i686-mingw32/bin/../lib/gcc/nios2-elf/4.1.2/../../../../nios2-elf/lib\libm.a(lib_a-s_sin.o)
                0x00801584                sin
 .text          0x008016f0      0x828 f:/windowsstuff/12.0/nios2eds/bin/gnu/h-i686-mingw32/bin/../lib/gcc/nios2-elf/4.1.2/../../../../nios2-elf/lib\libm.a(lib_a-e_rem_pio2.o)
                0x008016f0                __ieee754_rem_pio2
 .text          0x00801f18      0x52c f:/windowsstuff/12.0/nios2eds/bin/gnu/h-i686-mingw32/bin/../lib/gcc/nios2-elf/4.1.2/../../../../nios2-elf/lib\libm.a(lib_a-k_cos.o)
                0x00801f18                __kernel_cos
 .text          0x00802444      0xe7c f:/windowsstuff/12.0/nios2eds/bin/gnu/h-i686-mingw32/bin/../lib/gcc/nios2-elf/4.1.2/../../../../nios2-elf/lib\libm.a(lib_a-k_rem_pio2.o)
                0x00802444                __kernel_rem_pio2
 .text          0x008032c0      0x318 f:/windowsstuff/12.0/nios2eds/bin/gnu/h-i686-mingw32/bin/../lib/gcc/nios2-elf/4.1.2/../../../../nios2-elf/lib\libm.a(lib_a-k_sin.o)
                0x008032c0                __kernel_sin
 .text          0x008035d8       0x18 f:/windowsstuff/12.0/nios2eds/bin/gnu/h-i686-mingw32/bin/../lib/gcc/nios2-elf/4.1.2/../../../../nios2-elf/lib\libm.a(lib_a-s_fabs.o)
                0x008035d8                fabs
 .text          0x008035f0      0x224 f:/windowsstuff/12.0/nios2eds/bin/gnu/h-i686-mingw32/bin/../lib/gcc/nios2-elf/4.1.2/../../../../nios2-elf/lib\libm.a(lib_a-s_floor.o)
                0x008035f0                floor
 .text          0x00803814      0x1e0 f:/windowsstuff/12.0/nios2eds/bin/gnu/h-i686-mingw32/bin/../lib/gcc/nios2-elf/4.1.2/../../../../nios2-elf/lib\libm.a(lib_a-s_scalbn.o)
                0x00803814                scalbn
 .text          0x008039f4       0x24 f:/windowsstuff/12.0/nios2eds/bin/gnu/h-i686-mingw32/bin/../lib/gcc/nios2-elf/4.1.2/../../../../nios2-elf/lib\libm.a(lib_a-s_copysign.o)
                0x008039f4                copysign
 .text          0x00803a18       0xa4 f:/windowsstuff/12.0/nios2eds/bin/gnu/h-i686-mingw32/bin/../lib/gcc/nios2-elf/4.1.2\libgcc.a(_fixunsdfsi.o)
                0x00803a18                __fixunsdfsi
 .text          0x00803abc      0x174 f:/windowsstuff/12.0/nios2eds/bin/gnu/h-i686-mingw32/bin/../lib/gcc/nios2-elf/4.1.2\libgcc.a(_div_sf.o)
                0x00803abc                __divsf3
 .text          0x00803c30       0x98 f:/windowsstuff/12.0/nios2eds/bin/gnu/h-i686-mingw32/bin/../lib/gcc/nios2-elf/4.1.2\libgcc.a(_si_to_sf.o)
                0x00803c30                __floatsisf
 .text          0x00803cc8       0x54 f:/windowsstuff/12.0/nios2eds/bin/gnu/h-i686-mingw32/bin/../lib/gcc/nios2-elf/4.1.2\libgcc.a(_sf_to_df.o)
                0x00803cc8                __extendsfdf2
 .text          0x00803d1c        0x0 f:/windowsstuff/12.0/nios2eds/bin/gnu/h-i686-mingw32/bin/../lib/gcc/nios2-elf/4.1.2\libgcc.a(_thenan_sf.o)
 .text          0x00803d1c      0x504 f:/windowsstuff/12.0/nios2eds/bin/gnu/h-i686-mingw32/bin/../lib/gcc/nios2-elf/4.1.2\libgcc.a(_addsub_df.o)
                0x0080412c                __subdf3
                0x008041ac                __adddf3
 .text          0x00804220      0x3c4 f:/windowsstuff/12.0/nios2eds/bin/gnu/h-i686-mingw32/bin/../lib/gcc/nios2-elf/4.1.2\libgcc.a(_mul_df.o)
                0x00804220                __muldf3
 .text          0x008045e4      0x258 f:/windowsstuff/12.0/nios2eds/bin/gnu/h-i686-mingw32/bin/../lib/gcc/nios2-elf/4.1.2\libgcc.a(_div_df.o)
                0x008045e4                __divdf3
 .text          0x0080483c       0x88 f:/windowsstuff/12.0/nios2eds/bin/gnu/h-i686-mingw32/bin/../lib/gcc/nios2-elf/4.1.2\libgcc.a(_eq_df.o)
                0x0080483c                __eqdf2
 .text          0x008048c4       0x88 f:/windowsstuff/12.0/nios2eds/bin/gnu/h-i686-mingw32/bin/../lib/gcc/nios2-elf/4.1.2\libgcc.a(_gt_df.o)
                0x008048c4                __gtdf2
 .text          0x0080494c       0x88 f:/windowsstuff/12.0/nios2eds/bin/gnu/h-i686-mingw32/bin/../lib/gcc/nios2-elf/4.1.2\libgcc.a(_ge_df.o)
                0x0080494c                __gedf2
 .text          0x008049d4       0xf8 f:/windowsstuff/12.0/nios2eds/bin/gnu/h-i686-mingw32/bin/../lib/gcc/nios2-elf/4.1.2\libgcc.a(_si_to_df.o)
                0x008049d4                __floatsidf
 .text          0x00804acc       0xd8 f:/windowsstuff/12.0/nios2eds/bin/gnu/h-i686-mingw32/bin/../lib/gcc/nios2-elf/4.1.2\libgcc.a(_df_to_si.o)
                0x00804acc                __fixdfsi
 .text          0x00804ba4       0x38 f:/windowsstuff/12.0/nios2eds/bin/gnu/h-i686-mingw32/bin/../lib/gcc/nios2-elf/4.1.2\libgcc.a(_make_df.o)
                0x00804ba4                __make_dp
 .text          0x00804bdc        0x0 f:/windowsstuff/12.0/nios2eds/bin/gnu/h-i686-mingw32/bin/../lib/gcc/nios2-elf/4.1.2\libgcc.a(_thenan_df.o)
 .text          0x00804bdc      0x14c f:/windowsstuff/12.0/nios2eds/bin/gnu/h-i686-mingw32/bin/../lib/gcc/nios2-elf/4.1.2\libgcc.a(lib2-divmod.o)
                0x00804c58                __divsi3
                0x00804cb8                __modsi3
                0x00804d18                __udivsi3
                0x00804d20                __umodsi3
 .text          0x00804d28       0x98 f:/windowsstuff/12.0/nios2eds/bin/gnu/h-i686-mingw32/bin/../lib/gcc/nios2-elf/4.1.2\libgcc.a(_muldi3.o)
                0x00804d28                __muldi3
 .text          0x00804dc0       0x80 f:/windowsstuff/12.0/nios2eds/bin/gnu/h-i686-mingw32/bin/../lib/gcc/nios2-elf/4.1.2\libgcc.a(_clzsi2.o)
                0x00804dc0                __clzsi2
 .text          0x00804e40      0x160 f:/windowsstuff/12.0/nios2eds/bin/gnu/h-i686-mingw32/bin/../lib/gcc/nios2-elf/4.1.2\libgcc.a(_pack_sf.o)
                0x00804e40                __pack_f
 .text          0x00804fa0       0xc8 f:/windowsstuff/12.0/nios2eds/bin/gnu/h-i686-mingw32/bin/../lib/gcc/nios2-elf/4.1.2\libgcc.a(_unpack_sf.o)
                0x00804fa0                __unpack_f
 .text          0x00805068      0x314 f:/windowsstuff/12.0/nios2eds/bin/gnu/h-i686-mingw32/bin/../lib/gcc/nios2-elf/4.1.2\libgcc.a(_pack_df.o)
                0x00805068                __pack_d
 .text          0x0080537c      0x138 f:/windowsstuff/12.0/nios2eds/bin/gnu/h-i686-mingw32/bin/../lib/gcc/nios2-elf/4.1.2\libgcc.a(_unpack_df.o)
                0x0080537c                __unpack_d
 .text          0x008054b4       0xc8 f:/windowsstuff/12.0/nios2eds/bin/gnu/h-i686-mingw32/bin/../lib/gcc/nios2-elf/4.1.2\libgcc.a(_fpcmp_parts_df.o)
                0x008054b4                __fpcmp_parts_d
 .text          0x0080557c        0x0 f:/windowsstuff/12.0/nios2eds/bin/gnu/h-i686-mingw32/bin/../lib/gcc/nios2-elf/4.1.2\libgcc.a(_clz.o)
 .text          0x0080557c       0x28 f:/windowsstuff/12.0/nios2eds/bin/gnu/h-i686-mingw32/bin/../lib/gcc/nios2-elf/4.1.2/../../../../nios2-elf/lib\libc.a(lib_a-malloc.o)
                0x0080557c                free
                0x00805590                malloc
 .text          0x008055a4      0x740 f:/windowsstuff/12.0/nios2eds/bin/gnu/h-i686-mingw32/bin/../lib/gcc/nios2-elf/4.1.2/../../../../nios2-elf/lib\libc.a(lib_a-mallocr.o)
                0x008055a4                _malloc_r
 .text          0x00805ce4       0x78 f:/windowsstuff/12.0/nios2eds/bin/gnu/h-i686-mingw32/bin/../lib/gcc/nios2-elf/4.1.2/../../../../nios2-elf/lib\libc.a(lib_a-printf.o)
                0x00805ce4                printf
                0x00805d28                _printf_r
 .text          0x00805d5c       0xb4 f:/windowsstuff/12.0/nios2eds/bin/gnu/h-i686-mingw32/bin/../lib/gcc/nios2-elf/4.1.2/../../../../nios2-elf/lib\libc.a(lib_a-puts.o)
                0x00805d5c                _puts_r
                0x00805dfc                puts
 .text          0x00805e10       0x70 f:/windowsstuff/12.0/nios2eds/bin/gnu/h-i686-mingw32/bin/../lib/gcc/nios2-elf/4.1.2/../../../../nios2-elf/lib\libc.a(lib_a-sbrkr.o)
                0x00805e10                _sbrk_r
 .text          0x00805e80       0x74 f:/windowsstuff/12.0/nios2eds/bin/gnu/h-i686-mingw32/bin/../lib/gcc/nios2-elf/4.1.2/../../../../nios2-elf/lib\libc.a(lib_a-strlen.o)
                0x00805e80                strlen
 .text          0x00805ef4     0x1f28 f:/windowsstuff/12.0/nios2eds/bin/gnu/h-i686-mingw32/bin/../lib/gcc/nios2-elf/4.1.2/../../../../nios2-elf/lib\libc.a(lib_a-vfprintf.o)
                0x00805f4c                ___vfprintf_internal_r
                0x00807df8                __vfprintf_internal
 .text          0x00807e1c      0x13c f:/windowsstuff/12.0/nios2eds/bin/gnu/h-i686-mingw32/bin/../lib/gcc/nios2-elf/4.1.2/../../../../nios2-elf/lib\libc.a(lib_a-wsetup.o)
                0x00807e1c                __swsetup_r
 .text          0x00807f58     0x17cc f:/windowsstuff/12.0/nios2eds/bin/gnu/h-i686-mingw32/bin/../lib/gcc/nios2-elf/4.1.2/../../../../nios2-elf/lib\libc.a(lib_a-dtoa.o)
                0x00808170                _dtoa_r
 .text          0x00809724      0x230 f:/windowsstuff/12.0/nios2eds/bin/gnu/h-i686-mingw32/bin/../lib/gcc/nios2-elf/4.1.2/../../../../nios2-elf/lib\libc.a(lib_a-fflush.o)
                0x00809724                _fflush_r
                0x00809920                fflush
 .text          0x00809954      0x2c0 f:/windowsstuff/12.0/nios2eds/bin/gnu/h-i686-mingw32/bin/../lib/gcc/nios2-elf/4.1.2/../../../../nios2-elf/lib\libc.a(lib_a-findfp.o)
                0x008099ac                __sfp_lock_acquire
                0x008099b0                __sfp_lock_release
                0x008099b4                __sinit_lock_acquire
                0x008099b8                __sinit_lock_release
                0x008099bc                __sinit
                0x00809a70                __fp_unlock_all
                0x00809a88                __fp_lock_all
                0x00809aa0                _cleanup_r
                0x00809aac                _cleanup
                0x00809abc                __sfmoreglue
                0x00809b24                __sfp
 .text          0x00809c14      0x440 f:/windowsstuff/12.0/nios2eds/bin/gnu/h-i686-mingw32/bin/../lib/gcc/nios2-elf/4.1.2/../../../../nios2-elf/lib\libc.a(lib_a-freer.o)
                0x00809c14                _malloc_trim_r
                0x00809d40                _free_r
 .text          0x0080a054      0x49c f:/windowsstuff/12.0/nios2eds/bin/gnu/h-i686-mingw32/bin/../lib/gcc/nios2-elf/4.1.2/../../../../nios2-elf/lib\libc.a(lib_a-fvwrite.o)
                0x0080a054                __sfvwrite_r
 .text          0x0080a4f0      0x180 f:/windowsstuff/12.0/nios2eds/bin/gnu/h-i686-mingw32/bin/../lib/gcc/nios2-elf/4.1.2/../../../../nios2-elf/lib\libc.a(lib_a-fwalk.o)
                0x0080a4f0                _fwalk_reent
                0x0080a5b8                _fwalk
 .text          0x0080a670        0x0 f:/windowsstuff/12.0/nios2eds/bin/gnu/h-i686-mingw32/bin/../lib/gcc/nios2-elf/4.1.2/../../../../nios2-elf/lib\libc.a(lib_a-impure.o)
 .text          0x0080a670        0x0 f:/windowsstuff/12.0/nios2eds/bin/gnu/h-i686-mingw32/bin/../lib/gcc/nios2-elf/4.1.2/../../../../nios2-elf/lib\libc.a(lib_a-int_errno.o)
 .text          0x0080a670       0xc4 f:/windowsstuff/12.0/nios2eds/bin/gnu/h-i686-mingw32/bin/../lib/gcc/nios2-elf/4.1.2/../../../../nios2-elf/lib\libc.a(lib_a-locale.o)
                0x0080a670                __locale_charset
                0x0080a678                _localeconv_r
                0x0080a684                localeconv
                0x0080a694                _setlocale_r
                0x0080a718                setlocale
 .text          0x0080a734      0x194 f:/windowsstuff/12.0/nios2eds/bin/gnu/h-i686-mingw32/bin/../lib/gcc/nios2-elf/4.1.2/../../../../nios2-elf/lib\libc.a(lib_a-makebuf.o)
                0x0080a734                __smakebuf_r
 .text          0x0080a8c8       0xe4 f:/windowsstuff/12.0/nios2eds/bin/gnu/h-i686-mingw32/bin/../lib/gcc/nios2-elf/4.1.2/../../../../nios2-elf/lib\libc.a(lib_a-memchr.o)
                0x0080a8c8                memchr
 .text          0x0080a9ac       0xa0 f:/windowsstuff/12.0/nios2eds/bin/gnu/h-i686-mingw32/bin/../lib/gcc/nios2-elf/4.1.2/../../../../nios2-elf/lib\libc.a(lib_a-memcpy.o)
                0x0080a9ac                memcpy
 .text          0x0080aa4c       0xe0 f:/windowsstuff/12.0/nios2eds/bin/gnu/h-i686-mingw32/bin/../lib/gcc/nios2-elf/4.1.2/../../../../nios2-elf/lib\libc.a(lib_a-memmove.o)
                0x0080aa4c                memmove
 .text          0x0080ab2c       0x98 f:/windowsstuff/12.0/nios2eds/bin/gnu/h-i686-mingw32/bin/../lib/gcc/nios2-elf/4.1.2/../../../../nios2-elf/lib\libc.a(lib_a-memset.o)
                0x0080ab2c                memset
 .text          0x0080abc4      0xff4 f:/windowsstuff/12.0/nios2eds/bin/gnu/h-i686-mingw32/bin/../lib/gcc/nios2-elf/4.1.2/../../../../nios2-elf/lib\libc.a(lib_a-mprec.o)
                0x0080abc4                _Bfree
                0x0080abec                __hi0bits
                0x0080ac5c                __lo0bits
                0x0080ad20                __mcmp
                0x0080ad80                __ulp
                0x0080ae00                __b2d
                0x0080af20                __ratio
                0x0080afd0                _mprec_log10
                0x0080b064                __copybits
                0x0080b0bc                __any_on
                0x0080b144                _Balloc
                0x0080b200                __d2b
                0x0080b37c                __mdiff
                0x0080b508                __lshift
                0x0080b654                __multiply
                0x0080b83c                __i2b
                0x0080b878                __multadd
                0x0080b978                __pow5mult
                0x0080ba98                __s2b
 .text          0x0080bbb8      0x5f4 f:/windowsstuff/12.0/nios2eds/bin/gnu/h-i686-mingw32/bin/../lib/gcc/nios2-elf/4.1.2/../../../../nios2-elf/lib\libc.a(lib_a-reallocr.o)
                0x0080bbb8                _realloc_r
 .text          0x0080c1ac       0x40 f:/windowsstuff/12.0/nios2eds/bin/gnu/h-i686-mingw32/bin/../lib/gcc/nios2-elf/4.1.2/../../../../nios2-elf/lib\libc.a(lib_a-s_isinfd.o)
                0x0080c1ac                __isinfd
 .text          0x0080c1ec       0x30 f:/windowsstuff/12.0/nios2eds/bin/gnu/h-i686-mingw32/bin/../lib/gcc/nios2-elf/4.1.2/../../../../nios2-elf/lib\libc.a(lib_a-s_isnand.o)
                0x0080c1ec                __isnand
 .text          0x0080c21c      0x14c f:/windowsstuff/12.0/nios2eds/bin/gnu/h-i686-mingw32/bin/../lib/gcc/nios2-elf/4.1.2/../../../../nios2-elf/lib\libc.a(lib_a-stdio.o)
                0x0080c21c                __sclose
                0x0080c224                __sseek
                0x0080c28c                __swrite
                0x0080c308                __sread
 .text          0x0080c368       0xbc f:/windowsstuff/12.0/nios2eds/bin/gnu/h-i686-mingw32/bin/../lib/gcc/nios2-elf/4.1.2/../../../../nios2-elf/lib\libc.a(lib_a-strcmp.o)
                0x0080c368                strcmp
 .text          0x0080c424       0x78 f:/windowsstuff/12.0/nios2eds/bin/gnu/h-i686-mingw32/bin/../lib/gcc/nios2-elf/4.1.2/../../../../nios2-elf/lib\libc.a(lib_a-writer.o)
                0x0080c424                _write_r
 .text          0x0080c49c       0xb4 f:/windowsstuff/12.0/nios2eds/bin/gnu/h-i686-mingw32/bin/../lib/gcc/nios2-elf/4.1.2/../../../../nios2-elf/lib\libc.a(lib_a-callocr.o)
                0x0080c49c                _calloc_r
 .text          0x0080c550       0x70 f:/windowsstuff/12.0/nios2eds/bin/gnu/h-i686-mingw32/bin/../lib/gcc/nios2-elf/4.1.2/../../../../nios2-elf/lib\libc.a(lib_a-closer.o)
                0x0080c550                _close_r
 .text          0x0080c5c0      0x124 f:/windowsstuff/12.0/nios2eds/bin/gnu/h-i686-mingw32/bin/../lib/gcc/nios2-elf/4.1.2/../../../../nios2-elf/lib\libc.a(lib_a-fclose.o)
                0x0080c5c0                _fclose_r
                0x0080c6d0                fclose
 .text          0x0080c6e4       0x74 f:/windowsstuff/12.0/nios2eds/bin/gnu/h-i686-mingw32/bin/../lib/gcc/nios2-elf/4.1.2/../../../../nios2-elf/lib\libc.a(lib_a-fstatr.o)
                0x0080c6e4                _fstat_r
 .text          0x0080c758       0x70 f:/windowsstuff/12.0/nios2eds/bin/gnu/h-i686-mingw32/bin/../lib/gcc/nios2-elf/4.1.2/../../../../nios2-elf/lib\libc.a(lib_a-isattyr.o)
                0x0080c758                _isatty_r
 .text          0x0080c7c8       0x78 f:/windowsstuff/12.0/nios2eds/bin/gnu/h-i686-mingw32/bin/../lib/gcc/nios2-elf/4.1.2/../../../../nios2-elf/lib\libc.a(lib_a-lseekr.o)
                0x0080c7c8                _lseek_r
 .text          0x0080c840       0x78 f:/windowsstuff/12.0/nios2eds/bin/gnu/h-i686-mingw32/bin/../lib/gcc/nios2-elf/4.1.2/../../../../nios2-elf/lib\libc.a(lib_a-readr.o)
                0x0080c840                _read_r
 .text          0x0080c8b8      0x5dc f:/windowsstuff/12.0/nios2eds/bin/gnu/h-i686-mingw32/bin/../lib/gcc/nios2-elf/4.1.2\libgcc.a(_udivdi3.o)
                0x0080c8b8                __udivdi3
 .text          0x0080ce94      0x5b0 f:/windowsstuff/12.0/nios2eds/bin/gnu/h-i686-mingw32/bin/../lib/gcc/nios2-elf/4.1.2\libgcc.a(_umoddi3.o)
                0x0080ce94                __umoddi3
 .text          0x0080d444       0x88 f:/windowsstuff/12.0/nios2eds/bin/gnu/h-i686-mingw32/bin/../lib/gcc/nios2-elf/4.1.2\libgcc.a(_ne_df.o)
                0x0080d444                __nedf2
 .text          0x0080d4cc       0x88 f:/windowsstuff/12.0/nios2eds/bin/gnu/h-i686-mingw32/bin/../lib/gcc/nios2-elf/4.1.2\libgcc.a(_lt_df.o)
                0x0080d4cc                __ltdf2
 .text          0x0080d554      0x194 f:/windowsstuff/12.0/nios2eds/bin/gnu/h-i686-mingw32/bin/../lib/gcc/nios2-elf/4.1.2\libgcc.a(_usi_to_df.o)
                0x0080d554                __floatunsidf
 .text          0x0080d6e8      0x15c C:/Users/jorde_000/Documents/GitHub/LSN/\libhal_bsp.a(alt_close.o)
                0x0080d6e8                close
 .text          0x0080d844       0x2c C:/Users/jorde_000/Documents/GitHub/LSN/\libhal_bsp.a(alt_dev.o)
 .text          0x0080d870        0x0 C:/Users/jorde_000/Documents/GitHub/LSN/\libhal_bsp.a(alt_errno.o)
 .text          0x0080d870      0x134 C:/Users/jorde_000/Documents/GitHub/LSN/\libhal_bsp.a(alt_fstat.o)
                0x0080d870                fstat
 .text          0x0080d9a4      0x1c0 C:/Users/jorde_000/Documents/GitHub/LSN/\libhal_bsp.a(alt_irq_register.o)
                0x0080d9a4                alt_irq_register
 .text          0x0080db64        0x0 C:/Users/jorde_000/Documents/GitHub/LSN/\libhal_bsp.a(alt_irq_vars.o)
 .text          0x0080db64      0x120 C:/Users/jorde_000/Documents/GitHub/LSN/\libhal_bsp.a(alt_isatty.o)
                0x0080db64                isatty
 .text          0x0080dc84       0xec C:/Users/jorde_000/Documents/GitHub/LSN/\libhal_bsp.a(alt_load.o)
                0x0080dc84                alt_load
 .text          0x0080dd70      0x150 C:/Users/jorde_000/Documents/GitHub/LSN/\libhal_bsp.a(alt_lseek.o)
                0x0080dd70                lseek
 .text          0x0080dec0       0x6c C:/Users/jorde_000/Documents/GitHub/LSN/\libhal_bsp.a(alt_main.o)
                0x0080dec0                alt_main
 .text          0x0080df2c       0x40 C:/Users/jorde_000/Documents/GitHub/LSN/\libhal_bsp.a(alt_malloc_lock.o)
                0x0080df2c                __malloc_lock
                0x0080df4c                __malloc_unlock
 .text          0x0080df6c      0x180 C:/Users/jorde_000/Documents/GitHub/LSN/\libhal_bsp.a(alt_read.o)
                0x0080df6c                read
 .text          0x0080e0ec       0x60 C:/Users/jorde_000/Documents/GitHub/LSN/\libhal_bsp.a(alt_release_fd.o)
                0x0080e0ec                alt_release_fd
 .text          0x0080e14c       0xbc C:/Users/jorde_000/Documents/GitHub/LSN/\libhal_bsp.a(alt_sbrk.o)
                0x0080e14c                sbrk
 .text          0x0080e208      0x1a4 C:/Users/jorde_000/Documents/GitHub/LSN/\libhal_bsp.a(alt_tick.o)
                0x0080e208                alt_alarm_stop
                0x0080e2a0                alt_tick
 .text          0x0080e3ac       0x30 C:/Users/jorde_000/Documents/GitHub/LSN/\libhal_bsp.a(alt_usleep.o)
                0x0080e3ac                usleep
 .text          0x0080e3dc      0x180 C:/Users/jorde_000/Documents/GitHub/LSN/\libhal_bsp.a(alt_write.o)
                0x0080e3dc                write
 .text          0x0080e55c      0x3e0 C:/Users/jorde_000/Documents/GitHub/LSN/\libhal_bsp.a(alt_sys_init.o)
                0x0080e55c                alt_irq_init
                0x0080e590                alt_sys_init
 .text          0x0080e93c      0x148 C:/Users/jorde_000/Documents/GitHub/LSN/\libhal_bsp.a(altera_avalon_jtag_uart_fd.o)
                0x0080e93c                altera_avalon_jtag_uart_read_fd
                0x0080e994                altera_avalon_jtag_uart_write_fd
                0x0080e9ec                altera_avalon_jtag_uart_close_fd
                0x0080ea34                altera_avalon_jtag_uart_ioctl_fd
 .text          0x0080ea84      0x408 C:/Users/jorde_000/Documents/GitHub/LSN/\libhal_bsp.a(altera_avalon_jtag_uart_init.o)
                0x0080ea84                altera_avalon_jtag_uart_init
                0x0080ee18                altera_avalon_jtag_uart_close
 .text          0x0080ee8c       0xf4 C:/Users/jorde_000/Documents/GitHub/LSN/\libhal_bsp.a(altera_avalon_jtag_uart_ioctl.o)
                0x0080ee8c                altera_avalon_jtag_uart_ioctl
 .text          0x0080ef80      0x224 C:/Users/jorde_000/Documents/GitHub/LSN/\libhal_bsp.a(altera_avalon_jtag_uart_read.o)
                0x0080ef80                altera_avalon_jtag_uart_read
 .text          0x0080f1a4      0x240 C:/Users/jorde_000/Documents/GitHub/LSN/\libhal_bsp.a(altera_avalon_jtag_uart_write.o)
                0x0080f1a4                altera_avalon_jtag_uart_write
 .text          0x0080f3e4       0xfc C:/Users/jorde_000/Documents/GitHub/LSN/\libhal_bsp.a(altera_avalon_timer_sc.o)
                0x0080f458                alt_avalon_timer_sc_init
 .text          0x0080f4e0      0x168 C:/Users/jorde_000/Documents/GitHub/LSN/\libhal_bsp.a(altera_avalon_timer_ts.o)
                0x0080f4e0                alt_timestamp_start
                0x0080f584                alt_timestamp
                0x0080f620                alt_timestamp_freq
 .text          0x0080f648        0x0 C:/Users/jorde_000/Documents/GitHub/LSN/\libhal_bsp.a(altera_avalon_timer_vars.o)
 .text          0x0080f648      0x80c C:/Users/jorde_000/Documents/GitHub/LSN/\libhal_bsp.a(altera_up_avalon_audio.o)
                0x0080f648                alt_up_audio_open_dev
                0x0080f688                alt_up_audio_enable_read_interrupt
                0x0080f6d4                alt_up_audio_disable_read_interrupt
                0x0080f724                alt_up_audio_enable_write_interrupt
                0x0080f770                alt_up_audio_disable_write_interrupt
                0x0080f7c0                alt_up_audio_read_interrupt_pending
                0x0080f7fc                alt_up_audio_write_interrupt_pending
                0x0080f838                alt_up_audio_reset_audio_core
                0x0080f8c0                alt_up_audio_read_fifo_avail
                0x0080f930                alt_up_audio_record_r
                0x0080f9a0                alt_up_audio_record_l
                0x0080fa10                alt_up_audio_write_fifo_space
                0x0080fa84                alt_up_audio_play_r
                0x0080faf4                alt_up_audio_play_l
                0x0080fb64                alt_up_audio_read_fifo
                0x0080fc68                alt_up_audio_write_fifo
                0x0080fd94                alt_up_audio_read_fifo_head
                0x0080fdf4                alt_up_audio_write_fifo_head
 .text          0x0080fe54      0x788 C:/Users/jorde_000/Documents/GitHub/LSN/\libhal_bsp.a(altera_up_avalon_audio_and_video_config.o)
                0x0080fe54                alt_up_av_config_open_dev
                0x0080feb8                alt_up_av_config_write_data
                0x0080ff1c                alt_up_av_config_read_data
                0x0080ffa8                alt_up_av_config_reset
                0x0080ffe0                alt_up_av_config_enable_interrupt
                0x00810018                alt_up_av_config_disable_interrupt
                0x00810048                alt_up_av_config_read_acknowledge
                0x008100b0                alt_up_av_config_read_ready
                0x008100e8                alt_up_av_config_write_audio_cfg_register
                0x00810194                alt_up_av_config_read_video_cfg_register
                0x0081028c                alt_up_av_config_write_video_cfg_register
                0x00810384                alt_up_av_config_read_DC2_cfg_register
                0x008103e8                alt_up_av_config_write_DC2_cfg_register
                0x0081044c                alt_up_av_config_read_D5M_cfg_register
                0x008104b0                alt_up_av_config_write_D5M_cfg_register
                0x00810514                alt_up_av_config_read_LTM_cfg_register
                0x00810578                alt_up_av_config_write_LTM_cfg_register
 .text          0x008105dc      0x530 C:/Users/jorde_000/Documents/GitHub/LSN/\libhal_bsp.a(altera_up_avalon_character_lcd.o)
                0x008105dc                get_DDRAM_addr
                0x00810658                alt_up_character_lcd_send_cmd
                0x0081068c                alt_up_character_lcd_init
                0x008106c0                alt_up_character_lcd_open_dev
                0x00810700                alt_up_character_lcd_write
                0x00810778                alt_up_character_lcd_string
                0x008107f0                alt_up_character_lcd_write_fd
                0x0081083c                alt_up_character_lcd_set_cursor_pos
                0x008108b4                alt_up_character_lcd_shift_cursor
                0x00810964                alt_up_character_lcd_shift_display
                0x00810a14                alt_up_character_lcd_erase_pos
                0x00810aa4                alt_up_character_lcd_cursor_off
                0x00810ad8                alt_up_character_lcd_cursor_blink_on
 .text          0x00810b0c      0x304 C:/Users/jorde_000/Documents/GitHub/LSN/\libhal_bsp.a(altera_up_avalon_video_character_buffer_with_dma.o)
                0x00810b0c                alt_up_char_buffer_init
                0x00810b90                alt_up_char_buffer_open_dev
                0x00810bd0                alt_up_char_buffer_draw
                0x00810ca0                alt_up_char_buffer_string
                0x00810db4                alt_up_char_buffer_clear
 .text          0x00810e10     0x156c C:/Users/jorde_000/Documents/GitHub/LSN/\libhal_bsp.a(altera_up_avalon_video_pixel_buffer_dma.o)
                0x00810e10                alt_up_pixel_buffer_dma_open_dev
                0x00810e50                alt_up_pixel_buffer_dma_draw
                0x00810ff0                alt_up_pixel_buffer_dma_change_back_buffer_address
                0x00811048                alt_up_pixel_buffer_dma_swap_buffers
                0x008110a0                alt_up_pixel_buffer_dma_check_swap_buffers_status
                0x008110d4                alt_up_pixel_buffer_dma_clear_screen
                0x00811238                alt_up_pixel_buffer_dma_draw_box
                0x0081172c                alt_up_pixel_buffer_dma_draw_hline
                0x00811a7c                alt_up_pixel_buffer_dma_draw_vline
                0x00811e4c                alt_up_pixel_buffer_dma_draw_rectangle
                0x00811f10                helper_plot_pixel
                0x00811fe0                alt_up_pixel_buffer_dma_draw_line
 .text          0x0081237c     0x45c0 C:/Users/jorde_000/Documents/GitHub/LSN/\libhal_bsp.a(altera_up_sd_card_avalon_interface.o)
                0x0081237c                Write_Sector_Data
                0x00812444                Save_Modified_Sector
                0x00812494                Read_Sector_Data
                0x00812590                get_cluster_flag
                0x00812648                mark_cluster
                0x0081272c                Check_for_Master_Boot_Record
                0x008128dc                Read_File_Record_At_Offset
                0x00812b60                Write_File_Record_At_Offset
                0x00812e18                Check_for_DOS_FAT
                0x00813460                Look_for_FAT16
                0x00813564                filename_to_upper_case
                0x00813634                check_file_name_for_FAT16_compliance
                0x008138c4                get_dir_divider_location
                0x00813984                match_file_record_to_name_ext
                0x00813c70                get_home_directory_cluster_for_file
                0x00814184                find_file_in_directory
                0x008145e8                find_first_empty_cluster
                0x0081478c                find_first_empty_record_in_a_subdirectory
                0x008149d8                find_first_empty_record_in_root_directory
                0x00814b04                convert_filename_to_name_extension
                0x00814cbc                create_file
                0x00814f90                copy_file_record_name_to_string
                0x008150e4                alt_up_sd_card_open_dev
                0x008151a8                alt_up_sd_card_is_Present
                0x00815270                alt_up_sd_card_is_FAT16
                0x008152e4                alt_up_sd_card_find_first
                0x008153b8                alt_up_sd_card_find_next
                0x00815768                alt_up_sd_card_fopen
                0x00815b10                alt_up_sd_card_set_attributes
                0x00815ba0                alt_up_sd_card_get_attributes
                0x00815c2c                alt_up_sd_card_read
                0x00815fc0                alt_up_sd_card_write
                0x008165e4                alt_up_sd_card_fclose
                0x008167b0                Read_Sector_Data_CRC
                0x008168ac                Read_Sector_Data_Attempt_CRC
 .text          0x0081693c      0x154 C:/Users/jorde_000/Documents/GitHub/LSN/\libhal_bsp.a(alt_alarm_start.o)
                0x0081693c                alt_alarm_start
 .text          0x00816a90      0x14c C:/Users/jorde_000/Documents/GitHub/LSN/\libhal_bsp.a(alt_busy_sleep.o)
                0x00816a90                alt_busy_sleep
 .text          0x00816bdc       0x44 C:/Users/jorde_000/Documents/GitHub/LSN/\libhal_bsp.a(alt_dcache_flush_all.o)
                0x00816bdc                alt_dcache_flush_all
 .text          0x00816c20      0x114 C:/Users/jorde_000/Documents/GitHub/LSN/\libhal_bsp.a(alt_dev_llist_insert.o)
                0x00816c20                alt_dev_llist_insert
 .text          0x00816d34       0x64 C:/Users/jorde_000/Documents/GitHub/LSN/\libhal_bsp.a(alt_do_ctors.o)
                0x00816d34                _do_ctors
 .text          0x00816d98       0x64 C:/Users/jorde_000/Documents/GitHub/LSN/\libhal_bsp.a(alt_do_dtors.o)
                0x00816d98                _do_dtors
 .text          0x00816dfc       0x94 C:/Users/jorde_000/Documents/GitHub/LSN/\libhal_bsp.a(alt_find_dev.o)
                0x00816dfc                alt_find_dev
 .text          0x00816e90       0x30 C:/Users/jorde_000/Documents/GitHub/LSN/\libhal_bsp.a(alt_icache_flush_all.o)
                0x00816e90                alt_icache_flush_all
 .text          0x00816ec0      0x13c C:/Users/jorde_000/Documents/GitHub/LSN/\libhal_bsp.a(alt_io_redirect.o)
                0x00816f84                alt_io_redirect
 .text          0x00816ffc        0x0 C:/Users/jorde_000/Documents/GitHub/LSN/\libhal_bsp.a(alt_irq_entry.o)
 .text          0x00816ffc        0x0 C:/Users/jorde_000/Documents/GitHub/LSN/\libhal_bsp.a(alt_irq_handler.o)
 .text          0x00816ffc      0x2c4 C:/Users/jorde_000/Documents/GitHub/LSN/\libhal_bsp.a(alt_open.o)
                0x008170d8                open
 .text          0x008172c0       0x20 C:/Users/jorde_000/Documents/GitHub/LSN/\libhal_bsp.a(altera_nios2_qsys_irq.o)
                0x008172c0                altera_nios2_qsys_irq_init
 .text          0x008172e0        0x0 C:/Users/jorde_000/Documents/GitHub/LSN/\libhal_bsp.a(alt_exception_entry.o)
 .text          0x008172e0      0x120 C:/Users/jorde_000/Documents/GitHub/LSN/\libhal_bsp.a(alt_find_file.o)
                0x008172e0                alt_find_file
 .text          0x00817400       0xb8 C:/Users/jorde_000/Documents/GitHub/LSN/\libhal_bsp.a(alt_get_fd.o)
                0x00817400                alt_get_fd
 .text          0x008174b8       0x90 C:/Users/jorde_000/Documents/GitHub/LSN/\libhal_bsp.a(alt_icache_flush.o)
                0x008174b8                alt_icache_flush
 .text          0x00817548       0x14 f:/windowsstuff/12.0/nios2eds/bin/gnu/h-i686-mingw32/bin/../lib/gcc/nios2-elf/4.1.2/../../../../nios2-elf/lib\libc.a(lib_a-atexit.o)
                0x00817548                atexit
 .text          0x0081755c       0x38 f:/windowsstuff/12.0/nios2eds/bin/gnu/h-i686-mingw32/bin/../lib/gcc/nios2-elf/4.1.2/../../../../nios2-elf/lib\libc.a(lib_a-exit.o)
                0x0081755c                exit
 .text          0x00817594       0x74 f:/windowsstuff/12.0/nios2eds/bin/gnu/h-i686-mingw32/bin/../lib/gcc/nios2-elf/4.1.2/../../../../nios2-elf/lib\libc.a(lib_a-memcmp.o)
                0x00817594                memcmp
 .text          0x00817608      0x134 f:/windowsstuff/12.0/nios2eds/bin/gnu/h-i686-mingw32/bin/../lib/gcc/nios2-elf/4.1.2/../../../../nios2-elf/lib\libc.a(lib_a-__atexit.o)
                0x00817608                __register_exitproc
 .text          0x0081773c      0x1b4 f:/windowsstuff/12.0/nios2eds/bin/gnu/h-i686-mingw32/bin/../lib/gcc/nios2-elf/4.1.2/../../../../nios2-elf/lib\libc.a(lib_a-__call_atexit.o)
                0x00817740                __call_exitprocs
 .text          0x008178f0       0x60 C:/Users/jorde_000/Documents/GitHub/LSN/\libhal_bsp.a(alt_exit.o)
                0x00817930                _exit
 *(.gnu.warning.*)
 *(.fini)
                0x00817950                PROVIDE (__etext, ABSOLUTE (.))
                0x00817950                PROVIDE (_etext, ABSOLUTE (.))
                0x00817950                PROVIDE (etext, ABSOLUTE (.))
 *(.eh_frame_hdr)
                0x00817950                . = ALIGN (0x4)
                0x00817950                PROVIDE (__preinit_array_start, ABSOLUTE (.))
 *(.preinit_array)
                0x00817950                PROVIDE (__preinit_array_end, ABSOLUTE (.))
                0x00817950                PROVIDE (__init_array_start, ABSOLUTE (.))
 *(.init_array)
                0x00817950                PROVIDE (__init_array_end, ABSOLUTE (.))
                0x00817950                PROVIDE (__fini_array_start, ABSOLUTE (.))
 *(.fini_array)
                0x00817950                PROVIDE (__fini_array_end, ABSOLUTE (.))
 *(.eh_frame)
 .eh_frame      0x00817950       0x40 f:/windowsstuff/12.0/nios2eds/bin/gnu/h-i686-mingw32/bin/../lib/gcc/nios2-elf/4.1.2\libgcc.a(_udivdi3.o)
 .eh_frame      0x00817990       0x2c f:/windowsstuff/12.0/nios2eds/bin/gnu/h-i686-mingw32/bin/../lib/gcc/nios2-elf/4.1.2\libgcc.a(_umoddi3.o)
                                 0x40 (size before relaxing)
 *(.gcc_except_table)
 *(.dynamic)
                0x008179bc                PROVIDE (__CTOR_LIST__, ABSOLUTE (.))
 *(.ctors)
 *(SORT(.ctors.*))
 .ctors.65535   0x008179bc        0x4 f:/windowsstuff/12.0/nios2eds/bin/gnu/h-i686-mingw32/bin/../lib/gcc/nios2-elf/4.1.2/../../../../nios2-elf/lib\libc.a(lib_a-__call_atexit.o)
                0x008179c0                PROVIDE (__CTOR_END__, ABSOLUTE (.))
                0x008179c0                PROVIDE (__DTOR_LIST__, ABSOLUTE (.))
 *(.dtors)
 *(SORT(.dtors.*))
                0x008179c0                PROVIDE (__DTOR_END__, ABSOLUTE (.))
 *(.jcr)
                0x008179c0                . = ALIGN (0x4)

.rodata         0x008179c0      0xb7c
                0x008179c0                PROVIDE (__ram_rodata_start, ABSOLUTE (.))
                0x008179c0                . = ALIGN (0x4)
 *(.rodata .rodata.* .gnu.linkonce.r.*)
 .rodata        0x008179c0      0x210 obj/default/audio.o
 .rodata        0x00817bd0       0x8c obj/default/hello_world.o
 .rodata        0x00817c5c       0x94 obj/default/sd_card.o
 .rodata        0x00817cf0      0x1ec obj/default/timer.o
 .rodata        0x00817edc       0x60 obj/default/vga.o
 .rodata        0x00817f3c      0x188 f:/windowsstuff/12.0/nios2eds/bin/gnu/h-i686-mingw32/bin/../lib/gcc/nios2-elf/4.1.2/../../../../nios2-elf/lib\libm.a(lib_a-e_rem_pio2.o)
 .rodata        0x008180c4       0x50 f:/windowsstuff/12.0/nios2eds/bin/gnu/h-i686-mingw32/bin/../lib/gcc/nios2-elf/4.1.2/../../../../nios2-elf/lib\libm.a(lib_a-k_rem_pio2.o)
 .rodata        0x00818114       0x10 f:/windowsstuff/12.0/nios2eds/bin/gnu/h-i686-mingw32/bin/../lib/gcc/nios2-elf/4.1.2\libgcc.a(_thenan_sf.o)
                0x00818114                __thenan_sf
 .rodata        0x00818124       0x14 f:/windowsstuff/12.0/nios2eds/bin/gnu/h-i686-mingw32/bin/../lib/gcc/nios2-elf/4.1.2\libgcc.a(_thenan_df.o)
                0x00818124                __thenan_df
 .rodata        0x00818138      0x100 f:/windowsstuff/12.0/nios2eds/bin/gnu/h-i686-mingw32/bin/../lib/gcc/nios2-elf/4.1.2\libgcc.a(_clz.o)
                0x00818138                __clz_tab
 .rodata.str1.4
                0x00818238        0x2 f:/windowsstuff/12.0/nios2eds/bin/gnu/h-i686-mingw32/bin/../lib/gcc/nios2-elf/4.1.2/../../../../nios2-elf/lib\libc.a(lib_a-puts.o)
                                  0x4 (size before relaxing)
 *fill*         0x0081823a        0x2 00
 .rodata.str1.4
                0x0081823c       0x5e f:/windowsstuff/12.0/nios2eds/bin/gnu/h-i686-mingw32/bin/../lib/gcc/nios2-elf/4.1.2/../../../../nios2-elf/lib\libc.a(lib_a-vfprintf.o)
                                 0x60 (size before relaxing)
 .rodata        0x0081829a       0x20 f:/windowsstuff/12.0/nios2eds/bin/gnu/h-i686-mingw32/bin/../lib/gcc/nios2-elf/4.1.2/../../../../nios2-elf/lib\libc.a(lib_a-vfprintf.o)
 *fill*         0x008182ba        0x2 00
 .rodata.str1.4
                0x008182bc       0x10 f:/windowsstuff/12.0/nios2eds/bin/gnu/h-i686-mingw32/bin/../lib/gcc/nios2-elf/4.1.2/../../../../nios2-elf/lib\libc.a(lib_a-dtoa.o)
                                 0x14 (size before relaxing)
 .rodata.str1.4
                0x008182cc        0x2 f:/windowsstuff/12.0/nios2eds/bin/gnu/h-i686-mingw32/bin/../lib/gcc/nios2-elf/4.1.2/../../../../nios2-elf/lib\libc.a(lib_a-impure.o)
                                  0x4 (size before relaxing)
 *fill*         0x008182ce        0x2 00
 .rodata.str1.4
                0x008182d0       0x10 f:/windowsstuff/12.0/nios2eds/bin/gnu/h-i686-mingw32/bin/../lib/gcc/nios2-elf/4.1.2/../../../../nios2-elf/lib\libc.a(lib_a-locale.o)
                                 0x18 (size before relaxing)
 .rodata        0x008182e0       0x30 f:/windowsstuff/12.0/nios2eds/bin/gnu/h-i686-mingw32/bin/../lib/gcc/nios2-elf/4.1.2/../../../../nios2-elf/lib\libc.a(lib_a-locale.o)
 .rodata        0x00818310      0x124 f:/windowsstuff/12.0/nios2eds/bin/gnu/h-i686-mingw32/bin/../lib/gcc/nios2-elf/4.1.2/../../../../nios2-elf/lib\libc.a(lib_a-mprec.o)
                0x00818310                __mprec_tens
                0x008183d8                __mprec_bigtens
                0x00818400                __mprec_tinytens
 .rodata        0x00818434        0xc C:/Users/jorde_000/Documents/GitHub/LSN/\libhal_bsp.a(alt_dev.o)
 .rodata        0x00818440       0x14 C:/Users/jorde_000/Documents/GitHub/LSN/\libhal_bsp.a(alt_main.o)
 .rodata        0x00818454       0xcc C:/Users/jorde_000/Documents/GitHub/LSN/\libhal_bsp.a(alt_sys_init.o)
 .rodata        0x00818520       0x1c C:/Users/jorde_000/Documents/GitHub/LSN/\libhal_bsp.a(altera_up_avalon_video_character_buffer_with_dma.o)
 *(.rodata1)
                0x0081853c                . = ALIGN (0x4)
                0x0081853c                PROVIDE (__ram_rodata_end, ABSOLUTE (.))
                0x008179c0                PROVIDE (__flash_rodata_start, LOADADDR (.rodata))

.rwdata         0x0081853c     0x1bbc load address 0x0081a0f8
                0x0081853c                PROVIDE (__ram_rwdata_start, ABSOLUTE (.))
                0x0081853c                . = ALIGN (0x4)
 *(.got.plt)
 *(.got)
 *(.data1)
 *(.data .data.* .gnu.linkonce.d.*)
 .data          0x0081853c        0x0 C:/Users/jorde_000/Documents/GitHub/LSN//obj/HAL/src/crt0.o
 .data          0x0081853c        0x0 obj/default/audio.o
 .data          0x0081853c        0x0 obj/default/audio_up_hack.o
 .data          0x0081853c        0x0 obj/default/hello_world.o
 .data          0x0081853c        0x0 obj/default/player.o
 .data          0x0081853c        0x0 obj/default/sd_card.o
 .data          0x0081853c        0x0 obj/default/timer.o
 .data          0x0081853c        0x0 obj/default/vga.o
 .data          0x0081853c        0x0 f:/windowsstuff/12.0/nios2eds/bin/gnu/h-i686-mingw32/bin/../lib/gcc/nios2-elf/4.1.2/../../../../nios2-elf/lib\libm.a(lib_a-s_sin.o)
 .data          0x0081853c        0x0 f:/windowsstuff/12.0/nios2eds/bin/gnu/h-i686-mingw32/bin/../lib/gcc/nios2-elf/4.1.2/../../../../nios2-elf/lib\libm.a(lib_a-e_rem_pio2.o)
 .data          0x0081853c        0x0 f:/windowsstuff/12.0/nios2eds/bin/gnu/h-i686-mingw32/bin/../lib/gcc/nios2-elf/4.1.2/../../../../nios2-elf/lib\libm.a(lib_a-k_cos.o)
 .data          0x0081853c        0x0 f:/windowsstuff/12.0/nios2eds/bin/gnu/h-i686-mingw32/bin/../lib/gcc/nios2-elf/4.1.2/../../../../nios2-elf/lib\libm.a(lib_a-k_rem_pio2.o)
 .data          0x0081853c        0x0 f:/windowsstuff/12.0/nios2eds/bin/gnu/h-i686-mingw32/bin/../lib/gcc/nios2-elf/4.1.2/../../../../nios2-elf/lib\libm.a(lib_a-k_sin.o)
 .data          0x0081853c        0x0 f:/windowsstuff/12.0/nios2eds/bin/gnu/h-i686-mingw32/bin/../lib/gcc/nios2-elf/4.1.2/../../../../nios2-elf/lib\libm.a(lib_a-s_fabs.o)
 .data          0x0081853c        0x0 f:/windowsstuff/12.0/nios2eds/bin/gnu/h-i686-mingw32/bin/../lib/gcc/nios2-elf/4.1.2/../../../../nios2-elf/lib\libm.a(lib_a-s_floor.o)
 .data          0x0081853c        0x0 f:/windowsstuff/12.0/nios2eds/bin/gnu/h-i686-mingw32/bin/../lib/gcc/nios2-elf/4.1.2/../../../../nios2-elf/lib\libm.a(lib_a-s_scalbn.o)
 .data          0x0081853c        0x0 f:/windowsstuff/12.0/nios2eds/bin/gnu/h-i686-mingw32/bin/../lib/gcc/nios2-elf/4.1.2/../../../../nios2-elf/lib\libm.a(lib_a-s_copysign.o)
 .data          0x0081853c        0x0 f:/windowsstuff/12.0/nios2eds/bin/gnu/h-i686-mingw32/bin/../lib/gcc/nios2-elf/4.1.2\libgcc.a(_fixunsdfsi.o)
 .data          0x0081853c        0x0 f:/windowsstuff/12.0/nios2eds/bin/gnu/h-i686-mingw32/bin/../lib/gcc/nios2-elf/4.1.2\libgcc.a(_div_sf.o)
 .data          0x0081853c        0x0 f:/windowsstuff/12.0/nios2eds/bin/gnu/h-i686-mingw32/bin/../lib/gcc/nios2-elf/4.1.2\libgcc.a(_si_to_sf.o)
 .data          0x0081853c        0x0 f:/windowsstuff/12.0/nios2eds/bin/gnu/h-i686-mingw32/bin/../lib/gcc/nios2-elf/4.1.2\libgcc.a(_sf_to_df.o)
 .data          0x0081853c        0x0 f:/windowsstuff/12.0/nios2eds/bin/gnu/h-i686-mingw32/bin/../lib/gcc/nios2-elf/4.1.2\libgcc.a(_thenan_sf.o)
 .data          0x0081853c        0x0 f:/windowsstuff/12.0/nios2eds/bin/gnu/h-i686-mingw32/bin/../lib/gcc/nios2-elf/4.1.2\libgcc.a(_addsub_df.o)
 .data          0x0081853c        0x0 f:/windowsstuff/12.0/nios2eds/bin/gnu/h-i686-mingw32/bin/../lib/gcc/nios2-elf/4.1.2\libgcc.a(_mul_df.o)
 .data          0x0081853c        0x0 f:/windowsstuff/12.0/nios2eds/bin/gnu/h-i686-mingw32/bin/../lib/gcc/nios2-elf/4.1.2\libgcc.a(_div_df.o)
 .data          0x0081853c        0x0 f:/windowsstuff/12.0/nios2eds/bin/gnu/h-i686-mingw32/bin/../lib/gcc/nios2-elf/4.1.2\libgcc.a(_eq_df.o)
 .data          0x0081853c        0x0 f:/windowsstuff/12.0/nios2eds/bin/gnu/h-i686-mingw32/bin/../lib/gcc/nios2-elf/4.1.2\libgcc.a(_gt_df.o)
 .data          0x0081853c        0x0 f:/windowsstuff/12.0/nios2eds/bin/gnu/h-i686-mingw32/bin/../lib/gcc/nios2-elf/4.1.2\libgcc.a(_ge_df.o)
 .data          0x0081853c        0x0 f:/windowsstuff/12.0/nios2eds/bin/gnu/h-i686-mingw32/bin/../lib/gcc/nios2-elf/4.1.2\libgcc.a(_si_to_df.o)
 .data          0x0081853c        0x0 f:/windowsstuff/12.0/nios2eds/bin/gnu/h-i686-mingw32/bin/../lib/gcc/nios2-elf/4.1.2\libgcc.a(_df_to_si.o)
 .data          0x0081853c        0x0 f:/windowsstuff/12.0/nios2eds/bin/gnu/h-i686-mingw32/bin/../lib/gcc/nios2-elf/4.1.2\libgcc.a(_make_df.o)
 .data          0x0081853c        0x0 f:/windowsstuff/12.0/nios2eds/bin/gnu/h-i686-mingw32/bin/../lib/gcc/nios2-elf/4.1.2\libgcc.a(_thenan_df.o)
 .data          0x0081853c        0x0 f:/windowsstuff/12.0/nios2eds/bin/gnu/h-i686-mingw32/bin/../lib/gcc/nios2-elf/4.1.2\libgcc.a(lib2-divmod.o)
 .data          0x0081853c        0x0 f:/windowsstuff/12.0/nios2eds/bin/gnu/h-i686-mingw32/bin/../lib/gcc/nios2-elf/4.1.2\libgcc.a(_muldi3.o)
 .data          0x0081853c        0x0 f:/windowsstuff/12.0/nios2eds/bin/gnu/h-i686-mingw32/bin/../lib/gcc/nios2-elf/4.1.2\libgcc.a(_clzsi2.o)
 .data          0x0081853c        0x0 f:/windowsstuff/12.0/nios2eds/bin/gnu/h-i686-mingw32/bin/../lib/gcc/nios2-elf/4.1.2\libgcc.a(_pack_sf.o)
 .data          0x0081853c        0x0 f:/windowsstuff/12.0/nios2eds/bin/gnu/h-i686-mingw32/bin/../lib/gcc/nios2-elf/4.1.2\libgcc.a(_unpack_sf.o)
 .data          0x0081853c        0x0 f:/windowsstuff/12.0/nios2eds/bin/gnu/h-i686-mingw32/bin/../lib/gcc/nios2-elf/4.1.2\libgcc.a(_pack_df.o)
 .data          0x0081853c        0x0 f:/windowsstuff/12.0/nios2eds/bin/gnu/h-i686-mingw32/bin/../lib/gcc/nios2-elf/4.1.2\libgcc.a(_unpack_df.o)
 .data          0x0081853c        0x0 f:/windowsstuff/12.0/nios2eds/bin/gnu/h-i686-mingw32/bin/../lib/gcc/nios2-elf/4.1.2\libgcc.a(_fpcmp_parts_df.o)
 .data          0x0081853c        0x0 f:/windowsstuff/12.0/nios2eds/bin/gnu/h-i686-mingw32/bin/../lib/gcc/nios2-elf/4.1.2\libgcc.a(_clz.o)
 .data          0x0081853c        0x0 f:/windowsstuff/12.0/nios2eds/bin/gnu/h-i686-mingw32/bin/../lib/gcc/nios2-elf/4.1.2/../../../../nios2-elf/lib\libc.a(lib_a-malloc.o)
 .data          0x0081853c      0x408 f:/windowsstuff/12.0/nios2eds/bin/gnu/h-i686-mingw32/bin/../lib/gcc/nios2-elf/4.1.2/../../../../nios2-elf/lib\libc.a(lib_a-mallocr.o)
                0x0081853c                __malloc_av_
 .data          0x00818944        0x0 f:/windowsstuff/12.0/nios2eds/bin/gnu/h-i686-mingw32/bin/../lib/gcc/nios2-elf/4.1.2/../../../../nios2-elf/lib\libc.a(lib_a-printf.o)
 .data          0x00818944        0x0 f:/windowsstuff/12.0/nios2eds/bin/gnu/h-i686-mingw32/bin/../lib/gcc/nios2-elf/4.1.2/../../../../nios2-elf/lib\libc.a(lib_a-puts.o)
 .data          0x00818944        0x0 f:/windowsstuff/12.0/nios2eds/bin/gnu/h-i686-mingw32/bin/../lib/gcc/nios2-elf/4.1.2/../../../../nios2-elf/lib\libc.a(lib_a-sbrkr.o)
 .data          0x00818944        0x0 f:/windowsstuff/12.0/nios2eds/bin/gnu/h-i686-mingw32/bin/../lib/gcc/nios2-elf/4.1.2/../../../../nios2-elf/lib\libc.a(lib_a-strlen.o)
 .data          0x00818944        0x0 f:/windowsstuff/12.0/nios2eds/bin/gnu/h-i686-mingw32/bin/../lib/gcc/nios2-elf/4.1.2/../../../../nios2-elf/lib\libc.a(lib_a-vfprintf.o)
 .data          0x00818944        0x0 f:/windowsstuff/12.0/nios2eds/bin/gnu/h-i686-mingw32/bin/../lib/gcc/nios2-elf/4.1.2/../../../../nios2-elf/lib\libc.a(lib_a-wsetup.o)
 .data          0x00818944        0x0 f:/windowsstuff/12.0/nios2eds/bin/gnu/h-i686-mingw32/bin/../lib/gcc/nios2-elf/4.1.2/../../../../nios2-elf/lib\libc.a(lib_a-dtoa.o)
 .data          0x00818944        0x0 f:/windowsstuff/12.0/nios2eds/bin/gnu/h-i686-mingw32/bin/../lib/gcc/nios2-elf/4.1.2/../../../../nios2-elf/lib\libc.a(lib_a-fflush.o)
 .data          0x00818944        0x0 f:/windowsstuff/12.0/nios2eds/bin/gnu/h-i686-mingw32/bin/../lib/gcc/nios2-elf/4.1.2/../../../../nios2-elf/lib\libc.a(lib_a-findfp.o)
 .data          0x00818944        0x0 f:/windowsstuff/12.0/nios2eds/bin/gnu/h-i686-mingw32/bin/../lib/gcc/nios2-elf/4.1.2/../../../../nios2-elf/lib\libc.a(lib_a-freer.o)
 .data          0x00818944        0x0 f:/windowsstuff/12.0/nios2eds/bin/gnu/h-i686-mingw32/bin/../lib/gcc/nios2-elf/4.1.2/../../../../nios2-elf/lib\libc.a(lib_a-fvwrite.o)
 .data          0x00818944        0x0 f:/windowsstuff/12.0/nios2eds/bin/gnu/h-i686-mingw32/bin/../lib/gcc/nios2-elf/4.1.2/../../../../nios2-elf/lib\libc.a(lib_a-fwalk.o)
 .data          0x00818944      0x400 f:/windowsstuff/12.0/nios2eds/bin/gnu/h-i686-mingw32/bin/../lib/gcc/nios2-elf/4.1.2/../../../../nios2-elf/lib\libc.a(lib_a-impure.o)
 .data          0x00818d44        0x0 f:/windowsstuff/12.0/nios2eds/bin/gnu/h-i686-mingw32/bin/../lib/gcc/nios2-elf/4.1.2/../../../../nios2-elf/lib\libc.a(lib_a-int_errno.o)
 .data          0x00818d44        0xc f:/windowsstuff/12.0/nios2eds/bin/gnu/h-i686-mingw32/bin/../lib/gcc/nios2-elf/4.1.2/../../../../nios2-elf/lib\libc.a(lib_a-locale.o)
                0x00818d44                __lc_ctype
 .data          0x00818d50        0x0 f:/windowsstuff/12.0/nios2eds/bin/gnu/h-i686-mingw32/bin/../lib/gcc/nios2-elf/4.1.2/../../../../nios2-elf/lib\libc.a(lib_a-makebuf.o)
 .data          0x00818d50        0x0 f:/windowsstuff/12.0/nios2eds/bin/gnu/h-i686-mingw32/bin/../lib/gcc/nios2-elf/4.1.2/../../../../nios2-elf/lib\libc.a(lib_a-memchr.o)
 .data          0x00818d50        0x0 f:/windowsstuff/12.0/nios2eds/bin/gnu/h-i686-mingw32/bin/../lib/gcc/nios2-elf/4.1.2/../../../../nios2-elf/lib\libc.a(lib_a-memcpy.o)
 .data          0x00818d50        0x0 f:/windowsstuff/12.0/nios2eds/bin/gnu/h-i686-mingw32/bin/../lib/gcc/nios2-elf/4.1.2/../../../../nios2-elf/lib\libc.a(lib_a-memmove.o)
 .data          0x00818d50        0x0 f:/windowsstuff/12.0/nios2eds/bin/gnu/h-i686-mingw32/bin/../lib/gcc/nios2-elf/4.1.2/../../../../nios2-elf/lib\libc.a(lib_a-memset.o)
 .data          0x00818d50        0x0 f:/windowsstuff/12.0/nios2eds/bin/gnu/h-i686-mingw32/bin/../lib/gcc/nios2-elf/4.1.2/../../../../nios2-elf/lib\libc.a(lib_a-mprec.o)
 .data          0x00818d50        0x0 f:/windowsstuff/12.0/nios2eds/bin/gnu/h-i686-mingw32/bin/../lib/gcc/nios2-elf/4.1.2/../../../../nios2-elf/lib\libc.a(lib_a-reallocr.o)
 .data          0x00818d50        0x0 f:/windowsstuff/12.0/nios2eds/bin/gnu/h-i686-mingw32/bin/../lib/gcc/nios2-elf/4.1.2/../../../../nios2-elf/lib\libc.a(lib_a-s_isinfd.o)
 .data          0x00818d50        0x0 f:/windowsstuff/12.0/nios2eds/bin/gnu/h-i686-mingw32/bin/../lib/gcc/nios2-elf/4.1.2/../../../../nios2-elf/lib\libc.a(lib_a-s_isnand.o)
 .data          0x00818d50        0x0 f:/windowsstuff/12.0/nios2eds/bin/gnu/h-i686-mingw32/bin/../lib/gcc/nios2-elf/4.1.2/../../../../nios2-elf/lib\libc.a(lib_a-stdio.o)
 .data          0x00818d50        0x0 f:/windowsstuff/12.0/nios2eds/bin/gnu/h-i686-mingw32/bin/../lib/gcc/nios2-elf/4.1.2/../../../../nios2-elf/lib\libc.a(lib_a-strcmp.o)
 .data          0x00818d50        0x0 f:/windowsstuff/12.0/nios2eds/bin/gnu/h-i686-mingw32/bin/../lib/gcc/nios2-elf/4.1.2/../../../../nios2-elf/lib\libc.a(lib_a-writer.o)
 .data          0x00818d50        0x0 f:/windowsstuff/12.0/nios2eds/bin/gnu/h-i686-mingw32/bin/../lib/gcc/nios2-elf/4.1.2/../../../../nios2-elf/lib\libc.a(lib_a-callocr.o)
 .data          0x00818d50        0x0 f:/windowsstuff/12.0/nios2eds/bin/gnu/h-i686-mingw32/bin/../lib/gcc/nios2-elf/4.1.2/../../../../nios2-elf/lib\libc.a(lib_a-closer.o)
 .data          0x00818d50        0x0 f:/windowsstuff/12.0/nios2eds/bin/gnu/h-i686-mingw32/bin/../lib/gcc/nios2-elf/4.1.2/../../../../nios2-elf/lib\libc.a(lib_a-fclose.o)
 .data          0x00818d50        0x0 f:/windowsstuff/12.0/nios2eds/bin/gnu/h-i686-mingw32/bin/../lib/gcc/nios2-elf/4.1.2/../../../../nios2-elf/lib\libc.a(lib_a-fstatr.o)
 .data          0x00818d50        0x0 f:/windowsstuff/12.0/nios2eds/bin/gnu/h-i686-mingw32/bin/../lib/gcc/nios2-elf/4.1.2/../../../../nios2-elf/lib\libc.a(lib_a-isattyr.o)
 .data          0x00818d50        0x0 f:/windowsstuff/12.0/nios2eds/bin/gnu/h-i686-mingw32/bin/../lib/gcc/nios2-elf/4.1.2/../../../../nios2-elf/lib\libc.a(lib_a-lseekr.o)
 .data          0x00818d50        0x0 f:/windowsstuff/12.0/nios2eds/bin/gnu/h-i686-mingw32/bin/../lib/gcc/nios2-elf/4.1.2/../../../../nios2-elf/lib\libc.a(lib_a-readr.o)
 .data          0x00818d50        0x0 f:/windowsstuff/12.0/nios2eds/bin/gnu/h-i686-mingw32/bin/../lib/gcc/nios2-elf/4.1.2\libgcc.a(_udivdi3.o)
 .data          0x00818d50        0x0 f:/windowsstuff/12.0/nios2eds/bin/gnu/h-i686-mingw32/bin/../lib/gcc/nios2-elf/4.1.2\libgcc.a(_umoddi3.o)
 .data          0x00818d50        0x0 f:/windowsstuff/12.0/nios2eds/bin/gnu/h-i686-mingw32/bin/../lib/gcc/nios2-elf/4.1.2\libgcc.a(_ne_df.o)
 .data          0x00818d50        0x0 f:/windowsstuff/12.0/nios2eds/bin/gnu/h-i686-mingw32/bin/../lib/gcc/nios2-elf/4.1.2\libgcc.a(_lt_df.o)
 .data          0x00818d50        0x0 f:/windowsstuff/12.0/nios2eds/bin/gnu/h-i686-mingw32/bin/../lib/gcc/nios2-elf/4.1.2\libgcc.a(_usi_to_df.o)
 .data          0x00818d50        0x0 C:/Users/jorde_000/Documents/GitHub/LSN/\libhal_bsp.a(alt_close.o)
 .data          0x00818d50      0x1a8 C:/Users/jorde_000/Documents/GitHub/LSN/\libhal_bsp.a(alt_dev.o)
                0x00818d50                alt_dev_null
                0x00818d78                alt_fd_list
 .data          0x00818ef8        0x0 C:/Users/jorde_000/Documents/GitHub/LSN/\libhal_bsp.a(alt_errno.o)
 .data          0x00818ef8        0x0 C:/Users/jorde_000/Documents/GitHub/LSN/\libhal_bsp.a(alt_fstat.o)
 .data          0x00818ef8        0x0 C:/Users/jorde_000/Documents/GitHub/LSN/\libhal_bsp.a(alt_irq_register.o)
 .data          0x00818ef8        0x0 C:/Users/jorde_000/Documents/GitHub/LSN/\libhal_bsp.a(alt_irq_vars.o)
 .data          0x00818ef8        0x0 C:/Users/jorde_000/Documents/GitHub/LSN/\libhal_bsp.a(alt_isatty.o)
 .data          0x00818ef8        0x0 C:/Users/jorde_000/Documents/GitHub/LSN/\libhal_bsp.a(alt_load.o)
 .data          0x00818ef8        0x0 C:/Users/jorde_000/Documents/GitHub/LSN/\libhal_bsp.a(alt_lseek.o)
 .data          0x00818ef8        0x0 C:/Users/jorde_000/Documents/GitHub/LSN/\libhal_bsp.a(alt_main.o)
 .data          0x00818ef8        0x0 C:/Users/jorde_000/Documents/GitHub/LSN/\libhal_bsp.a(alt_malloc_lock.o)
 .data          0x00818ef8        0x0 C:/Users/jorde_000/Documents/GitHub/LSN/\libhal_bsp.a(alt_read.o)
 .data          0x00818ef8        0x0 C:/Users/jorde_000/Documents/GitHub/LSN/\libhal_bsp.a(alt_release_fd.o)
 .data          0x00818ef8        0x0 C:/Users/jorde_000/Documents/GitHub/LSN/\libhal_bsp.a(alt_sbrk.o)
 .data          0x00818ef8        0x0 C:/Users/jorde_000/Documents/GitHub/LSN/\libhal_bsp.a(alt_tick.o)
 .data          0x00818ef8        0x0 C:/Users/jorde_000/Documents/GitHub/LSN/\libhal_bsp.a(alt_usleep.o)
 .data          0x00818ef8        0x0 C:/Users/jorde_000/Documents/GitHub/LSN/\libhal_bsp.a(alt_write.o)
 .data          0x00818ef8     0x11b4 C:/Users/jorde_000/Documents/GitHub/LSN/\libhal_bsp.a(alt_sys_init.o)
 .data          0x0081a0ac        0x0 C:/Users/jorde_000/Documents/GitHub/LSN/\libhal_bsp.a(altera_avalon_jtag_uart_fd.o)
 .data          0x0081a0ac        0x0 C:/Users/jorde_000/Documents/GitHub/LSN/\libhal_bsp.a(altera_avalon_jtag_uart_init.o)
 .data          0x0081a0ac        0x0 C:/Users/jorde_000/Documents/GitHub/LSN/\libhal_bsp.a(altera_avalon_jtag_uart_ioctl.o)
 .data          0x0081a0ac        0x0 C:/Users/jorde_000/Documents/GitHub/LSN/\libhal_bsp.a(altera_avalon_jtag_uart_read.o)
 .data          0x0081a0ac        0x0 C:/Users/jorde_000/Documents/GitHub/LSN/\libhal_bsp.a(altera_avalon_jtag_uart_write.o)
 .data          0x0081a0ac        0x0 C:/Users/jorde_000/Documents/GitHub/LSN/\libhal_bsp.a(altera_avalon_timer_sc.o)
 .data          0x0081a0ac        0x0 C:/Users/jorde_000/Documents/GitHub/LSN/\libhal_bsp.a(altera_avalon_timer_ts.o)
 .data          0x0081a0ac        0x0 C:/Users/jorde_000/Documents/GitHub/LSN/\libhal_bsp.a(altera_avalon_timer_vars.o)
 .data          0x0081a0ac        0x0 C:/Users/jorde_000/Documents/GitHub/LSN/\libhal_bsp.a(altera_up_avalon_audio.o)
 .data          0x0081a0ac        0x0 C:/Users/jorde_000/Documents/GitHub/LSN/\libhal_bsp.a(altera_up_avalon_audio_and_video_config.o)
 .data          0x0081a0ac        0x0 C:/Users/jorde_000/Documents/GitHub/LSN/\libhal_bsp.a(altera_up_avalon_character_lcd.o)
 .data          0x0081a0ac        0x0 C:/Users/jorde_000/Documents/GitHub/LSN/\libhal_bsp.a(altera_up_avalon_video_character_buffer_with_dma.o)
 .data          0x0081a0ac        0x0 C:/Users/jorde_000/Documents/GitHub/LSN/\libhal_bsp.a(altera_up_avalon_video_pixel_buffer_dma.o)
 .data          0x0081a0ac        0x0 C:/Users/jorde_000/Documents/GitHub/LSN/\libhal_bsp.a(altera_up_sd_card_avalon_interface.o)
 .data          0x0081a0ac        0x0 C:/Users/jorde_000/Documents/GitHub/LSN/\libhal_bsp.a(alt_alarm_start.o)
 .data          0x0081a0ac        0x0 C:/Users/jorde_000/Documents/GitHub/LSN/\libhal_bsp.a(alt_busy_sleep.o)
 .data          0x0081a0ac        0x0 C:/Users/jorde_000/Documents/GitHub/LSN/\libhal_bsp.a(alt_dcache_flush_all.o)
 .data          0x0081a0ac        0x0 C:/Users/jorde_000/Documents/GitHub/LSN/\libhal_bsp.a(alt_dev_llist_insert.o)
 .data          0x0081a0ac        0x0 C:/Users/jorde_000/Documents/GitHub/LSN/\libhal_bsp.a(alt_do_ctors.o)
 .data          0x0081a0ac        0x0 C:/Users/jorde_000/Documents/GitHub/LSN/\libhal_bsp.a(alt_do_dtors.o)
 .data          0x0081a0ac        0x0 C:/Users/jorde_000/Documents/GitHub/LSN/\libhal_bsp.a(alt_find_dev.o)
 .data          0x0081a0ac        0x0 C:/Users/jorde_000/Documents/GitHub/LSN/\libhal_bsp.a(alt_icache_flush_all.o)
 .data          0x0081a0ac        0x0 C:/Users/jorde_000/Documents/GitHub/LSN/\libhal_bsp.a(alt_io_redirect.o)
 .data          0x0081a0ac        0x0 C:/Users/jorde_000/Documents/GitHub/LSN/\libhal_bsp.a(alt_irq_entry.o)
 .data          0x0081a0ac        0x0 C:/Users/jorde_000/Documents/GitHub/LSN/\libhal_bsp.a(alt_irq_handler.o)
 .data          0x0081a0ac        0x0 C:/Users/jorde_000/Documents/GitHub/LSN/\libhal_bsp.a(alt_open.o)
 .data          0x0081a0ac        0x0 C:/Users/jorde_000/Documents/GitHub/LSN/\libhal_bsp.a(altera_nios2_qsys_irq.o)
 .data          0x0081a0ac        0x0 C:/Users/jorde_000/Documents/GitHub/LSN/\libhal_bsp.a(alt_exception_entry.o)
 .data          0x0081a0ac        0x0 C:/Users/jorde_000/Documents/GitHub/LSN/\libhal_bsp.a(alt_find_file.o)
 .data          0x0081a0ac        0x0 C:/Users/jorde_000/Documents/GitHub/LSN/\libhal_bsp.a(alt_get_fd.o)
 .data          0x0081a0ac        0x0 C:/Users/jorde_000/Documents/GitHub/LSN/\libhal_bsp.a(alt_icache_flush.o)
 .data          0x0081a0ac        0x0 f:/windowsstuff/12.0/nios2eds/bin/gnu/h-i686-mingw32/bin/../lib/gcc/nios2-elf/4.1.2/../../../../nios2-elf/lib\libc.a(lib_a-atexit.o)
 .data          0x0081a0ac        0x0 f:/windowsstuff/12.0/nios2eds/bin/gnu/h-i686-mingw32/bin/../lib/gcc/nios2-elf/4.1.2/../../../../nios2-elf/lib\libc.a(lib_a-exit.o)
 .data          0x0081a0ac        0x0 f:/windowsstuff/12.0/nios2eds/bin/gnu/h-i686-mingw32/bin/../lib/gcc/nios2-elf/4.1.2/../../../../nios2-elf/lib\libc.a(lib_a-memcmp.o)
 .data          0x0081a0ac        0x0 f:/windowsstuff/12.0/nios2eds/bin/gnu/h-i686-mingw32/bin/../lib/gcc/nios2-elf/4.1.2/../../../../nios2-elf/lib\libc.a(lib_a-__atexit.o)
 .data          0x0081a0ac        0x0 f:/windowsstuff/12.0/nios2eds/bin/gnu/h-i686-mingw32/bin/../lib/gcc/nios2-elf/4.1.2/../../../../nios2-elf/lib\libc.a(lib_a-__call_atexit.o)
 .data          0x0081a0ac        0x0 C:/Users/jorde_000/Documents/GitHub/LSN/\libhal_bsp.a(alt_exit.o)
                0x008220ac                _gp = ABSOLUTE ((. + 0x8000))
                0x008220ac                PROVIDE (gp, _gp)
 *(.rwdata .rwdata.*)
 *(.sdata .sdata.* .gnu.linkonce.s.*)
 .sdata         0x0081a0ac        0xc obj/default/audio.o
                0x0081a0ac                CONFIG_NAME
                0x0081a0b0                AUDIO_NAME
                0x0081a0b4                toneLength
 .sdata         0x0081a0b8        0x8 f:/windowsstuff/12.0/nios2eds/bin/gnu/h-i686-mingw32/bin/../lib/gcc/nios2-elf/4.1.2/../../../../nios2-elf/lib\libc.a(lib_a-mallocr.o)
                0x0081a0b8                __malloc_trim_threshold
                0x0081a0bc                __malloc_sbrk_base
 .sdata         0x0081a0c0        0x8 f:/windowsstuff/12.0/nios2eds/bin/gnu/h-i686-mingw32/bin/../lib/gcc/nios2-elf/4.1.2/../../../../nios2-elf/lib\libc.a(lib_a-impure.o)
                0x0081a0c0                _impure_ptr
                0x0081a0c4                _global_impure_ptr
 .sdata         0x0081a0c8        0x8 f:/windowsstuff/12.0/nios2eds/bin/gnu/h-i686-mingw32/bin/../lib/gcc/nios2-elf/4.1.2/../../../../nios2-elf/lib\libc.a(lib_a-locale.o)
                0x0081a0c8                __mb_cur_max
 .sdata         0x0081a0d0       0x14 C:/Users/jorde_000/Documents/GitHub/LSN/\libhal_bsp.a(alt_dev.o)
                0x0081a0d0                alt_fs_list
                0x0081a0d8                alt_dev_list
                0x0081a0e0                alt_max_fd
 .sdata         0x0081a0e4        0x4 C:/Users/jorde_000/Documents/GitHub/LSN/\libhal_bsp.a(alt_errno.o)
                0x0081a0e4                alt_errno
 .sdata         0x0081a0e8        0x4 C:/Users/jorde_000/Documents/GitHub/LSN/\libhal_bsp.a(alt_irq_vars.o)
                0x0081a0e8                alt_priority_mask
 .sdata         0x0081a0ec        0x4 C:/Users/jorde_000/Documents/GitHub/LSN/\libhal_bsp.a(alt_sbrk.o)
 .sdata         0x0081a0f0        0x8 C:/Users/jorde_000/Documents/GitHub/LSN/\libhal_bsp.a(alt_tick.o)
                0x0081a0f0                alt_alarm_list
 *(.sdata2 .sdata2.* .gnu.linkonce.s2.*)
                0x0081a0f8                . = ALIGN (0x4)
                0x0081a0f8                _edata = ABSOLUTE (.)
                0x0081a0f8                PROVIDE (edata, ABSOLUTE (.))
                0x0081a0f8                PROVIDE (__ram_rwdata_end, ABSOLUTE (.))
                0x0081a0f8                PROVIDE (__flash_rwdata_start, LOADADDR (.rwdata))

.bss            0x0081bcb4      0xa9c
                0x0081bcb4                __bss_start = ABSOLUTE (.)
                0x0081bcb4                PROVIDE (__sbss_start, ABSOLUTE (.))
                0x0081bcb4                PROVIDE (___sbss_start, ABSOLUTE (.))
 *(.dynsbss)
 *(.sbss .sbss.* .gnu.linkonce.sb.*)
 .sbss          0x0081bcb4        0xc obj/default/audio.o
                0x0081bcb4                audio
                0x0081bcb8                config
                0x0081bcbc                DEBUG
 .sbss          0x0081bcc0       0x18 obj/default/audio.o
                0x0081bcc0                laserFileWordLength
                0x0081bcc4                laserBufferLength
                0x0081bcc8                sdDev
                0x0081bccc                somethingForIrq
                0x0081bcd0                laserCursor
                0x0081bcd4                laserBuffer
 .sbss          0x0081bcd8        0xc f:/windowsstuff/12.0/nios2eds/bin/gnu/h-i686-mingw32/bin/../lib/gcc/nios2-elf/4.1.2/../../../../nios2-elf/lib\libc.a(lib_a-mallocr.o)
                0x0081bcd8                __malloc_top_pad
                0x0081bcdc                __malloc_max_sbrked_mem
                0x0081bce0                __malloc_max_total_mem
 .sbss          0x0081bce4        0x4 f:/windowsstuff/12.0/nios2eds/bin/gnu/h-i686-mingw32/bin/../lib/gcc/nios2-elf/4.1.2/../../../../nios2-elf/lib\libc.a(lib_a-int_errno.o)
                0x0081bce4                errno
 .sbss          0x0081bce8        0xc f:/windowsstuff/12.0/nios2eds/bin/gnu/h-i686-mingw32/bin/../lib/gcc/nios2-elf/4.1.2/../../../../nios2-elf/lib\libc.a(lib_a-locale.o)
                0x0081bce8                __nlocale_changed
                0x0081bcec                __mlocale_changed
                0x0081bcf0                _PathLocale
 .sbss          0x0081bcf4        0x4 C:/Users/jorde_000/Documents/GitHub/LSN/\libhal_bsp.a(alt_irq_vars.o)
                0x0081bcf4                alt_irq_active
 .sbss          0x0081bcf8        0xc C:/Users/jorde_000/Documents/GitHub/LSN/\libhal_bsp.a(alt_main.o)
                0x0081bcf8                alt_argc
                0x0081bcfc                alt_argv
                0x0081bd00                alt_envp
 .sbss          0x0081bd04        0x8 C:/Users/jorde_000/Documents/GitHub/LSN/\libhal_bsp.a(alt_tick.o)
                0x0081bd04                _alt_tick_rate
                0x0081bd08                _alt_nticks
 .sbss          0x0081bd0c        0x8 C:/Users/jorde_000/Documents/GitHub/LSN/\libhal_bsp.a(altera_avalon_timer_vars.o)
                0x0081bd0c                altera_avalon_timer_ts_base
                0x0081bd10                altera_avalon_timer_ts_freq
 .sbss          0x0081bd14       0x34 C:/Users/jorde_000/Documents/GitHub/LSN/\libhal_bsp.a(altera_up_sd_card_avalon_interface.o)
                0x0081bd14                initialized
                0x0081bd18                is_sd_card_formated_as_FAT16
                0x0081bd1c                aux_status_register
                0x0081bd20                status_register
                0x0081bd24                CSD_register_w0
                0x0081bd28                command_register
                0x0081bd2c                command_argument_register
                0x0081bd30                buffer_memory
                0x0081bd34                fat_partition_offset_in_512_byte_sectors
                0x0081bd38                fat_partition_size_in_512_byte_sectors
                0x0081bd3c                device_pointer
                0x0081bd40                current_sector_modified
                0x0081bd44                current_sector_index
 *(.sbss2 .sbss2.* .gnu.linkonce.sb2.*)
 *(.scommon)
                0x0081bd48                PROVIDE (__sbss_end, ABSOLUTE (.))
                0x0081bd48                PROVIDE (___sbss_end, ABSOLUTE (.))
 *(.dynbss)
 *(.bss .bss.* .gnu.linkonce.b.*)
 .bss           0x0081bd48        0x0 C:/Users/jorde_000/Documents/GitHub/LSN//obj/HAL/src/crt0.o
 .bss           0x0081bd48        0x0 obj/default/audio.o
 .bss           0x0081bd48        0x0 obj/default/audio_up_hack.o
 .bss           0x0081bd48        0x0 obj/default/hello_world.o
 .bss           0x0081bd48        0x0 obj/default/player.o
 .bss           0x0081bd48        0x0 obj/default/sd_card.o
 .bss           0x0081bd48        0x0 obj/default/timer.o
 .bss           0x0081bd48        0x0 obj/default/vga.o
 .bss           0x0081bd48        0x0 f:/windowsstuff/12.0/nios2eds/bin/gnu/h-i686-mingw32/bin/../lib/gcc/nios2-elf/4.1.2/../../../../nios2-elf/lib\libm.a(lib_a-s_sin.o)
 .bss           0x0081bd48        0x0 f:/windowsstuff/12.0/nios2eds/bin/gnu/h-i686-mingw32/bin/../lib/gcc/nios2-elf/4.1.2/../../../../nios2-elf/lib\libm.a(lib_a-e_rem_pio2.o)
 .bss           0x0081bd48        0x0 f:/windowsstuff/12.0/nios2eds/bin/gnu/h-i686-mingw32/bin/../lib/gcc/nios2-elf/4.1.2/../../../../nios2-elf/lib\libm.a(lib_a-k_cos.o)
 .bss           0x0081bd48        0x0 f:/windowsstuff/12.0/nios2eds/bin/gnu/h-i686-mingw32/bin/../lib/gcc/nios2-elf/4.1.2/../../../../nios2-elf/lib\libm.a(lib_a-k_rem_pio2.o)
 .bss           0x0081bd48        0x0 f:/windowsstuff/12.0/nios2eds/bin/gnu/h-i686-mingw32/bin/../lib/gcc/nios2-elf/4.1.2/../../../../nios2-elf/lib\libm.a(lib_a-k_sin.o)
 .bss           0x0081bd48        0x0 f:/windowsstuff/12.0/nios2eds/bin/gnu/h-i686-mingw32/bin/../lib/gcc/nios2-elf/4.1.2/../../../../nios2-elf/lib\libm.a(lib_a-s_fabs.o)
 .bss           0x0081bd48        0x0 f:/windowsstuff/12.0/nios2eds/bin/gnu/h-i686-mingw32/bin/../lib/gcc/nios2-elf/4.1.2/../../../../nios2-elf/lib\libm.a(lib_a-s_floor.o)
 .bss           0x0081bd48        0x0 f:/windowsstuff/12.0/nios2eds/bin/gnu/h-i686-mingw32/bin/../lib/gcc/nios2-elf/4.1.2/../../../../nios2-elf/lib\libm.a(lib_a-s_scalbn.o)
 .bss           0x0081bd48        0x0 f:/windowsstuff/12.0/nios2eds/bin/gnu/h-i686-mingw32/bin/../lib/gcc/nios2-elf/4.1.2/../../../../nios2-elf/lib\libm.a(lib_a-s_copysign.o)
 .bss           0x0081bd48        0x0 f:/windowsstuff/12.0/nios2eds/bin/gnu/h-i686-mingw32/bin/../lib/gcc/nios2-elf/4.1.2\libgcc.a(_fixunsdfsi.o)
 .bss           0x0081bd48        0x0 f:/windowsstuff/12.0/nios2eds/bin/gnu/h-i686-mingw32/bin/../lib/gcc/nios2-elf/4.1.2\libgcc.a(_div_sf.o)
 .bss           0x0081bd48        0x0 f:/windowsstuff/12.0/nios2eds/bin/gnu/h-i686-mingw32/bin/../lib/gcc/nios2-elf/4.1.2\libgcc.a(_si_to_sf.o)
 .bss           0x0081bd48        0x0 f:/windowsstuff/12.0/nios2eds/bin/gnu/h-i686-mingw32/bin/../lib/gcc/nios2-elf/4.1.2\libgcc.a(_sf_to_df.o)
 .bss           0x0081bd48        0x0 f:/windowsstuff/12.0/nios2eds/bin/gnu/h-i686-mingw32/bin/../lib/gcc/nios2-elf/4.1.2\libgcc.a(_thenan_sf.o)
 .bss           0x0081bd48        0x0 f:/windowsstuff/12.0/nios2eds/bin/gnu/h-i686-mingw32/bin/../lib/gcc/nios2-elf/4.1.2\libgcc.a(_addsub_df.o)
 .bss           0x0081bd48        0x0 f:/windowsstuff/12.0/nios2eds/bin/gnu/h-i686-mingw32/bin/../lib/gcc/nios2-elf/4.1.2\libgcc.a(_mul_df.o)
 .bss           0x0081bd48        0x0 f:/windowsstuff/12.0/nios2eds/bin/gnu/h-i686-mingw32/bin/../lib/gcc/nios2-elf/4.1.2\libgcc.a(_div_df.o)
 .bss           0x0081bd48        0x0 f:/windowsstuff/12.0/nios2eds/bin/gnu/h-i686-mingw32/bin/../lib/gcc/nios2-elf/4.1.2\libgcc.a(_eq_df.o)
 .bss           0x0081bd48        0x0 f:/windowsstuff/12.0/nios2eds/bin/gnu/h-i686-mingw32/bin/../lib/gcc/nios2-elf/4.1.2\libgcc.a(_gt_df.o)
 .bss           0x0081bd48        0x0 f:/windowsstuff/12.0/nios2eds/bin/gnu/h-i686-mingw32/bin/../lib/gcc/nios2-elf/4.1.2\libgcc.a(_ge_df.o)
 .bss           0x0081bd48        0x0 f:/windowsstuff/12.0/nios2eds/bin/gnu/h-i686-mingw32/bin/../lib/gcc/nios2-elf/4.1.2\libgcc.a(_si_to_df.o)
 .bss           0x0081bd48        0x0 f:/windowsstuff/12.0/nios2eds/bin/gnu/h-i686-mingw32/bin/../lib/gcc/nios2-elf/4.1.2\libgcc.a(_df_to_si.o)
 .bss           0x0081bd48        0x0 f:/windowsstuff/12.0/nios2eds/bin/gnu/h-i686-mingw32/bin/../lib/gcc/nios2-elf/4.1.2\libgcc.a(_make_df.o)
 .bss           0x0081bd48        0x0 f:/windowsstuff/12.0/nios2eds/bin/gnu/h-i686-mingw32/bin/../lib/gcc/nios2-elf/4.1.2\libgcc.a(_thenan_df.o)
 .bss           0x0081bd48        0x0 f:/windowsstuff/12.0/nios2eds/bin/gnu/h-i686-mingw32/bin/../lib/gcc/nios2-elf/4.1.2\libgcc.a(lib2-divmod.o)
 .bss           0x0081bd48        0x0 f:/windowsstuff/12.0/nios2eds/bin/gnu/h-i686-mingw32/bin/../lib/gcc/nios2-elf/4.1.2\libgcc.a(_muldi3.o)
 .bss           0x0081bd48        0x0 f:/windowsstuff/12.0/nios2eds/bin/gnu/h-i686-mingw32/bin/../lib/gcc/nios2-elf/4.1.2\libgcc.a(_clzsi2.o)
 .bss           0x0081bd48        0x0 f:/windowsstuff/12.0/nios2eds/bin/gnu/h-i686-mingw32/bin/../lib/gcc/nios2-elf/4.1.2\libgcc.a(_pack_sf.o)
 .bss           0x0081bd48        0x0 f:/windowsstuff/12.0/nios2eds/bin/gnu/h-i686-mingw32/bin/../lib/gcc/nios2-elf/4.1.2\libgcc.a(_unpack_sf.o)
 .bss           0x0081bd48        0x0 f:/windowsstuff/12.0/nios2eds/bin/gnu/h-i686-mingw32/bin/../lib/gcc/nios2-elf/4.1.2\libgcc.a(_pack_df.o)
 .bss           0x0081bd48        0x0 f:/windowsstuff/12.0/nios2eds/bin/gnu/h-i686-mingw32/bin/../lib/gcc/nios2-elf/4.1.2\libgcc.a(_unpack_df.o)
 .bss           0x0081bd48        0x0 f:/windowsstuff/12.0/nios2eds/bin/gnu/h-i686-mingw32/bin/../lib/gcc/nios2-elf/4.1.2\libgcc.a(_fpcmp_parts_df.o)
 .bss           0x0081bd48        0x0 f:/windowsstuff/12.0/nios2eds/bin/gnu/h-i686-mingw32/bin/../lib/gcc/nios2-elf/4.1.2\libgcc.a(_clz.o)
 .bss           0x0081bd48        0x0 f:/windowsstuff/12.0/nios2eds/bin/gnu/h-i686-mingw32/bin/../lib/gcc/nios2-elf/4.1.2/../../../../nios2-elf/lib\libc.a(lib_a-malloc.o)
 .bss           0x0081bd48       0x28 f:/windowsstuff/12.0/nios2eds/bin/gnu/h-i686-mingw32/bin/../lib/gcc/nios2-elf/4.1.2/../../../../nios2-elf/lib\libc.a(lib_a-mallocr.o)
                0x0081bd48                __malloc_current_mallinfo
 .bss           0x0081bd70        0x0 f:/windowsstuff/12.0/nios2eds/bin/gnu/h-i686-mingw32/bin/../lib/gcc/nios2-elf/4.1.2/../../../../nios2-elf/lib\libc.a(lib_a-printf.o)
 .bss           0x0081bd70        0x0 f:/windowsstuff/12.0/nios2eds/bin/gnu/h-i686-mingw32/bin/../lib/gcc/nios2-elf/4.1.2/../../../../nios2-elf/lib\libc.a(lib_a-puts.o)
 .bss           0x0081bd70        0x0 f:/windowsstuff/12.0/nios2eds/bin/gnu/h-i686-mingw32/bin/../lib/gcc/nios2-elf/4.1.2/../../../../nios2-elf/lib\libc.a(lib_a-sbrkr.o)
 .bss           0x0081bd70        0x0 f:/windowsstuff/12.0/nios2eds/bin/gnu/h-i686-mingw32/bin/../lib/gcc/nios2-elf/4.1.2/../../../../nios2-elf/lib\libc.a(lib_a-strlen.o)
 .bss           0x0081bd70        0x0 f:/windowsstuff/12.0/nios2eds/bin/gnu/h-i686-mingw32/bin/../lib/gcc/nios2-elf/4.1.2/../../../../nios2-elf/lib\libc.a(lib_a-vfprintf.o)
 .bss           0x0081bd70        0x0 f:/windowsstuff/12.0/nios2eds/bin/gnu/h-i686-mingw32/bin/../lib/gcc/nios2-elf/4.1.2/../../../../nios2-elf/lib\libc.a(lib_a-wsetup.o)
 .bss           0x0081bd70        0x0 f:/windowsstuff/12.0/nios2eds/bin/gnu/h-i686-mingw32/bin/../lib/gcc/nios2-elf/4.1.2/../../../../nios2-elf/lib\libc.a(lib_a-dtoa.o)
 .bss           0x0081bd70        0x0 f:/windowsstuff/12.0/nios2eds/bin/gnu/h-i686-mingw32/bin/../lib/gcc/nios2-elf/4.1.2/../../../../nios2-elf/lib\libc.a(lib_a-fflush.o)
 .bss           0x0081bd70        0x0 f:/windowsstuff/12.0/nios2eds/bin/gnu/h-i686-mingw32/bin/../lib/gcc/nios2-elf/4.1.2/../../../../nios2-elf/lib\libc.a(lib_a-findfp.o)
 .bss           0x0081bd70        0x0 f:/windowsstuff/12.0/nios2eds/bin/gnu/h-i686-mingw32/bin/../lib/gcc/nios2-elf/4.1.2/../../../../nios2-elf/lib\libc.a(lib_a-freer.o)
 .bss           0x0081bd70        0x0 f:/windowsstuff/12.0/nios2eds/bin/gnu/h-i686-mingw32/bin/../lib/gcc/nios2-elf/4.1.2/../../../../nios2-elf/lib\libc.a(lib_a-fvwrite.o)
 .bss           0x0081bd70        0x0 f:/windowsstuff/12.0/nios2eds/bin/gnu/h-i686-mingw32/bin/../lib/gcc/nios2-elf/4.1.2/../../../../nios2-elf/lib\libc.a(lib_a-fwalk.o)
 .bss           0x0081bd70        0x0 f:/windowsstuff/12.0/nios2eds/bin/gnu/h-i686-mingw32/bin/../lib/gcc/nios2-elf/4.1.2/../../../../nios2-elf/lib\libc.a(lib_a-impure.o)
 .bss           0x0081bd70        0x0 f:/windowsstuff/12.0/nios2eds/bin/gnu/h-i686-mingw32/bin/../lib/gcc/nios2-elf/4.1.2/../../../../nios2-elf/lib\libc.a(lib_a-int_errno.o)
 .bss           0x0081bd70        0x0 f:/windowsstuff/12.0/nios2eds/bin/gnu/h-i686-mingw32/bin/../lib/gcc/nios2-elf/4.1.2/../../../../nios2-elf/lib\libc.a(lib_a-locale.o)
 .bss           0x0081bd70        0x0 f:/windowsstuff/12.0/nios2eds/bin/gnu/h-i686-mingw32/bin/../lib/gcc/nios2-elf/4.1.2/../../../../nios2-elf/lib\libc.a(lib_a-makebuf.o)
 .bss           0x0081bd70        0x0 f:/windowsstuff/12.0/nios2eds/bin/gnu/h-i686-mingw32/bin/../lib/gcc/nios2-elf/4.1.2/../../../../nios2-elf/lib\libc.a(lib_a-memchr.o)
 .bss           0x0081bd70        0x0 f:/windowsstuff/12.0/nios2eds/bin/gnu/h-i686-mingw32/bin/../lib/gcc/nios2-elf/4.1.2/../../../../nios2-elf/lib\libc.a(lib_a-memcpy.o)
 .bss           0x0081bd70        0x0 f:/windowsstuff/12.0/nios2eds/bin/gnu/h-i686-mingw32/bin/../lib/gcc/nios2-elf/4.1.2/../../../../nios2-elf/lib\libc.a(lib_a-memmove.o)
 .bss           0x0081bd70        0x0 f:/windowsstuff/12.0/nios2eds/bin/gnu/h-i686-mingw32/bin/../lib/gcc/nios2-elf/4.1.2/../../../../nios2-elf/lib\libc.a(lib_a-memset.o)
 .bss           0x0081bd70        0x0 f:/windowsstuff/12.0/nios2eds/bin/gnu/h-i686-mingw32/bin/../lib/gcc/nios2-elf/4.1.2/../../../../nios2-elf/lib\libc.a(lib_a-mprec.o)
 .bss           0x0081bd70        0x0 f:/windowsstuff/12.0/nios2eds/bin/gnu/h-i686-mingw32/bin/../lib/gcc/nios2-elf/4.1.2/../../../../nios2-elf/lib\libc.a(lib_a-reallocr.o)
 .bss           0x0081bd70        0x0 f:/windowsstuff/12.0/nios2eds/bin/gnu/h-i686-mingw32/bin/../lib/gcc/nios2-elf/4.1.2/../../../../nios2-elf/lib\libc.a(lib_a-s_isinfd.o)
 .bss           0x0081bd70        0x0 f:/windowsstuff/12.0/nios2eds/bin/gnu/h-i686-mingw32/bin/../lib/gcc/nios2-elf/4.1.2/../../../../nios2-elf/lib\libc.a(lib_a-s_isnand.o)
 .bss           0x0081bd70        0x0 f:/windowsstuff/12.0/nios2eds/bin/gnu/h-i686-mingw32/bin/../lib/gcc/nios2-elf/4.1.2/../../../../nios2-elf/lib\libc.a(lib_a-stdio.o)
 .bss           0x0081bd70        0x0 f:/windowsstuff/12.0/nios2eds/bin/gnu/h-i686-mingw32/bin/../lib/gcc/nios2-elf/4.1.2/../../../../nios2-elf/lib\libc.a(lib_a-strcmp.o)
 .bss           0x0081bd70        0x0 f:/windowsstuff/12.0/nios2eds/bin/gnu/h-i686-mingw32/bin/../lib/gcc/nios2-elf/4.1.2/../../../../nios2-elf/lib\libc.a(lib_a-writer.o)
 .bss           0x0081bd70        0x0 f:/windowsstuff/12.0/nios2eds/bin/gnu/h-i686-mingw32/bin/../lib/gcc/nios2-elf/4.1.2/../../../../nios2-elf/lib\libc.a(lib_a-callocr.o)
 .bss           0x0081bd70        0x0 f:/windowsstuff/12.0/nios2eds/bin/gnu/h-i686-mingw32/bin/../lib/gcc/nios2-elf/4.1.2/../../../../nios2-elf/lib\libc.a(lib_a-closer.o)
 .bss           0x0081bd70        0x0 f:/windowsstuff/12.0/nios2eds/bin/gnu/h-i686-mingw32/bin/../lib/gcc/nios2-elf/4.1.2/../../../../nios2-elf/lib\libc.a(lib_a-fclose.o)
 .bss           0x0081bd70        0x0 f:/windowsstuff/12.0/nios2eds/bin/gnu/h-i686-mingw32/bin/../lib/gcc/nios2-elf/4.1.2/../../../../nios2-elf/lib\libc.a(lib_a-fstatr.o)
 .bss           0x0081bd70        0x0 f:/windowsstuff/12.0/nios2eds/bin/gnu/h-i686-mingw32/bin/../lib/gcc/nios2-elf/4.1.2/../../../../nios2-elf/lib\libc.a(lib_a-isattyr.o)
 .bss           0x0081bd70        0x0 f:/windowsstuff/12.0/nios2eds/bin/gnu/h-i686-mingw32/bin/../lib/gcc/nios2-elf/4.1.2/../../../../nios2-elf/lib\libc.a(lib_a-lseekr.o)
 .bss           0x0081bd70        0x0 f:/windowsstuff/12.0/nios2eds/bin/gnu/h-i686-mingw32/bin/../lib/gcc/nios2-elf/4.1.2/../../../../nios2-elf/lib\libc.a(lib_a-readr.o)
 .bss           0x0081bd70        0x0 f:/windowsstuff/12.0/nios2eds/bin/gnu/h-i686-mingw32/bin/../lib/gcc/nios2-elf/4.1.2\libgcc.a(_udivdi3.o)
 .bss           0x0081bd70        0x0 f:/windowsstuff/12.0/nios2eds/bin/gnu/h-i686-mingw32/bin/../lib/gcc/nios2-elf/4.1.2\libgcc.a(_umoddi3.o)
 .bss           0x0081bd70        0x0 f:/windowsstuff/12.0/nios2eds/bin/gnu/h-i686-mingw32/bin/../lib/gcc/nios2-elf/4.1.2\libgcc.a(_ne_df.o)
 .bss           0x0081bd70        0x0 f:/windowsstuff/12.0/nios2eds/bin/gnu/h-i686-mingw32/bin/../lib/gcc/nios2-elf/4.1.2\libgcc.a(_lt_df.o)
 .bss           0x0081bd70        0x0 f:/windowsstuff/12.0/nios2eds/bin/gnu/h-i686-mingw32/bin/../lib/gcc/nios2-elf/4.1.2\libgcc.a(_usi_to_df.o)
 .bss           0x0081bd70        0x0 C:/Users/jorde_000/Documents/GitHub/LSN/\libhal_bsp.a(alt_close.o)
 .bss           0x0081bd70        0x0 C:/Users/jorde_000/Documents/GitHub/LSN/\libhal_bsp.a(alt_dev.o)
 .bss           0x0081bd70        0x0 C:/Users/jorde_000/Documents/GitHub/LSN/\libhal_bsp.a(alt_errno.o)
 .bss           0x0081bd70        0x0 C:/Users/jorde_000/Documents/GitHub/LSN/\libhal_bsp.a(alt_fstat.o)
 .bss           0x0081bd70        0x0 C:/Users/jorde_000/Documents/GitHub/LSN/\libhal_bsp.a(alt_irq_register.o)
 .bss           0x0081bd70        0x0 C:/Users/jorde_000/Documents/GitHub/LSN/\libhal_bsp.a(alt_irq_vars.o)
 .bss           0x0081bd70        0x0 C:/Users/jorde_000/Documents/GitHub/LSN/\libhal_bsp.a(alt_isatty.o)
 .bss           0x0081bd70        0x0 C:/Users/jorde_000/Documents/GitHub/LSN/\libhal_bsp.a(alt_load.o)
 .bss           0x0081bd70        0x0 C:/Users/jorde_000/Documents/GitHub/LSN/\libhal_bsp.a(alt_lseek.o)
 .bss           0x0081bd70        0x0 C:/Users/jorde_000/Documents/GitHub/LSN/\libhal_bsp.a(alt_main.o)
 .bss           0x0081bd70        0x0 C:/Users/jorde_000/Documents/GitHub/LSN/\libhal_bsp.a(alt_malloc_lock.o)
 .bss           0x0081bd70        0x0 C:/Users/jorde_000/Documents/GitHub/LSN/\libhal_bsp.a(alt_read.o)
 .bss           0x0081bd70        0x0 C:/Users/jorde_000/Documents/GitHub/LSN/\libhal_bsp.a(alt_release_fd.o)
 .bss           0x0081bd70        0x0 C:/Users/jorde_000/Documents/GitHub/LSN/\libhal_bsp.a(alt_sbrk.o)
 .bss           0x0081bd70        0x0 C:/Users/jorde_000/Documents/GitHub/LSN/\libhal_bsp.a(alt_tick.o)
 .bss           0x0081bd70        0x0 C:/Users/jorde_000/Documents/GitHub/LSN/\libhal_bsp.a(alt_usleep.o)
 .bss           0x0081bd70        0x0 C:/Users/jorde_000/Documents/GitHub/LSN/\libhal_bsp.a(alt_write.o)
 .bss           0x0081bd70        0x0 C:/Users/jorde_000/Documents/GitHub/LSN/\libhal_bsp.a(alt_sys_init.o)
 .bss           0x0081bd70        0x0 C:/Users/jorde_000/Documents/GitHub/LSN/\libhal_bsp.a(altera_avalon_jtag_uart_fd.o)
 .bss           0x0081bd70        0x0 C:/Users/jorde_000/Documents/GitHub/LSN/\libhal_bsp.a(altera_avalon_jtag_uart_init.o)
 .bss           0x0081bd70        0x0 C:/Users/jorde_000/Documents/GitHub/LSN/\libhal_bsp.a(altera_avalon_jtag_uart_ioctl.o)
 .bss           0x0081bd70        0x0 C:/Users/jorde_000/Documents/GitHub/LSN/\libhal_bsp.a(altera_avalon_jtag_uart_read.o)
 .bss           0x0081bd70        0x0 C:/Users/jorde_000/Documents/GitHub/LSN/\libhal_bsp.a(altera_avalon_jtag_uart_write.o)
 .bss           0x0081bd70        0x0 C:/Users/jorde_000/Documents/GitHub/LSN/\libhal_bsp.a(altera_avalon_timer_sc.o)
 .bss           0x0081bd70        0x0 C:/Users/jorde_000/Documents/GitHub/LSN/\libhal_bsp.a(altera_avalon_timer_ts.o)
 .bss           0x0081bd70        0x0 C:/Users/jorde_000/Documents/GitHub/LSN/\libhal_bsp.a(altera_avalon_timer_vars.o)
 .bss           0x0081bd70        0x0 C:/Users/jorde_000/Documents/GitHub/LSN/\libhal_bsp.a(altera_up_avalon_audio.o)
 .bss           0x0081bd70        0x0 C:/Users/jorde_000/Documents/GitHub/LSN/\libhal_bsp.a(altera_up_avalon_audio_and_video_config.o)
 .bss           0x0081bd70        0x0 C:/Users/jorde_000/Documents/GitHub/LSN/\libhal_bsp.a(altera_up_avalon_character_lcd.o)
 .bss           0x0081bd70        0x0 C:/Users/jorde_000/Documents/GitHub/LSN/\libhal_bsp.a(altera_up_avalon_video_character_buffer_with_dma.o)
 .bss           0x0081bd70        0x0 C:/Users/jorde_000/Documents/GitHub/LSN/\libhal_bsp.a(altera_up_avalon_video_pixel_buffer_dma.o)
 .bss           0x0081bd70        0x0 C:/Users/jorde_000/Documents/GitHub/LSN/\libhal_bsp.a(altera_up_sd_card_avalon_interface.o)
 .bss           0x0081bd70        0x0 C:/Users/jorde_000/Documents/GitHub/LSN/\libhal_bsp.a(alt_alarm_start.o)
 .bss           0x0081bd70        0x0 C:/Users/jorde_000/Documents/GitHub/LSN/\libhal_bsp.a(alt_busy_sleep.o)
 .bss           0x0081bd70        0x0 C:/Users/jorde_000/Documents/GitHub/LSN/\libhal_bsp.a(alt_dcache_flush_all.o)
 .bss           0x0081bd70        0x0 C:/Users/jorde_000/Documents/GitHub/LSN/\libhal_bsp.a(alt_dev_llist_insert.o)
 .bss           0x0081bd70        0x0 C:/Users/jorde_000/Documents/GitHub/LSN/\libhal_bsp.a(alt_do_ctors.o)
 .bss           0x0081bd70        0x0 C:/Users/jorde_000/Documents/GitHub/LSN/\libhal_bsp.a(alt_do_dtors.o)
 .bss           0x0081bd70        0x0 C:/Users/jorde_000/Documents/GitHub/LSN/\libhal_bsp.a(alt_find_dev.o)
 .bss           0x0081bd70        0x0 C:/Users/jorde_000/Documents/GitHub/LSN/\libhal_bsp.a(alt_icache_flush_all.o)
 .bss           0x0081bd70        0x0 C:/Users/jorde_000/Documents/GitHub/LSN/\libhal_bsp.a(alt_io_redirect.o)
 .bss           0x0081bd70        0x0 C:/Users/jorde_000/Documents/GitHub/LSN/\libhal_bsp.a(alt_irq_entry.o)
 .bss           0x0081bd70        0x0 C:/Users/jorde_000/Documents/GitHub/LSN/\libhal_bsp.a(alt_irq_handler.o)
 .bss           0x0081bd70        0x0 C:/Users/jorde_000/Documents/GitHub/LSN/\libhal_bsp.a(alt_open.o)
 .bss           0x0081bd70        0x0 C:/Users/jorde_000/Documents/GitHub/LSN/\libhal_bsp.a(altera_nios2_qsys_irq.o)
 .bss           0x0081bd70        0x0 C:/Users/jorde_000/Documents/GitHub/LSN/\libhal_bsp.a(alt_exception_entry.o)
 .bss           0x0081bd70        0x0 C:/Users/jorde_000/Documents/GitHub/LSN/\libhal_bsp.a(alt_find_file.o)
 .bss           0x0081bd70        0x0 C:/Users/jorde_000/Documents/GitHub/LSN/\libhal_bsp.a(alt_get_fd.o)
 .bss           0x0081bd70        0x0 C:/Users/jorde_000/Documents/GitHub/LSN/\libhal_bsp.a(alt_icache_flush.o)
 .bss           0x0081bd70        0x0 f:/windowsstuff/12.0/nios2eds/bin/gnu/h-i686-mingw32/bin/../lib/gcc/nios2-elf/4.1.2/../../../../nios2-elf/lib\libc.a(lib_a-atexit.o)
 .bss           0x0081bd70        0x0 f:/windowsstuff/12.0/nios2eds/bin/gnu/h-i686-mingw32/bin/../lib/gcc/nios2-elf/4.1.2/../../../../nios2-elf/lib\libc.a(lib_a-exit.o)
 .bss           0x0081bd70        0x0 f:/windowsstuff/12.0/nios2eds/bin/gnu/h-i686-mingw32/bin/../lib/gcc/nios2-elf/4.1.2/../../../../nios2-elf/lib\libc.a(lib_a-memcmp.o)
 .bss           0x0081bd70        0x0 f:/windowsstuff/12.0/nios2eds/bin/gnu/h-i686-mingw32/bin/../lib/gcc/nios2-elf/4.1.2/../../../../nios2-elf/lib\libc.a(lib_a-__atexit.o)
 .bss           0x0081bd70        0x0 f:/windowsstuff/12.0/nios2eds/bin/gnu/h-i686-mingw32/bin/../lib/gcc/nios2-elf/4.1.2/../../../../nios2-elf/lib\libc.a(lib_a-__call_atexit.o)
 .bss           0x0081bd70        0x0 C:/Users/jorde_000/Documents/GitHub/LSN/\libhal_bsp.a(alt_exit.o)
 *(COMMON)
 COMMON         0x0081bd70      0x1e8 obj/default/audio.o
                0x0081bd70                tone
 COMMON         0x0081bf58      0x568 C:/Users/jorde_000/Documents/GitHub/LSN/\libhal_bsp.a(altera_up_sd_card_avalon_interface.o)
                0x0081bf58                search_data
                0x0081bf6c                boot_sector_data
                0x0081bfc0                active_files
 COMMON         0x0081c4c0      0x100 C:/Users/jorde_000/Documents/GitHub/LSN/\libhal_bsp.a(alt_irq_handler.o)
                0x0081c4c0                alt_irq
 COMMON         0x0081c5c0      0x190 f:/windowsstuff/12.0/nios2eds/bin/gnu/h-i686-mingw32/bin/../lib/gcc/nios2-elf/4.1.2/../../../../nios2-elf/lib\libc.a(lib_a-atexit.o)
                0x0081c5c0                _atexit0
                0x0081c750                . = ALIGN (0x4)
                0x0081c750                __bss_end = ABSOLUTE (.)

.sdram_0        0x0081c750        0x0
                0x0081c750                PROVIDE (_alt_partition_sdram_0_start, ABSOLUTE (.))
 *(.sdram_0. sdram_0.*)
                0x0081c750                . = ALIGN (0x4)
                0x0081c750                PROVIDE (_alt_partition_sdram_0_end, ABSOLUTE (.))
                0x0081c750                _end = ABSOLUTE (.)
                0x0081c750                end = ABSOLUTE (.)
                0x0081c750                __alt_stack_base = ABSOLUTE (.)
                0x0081c750                PROVIDE (_alt_partition_sdram_0_load_addr, LOADADDR (.sdram_0))

.stab
 *(.stab)

.stabstr
 *(.stabstr)

.stab.excl