Archive member included because of file (symbol)

f:/windowsstuff/12.0/nios2eds/bin/gnu/h-i686-mingw32/bin/../lib/gcc/nios2-elf/4.1.2/../../../../nios2-elf/lib\libm.a(lib_a-w_pow.o)
                              obj/default/score.o (pow)
f:/windowsstuff/12.0/nios2eds/bin/gnu/h-i686-mingw32/bin/../lib/gcc/nios2-elf/4.1.2/../../../../nios2-elf/lib\libm.a(lib_a-e_pow.o)
                              f:/windowsstuff/12.0/nios2eds/bin/gnu/h-i686-mingw32/bin/../lib/gcc/nios2-elf/4.1.2/../../../../nios2-elf/lib\libm.a(lib_a-w_pow.o) (__ieee754_pow)
f:/windowsstuff/12.0/nios2eds/bin/gnu/h-i686-mingw32/bin/../lib/gcc/nios2-elf/4.1.2/../../../../nios2-elf/lib\libm.a(lib_a-e_sqrt.o)
                              f:/windowsstuff/12.0/nios2eds/bin/gnu/h-i686-mingw32/bin/../lib/gcc/nios2-elf/4.1.2/../../../../nios2-elf/lib\libm.a(lib_a-e_pow.o) (__ieee754_sqrt)
f:/windowsstuff/12.0/nios2eds/bin/gnu/h-i686-mingw32/bin/../lib/gcc/nios2-elf/4.1.2/../../../../nios2-elf/lib\libm.a(lib_a-s_fabs.o)
                              f:/windowsstuff/12.0/nios2eds/bin/gnu/h-i686-mingw32/bin/../lib/gcc/nios2-elf/4.1.2/../../../../nios2-elf/lib\libm.a(lib_a-e_pow.o) (fabs)
f:/windowsstuff/12.0/nios2eds/bin/gnu/h-i686-mingw32/bin/../lib/gcc/nios2-elf/4.1.2/../../../../nios2-elf/lib\libm.a(lib_a-s_finite.o)
                              f:/windowsstuff/12.0/nios2eds/bin/gnu/h-i686-mingw32/bin/../lib/gcc/nios2-elf/4.1.2/../../../../nios2-elf/lib\libm.a(lib_a-w_pow.o) (finite)
f:/windowsstuff/12.0/nios2eds/bin/gnu/h-i686-mingw32/bin/../lib/gcc/nios2-elf/4.1.2/../../../../nios2-elf/lib\libm.a(lib_a-s_isnand.o)
                              f:/windowsstuff/12.0/nios2eds/bin/gnu/h-i686-mingw32/bin/../lib/gcc/nios2-elf/4.1.2/../../../../nios2-elf/lib\libm.a(lib_a-w_pow.o) (__isnand)
f:/windowsstuff/12.0/nios2eds/bin/gnu/h-i686-mingw32/bin/../lib/gcc/nios2-elf/4.1.2/../../../../nios2-elf/lib\libm.a(lib_a-s_lib_ver.o)
                              f:/windowsstuff/12.0/nios2eds/bin/gnu/h-i686-mingw32/bin/../lib/gcc/nios2-elf/4.1.2/../../../../nios2-elf/lib\libm.a(lib_a-w_pow.o) (__fdlib_version)
f:/windowsstuff/12.0/nios2eds/bin/gnu/h-i686-mingw32/bin/../lib/gcc/nios2-elf/4.1.2/../../../../nios2-elf/lib\libm.a(lib_a-s_matherr.o)
                              f:/windowsstuff/12.0/nios2eds/bin/gnu/h-i686-mingw32/bin/../lib/gcc/nios2-elf/4.1.2/../../../../nios2-elf/lib\libm.a(lib_a-w_pow.o) (matherr)
f:/windowsstuff/12.0/nios2eds/bin/gnu/h-i686-mingw32/bin/../lib/gcc/nios2-elf/4.1.2/../../../../nios2-elf/lib\libm.a(lib_a-s_nan.o)
                              f:/windowsstuff/12.0/nios2eds/bin/gnu/h-i686-mingw32/bin/../lib/gcc/nios2-elf/4.1.2/../../../../nios2-elf/lib\libm.a(lib_a-e_pow.o) (nan)
f:/windowsstuff/12.0/nios2eds/bin/gnu/h-i686-mingw32/bin/../lib/gcc/nios2-elf/4.1.2/../../../../nios2-elf/lib\libm.a(lib_a-s_rint.o)
                              f:/windowsstuff/12.0/nios2eds/bin/gnu/h-i686-mingw32/bin/../lib/gcc/nios2-elf/4.1.2/../../../../nios2-elf/lib\libm.a(lib_a-w_pow.o) (rint)
f:/windowsstuff/12.0/nios2eds/bin/gnu/h-i686-mingw32/bin/../lib/gcc/nios2-elf/4.1.2/../../../../nios2-elf/lib\libm.a(lib_a-s_scalbn.o)
                              f:/windowsstuff/12.0/nios2eds/bin/gnu/h-i686-mingw32/bin/../lib/gcc/nios2-elf/4.1.2/../../../../nios2-elf/lib\libm.a(lib_a-e_pow.o) (scalbn)
f:/windowsstuff/12.0/nios2eds/bin/gnu/h-i686-mingw32/bin/../lib/gcc/nios2-elf/4.1.2/../../../../nios2-elf/lib\libm.a(lib_a-s_copysign.o)
                              f:/windowsstuff/12.0/nios2eds/bin/gnu/h-i686-mingw32/bin/../lib/gcc/nios2-elf/4.1.2/../../../../nios2-elf/lib\libm.a(lib_a-s_scalbn.o) (copysign)
f:/windowsstuff/12.0/nios2eds/bin/gnu/h-i686-mingw32/bin/../lib/gcc/nios2-elf/4.1.2\libgcc.a(_div_sf.o)
                              obj/default/timer.o (__divsf3)
f:/windowsstuff/12.0/nios2eds/bin/gnu/h-i686-mingw32/bin/../lib/gcc/nios2-elf/4.1.2\libgcc.a(_si_to_sf.o)
                              obj/default/timer.o (__floatsisf)
f:/windowsstuff/12.0/nios2eds/bin/gnu/h-i686-mingw32/bin/../lib/gcc/nios2-elf/4.1.2\libgcc.a(_sf_to_df.o)
                              obj/default/timer.o (__extendsfdf2)
f:/windowsstuff/12.0/nios2eds/bin/gnu/h-i686-mingw32/bin/../lib/gcc/nios2-elf/4.1.2\libgcc.a(_thenan_sf.o)
                              f:/windowsstuff/12.0/nios2eds/bin/gnu/h-i686-mingw32/bin/../lib/gcc/nios2-elf/4.1.2\libgcc.a(_div_sf.o) (__thenan_sf)
f:/windowsstuff/12.0/nios2eds/bin/gnu/h-i686-mingw32/bin/../lib/gcc/nios2-elf/4.1.2\libgcc.a(_addsub_df.o)
                              obj/default/input.o (__subdf3)
f:/windowsstuff/12.0/nios2eds/bin/gnu/h-i686-mingw32/bin/../lib/gcc/nios2-elf/4.1.2\libgcc.a(_mul_df.o)
                              obj/default/score.o (__muldf3)
f:/windowsstuff/12.0/nios2eds/bin/gnu/h-i686-mingw32/bin/../lib/gcc/nios2-elf/4.1.2\libgcc.a(_div_df.o)
                              obj/default/score.o (__divdf3)
f:/windowsstuff/12.0/nios2eds/bin/gnu/h-i686-mingw32/bin/../lib/gcc/nios2-elf/4.1.2\libgcc.a(_eq_df.o)
[...]
Memory Configuration

Name             Origin             Length             Attributes
reset            0x00800000         0x00000020
sdram_0          0x00800020         0x007fffe0
*default*        0x00000000         0xffffffff

Linker script and memory map

LOAD C:/Users/jorde_000/Documents/GitHub/LSN//obj/HAL/src/crt0.o
LOAD obj/default/audio.o
LOAD obj/default/bmp.o
LOAD obj/default/bullet.o
LOAD obj/default/collision.o
LOAD obj/default/displacement.o
LOAD obj/default/gameEnd.o
LOAD obj/default/input.o
LOAD obj/default/main.o
LOAD obj/default/player.o
LOAD obj/default/score.o
LOAD obj/default/sd_card.o
LOAD obj/default/shark.o
LOAD obj/default/splash.o
LOAD obj/default/timer.o
LOAD obj/default/vga.o
LOAD f:/windowsstuff/12.0/nios2eds/bin/gnu/h-i686-mingw32/bin/../lib/gcc/nios2-elf/4.1.2/../../../../nios2-elf/lib\libstdc++.a
LOAD f:/windowsstuff/12.0/nios2eds/bin/gnu/h-i686-mingw32/bin/../lib/gcc/nios2-elf/4.1.2/../../../../nios2-elf/lib\libm.a
LOAD f:/windowsstuff/12.0/nios2eds/bin/gnu/h-i686-mingw32/bin/../lib/gcc/nios2-elf/4.1.2\libgcc.a
START GROUP
LOAD f:/windowsstuff/12.0/nios2eds/bin/gnu/h-i686-mingw32/bin/../lib/gcc/nios2-elf/4.1.2/../../../../nios2-elf/lib\libc.a
LOAD f:/windowsstuff/12.0/nios2eds/bin/gnu/h-i686-mingw32/bin/../lib/gcc/nios2-elf/4.1.2\libgcc.a
LOAD C:/Users/jorde_000/Documents/GitHub/LSN/\libhal_bsp.a
END GROUP
LOAD f:/windowsstuff/12.0/nios2eds/bin/gnu/h-i686-mingw32/bin/../lib/gcc/nios2-elf/4.1.2\libgcc.a
                0x00800000                __alt_mem_sdram_0 = 0x800000

.entry          0x00800000       0x20
 *(.entry)
 .entry         0x00800000       0x20 C:/Users/jorde_000/Documents/GitHub/LSN//obj/HAL/src/crt0.o
                0x00800000                __reset

.exceptions     0x00800020      0x198
                0x00800020                PROVIDE (__ram_exceptions_start, ABSOLUTE (.))
                0x00800020                . = ALIGN (0x20)
 *(.irq)
 *(.exceptions.entry.label)
 .exceptions.entry.label
                0x00800020        0x0 C:/Users/jorde_000/Documents/GitHub/LSN/\libhal_bsp.a(alt_irq_entry.o)
                0x00800020                alt_irq_entry
 .exceptions.entry.label
                0x00800020        0x0 C:/Users/jorde_000/Documents/GitHub/LSN/\libhal_bsp.a(alt_exception_entry.o)
                0x00800020                alt_exception
 *(.exceptions.entry.user)
 *(.exceptions.entry)
 .exceptions.entry
                0x00800020       0x54 C:/Users/jorde_000/Documents/GitHub/LSN/\libhal_bsp.a(alt_exception_entry.o)
 *(.exceptions.irqtest.user)
 *(.exceptions.irqtest)
 .exceptions.irqtest
                0x00800074       0x10 C:/Users/jorde_000/Documents/GitHub/LSN/\libhal_bsp.a(alt_irq_entry.o)
 *(.exceptions.irqhandler.user)
 *(.exceptions.irqhandler)
 .exceptions.irqhandler
                0x00800084        0x4 C:/Users/jorde_000/Documents/GitHub/LSN/\libhal_bsp.a(alt_irq_entry.o)
 *(.exceptions.irqreturn.user)
 *(.exceptions.irqreturn)
 .exceptions.irqreturn
                0x00800088        0x4 C:/Users/jorde_000/Documents/GitHub/LSN/\libhal_bsp.a(alt_irq_entry.o)
 *(.exceptions.notirq.label)
 .exceptions.notirq.label
                0x0080008c        0x0 C:/Users/jorde_000/Documents/GitHub/LSN/\libhal_bsp.a(alt_irq_entry.o)
 *(.exceptions.notirq.user)
 *(.exceptions.notirq)
 .exceptions.notirq
                0x0080008c        0x8 C:/Users/jorde_000/Documents/GitHub/LSN/\libhal_bsp.a(alt_exception_entry.o)
 *(.exceptions.soft.user)
 *(.exceptions.soft)
 *(.exceptions.unknown.user)
 *(.exceptions.unknown)
 .exceptions.unknown
                0x00800094        0x4 C:/Users/jorde_000/Documents/GitHub/LSN/\libhal_bsp.a(alt_exception_entry.o)
 *(.exceptions.exit.label)
 .exceptions.exit.label
                0x00800098        0x0 C:/Users/jorde_000/Documents/GitHub/LSN/\libhal_bsp.a(alt_irq_entry.o)
 .exceptions.exit.label
                0x00800098        0x0 C:/Users/jorde_000/Documents/GitHub/LSN/\libhal_bsp.a(alt_exception_entry.o)
 *(.exceptions.exit.user)
 *(.exceptions.exit)
 .exceptions.exit
                0x00800098       0x54 C:/Users/jorde_000/Documents/GitHub/LSN/\libhal_bsp.a(alt_exception_entry.o)
 *(.exceptions)
 .exceptions    0x008000ec       0xcc C:/Users/jorde_000/Documents/GitHub/LSN/\libhal_bsp.a(alt_irq_handler.o)
                0x008000ec                alt_irq_handler
                0x008001b8                PROVIDE (__ram_exceptions_end, ABSOLUTE (.))
                0x00800020                PROVIDE (__flash_exceptions_start, LOADADDR (.exceptions))

.text           0x008001b8    0x1bc54
                0x008001b8                PROVIDE (stext, ABSOLUTE (.))
 *(.interp)
 *(.hash)
 *(.dynsym)
 *(.dynstr)
 *(.gnu.version)
 *(.gnu.version_d)
 *(.gnu.version_r)
 *(.rel.init)
 *(.rela.init)
 *(.rel.text .rel.text.* .rel.gnu.linkonce.t.*)
 *(.rela.text .rela.text.* .rela.gnu.linkonce.t.*)
 *(.rel.fini)
 *(.rela.fini)
 *(.rel.rodata .rel.rodata.* .rel.gnu.linkonce.r.*)
 *(.rela.rodata .rela.rodata.* .rela.gnu.linkonce.r.*)
 *(.rel.data .rel.data.* .rel.gnu.linkonce.d.*)
 *(.rela.data .rela.data.* .rela.gnu.linkonce.d.*)
 *(.rel.tdata .rel.tdata.* .rel.gnu.linkonce.td.*)
 *(.rela.tdata .rela.tdata.* .rela.gnu.linkonce.td.*)
 *(.rel.tbss .rel.tbss.* .rel.gnu.linkonce.tb.*)
 *(.rela.tbss .rela.tbss.* .rela.gnu.linkonce.tb.*)
 *(.rel.ctors)
 *(.rela.ctors)
 *(.rel.dtors)
 *(.rela.dtors)
 *(.rel.got)
 *(.rela.got)
 *(.rel.sdata .rel.sdata.* .rel.gnu.linkonce.s.*)
 *(.rela.sdata .rela.sdata.* .rela.gnu.linkonce.s.*)
 *(.rel.sbss .rel.sbss.* .rel.gnu.linkonce.sb.*)
 *(.rela.sbss .rela.sbss.* .rela.gnu.linkonce.sb.*)
 *(.rel.sdata2 .rel.sdata2.* .rel.gnu.linkonce.s2.*)
 *(.rela.sdata2 .rela.sdata2.* .rela.gnu.linkonce.s2.*)
 *(.rel.sbss2 .rel.sbss2.* .rel.gnu.linkonce.sb2.*)
 *(.rela.sbss2 .rela.sbss2.* .rela.gnu.linkonce.sb2.*)
 *(.rel.bss .rel.bss.* .rel.gnu.linkonce.b.*)
 *(.rela.bss .rela.bss.* .rela.gnu.linkonce.b.*)
 *(.rel.plt)
 *(.rela.plt)
 *(.rel.dyn)
 *(.init)
 *(.plt)
 *(.text .stub .text.* .gnu.linkonce.t.*)
 .text          0x008001b8       0x4c C:/Users/jorde_000/Documents/GitHub/LSN//obj/HAL/src/crt0.o
                0x008001b8                _start
 .text          0x00800204      0xf00 obj/default/audio.o
                0x00800204                setupAudio
                0x008003a0                setupAudioInterrupt
                0x008003f8                loadLaser
                0x008004c4                loadPlayerDeath
                0x00800590                loadSharkDeath
                0x0080065c                loadTheme
                0x0080072c                playAudioMono
                0x008007bc                playAudio
                0x00800858                audioTest
                0x008009f8                readWavFile
                0x00800b2c                playLaser
                0x00800b88                playPlayerDeath
                0x00800bcc                playSharkDeath
                0x00800c10                playTheme
                0x00800c54                stopTheme
                0x00800de4                updateAudioWithVolume
                0x00800f1c                changeBufferVolume
 .text          0x00801104      0x714 obj/default/bmp.o
                0x00801104                parseBmp
                0x00801548                parseBmps
                0x008015c0                freeBmps
                0x0080160c                freeSplash
                0x00801644                drawBmp
                0x008017b8                eraseBmp
 .text          0x00801818      0x7e8 obj/default/bullet.o
                0x00801818                initBullets
                0x008018b0                createBullet
                0x008019f0                moveAllBullets
                0x00801b70                drawAllBullets
                0x00801bf4                eraseAllBullets
                0x00801c78                drawBullet
                0x00801d20                eraseBullet
                0x00801e0c                moveBulletRight
                0x00801eac                deleteBullet
                0x00801f60                moveBulletLeft
 .text          0x00802000      0x708 obj/default/collision.o
                0x00802000                initCollision
                0x008022a4                findSharkIfHit
                0x00802344                isBulletCollidingWithShark
                0x00802480                isBulletCollidingWithPlayer
                0x008025bc                doSharkBulletCollision
                0x00802664                doPlayerBulletCollision
 .text          0x00802708      0x6f0 obj/default/displacement.o
                0x00802708                setupDisplacement
                0x00802794                setupHorizontalDisplacementFunction
                0x00802898                setupCircularDisplacementFunction
                0x00802988                setupArcDisplacementFunction
                0x00802a44                setupNoDisplcaementFunction
                0x00802ad4                makeRight
                0x00802b14                makeLeft
                0x00802b54                makeUp
                0x00802b94                makeDown
                0x00802bd4                makeDownRight
                0x00802c14                makeDownLeft
                0x00802c54                makeUpRight
                0x00802c94                makeUpLeft
                0x00802cd4                setToRandomDisplacement
 .text          0x00802df8       0x64 obj/default/gameEnd.o
                0x00802df8                gameEndSequence
 .text          0x00802e5c      0x4cc obj/default/input.o
                0x00802e5c                handleKeyInput
                0x008030e4                handleSwitchInput
                0x008031b8                handleAtariInput
                0x00803228                delayUntilUPAndButtonPressed
                0x008032a0                gameStart
 .text          0x00803328      0x1dc obj/default/main.o
                0x00803328                init
                0x008033b8                main
 .text          0x00803504      0x2e8 obj/default/player.o
                0x00803504                initPlayer
                0x00803560                drawPlayer
                0x008035a4                erasePlayer
                0x008035e8                moveUpPlayer
                0x00803674                moveDownPlayer
                0x00803700                keepPlayerStationary
                0x0080375c                hitPlayer
                0x008037c4                killPlayer
 .text          0x008037ec     0x1204 obj/default/score.o
                0x008037ec                initScoreBoard
                0x00803850                defaultHighScoreBoard
                0x008038f8                readHighScoreBoardFromSD
                0x00803c4c                updateHighScoreBoard
                0x008040e4                obtainUserInitials
                0x00804458                updateCurrentPlayerScore
                0x00804490                setCurrentPlayerScore
                0x008044bc                getCurrentPlayerScore
                0x008044e0                setCurrentPlayerLives
                0x0080450c                getCurrentPlayerLives
                0x00804530                drawScore
                0x00804768                clearScore
                0x00804794                drawInGameInfo
 .text          0x008049f0      0x374 obj/default/sd_card.o
                0x008049f0                openSdCard
                0x00804a50                openFile
                0x00804a90                closeFile
                0x00804ac0                readByte
                0x00804af4                readWord
                0x00804b88                readDWord
                0x00804c5c                getWavFileLength
                0x00804d14                readPastWavHeader
 .text          0x00804d64      0x724 obj/default/shark.o
                0x00804d64                initSharks
                0x00804de8                getFreeShark
                0x00804e7c                drawShark
                0x00804ed8                eraseShark
                0x00804f34                moveShark
                0x00805044                moveAllSharks
                0x00805094                drawAllSharks
                0x008050e4                eraseAllSharks
                0x00805134                createShark
                0x008052a4                killShark
                0x0080536c                cleanupDeadSharks
 .text          0x00805488       0x78 obj/default/splash.o
                0x00805488                drawSplashScreen
                0x008054d8                clearSplashScreen
 .text          0x00805500      0x360 obj/default/timer.o
                0x00805500                timer_test
                0x00805790                setHardwareTimerPeriod
                0x008057d8                isHardwareTimerRunning
                0x0080580c                hasHardwareTimerExpired
                0x00805834                startHardwareTimer
 .text          0x00805860      0x3e0 obj/default/vga.o
                0x00805860                initVga
                0x008058f4                clearScreen
                0x00805938                swapBuffers
                0x00805974                drawPixel
                0x008059b8                drawPixelFast
                0x00805a3c                drawLine
                0x00805b04                printLine
                0x00805b48                drawBox
                0x00805ba8                convert24BitRgbTo16
 .text          0x00805c40      0x488 f:/windowsstuff/12.0/nios2eds/bin/gnu/h-i686-mingw32/bin/../lib/gcc/nios2-elf/4.1.2/../../../../nios2-elf/lib\libm.a(lib_a-w_pow.o)
                0x00805c40                pow
 .text          0x008060c8     0x1300 f:/windowsstuff/12.0/nios2eds/bin/gnu/h-i686-mingw32/bin/../lib/gcc/nios2-elf/4.1.2/../../../../nios2-elf/lib\libm.a(lib_a-e_pow.o)
                0x008060c8                __ieee754_pow
 .text          0x008073c8      0x2c8 f:/windowsstuff/12.0/nios2eds/bin/gnu/h-i686-mingw32/bin/../lib/gcc/nios2-elf/4.1.2/../../../../nios2-elf/lib\libm.a(lib_a-e_sqrt.o)
                0x008073c8                __ieee754_sqrt
 .text          0x00807690       0x18 f:/windowsstuff/12.0/nios2eds/bin/gnu/h-i686-mingw32/bin/../lib/gcc/nios2-elf/4.1.2/../../../../nios2-elf/lib\libm.a(lib_a-s_fabs.o)
                0x00807690                fabs
 .text          0x008076a8       0x1c f:/windowsstuff/12.0/nios2eds/bin/gnu/h-i686-mingw32/bin/../lib/gcc/nios2-elf/4.1.2/../../../../nios2-elf/lib\libm.a(lib_a-s_finite.o)
                0x008076a8                finite
 .text          0x008076c4       0x30 f:/windowsstuff/12.0/nios2eds/bin/gnu/h-i686-mingw32/bin/../lib/gcc/nios2-elf/4.1.2/../../../../nios2-elf/lib\libm.a(lib_a-s_isnand.o)
                0x008076c4                __isnand
 .text          0x008076f4        0x0 f:/windowsstuff/12.0/nios2eds/bin/gnu/h-i686-mingw32/bin/../lib/gcc/nios2-elf/4.1.2/../../../../nios2-elf/lib\libm.a(lib_a-s_lib_ver.o)
 .text          0x008076f4        0x8 f:/windowsstuff/12.0/nios2eds/bin/gnu/h-i686-mingw32/bin/../lib/gcc/nios2-elf/4.1.2/../../../../nios2-elf/lib\libm.a(lib_a-s_matherr.o)
                0x008076f4                matherr
 .text          0x008076fc       0x10 f:/windowsstuff/12.0/nios2eds/bin/gnu/h-i686-mingw32/bin/../lib/gcc/nios2-elf/4.1.2/../../../../nios2-elf/lib\libm.a(lib_a-s_nan.o)
                0x008076fc                nan
 .text          0x0080770c      0x210 f:/windowsstuff/12.0/nios2eds/bin/gnu/h-i686-mingw32/bin/../lib/gcc/nios2-elf/4.1.2/../../../../nios2-elf/lib\libm.a(lib_a-s_rint.o)
                0x0080770c                rint
 .text          0x0080791c      0x1e0 f:/windowsstuff/12.0/nios2eds/bin/gnu/h-i686-mingw32/bin/../lib/gcc/nios2-elf/4.1.2/../../../../nios2-elf/lib\libm.a(lib_a-s_scalbn.o)
                0x0080791c                scalbn
 .text          0x00807afc       0x24 f:/windowsstuff/12.0/nios2eds/bin/gnu/h-i686-mingw32/bin/../lib/gcc/nios2-elf/4.1.2/../../../../nios2-elf/lib\libm.a(lib_a-s_copysign.o)
                0x00807afc                copysign
 .text          0x00807b20      0x174 f:/windowsstuff/12.0/nios2eds/bin/gnu/h-i686-mingw32/bin/../lib/gcc/nios2-elf/4.1.2\libgcc.a(_div_sf.o)
                0x00807b20                __divsf3
 .text          0x00807c94       0x98 f:/windowsstuff/12.0/nios2eds/bin/gnu/h-i686-mingw32/bin/../lib/gcc/nios2-elf/4.1.2\libgcc.a(_si_to_sf.o)
                0x00807c94                __floatsisf
 .text          0x00807d2c       0x54 f:/windowsstuff/12.0/nios2eds/bin/gnu/h-i686-mingw32/bin/../lib/gcc/nios2-elf/4.1.2\libgcc.a(_sf_to_df.o)
                0x00807d2c                __extendsfdf2
 .text          0x00807d80        0x0 f:/windowsstuff/12.0/nios2eds/bin/gnu/h-i686-mingw32/bin/../lib/gcc/nios2-elf/4.1.2\libgcc.a(_thenan_sf.o)
 .text          0x00807d80      0x504 f:/windowsstuff/12.0/nios2eds/bin/gnu/h-i686-mingw32/bin/../lib/gcc/nios2-elf/4.1.2\libgcc.a(_addsub_df.o)
                0x00808190                __subdf3
                0x00808210                __adddf3
 .text          0x00808284      0x3c4 f:/windowsstuff/12.0/nios2eds/bin/gnu/h-i686-mingw32/bin/../lib/gcc/nios2-elf/4.1.2\libgcc.a(_mul_df.o)
                0x00808284                __muldf3
 .text          0x00808648      0x258 f:/windowsstuff/12.0/nios2eds/bin/gnu/h-i686-mingw32/bin/../lib/gcc/nios2-elf/4.1.2\libgcc.a(_div_df.o)
                0x00808648                __divdf3
 .text          0x008088a0       0x88 f:/windowsstuff/12.0/nios2eds/bin/gnu/h-i686-mingw32/bin/../lib/gcc/nios2-elf/4.1.2\libgcc.a(_eq_df.o)
                0x008088a0                __eqdf2
 .text          0x00808928       0x88 f:/windowsstuff/12.0/nios2eds/bin/gnu/h-i686-mingw32/bin/../lib/gcc/nios2-elf/4.1.2\libgcc.a(_ne_df.o)
                0x00808928                __nedf2
 .text          0x008089b0       0x88 f:/windowsstuff/12.0/nios2eds/bin/gnu/h-i686-mingw32/bin/../lib/gcc/nios2-elf/4.1.2\libgcc.a(_gt_df.o)
                0x008089b0                __gtdf2
 .text          0x00808a38       0x88 f:/windowsstuff/12.0/nios2eds/bin/gnu/h-i686-mingw32/bin/../lib/gcc/nios2-elf/4.1.2\libgcc.a(_lt_df.o)
                0x00808a38                __ltdf2
 .text          0x00808ac0       0x88 f:/windowsstuff/12.0/nios2eds/bin/gnu/h-i686-mingw32/bin/../lib/gcc/nios2-elf/4.1.2\libgcc.a(_le_df.o)
                0x00808ac0                __ledf2
 .text          0x00808b48       0xf8 f:/windowsstuff/12.0/nios2eds/bin/gnu/h-i686-mingw32/bin/../lib/gcc/nios2-elf/4.1.2\libgcc.a(_si_to_df.o)
                0x00808b48                __floatsidf
 .text          0x00808c40       0xd8 f:/windowsstuff/12.0/nios2eds/bin/gnu/h-i686-mingw32/bin/../lib/gcc/nios2-elf/4.1.2\libgcc.a(_df_to_si.o)
                0x00808c40                __fixdfsi
 .text          0x00808d18       0x38 f:/windowsstuff/12.0/nios2eds/bin/gnu/h-i686-mingw32/bin/../lib/gcc/nios2-elf/4.1.2\libgcc.a(_make_df.o)
                0x00808d18                __make_dp
 .text          0x00808d50        0x0 f:/windowsstuff/12.0/nios2eds/bin/gnu/h-i686-mingw32/bin/../lib/gcc/nios2-elf/4.1.2\libgcc.a(_thenan_df.o)
 .text          0x00808d50      0x14c f:/windowsstuff/12.0/nios2eds/bin/gnu/h-i686-mingw32/bin/../lib/gcc/nios2-elf/4.1.2\libgcc.a(lib2-divmod.o)
                0x00808dcc                __divsi3
                0x00808e2c                __modsi3
                0x00808e8c                __udivsi3
                0x00808e94                __umodsi3
 .text          0x00808e9c       0x98 f:/windowsstuff/12.0/nios2eds/bin/gnu/h-i686-mingw32/bin/../lib/gcc/nios2-elf/4.1.2\libgcc.a(_muldi3.o)
                0x00808e9c                __muldi3
 .text          0x00808f34       0x80 f:/windowsstuff/12.0/nios2eds/bin/gnu/h-i686-mingw32/bin/../lib/gcc/nios2-elf/4.1.2\libgcc.a(_clzsi2.o)
                0x00808f34                __clzsi2
 .text          0x00808fb4      0x160 f:/windowsstuff/12.0/nios2eds/bin/gnu/h-i686-mingw32/bin/../lib/gcc/nios2-elf/4.1.2\libgcc.a(_pack_sf.o)
                0x00808fb4                __pack_f
 .text          0x00809114       0xc8 f:/windowsstuff/12.0/nios2eds/bin/gnu/h-i686-mingw32/bin/../lib/gcc/nios2-elf/4.1.2\libgcc.a(_unpack_sf.o)
                0x00809114                __unpack_f
 .text          0x008091dc      0x314 f:/windowsstuff/12.0/nios2eds/bin/gnu/h-i686-mingw32/bin/../lib/gcc/nios2-elf/4.1.2\libgcc.a(_pack_df.o)
                0x008091dc                __pack_d
 .text          0x008094f0      0x138 f:/windowsstuff/12.0/nios2eds/bin/gnu/h-i686-mingw32/bin/../lib/gcc/nios2-elf/4.1.2\libgcc.a(_unpack_df.o)
                0x008094f0                __unpack_d
 .text          0x00809628       0xc8 f:/windowsstuff/12.0/nios2eds/bin/gnu/h-i686-mingw32/bin/../lib/gcc/nios2-elf/4.1.2\libgcc.a(_fpcmp_parts_df.o)
                0x00809628                __fpcmp_parts_d
 .text          0x008096f0        0x0 f:/windowsstuff/12.0/nios2eds/bin/gnu/h-i686-mingw32/bin/../lib/gcc/nios2-elf/4.1.2\libgcc.a(_clz.o)
 .text          0x008096f0       0x10 f:/windowsstuff/12.0/nios2eds/bin/gnu/h-i686-mingw32/bin/../lib/gcc/nios2-elf/4.1.2/../../../../nios2-elf/lib\libc.a(lib_a-errno.o)
                0x008096f0                __errno
 .text          0x00809700        0x0 f:/windowsstuff/12.0/nios2eds/bin/gnu/h-i686-mingw32/bin/../lib/gcc/nios2-elf/4.1.2/../../../../nios2-elf/lib\libc.a(lib_a-impure.o)
 .text          0x00809700       0x28 f:/windowsstuff/12.0/nios2eds/bin/gnu/h-i686-mingw32/bin/../lib/gcc/nios2-elf/4.1.2/../../../../nios2-elf/lib\libc.a(lib_a-malloc.o)
                0x00809700                free
                0x00809714                malloc
 .text          0x00809728      0x740 f:/windowsstuff/12.0/nios2eds/bin/gnu/h-i686-mingw32/bin/../lib/gcc/nios2-elf/4.1.2/../../../../nios2-elf/lib\libc.a(lib_a-mallocr.o)
                0x00809728                _malloc_r
 .text          0x00809e68       0x78 f:/windowsstuff/12.0/nios2eds/bin/gnu/h-i686-mingw32/bin/../lib/gcc/nios2-elf/4.1.2/../../../../nios2-elf/lib\libc.a(lib_a-printf.o)
                0x00809e68                printf
                0x00809eac                _printf_r
 .text          0x00809ee0       0xb4 f:/windowsstuff/12.0/nios2eds/bin/gnu/h-i686-mingw32/bin/../lib/gcc/nios2-elf/4.1.2/../../../../nios2-elf/lib\libc.a(lib_a-puts.o)
                0x00809ee0                _puts_r
                0x00809f80                puts
 .text          0x00809f94       0x94 f:/windowsstuff/12.0/nios2eds/bin/gnu/h-i686-mingw32/bin/../lib/gcc/nios2-elf/4.1.2/../../../../nios2-elf/lib\libc.a(lib_a-rand.o)
                0x00809f94                srand
                0x00809fb0                rand
 .text          0x0080a028       0x70 f:/windowsstuff/12.0/nios2eds/bin/gnu/h-i686-mingw32/bin/../lib/gcc/nios2-elf/4.1.2/../../../../nios2-elf/lib\libc.a(lib_a-sbrkr.o)
                0x0080a028                _sbrk_r
 .text          0x0080a098       0x74 f:/windowsstuff/12.0/nios2eds/bin/gnu/h-i686-mingw32/bin/../lib/gcc/nios2-elf/4.1.2/../../../../nios2-elf/lib\libc.a(lib_a-strlen.o)
                0x0080a098                strlen
 .text          0x0080a10c       0x5c f:/windowsstuff/12.0/nios2eds/bin/gnu/h-i686-mingw32/bin/../lib/gcc/nios2-elf/4.1.2/../../../../nios2-elf/lib\libc.a(lib_a-time.o)
                0x0080a10c                time
 .text          0x0080a168     0x1f28 f:/windowsstuff/12.0/nios2eds/bin/gnu/h-i686-mingw32/bin/../lib/gcc/nios2-elf/4.1.2/../../../../nios2-elf/lib\libc.a(lib_a-vfprintf.o)
                0x0080a1c0                ___vfprintf_internal_r
                0x0080c06c                __vfprintf_internal
 .text          0x0080c090      0x13c f:/windowsstuff/12.0/nios2eds/bin/gnu/h-i686-mingw32/bin/../lib/gcc/nios2-elf/4.1.2/../../../../nios2-elf/lib\libc.a(lib_a-wsetup.o)
                0x0080c090                __swsetup_r
 .text          0x0080c1cc     0x17cc f:/windowsstuff/12.0/nios2eds/bin/gnu/h-i686-mingw32/bin/../lib/gcc/nios2-elf/4.1.2/../../../../nios2-elf/lib\libc.a(lib_a-dtoa.o)
                0x0080c3e4                _dtoa_r
 .text          0x0080d998      0x230 f:/windowsstuff/12.0/nios2eds/bin/gnu/h-i686-mingw32/bin/../lib/gcc/nios2-elf/4.1.2/../../../../nios2-elf/lib\libc.a(lib_a-fflush.o)
                0x0080d998                _fflush_r
                0x0080db94                fflush
 .text          0x0080dbc8      0x2c0 f:/windowsstuff/12.0/nios2eds/bin/gnu/h-i686-mingw32/bin/../lib/gcc/nios2-elf/4.1.2/../../../../nios2-elf/lib\libc.a(lib_a-findfp.o)
                0x0080dc20                __sfp_lock_acquire
                0x0080dc24                __sfp_lock_release
                0x0080dc28                __sinit_lock_acquire
                0x0080dc2c                __sinit_lock_release
                0x0080dc30                __sinit
                0x0080dce4                __fp_unlock_all
                0x0080dcfc                __fp_lock_all
                0x0080dd14                _cleanup_r
                0x0080dd20                _cleanup
                0x0080dd30                __sfmoreglue
                0x0080dd98                __sfp
 .text          0x0080de88      0x440 f:/windowsstuff/12.0/nios2eds/bin/gnu/h-i686-mingw32/bin/../lib/gcc/nios2-elf/4.1.2/../../../../nios2-elf/lib\libc.a(lib_a-freer.o)
                0x0080de88                _malloc_trim_r
                0x0080dfb4                _free_r
 .text          0x0080e2c8      0x49c f:/windowsstuff/12.0/nios2eds/bin/gnu/h-i686-mingw32/bin/../lib/gcc/nios2-elf/4.1.2/../../../../nios2-elf/lib\libc.a(lib_a-fvwrite.o)
                0x0080e2c8                __sfvwrite_r
 .text          0x0080e764      0x180 f:/windowsstuff/12.0/nios2eds/bin/gnu/h-i686-mingw32/bin/../lib/gcc/nios2-elf/4.1.2/../../../../nios2-elf/lib\libc.a(lib_a-fwalk.o)
                0x0080e764                _fwalk_reent
                0x0080e82c                _fwalk
 .text          0x0080e8e4       0x74 f:/windowsstuff/12.0/nios2eds/bin/gnu/h-i686-mingw32/bin/../lib/gcc/nios2-elf/4.1.2/../../../../nios2-elf/lib\libc.a(lib_a-gettimeofdayr.o)
                0x0080e8e4                _gettimeofday_r
 .text          0x0080e958        0x0 f:/windowsstuff/12.0/nios2eds/bin/gnu/h-i686-mingw32/bin/../lib/gcc/nios2-elf/4.1.2/../../../../nios2-elf/lib\libc.a(lib_a-int_errno.o)
 .text          0x0080e958       0xc4 f:/windowsstuff/12.0/nios2eds/bin/gnu/h-i686-mingw32/bin/../lib/gcc/nios2-elf/4.1.2/../../../../nios2-elf/lib\libc.a(lib_a-locale.o)
                0x0080e958                __locale_charset
                0x0080e960                _localeconv_r
                0x0080e96c                localeconv
                0x0080e97c                _setlocale_r
                0x0080ea00                setlocale
 .text          0x0080ea1c      0x194 f:/windowsstuff/12.0/nios2eds/bin/gnu/h-i686-mingw32/bin/../lib/gcc/nios2-elf/4.1.2/../../../../nios2-elf/lib\libc.a(lib_a-makebuf.o)
                0x0080ea1c                __smakebuf_r
 .text          0x0080ebb0       0xe4 f:/windowsstuff/12.0/nios2eds/bin/gnu/h-i686-mingw32/bin/../lib/gcc/nios2-elf/4.1.2/../../../../nios2-elf/lib\libc.a(lib_a-memchr.o)
                0x0080ebb0                memchr
 .text          0x0080ec94       0xa0 f:/windowsstuff/12.0/nios2eds/bin/gnu/h-i686-mingw32/bin/../lib/gcc/nios2-elf/4.1.2/../../../../nios2-elf/lib\libc.a(lib_a-memcpy.o)
                0x0080ec94                memcpy
 .text          0x0080ed34       0xe0 f:/windowsstuff/12.0/nios2eds/bin/gnu/h-i686-mingw32/bin/../lib/gcc/nios2-elf/4.1.2/../../../../nios2-elf/lib\libc.a(lib_a-memmove.o)
                0x0080ed34                memmove
 .text          0x0080ee14       0x98 f:/windowsstuff/12.0/nios2eds/bin/gnu/h-i686-mingw32/bin/../lib/gcc/nios2-elf/4.1.2/../../../../nios2-elf/lib\libc.a(lib_a-memset.o)
                0x0080ee14                memset
 .text          0x0080eeac      0xff4 f:/windowsstuff/12.0/nios2eds/bin/gnu/h-i686-mingw32/bin/../lib/gcc/nios2-elf/4.1.2/../../../../nios2-elf/lib\libc.a(lib_a-mprec.o)
                0x0080eeac                _Bfree
                0x0080eed4                __hi0bits
                0x0080ef44                __lo0bits
                0x0080f008                __mcmp
                0x0080f068                __ulp
                0x0080f0e8                __b2d
                0x0080f208                __ratio
                0x0080f2b8                _mprec_log10
                0x0080f34c                __copybits
                0x0080f3a4                __any_on
                0x0080f42c                _Balloc
                0x0080f4e8                __d2b
                0x0080f664                __mdiff
                0x0080f7f0                __lshift
                0x0080f93c                __multiply
                0x0080fb24                __i2b
                0x0080fb60                __multadd
                0x0080fc60                __pow5mult
                0x0080fd80                __s2b
 .text          0x0080fea0      0x5f4 f:/windowsstuff/12.0/nios2eds/bin/gnu/h-i686-mingw32/bin/../lib/gcc/nios2-elf/4.1.2/../../../../nios2-elf/lib\libc.a(lib_a-reallocr.o)
                0x0080fea0                _realloc_r
 .text          0x00810494       0x40 f:/windowsstuff/12.0/nios2eds/bin/gnu/h-i686-mingw32/bin/../lib/gcc/nios2-elf/4.1.2/../../../../nios2-elf/lib\libc.a(lib_a-s_isinfd.o)
                0x00810494                __isinfd
 .text          0x008104d4      0x14c f:/windowsstuff/12.0/nios2eds/bin/gnu/h-i686-mingw32/bin/../lib/gcc/nios2-elf/4.1.2/../../../../nios2-elf/lib\libc.a(lib_a-stdio.o)
                0x008104d4                __sclose
                0x008104dc                __sseek
                0x00810544                __swrite
                0x008105c0                __sread
 .text          0x00810620       0xbc f:/windowsstuff/12.0/nios2eds/bin/gnu/h-i686-mingw32/bin/../lib/gcc/nios2-elf/4.1.2/../../../../nios2-elf/lib\libc.a(lib_a-strcmp.o)
                0x00810620                strcmp
 .text          0x008106dc       0x78 f:/windowsstuff/12.0/nios2eds/bin/gnu/h-i686-mingw32/bin/../lib/gcc/nios2-elf/4.1.2/../../../../nios2-elf/lib\libc.a(lib_a-writer.o)
                0x008106dc                _write_r
 .text          0x00810754       0xb4 f:/windowsstuff/12.0/nios2eds/bin/gnu/h-i686-mingw32/bin/../lib/gcc/nios2-elf/4.1.2/../../../../nios2-elf/lib\libc.a(lib_a-callocr.o)
                0x00810754                _calloc_r
 .text          0x00810808       0x70 f:/windowsstuff/12.0/nios2eds/bin/gnu/h-i686-mingw32/bin/../lib/gcc/nios2-elf/4.1.2/../../../../nios2-elf/lib\libc.a(lib_a-closer.o)
                0x00810808                _close_r
 .text          0x00810878      0x124 f:/windowsstuff/12.0/nios2eds/bin/gnu/h-i686-mingw32/bin/../lib/gcc/nios2-elf/4.1.2/../../../../nios2-elf/lib\libc.a(lib_a-fclose.o)
                0x00810878                _fclose_r
                0x00810988                fclose
 .text          0x0081099c       0x74 f:/windowsstuff/12.0/nios2eds/bin/gnu/h-i686-mingw32/bin/../lib/gcc/nios2-elf/4.1.2/../../../../nios2-elf/lib\libc.a(lib_a-fstatr.o)
                0x0081099c                _fstat_r
 .text          0x00810a10       0x70 f:/windowsstuff/12.0/nios2eds/bin/gnu/h-i686-mingw32/bin/../lib/gcc/nios2-elf/4.1.2/../../../../nios2-elf/lib\libc.a(lib_a-isattyr.o)
                0x00810a10                _isatty_r
 .text          0x00810a80       0x78 f:/windowsstuff/12.0/nios2eds/bin/gnu/h-i686-mingw32/bin/../lib/gcc/nios2-elf/4.1.2/../../../../nios2-elf/lib\libc.a(lib_a-lseekr.o)
                0x00810a80                _lseek_r
 .text          0x00810af8       0x78 f:/windowsstuff/12.0/nios2eds/bin/gnu/h-i686-mingw32/bin/../lib/gcc/nios2-elf/4.1.2/../../../../nios2-elf/lib\libc.a(lib_a-readr.o)
                0x00810af8                _read_r
 .text          0x00810b70      0x5dc f:/windowsstuff/12.0/nios2eds/bin/gnu/h-i686-mingw32/bin/../lib/gcc/nios2-elf/4.1.2\libgcc.a(_udivdi3.o)
                0x00810b70                __udivdi3
 .text          0x0081114c      0x5b0 f:/windowsstuff/12.0/nios2eds/bin/gnu/h-i686-mingw32/bin/../lib/gcc/nios2-elf/4.1.2\libgcc.a(_umoddi3.o)
                0x0081114c                __umoddi3
 .text          0x008116fc       0x88 f:/windowsstuff/12.0/nios2eds/bin/gnu/h-i686-mingw32/bin/../lib/gcc/nios2-elf/4.1.2\libgcc.a(_ge_df.o)
                0x008116fc                __gedf2
 .text          0x00811784      0x194 f:/windowsstuff/12.0/nios2eds/bin/gnu/h-i686-mingw32/bin/../lib/gcc/nios2-elf/4.1.2\libgcc.a(_usi_to_df.o)
                0x00811784                __floatunsidf
 .text          0x00811918      0x15c C:/Users/jorde_000/Documents/GitHub/LSN/\libhal_bsp.a(alt_close.o)
                0x00811918                close
 .text          0x00811a74       0x2c C:/Users/jorde_000/Documents/GitHub/LSN/\libhal_bsp.a(alt_dev.o)
 .text          0x00811aa0        0x0 C:/Users/jorde_000/Documents/GitHub/LSN/\libhal_bsp.a(alt_errno.o)
 .text          0x00811aa0      0x134 C:/Users/jorde_000/Documents/GitHub/LSN/\libhal_bsp.a(alt_fstat.o)
                0x00811aa0                fstat
 .text          0x00811bd4      0x21c C:/Users/jorde_000/Documents/GitHub/LSN/\libhal_bsp.a(alt_gettod.o)
                0x00811bd4                gettimeofday
 .text          0x00811df0      0x1c0 C:/Users/jorde_000/Documents/GitHub/LSN/\libhal_bsp.a(alt_irq_register.o)
                0x00811df0                alt_irq_register
 .text          0x00811fb0        0x0 C:/Users/jorde_000/Documents/GitHub/LSN/\libhal_bsp.a(alt_irq_vars.o)
 .text          0x00811fb0      0x120 C:/Users/jorde_000/Documents/GitHub/LSN/\libhal_bsp.a(alt_isatty.o)
                0x00811fb0                isatty
 .text          0x008120d0       0xec C:/Users/jorde_000/Documents/GitHub/LSN/\libhal_bsp.a(alt_load.o)
                0x008120d0                alt_load
 .text          0x008121bc      0x150 C:/Users/jorde_000/Documents/GitHub/LSN/\libhal_bsp.a(alt_lseek.o)
                0x008121bc                lseek
 .text          0x0081230c       0x6c C:/Users/jorde_000/Documents/GitHub/LSN/\libhal_bsp.a(alt_main.o)
                0x0081230c                alt_main
 .text          0x00812378       0x40 C:/Users/jorde_000/Documents/GitHub/LSN/\libhal_bsp.a(alt_malloc_lock.o)
                0x00812378                __malloc_lock
                0x00812398                __malloc_unlock
 .text          0x008123b8      0x180 C:/Users/jorde_000/Documents/GitHub/LSN/\libhal_bsp.a(alt_read.o)
                0x008123b8                read
 .text          0x00812538       0x60 C:/Users/jorde_000/Documents/GitHub/LSN/\libhal_bsp.a(alt_release_fd.o)
                0x00812538                alt_release_fd
 .text          0x00812598       0xbc C:/Users/jorde_000/Documents/GitHub/LSN/\libhal_bsp.a(alt_sbrk.o)
                0x00812598                sbrk
 .text          0x00812654      0x1a4 C:/Users/jorde_000/Documents/GitHub/LSN/\libhal_bsp.a(alt_tick.o)
                0x00812654                alt_alarm_stop
                0x008126ec                alt_tick
 .text          0x008127f8       0x30 C:/Users/jorde_000/Documents/GitHub/LSN/\libhal_bsp.a(alt_usleep.o)
                0x008127f8                usleep
 .text          0x00812828      0x180 C:/Users/jorde_000/Documents/GitHub/LSN/\libhal_bsp.a(alt_write.o)
                0x00812828                write
 .text          0x008129a8      0x3e0 C:/Users/jorde_000/Documents/GitHub/LSN/\libhal_bsp.a(alt_sys_init.o)
                0x008129a8                alt_irq_init
                0x008129dc                alt_sys_init
 .text          0x00812d88      0x148 C:/Users/jorde_000/Documents/GitHub/LSN/\libhal_bsp.a(altera_avalon_jtag_uart_fd.o)
                0x00812d88                altera_avalon_jtag_uart_read_fd
                0x00812de0                altera_avalon_jtag_uart_write_fd
                0x00812e38                altera_avalon_jtag_uart_close_fd
                0x00812e80                altera_avalon_jtag_uart_ioctl_fd
 .text          0x00812ed0      0x408 C:/Users/jorde_000/Documents/GitHub/LSN/\libhal_bsp.a(altera_avalon_jtag_uart_init.o)
                0x00812ed0                altera_avalon_jtag_uart_init
                0x00813264                altera_avalon_jtag_uart_close
 .text          0x008132d8       0xf4 C:/Users/jorde_000/Documents/GitHub/LSN/\libhal_bsp.a(altera_avalon_jtag_uart_ioctl.o)
                0x008132d8                altera_avalon_jtag_uart_ioctl
 .text          0x008133cc      0x224 C:/Users/jorde_000/Documents/GitHub/LSN/\libhal_bsp.a(altera_avalon_jtag_uart_read.o)
                0x008133cc                altera_avalon_jtag_uart_read
 .text          0x008135f0      0x240 C:/Users/jorde_000/Documents/GitHub/LSN/\libhal_bsp.a(altera_avalon_jtag_uart_write.o)
                0x008135f0                altera_avalon_jtag_uart_write
 .text          0x00813830       0xfc C:/Users/jorde_000/Documents/GitHub/LSN/\libhal_bsp.a(altera_avalon_timer_sc.o)
                0x008138a4                alt_avalon_timer_sc_init
 .text          0x0081392c      0x168 C:/Users/jorde_000/Documents/GitHub/LSN/\libhal_bsp.a(altera_avalon_timer_ts.o)
                0x0081392c                alt_timestamp_start
                0x008139d0                alt_timestamp
                0x00813a6c                alt_timestamp_freq
 .text          0x00813a94        0x0 C:/Users/jorde_000/Documents/GitHub/LSN/\libhal_bsp.a(altera_avalon_timer_vars.o)
 .text          0x00813a94      0x80c C:/Users/jorde_000/Documents/GitHub/LSN/\libhal_bsp.a(altera_up_avalon_audio.o)
                0x00813a94                alt_up_audio_open_dev
                0x00813ad4                alt_up_audio_enable_read_interrupt
                0x00813b20                alt_up_audio_disable_read_interrupt
                0x00813b70                alt_up_audio_enable_write_interrupt
                0x00813bbc                alt_up_audio_disable_write_interrupt
                0x00813c0c                alt_up_audio_read_interrupt_pending
                0x00813c48                alt_up_audio_write_interrupt_pending
                0x00813c84                alt_up_audio_reset_audio_core
                0x00813d0c                alt_up_audio_read_fifo_avail
                0x00813d7c                alt_up_audio_record_r
                0x00813dec                alt_up_audio_record_l
                0x00813e5c                alt_up_audio_write_fifo_space
                0x00813ed0                alt_up_audio_play_r
                0x00813f40                alt_up_audio_play_l
                0x00813fb0                alt_up_audio_read_fifo
                0x008140b4                alt_up_audio_write_fifo
                0x008141e0                alt_up_audio_read_fifo_head
                0x00814240                alt_up_audio_write_fifo_head
 .text          0x008142a0      0x788 C:/Users/jorde_000/Documents/GitHub/LSN/\libhal_bsp.a(altera_up_avalon_audio_and_video_config.o)
                0x008142a0                alt_up_av_config_open_dev
                0x00814304                alt_up_av_config_write_data
                0x00814368                alt_up_av_config_read_data
                0x008143f4                alt_up_av_config_reset
                0x0081442c                alt_up_av_config_enable_interrupt
                0x00814464                alt_up_av_config_disable_interrupt
                0x00814494                alt_up_av_config_read_acknowledge
                0x008144fc                alt_up_av_config_read_ready
                0x00814534                alt_up_av_config_write_audio_cfg_register
                0x008145e0                alt_up_av_config_read_video_cfg_register
                0x008146d8                alt_up_av_config_write_video_cfg_register
                0x008147d0                alt_up_av_config_read_DC2_cfg_register
                0x00814834                alt_up_av_config_write_DC2_cfg_register
                0x00814898                alt_up_av_config_read_D5M_cfg_register
                0x008148fc                alt_up_av_config_write_D5M_cfg_register
                0x00814960                alt_up_av_config_read_LTM_cfg_register
                0x008149c4                alt_up_av_config_write_LTM_cfg_register
 .text          0x00814a28      0x530 C:/Users/jorde_000/Documents/GitHub/LSN/\libhal_bsp.a(altera_up_avalon_character_lcd.o)
                0x00814a28                get_DDRAM_addr
                0x00814aa4                alt_up_character_lcd_send_cmd
                0x00814ad8                alt_up_character_lcd_init
                0x00814b0c                alt_up_character_lcd_open_dev
                0x00814b4c                alt_up_character_lcd_write
                0x00814bc4                alt_up_character_lcd_string
                0x00814c3c                alt_up_character_lcd_write_fd
                0x00814c88                alt_up_character_lcd_set_cursor_pos
                0x00814d00                alt_up_character_lcd_shift_cursor
                0x00814db0                alt_up_character_lcd_shift_display
                0x00814e60                alt_up_character_lcd_erase_pos
                0x00814ef0                alt_up_character_lcd_cursor_off
                0x00814f24                alt_up_character_lcd_cursor_blink_on
 .text          0x00814f58      0x304 C:/Users/jorde_000/Documents/GitHub/LSN/\libhal_bsp.a(altera_up_avalon_video_character_buffer_with_dma.o)
                0x00814f58                alt_up_char_buffer_init
                0x00814fdc                alt_up_char_buffer_open_dev
                0x0081501c                alt_up_char_buffer_draw
                0x008150ec                alt_up_char_buffer_string
                0x00815200                alt_up_char_buffer_clear
 .text          0x0081525c     0x156c C:/Users/jorde_000/Documents/GitHub/LSN/\libhal_bsp.a(altera_up_avalon_video_pixel_buffer_dma.o)
                0x0081525c                alt_up_pixel_buffer_dma_open_dev
                0x0081529c                alt_up_pixel_buffer_dma_draw
                0x0081543c                alt_up_pixel_buffer_dma_change_back_buffer_address
                0x00815494                alt_up_pixel_buffer_dma_swap_buffers
                0x008154ec                alt_up_pixel_buffer_dma_check_swap_buffers_status
                0x00815520                alt_up_pixel_buffer_dma_clear_screen
                0x00815684                alt_up_pixel_buffer_dma_draw_box
                0x00815b78                alt_up_pixel_buffer_dma_draw_hline
                0x00815ec8                alt_up_pixel_buffer_dma_draw_vline
                0x00816298                alt_up_pixel_buffer_dma_draw_rectangle
                0x0081635c                helper_plot_pixel
                0x0081642c                alt_up_pixel_buffer_dma_draw_line
 .text          0x008167c8     0x45c0 C:/Users/jorde_000/Documents/GitHub/LSN/\libhal_bsp.a(altera_up_sd_card_avalon_interface.o)
                0x008167c8                Write_Sector_Data
                0x00816890                Save_Modified_Sector
                0x008168e0                Read_Sector_Data
                0x008169dc                get_cluster_flag
                0x00816a94                mark_cluster
                0x00816b78                Check_for_Master_Boot_Record
                0x00816d28                Read_File_Record_At_Offset
                0x00816fac                Write_File_Record_At_Offset
                0x00817264                Check_for_DOS_FAT
                0x008178ac                Look_for_FAT16
                0x008179b0                filename_to_upper_case
                0x00817a80                check_file_name_for_FAT16_compliance
                0x00817d10                get_dir_divider_location
                0x00817dd0                match_file_record_to_name_ext
                0x008180bc                get_home_directory_cluster_for_file
                0x008185d0                find_file_in_directory
                0x00818a34                find_first_empty_cluster
                0x00818bd8                find_first_empty_record_in_a_subdirectory
                0x00818e24                find_first_empty_record_in_root_directory
                0x00818f50                convert_filename_to_name_extension
                0x00819108                create_file
                0x008193dc                copy_file_record_name_to_string
                0x00819530                alt_up_sd_card_open_dev
                0x008195f4                alt_up_sd_card_is_Present
                0x008196bc                alt_up_sd_card_is_FAT16
                0x00819730                alt_up_sd_card_find_first
                0x00819804                alt_up_sd_card_find_next
                0x00819bb4                alt_up_sd_card_fopen
                0x00819f5c                alt_up_sd_card_set_attributes
                0x00819fec                alt_up_sd_card_get_attributes
                0x0081a078                alt_up_sd_card_read
                0x0081a40c                alt_up_sd_card_write
                0x0081aa30                alt_up_sd_card_fclose
                0x0081abfc                Read_Sector_Data_CRC
                0x0081acf8                Read_Sector_Data_Attempt_CRC
 .text          0x0081ad88      0x154 C:/Users/jorde_000/Documents/GitHub/LSN/\libhal_bsp.a(alt_alarm_start.o)
                0x0081ad88                alt_alarm_start
 .text          0x0081aedc      0x14c C:/Users/jorde_000/Documents/GitHub/LSN/\libhal_bsp.a(alt_busy_sleep.o)
                0x0081aedc                alt_busy_sleep
 .text          0x0081b028       0x44 C:/Users/jorde_000/Documents/GitHub/LSN/\libhal_bsp.a(alt_dcache_flush_all.o)
                0x0081b028                alt_dcache_flush_all
 .text          0x0081b06c      0x114 C:/Users/jorde_000/Documents/GitHub/LSN/\libhal_bsp.a(alt_dev_llist_insert.o)
                0x0081b06c                alt_dev_llist_insert
 .text          0x0081b180       0x64 C:/Users/jorde_000/Documents/GitHub/LSN/\libhal_bsp.a(alt_do_ctors.o)
                0x0081b180                _do_ctors
 .text          0x0081b1e4       0x64 C:/Users/jorde_000/Documents/GitHub/LSN/\libhal_bsp.a(alt_do_dtors.o)
                0x0081b1e4                _do_dtors
 .text          0x0081b248       0x94 C:/Users/jorde_000/Documents/GitHub/LSN/\libhal_bsp.a(alt_find_dev.o)
                0x0081b248                alt_find_dev
 .text          0x0081b2dc       0x30 C:/Users/jorde_000/Documents/GitHub/LSN/\libhal_bsp.a(alt_icache_flush_all.o)
                0x0081b2dc                alt_icache_flush_all
 .text          0x0081b30c      0x13c C:/Users/jorde_000/Documents/GitHub/LSN/\libhal_bsp.a(alt_io_redirect.o)
                0x0081b3d0                alt_io_redirect
 .text          0x0081b448        0x0 C:/Users/jorde_000/Documents/GitHub/LSN/\libhal_bsp.a(alt_irq_entry.o)
 .text          0x0081b448        0x0 C:/Users/jorde_000/Documents/GitHub/LSN/\libhal_bsp.a(alt_irq_handler.o)
 .text          0x0081b448      0x2c4 C:/Users/jorde_000/Documents/GitHub/LSN/\libhal_bsp.a(alt_open.o)
                0x0081b524                open
 .text          0x0081b70c       0x20 C:/Users/jorde_000/Documents/GitHub/LSN/\libhal_bsp.a(altera_nios2_qsys_irq.o)
                0x0081b70c                altera_nios2_qsys_irq_init
 .text          0x0081b72c        0x0 C:/Users/jorde_000/Documents/GitHub/LSN/\libhal_bsp.a(alt_exception_entry.o)
 .text          0x0081b72c      0x120 C:/Users/jorde_000/Documents/GitHub/LSN/\libhal_bsp.a(alt_find_file.o)
                0x0081b72c                alt_find_file
 .text          0x0081b84c       0xb8 C:/Users/jorde_000/Documents/GitHub/LSN/\libhal_bsp.a(alt_get_fd.o)
                0x0081b84c                alt_get_fd
 .text          0x0081b904       0x90 C:/Users/jorde_000/Documents/GitHub/LSN/\libhal_bsp.a(alt_icache_flush.o)
                0x0081b904                alt_icache_flush
 .text          0x0081b994       0x14 f:/windowsstuff/12.0/nios2eds/bin/gnu/h-i686-mingw32/bin/../lib/gcc/nios2-elf/4.1.2/../../../../nios2-elf/lib\libc.a(lib_a-atexit.o)
                0x0081b994                atexit
 .text          0x0081b9a8       0x38 f:/windowsstuff/12.0/nios2eds/bin/gnu/h-i686-mingw32/bin/../lib/gcc/nios2-elf/4.1.2/../../../../nios2-elf/lib\libc.a(lib_a-exit.o)
                0x0081b9a8                exit
 .text          0x0081b9e0       0x74 f:/windowsstuff/12.0/nios2eds/bin/gnu/h-i686-mingw32/bin/../lib/gcc/nios2-elf/4.1.2/../../../../nios2-elf/lib\libc.a(lib_a-memcmp.o)
                0x0081b9e0                memcmp
 .text          0x0081ba54      0x134 f:/windowsstuff/12.0/nios2eds/bin/gnu/h-i686-mingw32/bin/../lib/gcc/nios2-elf/4.1.2/../../../../nios2-elf/lib\libc.a(lib_a-__atexit.o)
                0x0081ba54                __register_exitproc
 .text          0x0081bb88      0x1b4 f:/windowsstuff/12.0/nios2eds/bin/gnu/h-i686-mingw32/bin/../lib/gcc/nios2-elf/4.1.2/../../../../nios2-elf/lib\libc.a(lib_a-__call_atexit.o)
                0x0081bb8c                __call_exitprocs
 .text          0x0081bd3c       0x60 C:/Users/jorde_000/Documents/GitHub/LSN/\libhal_bsp.a(alt_exit.o)
                0x0081bd7c                _exit
 *(.gnu.warning.*)
 *(.fini)
                0x0081bd9c                PROVIDE (__etext, ABSOLUTE (.))
                0x0081bd9c                PROVIDE (_etext, ABSOLUTE (.))
                0x0081bd9c                PROVIDE (etext, ABSOLUTE (.))
 *(.eh_frame_hdr)
                0x0081bd9c                . = ALIGN (0x4)
                0x0081bd9c                PROVIDE (__preinit_array_start, ABSOLUTE (.))
 *(.preinit_array)
                0x0081bd9c                PROVIDE (__preinit_array_end, ABSOLUTE (.))
                0x0081bd9c                PROVIDE (__init_array_start, ABSOLUTE (.))
 *(.init_array)
                0x0081bd9c                PROVIDE (__init_array_end, ABSOLUTE (.))
                0x0081bd9c                PROVIDE (__fini_array_start, ABSOLUTE (.))
 *(.fini_array)
                0x0081bd9c                PROVIDE (__fini_array_end, ABSOLUTE (.))
 *(.eh_frame)
 .eh_frame      0x0081bd9c       0x40 f:/windowsstuff/12.0/nios2eds/bin/gnu/h-i686-mingw32/bin/../lib/gcc/nios2-elf/4.1.2\libgcc.a(_udivdi3.o)
 .eh_frame      0x0081bddc       0x2c f:/windowsstuff/12.0/nios2eds/bin/gnu/h-i686-mingw32/bin/../lib/gcc/nios2-elf/4.1.2\libgcc.a(_umoddi3.o)
                                 0x40 (size before relaxing)
 *(.gcc_except_table)
 *(.dynamic)
                0x0081be08                PROVIDE (__CTOR_LIST__, ABSOLUTE (.))
 *(.ctors)
 *(SORT(.ctors.*))
 .ctors.65535   0x0081be08        0x4 f:/windowsstuff/12.0/nios2eds/bin/gnu/h-i686-mingw32/bin/../lib/gcc/nios2-elf/4.1.2/../../../../nios2-elf/lib\libc.a(lib_a-__call_atexit.o)
                0x0081be0c                PROVIDE (__CTOR_END__, ABSOLUTE (.))
                0x0081be0c                PROVIDE (__DTOR_LIST__, ABSOLUTE (.))
 *(.dtors)
 *(SORT(.dtors.*))
                0x0081be0c                PROVIDE (__DTOR_END__, ABSOLUTE (.))
 *(.jcr)
                0x0081be0c                . = ALIGN (0x4)

.rodata         0x0081be0c      0xd70
                0x0081be0c                PROVIDE (__ram_rodata_start, ABSOLUTE (.))
                0x0081be0c                . = ALIGN (0x4)
 *(.rodata .rodata.* .gnu.linkonce.r.*)
 .rodata        0x0081be0c      0x26c obj/default/audio.o
 .rodata        0x0081c078       0x24 obj/default/bmp.o
 .rodata        0x0081c09c       0x68 obj/default/bullet.o
 .rodata        0x0081c104       0x98 obj/default/collision.o
 .rodata        0x0081c19c       0x20 obj/default/displacement.o
 .rodata        0x0081c1bc       0x3c obj/default/main.o
 .rodata        0x0081c1f8      0x1c8 obj/default/score.o
 .rodata        0x0081c3c0       0x94 obj/default/sd_card.o
 .rodata        0x0081c454       0xa4 obj/default/shark.o
 .rodata        0x0081c4f8      0x1ec obj/default/timer.o
 .rodata        0x0081c6e4       0x2c obj/default/vga.o
 .rodata.str1.4
                0x0081c710        0x4 f:/windowsstuff/12.0/nios2eds/bin/gnu/h-i686-mingw32/bin/../lib/gcc/nios2-elf/4.1.2/../../../../nios2-elf/lib\libm.a(lib_a-w_pow.o)
 .rodata.str1.4
                0x00000000        0x4 f:/windowsstuff/12.0/nios2eds/bin/gnu/h-i686-mingw32/bin/../lib/gcc/nios2-elf/4.1.2/../../../../nios2-elf/lib\libm.a(lib_a-e_pow.o)
 .rodata        0x0081c714       0x30 f:/windowsstuff/12.0/nios2eds/bin/gnu/h-i686-mingw32/bin/../lib/gcc/nios2-elf/4.1.2/../../../../nios2-elf/lib\libm.a(lib_a-e_pow.o)
 .rodata        0x0081c744       0x10 f:/windowsstuff/12.0/nios2eds/bin/gnu/h-i686-mingw32/bin/../lib/gcc/nios2-elf/4.1.2/../../../../nios2-elf/lib\libm.a(lib_a-s_rint.o)
 .rodata        0x0081c754       0x10 f:/windowsstuff/12.0/nios2eds/bin/gnu/h-i686-mingw32/bin/../lib/gcc/nios2-elf/4.1.2\libgcc.a(_thenan_sf.o)
                0x0081c754                __thenan_sf
 .rodata        0x0081c764       0x14 f:/windowsstuff/12.0/nios2eds/bin/gnu/h-i686-mingw32/bin/../lib/gcc/nios2-elf/4.1.2\libgcc.a(_thenan_df.o)
                0x0081c764                __thenan_df
 .rodata        0x0081c778      0x100 f:/windowsstuff/12.0/nios2eds/bin/gnu/h-i686-mingw32/bin/../lib/gcc/nios2-elf/4.1.2\libgcc.a(_clz.o)
                0x0081c778                __clz_tab
 .rodata.str1.4
                0x0081c878        0x2 f:/windowsstuff/12.0/nios2eds/bin/gnu/h-i686-mingw32/bin/../lib/gcc/nios2-elf/4.1.2/../../../../nios2-elf/lib\libc.a(lib_a-impure.o)
                                  0x4 (size before relaxing)
 *fill*         0x0081c87a        0x2 00
 .rodata.str1.4
                0x0081c87c        0x2 f:/windowsstuff/12.0/nios2eds/bin/gnu/h-i686-mingw32/bin/../lib/gcc/nios2-elf/4.1.2/../../../../nios2-elf/lib\libc.a(lib_a-puts.o)
                                  0x4 (size before relaxing)
 *fill*         0x0081c87e        0x2 00
 .rodata.str1.4
                0x0081c880       0x5e f:/windowsstuff/12.0/nios2eds/bin/gnu/h-i686-mingw32/bin/../lib/gcc/nios2-elf/4.1.2/../../../../nios2-elf/lib\libc.a(lib_a-vfprintf.o)
                                 0x60 (size before relaxing)
 .rodata        0x0081c8de       0x20 f:/windowsstuff/12.0/nios2eds/bin/gnu/h-i686-mingw32/bin/../lib/gcc/nios2-elf/4.1.2/../../../../nios2-elf/lib\libc.a(lib_a-vfprintf.o)
 *fill*         0x0081c8fe        0x2 00
 .rodata.str1.4
                0x0081c900       0x10 f:/windowsstuff/12.0/nios2eds/bin/gnu/h-i686-mingw32/bin/../lib/gcc/nios2-elf/4.1.2/../../../../nios2-elf/lib\libc.a(lib_a-dtoa.o)
                                 0x14 (size before relaxing)
 .rodata.str1.4
                0x0081c910       0x10 f:/windowsstuff/12.0/nios2eds/bin/gnu/h-i686-mingw32/bin/../lib/gcc/nios2-elf/4.1.2/../../../../nios2-elf/lib\libc.a(lib_a-locale.o)
                                 0x18 (size before relaxing)
 .rodata        0x0081c920       0x30 f:/windowsstuff/12.0/nios2eds/bin/gnu/h-i686-mingw32/bin/../lib/gcc/nios2-elf/4.1.2/../../../../nios2-elf/lib\libc.a(lib_a-locale.o)
 .rodata        0x0081c950      0x124 f:/windowsstuff/12.0/nios2eds/bin/gnu/h-i686-mingw32/bin/../lib/gcc/nios2-elf/4.1.2/../../../../nios2-elf/lib\libc.a(lib_a-mprec.o)
                0x0081c950                __mprec_tens
                0x0081ca18                __mprec_bigtens
                0x0081ca40                __mprec_tinytens
 .rodata        0x0081ca74        0xc C:/Users/jorde_000/Documents/GitHub/LSN/\libhal_bsp.a(alt_dev.o)
 .rodata        0x0081ca80       0x14 C:/Users/jorde_000/Documents/GitHub/LSN/\libhal_bsp.a(alt_main.o)
 .rodata        0x0081ca94       0xcc C:/Users/jorde_000/Documents/GitHub/LSN/\libhal_bsp.a(alt_sys_init.o)
 .rodata        0x0081cb60       0x1c C:/Users/jorde_000/Documents/GitHub/LSN/\libhal_bsp.a(altera_up_avalon_video_character_buffer_with_dma.o)
 *(.rodata1)
                0x0081cb7c                . = ALIGN (0x4)
                0x0081cb7c                PROVIDE (__ram_rodata_end, ABSOLUTE (.))
                0x0081be0c                PROVIDE (__flash_rodata_start, LOADADDR (.rodata))

.rwdata         0x0081cb7c     0x1bc8 load address 0x0081e744
                0x0081cb7c                PROVIDE (__ram_rwdata_start, ABSOLUTE (.))
                0x0081cb7c                . = ALIGN (0x4)
 *(.got.plt)
 *(.got)
 *(.data1)
 *(.data .data.* .gnu.linkonce.d.*)
 .data          0x0081cb7c        0x0 C:/Users/jorde_000/Documents/GitHub/LSN//obj/HAL/src/crt0.o
 .data          0x0081cb7c        0x0 obj/default/audio.o
 .data          0x0081cb7c        0x0 obj/default/bmp.o
 .data          0x0081cb7c        0x0 obj/default/bullet.o
 .data          0x0081cb7c        0x0 obj/default/collision.o
 .data          0x0081cb7c        0x0 obj/default/displacement.o
 .data          0x0081cb7c        0x0 obj/default/gameEnd.o
 .data          0x0081cb7c        0x0 obj/default/input.o
 .data          0x0081cb7c        0x0 obj/default/main.o
 .data          0x0081cb7c        0x0 obj/default/player.o
 .data          0x0081cb7c        0x0 obj/default/score.o
 .data          0x0081cb7c        0x0 obj/default/sd_card.o
 .data          0x0081cb7c        0x0 obj/default/shark.o
 .data          0x0081cb7c        0x0 obj/default/splash.o
 .data          0x0081cb7c        0x0 obj/default/timer.o
 .data          0x0081cb7c        0x0 obj/default/vga.o
 .data          0x0081cb7c        0x0 f:/windowsstuff/12.0/nios2eds/bin/gnu/h-i686-mingw32/bin/../lib/gcc/nios2-elf/4.1.2/../../../../nios2-elf/lib\libm.a(lib_a-w_pow.o)
 .data          0x0081cb7c        0x0 f:/windowsstuff/12.0/nios2eds/bin/gnu/h-i686-mingw32/bin/../lib/gcc/nios2-elf/4.1.2/../../../../nios2-elf/lib\libm.a(lib_a-e_pow.o)
 .data          0x0081cb7c        0x0 f:/windowsstuff/12.0/nios2eds/bin/gnu/h-i686-mingw32/bin/../lib/gcc/nios2-elf/4.1.2/../../../../nios2-elf/lib\libm.a(lib_a-e_sqrt.o)
 .data          0x0081cb7c        0x0 f:/windowsstuff/12.0/nios2eds/bin/gnu/h-i686-mingw32/bin/../lib/gcc/nios2-elf/4.1.2/../../../../nios2-elf/lib\libm.a(lib_a-s_fabs.o)
 .data          0x0081cb7c        0x0 f:/windowsstuff/12.0/nios2eds/bin/gnu/h-i686-mingw32/bin/../lib/gcc/nios2-elf/4.1.2/../../../../nios2-elf/lib\libm.a(lib_a-s_finite.o)
 .data          0x0081cb7c        0x0 f:/windowsstuff/12.0/nios2eds/bin/gnu/h-i686-mingw32/bin/../lib/gcc/nios2-elf/4.1.2/../../../../nios2-elf/lib\libm.a(lib_a-s_isnand.o)
 .data          0x0081cb7c        0x0 f:/windowsstuff/12.0/nios2eds/bin/gnu/h-i686-mingw32/bin/../lib/gcc/nios2-elf/4.1.2/../../../../nios2-elf/lib\libm.a(lib_a-s_lib_ver.o)
 .data          0x0081cb7c        0x0 f:/windowsstuff/12.0/nios2eds/bin/gnu/h-i686-mingw32/bin/../lib/gcc/nios2-elf/4.1.2/../../../../nios2-elf/lib\libm.a(lib_a-s_matherr.o)
 .data          0x0081cb7c        0x0 f:/windowsstuff/12.0/nios2eds/bin/gnu/h-i686-mingw32/bin/../lib/gcc/nios2-elf/4.1.2/../../../../nios2-elf/lib\libm.a(lib_a-s_nan.o)
 .data          0x0081cb7c        0x0 f:/windowsstuff/12.0/nios2eds/bin/gnu/h-i686-mingw32/bin/../lib/gcc/nios2-elf/4.1.2/../../../../nios2-elf/lib\libm.a(lib_a-s_rint.o)
 .data          0x0081cb7c        0x0 f:/windowsstuff/12.0/nios2eds/bin/gnu/h-i686-mingw32/bin/../lib/gcc/nios2-elf/4.1.2/../../../../nios2-elf/lib\libm.a(lib_a-s_scalbn.o)
 .data          0x0081cb7c        0x0 f:/windowsstuff/12.0/nios2eds/bin/gnu/h-i686-mingw32/bin/../lib/gcc/nios2-elf/4.1.2/../../../../nios2-elf/lib\libm.a(lib_a-s_copysign.o)
 .data          0x0081cb7c        0x0 f:/windowsstuff/12.0/nios2eds/bin/gnu/h-i686-mingw32/bin/../lib/gcc/nios2-elf/4.1.2\libgcc.a(_div_sf.o)
 .data          0x0081cb7c        0x0 f:/windowsstuff/12.0/nios2eds/bin/gnu/h-i686-mingw32/bin/../lib/gcc/nios2-elf/4.1.2\libgcc.a(_si_to_sf.o)
 .data          0x0081cb7c        0x0 f:/windowsstuff/12.0/nios2eds/bin/gnu/h-i686-mingw32/bin/../lib/gcc/nios2-elf/4.1.2\libgcc.a(_sf_to_df.o)
 .data          0x0081cb7c        0x0 f:/windowsstuff/12.0/nios2eds/bin/gnu/h-i686-mingw32/bin/../lib/gcc/nios2-elf/4.1.2\libgcc.a(_thenan_sf.o)
 .data          0x0081cb7c        0x0 f:/windowsstuff/12.0/nios2eds/bin/gnu/h-i686-mingw32/bin/../lib/gcc/nios2-elf/4.1.2\libgcc.a(_addsub_df.o)
 .data          0x0081cb7c        0x0 f:/windowsstuff/12.0/nios2eds/bin/gnu/h-i686-mingw32/bin/../lib/gcc/nios2-elf/4.1.2\libgcc.a(_mul_df.o)
 .data          0x0081cb7c        0x0 f:/windowsstuff/12.0/nios2eds/bin/gnu/h-i686-mingw32/bin/../lib/gcc/nios2-elf/4.1.2\libgcc.a(_div_df.o)
 .data          0x0081cb7c        0x0 f:/windowsstuff/12.0/nios2eds/bin/gnu/h-i686-mingw32/bin/../lib/gcc/nios2-elf/4.1.2\libgcc.a(_eq_df.o)
 .data          0x0081cb7c        0x0 f:/windowsstuff/12.0/nios2eds/bin/gnu/h-i686-mingw32/bin/../lib/gcc/nios2-elf/4.1.2\libgcc.a(_ne_df.o)
 .data          0x0081cb7c        0x0 f:/windowsstuff/12.0/nios2eds/bin/gnu/h-i686-mingw32/bin/../lib/gcc/nios2-elf/4.1.2\libgcc.a(_gt_df.o)
 .data          0x0081cb7c        0x0 f:/windowsstuff/12.0/nios2eds/bin/gnu/h-i686-mingw32/bin/../lib/gcc/nios2-elf/4.1.2\libgcc.a(_lt_df.o)
 .data          0x0081cb7c        0x0 f:/windowsstuff/12.0/nios2eds/bin/gnu/h-i686-mingw32/bin/../lib/gcc/nios2-elf/4.1.2\libgcc.a(_le_df.o)
 .data          0x0081cb7c        0x0 f:/windowsstuff/12.0/nios2eds/bin/gnu/h-i686-mingw32/bin/../lib/gcc/nios2-elf/4.1.2\libgcc.a(_si_to_df.o)
 .data          0x0081cb7c        0x0 f:/windowsstuff/12.0/nios2eds/bin/gnu/h-i686-mingw32/bin/../lib/gcc/nios2-elf/4.1.2\libgcc.a(_df_to_si.o)
 .data          0x0081cb7c        0x0 f:/windowsstuff/12.0/nios2eds/bin/gnu/h-i686-mingw32/bin/../lib/gcc/nios2-elf/4.1.2\libgcc.a(_make_df.o)
 .data          0x0081cb7c        0x0 f:/windowsstuff/12.0/nios2eds/bin/gnu/h-i686-mingw32/bin/../lib/gcc/nios2-elf/4.1.2\libgcc.a(_thenan_df.o)
 .data          0x0081cb7c        0x0 f:/windowsstuff/12.0/nios2eds/bin/gnu/h-i686-mingw32/bin/../lib/gcc/nios2-elf/4.1.2\libgcc.a(lib2-divmod.o)
 .data          0x0081cb7c        0x0 f:/windowsstuff/12.0/nios2eds/bin/gnu/h-i686-mingw32/bin/../lib/gcc/nios2-elf/4.1.2\libgcc.a(_muldi3.o)
 .data          0x0081cb7c        0x0 f:/windowsstuff/12.0/nios2eds/bin/gnu/h-i686-mingw32/bin/../lib/gcc/nios2-elf/4.1.2\libgcc.a(_clzsi2.o)
 .data          0x0081cb7c        0x0 f:/windowsstuff/12.0/nios2eds/bin/gnu/h-i686-mingw32/bin/../lib/gcc/nios2-elf/4.1.2\libgcc.a(_pack_sf.o)
 .data          0x0081cb7c        0x0 f:/windowsstuff/12.0/nios2eds/bin/gnu/h-i686-mingw32/bin/../lib/gcc/nios2-elf/4.1.2\libgcc.a(_unpack_sf.o)
 .data          0x0081cb7c        0x0 f:/windowsstuff/12.0/nios2eds/bin/gnu/h-i686-mingw32/bin/../lib/gcc/nios2-elf/4.1.2\libgcc.a(_pack_df.o)
 .data          0x0081cb7c        0x0 f:/windowsstuff/12.0/nios2eds/bin/gnu/h-i686-mingw32/bin/../lib/gcc/nios2-elf/4.1.2\libgcc.a(_unpack_df.o)
 .data          0x0081cb7c        0x0 f:/windowsstuff/12.0/nios2eds/bin/gnu/h-i686-mingw32/bin/../lib/gcc/nios2-elf/4.1.2\libgcc.a(_fpcmp_parts_df.o)
 .data          0x0081cb7c        0x0 f:/windowsstuff/12.0/nios2eds/bin/gnu/h-i686-mingw32/bin/../lib/gcc/nios2-elf/4.1.2\libgcc.a(_clz.o)
 .data          0x0081cb7c        0x0 f:/windowsstuff/12.0/nios2eds/bin/gnu/h-i686-mingw32/bin/../lib/gcc/nios2-elf/4.1.2/../../../../nios2-elf/lib\libc.a(lib_a-errno.o)
 .data          0x0081cb7c      0x400 f:/windowsstuff/12.0/nios2eds/bin/gnu/h-i686-mingw32/bin/../lib/gcc/nios2-elf/4.1.2/../../../../nios2-elf/lib\libc.a(lib_a-impure.o)
 .data          0x0081cf7c        0x0 f:/windowsstuff/12.0/nios2eds/bin/gnu/h-i686-mingw32/bin/../lib/gcc/nios2-elf/4.1.2/../../../../nios2-elf/lib\libc.a(lib_a-malloc.o)
 .data          0x0081cf7c      0x408 f:/windowsstuff/12.0/nios2eds/bin/gnu/h-i686-mingw32/bin/../lib/gcc/nios2-elf/4.1.2/../../../../nios2-elf/lib\libc.a(lib_a-mallocr.o)
                0x0081cf7c                __malloc_av_
 .data          0x0081d384        0x0 f:/windowsstuff/12.0/nios2eds/bin/gnu/h-i686-mingw32/bin/../lib/gcc/nios2-elf/4.1.2/../../../../nios2-elf/lib\libc.a(lib_a-printf.o)
 .data          0x0081d384        0x0 f:/windowsstuff/12.0/nios2eds/bin/gnu/h-i686-mingw32/bin/../lib/gcc/nios2-elf/4.1.2/../../../../nios2-elf/lib\libc.a(lib_a-puts.o)
 .data          0x0081d384        0x0 f:/windowsstuff/12.0/nios2eds/bin/gnu/h-i686-mingw32/bin/../lib/gcc/nios2-elf/4.1.2/../../../../nios2-elf/lib\libc.a(lib_a-rand.o)
 .data          0x0081d384        0x0 f:/windowsstuff/12.0/nios2eds/bin/gnu/h-i686-mingw32/bin/../lib/gcc/nios2-elf/4.1.2/../../../../nios2-elf/lib\libc.a(lib_a-sbrkr.o)
 .data          0x0081d384        0x0 f:/windowsstuff/12.0/nios2eds/bin/gnu/h-i686-mingw32/bin/../lib/gcc/nios2-elf/4.1.2/../../../../nios2-elf/lib\libc.a(lib_a-strlen.o)
 .data          0x0081d384        0x0 f:/windowsstuff/12.0/nios2eds/bin/gnu/h-i686-mingw32/bin/../lib/gcc/nios2-elf/4.1.2/../../../../nios2-elf/lib\libc.a(lib_a-time.o)
 .data          0x0081d384        0x0 f:/windowsstuff/12.0/nios2eds/bin/gnu/h-i686-mingw32/bin/../lib/gcc/nios2-elf/4.1.2/../../../../nios2-elf/lib\libc.a(lib_a-vfprintf.o)
 .data          0x0081d384        0x0 f:/windowsstuff/12.0/nios2eds/bin/gnu/h-i686-mingw32/bin/../lib/gcc/nios2-elf/4.1.2/../../../../nios2-elf/lib\libc.a(lib_a-wsetup.o)
 .data          0x0081d384        0x0 f:/windowsstuff/12.0/nios2eds/bin/gnu/h-i686-mingw32/bin/../lib/gcc/nios2-elf/4.1.2/../../../../nios2-elf/lib\libc.a(lib_a-dtoa.o)
 .data          0x0081d384        0x0 f:/windowsstuff/12.0/nios2eds/bin/gnu/h-i686-mingw32/bin/../lib/gcc/nios2-elf/4.1.2/../../../../nios2-elf/lib\libc.a(lib_a-fflush.o)
 .data          0x0081d384        0x0 f:/windowsstuff/12.0/nios2eds/bin/gnu/h-i686-mingw32/bin/../lib/gcc/nios2-elf/4.1.2/../../../../nios2-elf/lib\libc.a(lib_a-findfp.o)
 .data          0x0081d384        0x0 f:/windowsstuff/12.0/nios2eds/bin/gnu/h-i686-mingw32/bin/../lib/gcc/nios2-elf/4.1.2/../../../../nios2-elf/lib\libc.a(lib_a-freer.o)
 .data          0x0081d384        0x0 f:/windowsstuff/12.0/nios2eds/bin/gnu/h-i686-mingw32/bin/../lib/gcc/nios2-elf/4.1.2/../../../../nios2-elf/lib\libc.a(lib_a-fvwrite.o)
 .data          0x0081d384        0x0 f:/windowsstuff/12.0/nios2eds/bin/gnu/h-i686-mingw32/bin/../lib/gcc/nios2-elf/4.1.2/../../../../nios2-elf/lib\libc.a(lib_a-fwalk.o)
 .data          0x0081d384        0x0 f:/windowsstuff/12.0/nios2eds/bin/gnu/h-i686-mingw32/bin/../lib/gcc/nios2-elf/4.1.2/../../../../nios2-elf/lib\libc.a(lib_a-gettimeofdayr.o)
 .data          0x0081d384        0x0 f:/windowsstuff/12.0/nios2eds/bin/gnu/h-i686-mingw32/bin/../lib/gcc/nios2-elf/4.1.2/../../../../nios2-elf/lib\libc.a(lib_a-int_errno.o)
 .data          0x0081d384        0xc f:/windowsstuff/12.0/nios2eds/bin/gnu/h-i686-mingw32/bin/../lib/gcc/nios2-elf/4.1.2/../../../../nios2-elf/lib\libc.a(lib_a-locale.o)
                0x0081d384                __lc_ctype
 .data          0x0081d390        0x0 f:/windowsstuff/12.0/nios2eds/bin/gnu/h-i686-mingw32/bin/../lib/gcc/nios2-elf/4.1.2/../../../../nios2-elf/lib\libc.a(lib_a-makebuf.o)
 .data          0x0081d390        0x0 f:/windowsstuff/12.0/nios2eds/bin/gnu/h-i686-mingw32/bin/../lib/gcc/nios2-elf/4.1.2/../../../../nios2-elf/lib\libc.a(lib_a-memchr.o)
 .data          0x0081d390        0x0 f:/windowsstuff/12.0/nios2eds/bin/gnu/h-i686-mingw32/bin/../lib/gcc/nios2-elf/4.1.2/../../../../nios2-elf/lib\libc.a(lib_a-memcpy.o)
 .data          0x0081d390        0x0 f:/windowsstuff/12.0/nios2eds/bin/gnu/h-i686-mingw32/bin/../lib/gcc/nios2-elf/4.1.2/../../../../nios2-elf/lib\libc.a(lib_a-memmove.o)
 .data          0x0081d390        0x0 f:/windowsstuff/12.0/nios2eds/bin/gnu/h-i686-mingw32/bin/../lib/gcc/nios2-elf/4.1.2/../../../../nios2-elf/lib\libc.a(lib_a-memset.o)
 .data          0x0081d390        0x0 f:/windowsstuff/12.0/nios2eds/bin/gnu/h-i686-mingw32/bin/../lib/gcc/nios2-elf/4.1.2/../../../../nios2-elf/lib\libc.a(lib_a-mprec.o)
 .data          0x0081d390        0x0 f:/windowsstuff/12.0/nios2eds/bin/gnu/h-i686-mingw32/bin/../lib/gcc/nios2-elf/4.1.2/../../../../nios2-elf/lib\libc.a(lib_a-reallocr.o)
 .data          0x0081d390        0x0 f:/windowsstuff/12.0/nios2eds/bin/gnu/h-i686-mingw32/bin/../lib/gcc/nios2-elf/4.1.2/../../../../nios2-elf/lib\libc.a(lib_a-s_isinfd.o)
 .data          0x0081d390        0x0 f:/windowsstuff/12.0/nios2eds/bin/gnu/h-i686-mingw32/bin/../lib/gcc/nios2-elf/4.1.2/../../../../nios2-elf/lib\libc.a(lib_a-stdio.o)
 .data          0x0081d390        0x0 f:/windowsstuff/12.0/nios2eds/bin/gnu/h-i686-mingw32/bin/../lib/gcc/nios2-elf/4.1.2/../../../../nios2-elf/lib\libc.a(lib_a-strcmp.o)
 .data          0x0081d390        0x0 f:/windowsstuff/12.0/nios2eds/bin/gnu/h-i686-mingw32/bin/../lib/gcc/nios2-elf/4.1.2/../../../../nios2-elf/lib\libc.a(lib_a-writer.o)
 .data          0x0081d390        0x0 f:/windowsstuff/12.0/nios2eds/bin/gnu/h-i686-mingw32/bin/../lib/gcc/nios2-elf/4.1.2/../../../../nios2-elf/lib\libc.a(lib_a-callocr.o)
 .data          0x0081d390        0x0 f:/windowsstuff/12.0/nios2eds/bin/gnu/h-i686-mingw32/bin/../lib/gcc/nios2-elf/4.1.2/../../../../nios2-elf/lib\libc.a(lib_a-closer.o)
 .data          0x0081d390        0x0 f:/windowsstuff/12.0/nios2eds/bin/gnu/h-i686-mingw32/bin/../lib/gcc/nios2-elf/4.1.2/../../../../nios2-elf/lib\libc.a(lib_a-fclose.o)
 .data          0x0081d390        0x0 f:/windowsstuff/12.0/nios2eds/bin/gnu/h-i686-mingw32/bin/../lib/gcc/nios2-elf/4.1.2/../../../../nios2-elf/lib\libc.a(lib_a-fstatr.o)
 .data          0x0081d390        0x0 f:/windowsstuff/12.0/nios2eds/bin/gnu/h-i686-mingw32/bin/../lib/gcc/nios2-elf/4.1.2/../../../../nios2-elf/lib\libc.a(lib_a-isattyr.o)
 .data          0x0081d390        0x0 f:/windowsstuff/12.0/nios2eds/bin/gnu/h-i686-mingw32/bin/../lib/gcc/nios2-elf/4.1.2/../../../../nios2-elf/lib\libc.a(lib_a-lseekr.o)
 .data          0x0081d390        0x0 f:/windowsstuff/12.0/nios2eds/bin/gnu/h-i686-mingw32/bin/../lib/gcc/nios2-elf/4.1.2/../../../../nios2-elf/lib\libc.a(lib_a-readr.o)
 .data          0x0081d390        0x0 f:/windowsstuff/12.0/nios2eds/bin/gnu/h-i686-mingw32/bin/../lib/gcc/nios2-elf/4.1.2\libgcc.a(_udivdi3.o)
 .data          0x0081d390        0x0 f:/windowsstuff/12.0/nios2eds/bin/gnu/h-i686-mingw32/bin/../lib/gcc/nios2-elf/4.1.2\libgcc.a(_umoddi3.o)
 .data          0x0081d390        0x0 f:/windowsstuff/12.0/nios2eds/bin/gnu/h-i686-mingw32/bin/../lib/gcc/nios2-elf/4.1.2\libgcc.a(_ge_df.o)
 .data          0x0081d390        0x0 f:/windowsstuff/12.0/nios2eds/bin/gnu/h-i686-mingw32/bin/../lib/gcc/nios2-elf/4.1.2\libgcc.a(_usi_to_df.o)
 .data          0x0081d390        0x0 C:/Users/jorde_000/Documents/GitHub/LSN/\libhal_bsp.a(alt_close.o)
 .data          0x0081d390      0x1a8 C:/Users/jorde_000/Documents/GitHub/LSN/\libhal_bsp.a(alt_dev.o)
                0x0081d390                alt_dev_null
                0x0081d3b8                alt_fd_list
 .data          0x0081d538        0x0 C:/Users/jorde_000/Documents/GitHub/LSN/\libhal_bsp.a(alt_errno.o)
 .data          0x0081d538        0x0 C:/Users/jorde_000/Documents/GitHub/LSN/\libhal_bsp.a(alt_fstat.o)
 .data          0x0081d538        0x0 C:/Users/jorde_000/Documents/GitHub/LSN/\libhal_bsp.a(alt_gettod.o)
 .data          0x0081d538        0x0 C:/Users/jorde_000/Documents/GitHub/LSN/\libhal_bsp.a(alt_irq_register.o)
 .data          0x0081d538        0x0 C:/Users/jorde_000/Documents/GitHub/LSN/\libhal_bsp.a(alt_irq_vars.o)
 .data          0x0081d538        0x0 C:/Users/jorde_000/Documents/GitHub/LSN/\libhal_bsp.a(alt_isatty.o)
 .data          0x0081d538        0x0 C:/Users/jorde_000/Documents/GitHub/LSN/\libhal_bsp.a(alt_load.o)
 .data          0x0081d538        0x0 C:/Users/jorde_000/Documents/GitHub/LSN/\libhal_bsp.a(alt_lseek.o)
 .data          0x0081d538        0x0 C:/Users/jorde_000/Documents/GitHub/LSN/\libhal_bsp.a(alt_main.o)
 .data          0x0081d538        0x0 C:/Users/jorde_000/Documents/GitHub/LSN/\libhal_bsp.a(alt_malloc_lock.o)
 .data          0x0081d538        0x0 C:/Users/jorde_000/Documents/GitHub/LSN/\libhal_bsp.a(alt_read.o)
 .data          0x0081d538        0x0 C:/Users/jorde_000/Documents/GitHub/LSN/\libhal_bsp.a(alt_release_fd.o)
 .data          0x0081d538        0x0 C:/Users/jorde_000/Documents/GitHub/LSN/\libhal_bsp.a(alt_sbrk.o)
 .data          0x0081d538        0x0 C:/Users/jorde_000/Documents/GitHub/LSN/\libhal_bsp.a(alt_tick.o)
 .data          0x0081d538        0x0 C:/Users/jorde_000/Documents/GitHub/LSN/\libhal_bsp.a(alt_usleep.o)
 .data          0x0081d538        0x0 C:/Users/jorde_000/Documents/GitHub/LSN/\libhal_bsp.a(alt_write.o)
 .data          0x0081d538     0x11b4 C:/Users/jorde_000/Documents/GitHub/LSN/\libhal_bsp.a(alt_sys_init.o)
 .data          0x0081e6ec        0x0 C:/Users/jorde_000/Documents/GitHub/LSN/\libhal_bsp.a(altera_avalon_jtag_uart_fd.o)
 .data          0x0081e6ec        0x0 C:/Users/jorde_000/Documents/GitHub/LSN/\libhal_bsp.a(altera_avalon_jtag_uart_init.o)
 .data          0x0081e6ec        0x0 C:/Users/jorde_000/Documents/GitHub/LSN/\libhal_bsp.a(altera_avalon_jtag_uart_ioctl.o)
 .data          0x0081e6ec        0x0 C:/Users/jorde_000/Documents/GitHub/LSN/\libhal_bsp.a(altera_avalon_jtag_uart_read.o)
 .data          0x0081e6ec        0x0 C:/Users/jorde_000/Documents/GitHub/LSN/\libhal_bsp.a(altera_avalon_jtag_uart_write.o)
 .data          0x0081e6ec        0x0 C:/Users/jorde_000/Documents/GitHub/LSN/\libhal_bsp.a(altera_avalon_timer_sc.o)
 .data          0x0081e6ec        0x0 C:/Users/jorde_000/Documents/GitHub/LSN/\libhal_bsp.a(altera_avalon_timer_ts.o)
 .data          0x0081e6ec        0x0 C:/Users/jorde_000/Documents/GitHub/LSN/\libhal_bsp.a(altera_avalon_timer_vars.o)
 .data          0x0081e6ec        0x0 C:/Users/jorde_000/Documents/GitHub/LSN/\libhal_bsp.a(altera_up_avalon_audio.o)
 .data          0x0081e6ec        0x0 C:/Users/jorde_000/Documents/GitHub/LSN/\libhal_bsp.a(altera_up_avalon_audio_and_video_config.o)
 .data          0x0081e6ec        0x0 C:/Users/jorde_000/Documents/GitHub/LSN/\libhal_bsp.a(altera_up_avalon_character_lcd.o)
 .data          0x0081e6ec        0x0 C:/Users/jorde_000/Documents/GitHub/LSN/\libhal_bsp.a(altera_up_avalon_video_character_buffer_with_dma.o)
 .data          0x0081e6ec        0x0 C:/Users/jorde_000/Documents/GitHub/LSN/\libhal_bsp.a(altera_up_avalon_video_pixel_buffer_dma.o)
 .data          0x0081e6ec        0x0 C:/Users/jorde_000/Documents/GitHub/LSN/\libhal_bsp.a(altera_up_sd_card_avalon_interface.o)
 .data          0x0081e6ec        0x0 C:/Users/jorde_000/Documents/GitHub/LSN/\libhal_bsp.a(alt_alarm_start.o)
 .data          0x0081e6ec        0x0 C:/Users/jorde_000/Documents/GitHub/LSN/\libhal_bsp.a(alt_busy_sleep.o)
 .data          0x0081e6ec        0x0 C:/Users/jorde_000/Documents/GitHub/LSN/\libhal_bsp.a(alt_dcache_flush_all.o)
 .data          0x0081e6ec        0x0 C:/Users/jorde_000/Documents/GitHub/LSN/\libhal_bsp.a(alt_dev_llist_insert.o)
 .data          0x0081e6ec        0x0 C:/Users/jorde_000/Documents/GitHub/LSN/\libhal_bsp.a(alt_do_ctors.o)
 .data          0x0081e6ec        0x0 C:/Users/jorde_000/Documents/GitHub/LSN/\libhal_bsp.a(alt_do_dtors.o)
 .data          0x0081e6ec        0x0 C:/Users/jorde_000/Documents/GitHub/LSN/\libhal_bsp.a(alt_find_dev.o)
 .data          0x0081e6ec        0x0 C:/Users/jorde_000/Documents/GitHub/LSN/\libhal_bsp.a(alt_icache_flush_all.o)
 .data          0x0081e6ec        0x0 C:/Users/jorde_000/Documents/GitHub/LSN/\libhal_bsp.a(alt_io_redirect.o)
 .data          0x0081e6ec        0x0 C:/Users/jorde_000/Documents/GitHub/LSN/\libhal_bsp.a(alt_irq_entry.o)
 .data          0x0081e6ec        0x0 C:/Users/jorde_000/Documents/GitHub/LSN/\libhal_bsp.a(alt_irq_handler.o)
 .data          0x0081e6ec        0x0 C:/Users/jorde_000/Documents/GitHub/LSN/\libhal_bsp.a(alt_open.o)
 .data          0x0081e6ec        0x0 C:/Users/jorde_000/Documents/GitHub/LSN/\libhal_bsp.a(altera_nios2_qsys_irq.o)
 .data          0x0081e6ec        0x0 C:/Users/jorde_000/Documents/GitHub/LSN/\libhal_bsp.a(alt_exception_entry.o)
 .data          0x0081e6ec        0x0 C:/Users/jorde_000/Documents/GitHub/LSN/\libhal_bsp.a(alt_find_file.o)
 .data          0x0081e6ec        0x0 C:/Users/jorde_000/Documents/GitHub/LSN/\libhal_bsp.a(alt_get_fd.o)
 .data          0x0081e6ec        0x0 C:/Users/jorde_000/Documents/GitHub/LSN/\libhal_bsp.a(alt_icache_flush.o)
 .data          0x0081e6ec        0x0 f:/windowsstuff/12.0/nios2eds/bin/gnu/h-i686-mingw32/bin/../lib/gcc/nios2-elf/4.1.2/../../../../nios2-elf/lib\libc.a(lib_a-atexit.o)
 .data          0x0081e6ec        0x0 f:/windowsstuff/12.0/nios2eds/bin/gnu/h-i686-mingw32/bin/../lib/gcc/nios2-elf/4.1.2/../../../../nios2-elf/lib\libc.a(lib_a-exit.o)
 .data          0x0081e6ec        0x0 f:/windowsstuff/12.0/nios2eds/bin/gnu/h-i686-mingw32/bin/../lib/gcc/nios2-elf/4.1.2/../../../../nios2-elf/lib\libc.a(lib_a-memcmp.o)
 .data          0x0081e6ec        0x0 f:/windowsstuff/12.0/nios2eds/bin/gnu/h-i686-mingw32/bin/../lib/gcc/nios2-elf/4.1.2/../../../../nios2-elf/lib\libc.a(lib_a-__atexit.o)
 .data          0x0081e6ec        0x0 f:/windowsstuff/12.0/nios2eds/bin/gnu/h-i686-mingw32/bin/../lib/gcc/nios2-elf/4.1.2/../../../../nios2-elf/lib\libc.a(lib_a-__call_atexit.o)
 .data          0x0081e6ec        0x0 C:/Users/jorde_000/Documents/GitHub/LSN/\libhal_bsp.a(alt_exit.o)
                0x008266ec                _gp = ABSOLUTE ((. + 0x8000))
                0x008266ec                PROVIDE (gp, _gp)
 *(.rwdata .rwdata.*)
 *(.sdata .sdata.* .gnu.linkonce.s.*)
 .sdata         0x0081e6ec        0xc obj/default/audio.o
                0x0081e6ec                CONFIG_NAME
                0x0081e6f0                AUDIO_NAME
                0x0081e6f4                toneLength
 .sdata         0x0081e6f8        0x1 obj/default/input.o
 *fill*         0x0081e6f9        0x3 00
 .sdata         0x0081e6fc        0x4 obj/default/score.o
                0x0081e6fc                scoreFileName
 .sdata         0x0081e700        0x4 f:/windowsstuff/12.0/nios2eds/bin/gnu/h-i686-mingw32/bin/../lib/gcc/nios2-elf/4.1.2/../../../../nios2-elf/lib\libm.a(lib_a-s_lib_ver.o)
                0x0081e700                __fdlib_version
 .sdata         0x0081e704        0x8 f:/windowsstuff/12.0/nios2eds/bin/gnu/h-i686-mingw32/bin/../lib/gcc/nios2-elf/4.1.2/../../../../nios2-elf/lib\libc.a(lib_a-impure.o)
                0x0081e704                _impure_ptr
                0x0081e708                _global_impure_ptr
 .sdata         0x0081e70c        0x8 f:/windowsstuff/12.0/nios2eds/bin/gnu/h-i686-mingw32/bin/../lib/gcc/nios2-elf/4.1.2/../../../../nios2-elf/lib\libc.a(lib_a-mallocr.o)
                0x0081e70c                __malloc_trim_threshold
                0x0081e710                __malloc_sbrk_base
 .sdata         0x0081e714        0x8 f:/windowsstuff/12.0/nios2eds/bin/gnu/h-i686-mingw32/bin/../lib/gcc/nios2-elf/4.1.2/../../../../nios2-elf/lib\libc.a(lib_a-locale.o)
                0x0081e714                __mb_cur_max
 .sdata         0x0081e71c       0x14 C:/Users/jorde_000/Documents/GitHub/LSN/\libhal_bsp.a(alt_dev.o)
                0x0081e71c                alt_fs_list
                0x0081e724                alt_dev_list
                0x0081e72c                alt_max_fd
 .sdata         0x0081e730        0x4 C:/Users/jorde_000/Documents/GitHub/LSN/\libhal_bsp.a(alt_errno.o)
                0x0081e730                alt_errno
 .sdata         0x0081e734        0x4 C:/Users/jorde_000/Documents/GitHub/LSN/\libhal_bsp.a(alt_irq_vars.o)
                0x0081e734                alt_priority_mask
 .sdata         0x0081e738        0x4 C:/Users/jorde_000/Documents/GitHub/LSN/\libhal_bsp.a(alt_sbrk.o)
 .sdata         0x0081e73c        0x8 C:/Users/jorde_000/Documents/GitHub/LSN/\libhal_bsp.a(alt_tick.o)
                0x0081e73c                alt_alarm_list
 *(.sdata2 .sdata2.* .gnu.linkonce.s2.*)
                0x0081e744                . = ALIGN (0x4)
                0x0081e744                _edata = ABSOLUTE (.)
                0x0081e744                PROVIDE (edata, ABSOLUTE (.))
                0x0081e744                PROVIDE (__ram_rwdata_end, ABSOLUTE (.))
                0x0081e744                PROVIDE (__flash_rwdata_start, LOADADDR (.rwdata))

.bss            0x0082030c     0x49cc
                0x0082030c                __bss_start = ABSOLUTE (.)
                0x0082030c                PROVIDE (__sbss_start, ABSOLUTE (.))
                0x0082030c                PROVIDE (___sbss_start, ABSOLUTE (.))
 *(.dynsbss)
 *(.sbss .sbss.* .gnu.linkonce.sb.*)
 .sbss          0x0082030c       0x14 obj/default/audio.o
                0x0082030c                audio
                0x00820310                config
                0x00820314                DEBUG
 .sbss          0x00820320       0x1a obj/default/audio.o
                0x00820320                loaded
                0x00820324                audioFileWordLength
                0x00820328                sdDev
                0x0082032c                somethingForIrq
                0x00820330                playedWords
                0x00820334                playCursor
                0x00820338                status
 *fill*         0x0082033a        0x2 00
 .sbss          0x0082033c       0x1c obj/default/bmp.o
                0x0082033c                pixel_buffer_addr1
                0x00820340                char_buffer
                0x00820344                pixel_buffer_addr2
                0x00820348                sharkBmp
                0x0082034c                splashBmp
                0x00820350                pixel_buffer
                0x00820354                playerBmp
 .sbss          0x00820358        0x8 obj/default/bullet.o
                0x00820358                playerBulletList
                0x0082035c                sharkBulletList
 .sbss          0x00820360       0x20 obj/default/displacement.o
 .sbss          0x00820380       0x16 obj/default/input.o
 *fill*         0x00820396        0x2 00
 .sbss          0x00820398        0x8 obj/default/score.o
                0x0082039c                gameScores
 .sbss          0x008203a0       0x10 obj/default/shark.o
                0x008203a0                sharkList
                0x008203a4                deadSharkList
                0x008203a8                sharkCount
                0x008203ac                sharkArrayCursor
 .sbss          0x008203b0        0xc f:/windowsstuff/12.0/nios2eds/bin/gnu/h-i686-mingw32/bin/../lib/gcc/nios2-elf/4.1.2/../../../../nios2-elf/lib\libc.a(lib_a-mallocr.o)
                0x008203b0                __malloc_top_pad
                0x008203b4                __malloc_max_sbrked_mem
                0x008203b8                __malloc_max_total_mem
 .sbss          0x008203bc        0x4 f:/windowsstuff/12.0/nios2eds/bin/gnu/h-i686-mingw32/bin/../lib/gcc/nios2-elf/4.1.2/../../../../nios2-elf/lib\libc.a(lib_a-int_errno.o)
                0x008203bc                errno
 .sbss          0x008203c0        0xc f:/windowsstuff/12.0/nios2eds/bin/gnu/h-i686-mingw32/bin/../lib/gcc/nios2-elf/4.1.2/../../../../nios2-elf/lib\libc.a(lib_a-locale.o)
                0x008203c0                __nlocale_changed
                0x008203c4                __mlocale_changed
                0x008203c8                _PathLocale
 .sbss          0x008203cc       0x10 C:/Users/jorde_000/Documents/GitHub/LSN/\libhal_bsp.a(alt_gettod.o)
                0x008203cc                alt_timezone
                0x008203d4                alt_resettime
 .sbss          0x008203dc        0x4 C:/Users/jorde_000/Documents/GitHub/LSN/\libhal_bsp.a(alt_irq_vars.o)
                0x008203dc                alt_irq_active
 .sbss          0x008203e0        0xc C:/Users/jorde_000/Documents/GitHub/LSN/\libhal_bsp.a(alt_main.o)
                0x008203e0                alt_argc
                0x008203e4                alt_argv
                0x008203e8                alt_envp
 .sbss          0x008203ec        0x8 C:/Users/jorde_000/Documents/GitHub/LSN/\libhal_bsp.a(alt_tick.o)
                0x008203ec                _alt_tick_rate
                0x008203f0                _alt_nticks
 .sbss          0x008203f4        0x8 C:/Users/jorde_000/Documents/GitHub/LSN/\libhal_bsp.a(altera_avalon_timer_vars.o)
                0x008203f4                altera_avalon_timer_ts_base
                0x008203f8                altera_avalon_timer_ts_freq
 .sbss          0x008203fc       0x34 C:/Users/jorde_000/Documents/GitHub/LSN/\libhal_bsp.a(altera_up_sd_card_avalon_interface.o)
                0x008203fc                initialized
                0x00820400                is_sd_card_formated_as_FAT16
                0x00820404                aux_status_register
                0x00820408                status_register
                0x0082040c                CSD_register_w0
                0x00820410                command_register
                0x00820414                command_argument_register
                0x00820418                buffer_memory
                0x0082041c                fat_partition_offset_in_512_byte_sectors
                0x00820420                fat_partition_size_in_512_byte_sectors
                0x00820424                device_pointer
                0x00820428                current_sector_modified
                0x0082042c                current_sector_index
 *(.sbss2 .sbss2.* .gnu.linkonce.sb2.*)
 *(.scommon)
                0x00820430                PROVIDE (__sbss_end, ABSOLUTE (.))
                0x00820430                PROVIDE (___sbss_end, ABSOLUTE (.))
 *(.dynbss)
 *(.bss .bss.* .gnu.linkonce.b.*)
 .bss           0x00820430        0x0 C:/Users/jorde_000/Documents/GitHub/LSN//obj/HAL/src/crt0.o
 .bss           0x00820430        0x0 obj/default/audio.o
 .bss           0x00820430        0x0 obj/default/bmp.o
 .bss           0x00820430        0x0 obj/default/bullet.o
 .bss           0x00820430        0x0 obj/default/collision.o
 .bss           0x00820430        0x0 obj/default/displacement.o
 .bss           0x00820430        0x0 obj/default/gameEnd.o
 .bss           0x00820430        0x0 obj/default/input.o
 .bss           0x00820430        0x0 obj/default/main.o
 .bss           0x00820430        0x0 obj/default/player.o
 .bss           0x00820430        0x0 obj/default/score.o
 .bss           0x00820430        0x0 obj/default/sd_card.o
 .bss           0x00820430        0x0 obj/default/shark.o
 .bss           0x00820430        0x0 obj/default/splash.o
 .bss           0x00820430        0x0 obj/default/timer.o
 .bss           0x00820430        0x0 obj/default/vga.o
 .bss           0x00820430        0x0 f:/windowsstuff/12.0/nios2eds/bin/gnu/h-i686-mingw32/bin/../lib/gcc/nios2-elf/4.1.2/../../../../nios2-elf/lib\libm.a(lib_a-w_pow.o)
 .bss           0x00820430        0x0 f:/windowsstuff/12.0/nios2eds/bin/gnu/h-i686-mingw32/bin/../lib/gcc/nios2-elf/4.1.2/../../../../nios2-elf/lib\libm.a(lib_a-e_pow.o)
 .bss           0x00820430        0x0 f:/windowsstuff/12.0/nios2eds/bin/gnu/h-i686-mingw32/bin/../lib/gcc/nios2-elf/4.1.2/../../../../nios2-elf/lib\libm.a(lib_a-e_sqrt.o)
 .bss           0x00820430        0x0 f:/windowsstuff/12.0/nios2eds/bin/gnu/h-i686-mingw32/bin/../lib/gcc/nios2-elf/4.1.2/../../../../nios2-elf/lib\libm.a(lib_a-s_fabs.o)
 .bss           0x00820430        0x0 f:/windowsstuff/12.0/nios2eds/bin/gnu/h-i686-mingw32/bin/../lib/gcc/nios2-elf/4.1.2/../../../../nios2-elf/lib\libm.a(lib_a-s_finite.o)
 .bss           0x00820430        0x0 f:/windowsstuff/12.0/nios2eds/bin/gnu/h-i686-mingw32/bin/../lib/gcc/nios2-elf/4.1.2/../../../../nios2-elf/lib\libm.a(lib_a-s_isnand.o)
 .bss           0x00820430        0x0 f:/windowsstuff/12.0/nios2eds/bin/gnu/h-i686-mingw32/bin/../lib/gcc/nios2-elf/4.1.2/../../../../nios2-elf/lib\libm.a(lib_a-s_lib_ver.o)
 .bss           0x00820430        0x0 f:/windowsstuff/12.0/nios2eds/bin/gnu/h-i686-mingw32/bin/../lib/gcc/nios2-elf/4.1.2/../../../../nios2-elf/lib\libm.a(lib_a-s_matherr.o)
 .bss           0x00820430        0x0 f:/windowsstuff/12.0/nios2eds/bin/gnu/h-i686-mingw32/bin/../lib/gcc/nios2-elf/4.1.2/../../../../nios2-elf/lib\libm.a(lib_a-s_nan.o)
 .bss           0x00820430        0x0 f:/windowsstuff/12.0/nios2eds/bin/gnu/h-i686-mingw32/bin/../lib/gcc/nios2-elf/4.1.2/../../../../nios2-elf/lib\libm.a(lib_a-s_rint.o)
 .bss           0x00820430        0x0 f:/windowsstuff/12.0/nios2eds/bin/gnu/h-i686-mingw32/bin/../lib/gcc/nios2-elf/4.1.2/../../../../nios2-elf/lib\libm.a(lib_a-s_scalbn.o)
 .bss           0x00820430        0x0 f:/windowsstuff/12.0/nios2eds/bin/gnu/h-i686-mingw32/bin/../lib/gcc/nios2-elf/4.1.2/../../../../nios2-elf/lib\libm.a(lib_a-s_copysign.o)
 .bss           0x00820430        0x0 f:/windowsstuff/12.0/nios2eds/bin/gnu/h-i686-mingw32/bin/../lib/gcc/nios2-elf/4.1.2\libgcc.a(_div_sf.o)
 .bss           0x00820430        0x0 f:/windowsstuff/12.0/nios2eds/bin/gnu/h-i686-mingw32/bin/../lib/gcc/nios2-elf/4.1.2\libgcc.a(_si_to_sf.o)
 .bss           0x00820430        0x0 f:/windowsstuff/12.0/nios2eds/bin/gnu/h-i686-mingw32/bin/../lib/gcc/nios2-elf/4.1.2\libgcc.a(_sf_to_df.o)
 .bss           0x00820430        0x0 f:/windowsstuff/12.0/nios2eds/bin/gnu/h-i686-mingw32/bin/../lib/gcc/nios2-elf/4.1.2\libgcc.a(_thenan_sf.o)
 .bss           0x00820430        0x0 f:/windowsstuff/12.0/nios2eds/bin/gnu/h-i686-mingw32/bin/../lib/gcc/nios2-elf/4.1.2\libgcc.a(_addsub_df.o)
 .bss           0x00820430        0x0 f:/windowsstuff/12.0/nios2eds/bin/gnu/h-i686-mingw32/bin/../lib/gcc/nios2-elf/4.1.2\libgcc.a(_mul_df.o)
 .bss           0x00820430        0x0 f:/windowsstuff/12.0/nios2eds/bin/gnu/h-i686-mingw32/bin/../lib/gcc/nios2-elf/4.1.2\libgcc.a(_div_df.o)
 .bss           0x00820430        0x0 f:/windowsstuff/12.0/nios2eds/bin/gnu/h-i686-mingw32/bin/../lib/gcc/nios2-elf/4.1.2\libgcc.a(_eq_df.o)
 .bss           0x00820430        0x0 f:/windowsstuff/12.0/nios2eds/bin/gnu/h-i686-mingw32/bin/../lib/gcc/nios2-elf/4.1.2\libgcc.a(_ne_df.o)
 .bss           0x00820430        0x0 f:/windowsstuff/12.0/nios2eds/bin/gnu/h-i686-mingw32/bin/../lib/gcc/nios2-elf/4.1.2\libgcc.a(_gt_df.o)
 .bss           0x00820430        0x0 f:/windowsstuff/12.0/nios2eds/bin/gnu/h-i686-mingw32/bin/../lib/gcc/nios2-elf/4.1.2\libgcc.a(_lt_df.o)
 .bss           0x00820430        0x0 f:/windowsstuff/12.0/nios2eds/bin/gnu/h-i686-mingw32/bin/../lib/gcc/nios2-elf/4.1.2\libgcc.a(_le_df.o)
 .bss           0x00820430        0x0 f:/windowsstuff/12.0/nios2eds/bin/gnu/h-i686-mingw32/bin/../lib/gcc/nios2-elf/4.1.2\libgcc.a(_si_to_df.o)
 .bss           0x00820430        0x0 f:/windowsstuff/12.0/nios2eds/bin/gnu/h-i686-mingw32/bin/../lib/gcc/nios2-elf/4.1.2\libgcc.a(_df_to_si.o)
 .bss           0x00820430        0x0 f:/windowsstuff/12.0/nios2eds/bin/gnu/h-i686-mingw32/bin/../lib/gcc/nios2-elf/4.1.2\libgcc.a(_make_df.o)
 .bss           0x00820430        0x0 f:/windowsstuff/12.0/nios2eds/bin/gnu/h-i686-mingw32/bin/../lib/gcc/nios2-elf/4.1.2\libgcc.a(_thenan_df.o)
 .bss           0x00820430        0x0 f:/windowsstuff/12.0/nios2eds/bin/gnu/h-i686-mingw32/bin/../lib/gcc/nios2-elf/4.1.2\libgcc.a(lib2-divmod.o)
 .bss           0x00820430        0x0 f:/windowsstuff/12.0/nios2eds/bin/gnu/h-i686-mingw32/bin/../lib/gcc/nios2-elf/4.1.2\libgcc.a(_muldi3.o)
 .bss           0x00820430        0x0 f:/windowsstuff/12.0/nios2eds/bin/gnu/h-i686-mingw32/bin/../lib/gcc/nios2-elf/4.1.2\libgcc.a(_clzsi2.o)
 .bss           0x00820430        0x0 f:/windowsstuff/12.0/nios2eds/bin/gnu/h-i686-mingw32/bin/../lib/gcc/nios2-elf/4.1.2\libgcc.a(_pack_sf.o)
 .bss           0x00820430        0x0 f:/windowsstuff/12.0/nios2eds/bin/gnu/h-i686-mingw32/bin/../lib/gcc/nios2-elf/4.1.2\libgcc.a(_unpack_sf.o)
 .bss           0x00820430        0x0 f:/windowsstuff/12.0/nios2eds/bin/gnu/h-i686-mingw32/bin/../lib/gcc/nios2-elf/4.1.2\libgcc.a(_pack_df.o)
 .bss           0x00820430        0x0 f:/windowsstuff/12.0/nios2eds/bin/gnu/h-i686-mingw32/bin/../lib/gcc/nios2-elf/4.1.2\libgcc.a(_unpack_df.o)
 .bss           0x00820430        0x0 f:/windowsstuff/12.0/nios2eds/bin/gnu/h-i686-mingw32/bin/../lib/gcc/nios2-elf/4.1.2\libgcc.a(_fpcmp_parts_df.o)
 .bss           0x00820430        0x0 f:/windowsstuff/12.0/nios2eds/bin/gnu/h-i686-mingw32/bin/../lib/gcc/nios2-elf/4.1.2\libgcc.a(_clz.o)
 .bss           0x00820430        0x0 f:/windowsstuff/12.0/nios2eds/bin/gnu/h-i686-mingw32/bin/../lib/gcc/nios2-elf/4.1.2/../../../../nios2-elf/lib\libc.a(lib_a-errno.o)
 .bss           0x00820430        0x0 f:/windowsstuff/12.0/nios2eds/bin/gnu/h-i686-mingw32/bin/../lib/gcc/nios2-elf/4.1.2/../../../../nios2-elf/lib\libc.a(lib_a-impure.o)
 .bss           0x00820430        0x0 f:/windowsstuff/12.0/nios2eds/bin/gnu/h-i686-mingw32/bin/../lib/gcc/nios2-elf/4.1.2/../../../../nios2-elf/lib\libc.a(lib_a-malloc.o)
 .bss           0x00820430       0x28 f:/windowsstuff/12.0/nios2eds/bin/gnu/h-i686-mingw32/bin/../lib/gcc/nios2-elf/4.1.2/../../../../nios2-elf/lib\libc.a(lib_a-mallocr.o)
                0x00820430                __malloc_current_mallinfo
 .bss           0x00820458        0x0 f:/windowsstuff/12.0/nios2eds/bin/gnu/h-i686-mingw32/bin/../lib/gcc/nios2-elf/4.1.2/../../../../nios2-elf/lib\libc.a(lib_a-printf.o)
 .bss           0x00820458        0x0 f:/windowsstuff/12.0/nios2eds/bin/gnu/h-i686-mingw32/bin/../lib/gcc/nios2-elf/4.1.2/../../../../nios2-elf/lib\libc.a(lib_a-puts.o)
 .bss           0x00820458        0x0 f:/windowsstuff/12.0/nios2eds/bin/gnu/h-i686-mingw32/bin/../lib/gcc/nios2-elf/4.1.2/../../../../nios2-elf/lib\libc.a(lib_a-rand.o)
 .bss           0x00820458        0x0 f:/windowsstuff/12.0/nios2eds/bin/gnu/h-i686-mingw32/bin/../lib/gcc/nios2-elf/4.1.2/../../../../nios2-elf/lib\libc.a(lib_a-sbrkr.o)
 .bss           0x00820458        0x0 f:/windowsstuff/12.0/nios2eds/bin/gnu/h-i686-mingw32/bin/../lib/gcc/nios2-elf/4.1.2/../../../../nios2-elf/lib\libc.a(lib_a-strlen.o)
 .bss           0x00820458        0x0 f:/windowsstuff/12.0/nios2eds/bin/gnu/h-i686-mingw32/bin/../lib/gcc/nios2-elf/4.1.2/../../../../nios2-elf/lib\libc.a(lib_a-time.o)
 .bss           0x00820458        0x0 f:/windowsstuff/12.0/nios2eds/bin/gnu/h-i686-mingw32/bin/../lib/gcc/nios2-elf/4.1.2/../../../../nios2-elf/lib\libc.a(lib_a-vfprintf.o)
 .bss           0x00820458        0x0 f:/windowsstuff/12.0/nios2eds/bin/gnu/h-i686-mingw32/bin/../lib/gcc/nios2-elf/4.1.2/../../../../nios2-elf/lib\libc.a(lib_a-wsetup.o)
 .bss           0x00820458        0x0 f:/windowsstuff/12.0/nios2eds/bin/gnu/h-i686-mingw32/bin/../lib/gcc/nios2-elf/4.1.2/../../../../nios2-elf/lib\libc.a(lib_a-dtoa.o)
 .bss           0x00820458        0x0 f:/windowsstuff/12.0/nios2eds/bin/gnu/h-i686-mingw32/bin/../lib/gcc/nios2-elf/4.1.2/../../../../nios2-elf/lib\libc.a(lib_a-fflush.o)